2025-02-01T10:47:40.576-0500 [INFO] [org.gradle.internal.nativeintegration.services.NativeServices] Initialized native services in: C:\Users\johns\.gradle\native
2025-02-01T10:47:40.610-0500 [INFO] [org.gradle.internal.nativeintegration.services.NativeServices] Initialized jansi services in: C:\Users\johns\.gradle\native
2025-02-01T10:47:40.634-0500 [LIFECYCLE] [org.gradle.launcher.cli.DebugLoggerWarningAction] 
#############################################################################
   WARNING WARNING WARNING WARNING WARNING WARNING WARNING WARNING WARNING

   Debug level logging will leak security sensitive information!

   https://docs.gradle.org/8.0.2/userguide/logging.html#sec:debug_security
#############################################################################

2025-02-01T10:47:40.651-0500 [DEBUG] [org.gradle.internal.nativeintegration.services.NativeServices] Native-platform posix files integration is not available. Continuing with fallback.
2025-02-01T10:47:40.679-0500 [INFO] [org.gradle.internal.jvm.inspection.DefaultJvmMetadataDetector] Received JVM installation metadata from 'C:\Program Files\OpenLogic\jdk-17.0.13.11-hotspot': {JAVA_HOME=C:\Program Files\OpenLogic\jdk-17.0.13.11-hotspot, JAVA_VERSION=17.0.13, JAVA_VENDOR=OpenLogic, RUNTIME_NAME=OpenJDK Runtime Environment, RUNTIME_VERSION=17.0.13+11-adhoc..jdk17u, VM_NAME=OpenJDK 64-Bit Server VM, VM_VERSION=17.0.13+11-adhoc..jdk17u, VM_VENDOR=OpenLogic, OS_ARCH=amd64}
2025-02-01T10:47:40.814-0500 [DEBUG] [org.gradle.launcher.daemon.client.DaemonClient] Executing build 6ee722a0-b4b8-473c-9c39-26a3a7b8098c in daemon client {pid=22380}
2025-02-01T10:47:40.826-0500 [DEBUG] [org.gradle.internal.remote.internal.inet.InetAddresses] Adding IP addresses for network interface Software Loopback Interface 1
2025-02-01T10:47:40.828-0500 [DEBUG] [org.gradle.internal.remote.internal.inet.InetAddresses] Is this a loopback interface? true
2025-02-01T10:47:40.828-0500 [DEBUG] [org.gradle.internal.remote.internal.inet.InetAddresses] Adding loopback address /127.0.0.1
2025-02-01T10:47:40.828-0500 [DEBUG] [org.gradle.internal.remote.internal.inet.InetAddresses] Adding loopback address /0:0:0:0:0:0:0:1
2025-02-01T10:47:40.828-0500 [DEBUG] [org.gradle.internal.remote.internal.inet.InetAddresses] Adding IP addresses for network interface Microsoft Wi-Fi Direct Virtual Adapter #2
2025-02-01T10:47:40.830-0500 [DEBUG] [org.gradle.internal.remote.internal.inet.InetAddresses] Is this a loopback interface? false
2025-02-01T10:47:40.832-0500 [DEBUG] [org.gradle.internal.remote.internal.inet.InetAddresses] Adding remote address /fe80:0:0:0:c525:6a19:6793:b908%wlan0
2025-02-01T10:47:40.832-0500 [DEBUG] [org.gradle.internal.remote.internal.inet.InetAddresses] Adding IP addresses for network interface Microsoft 6to4 Adapter
2025-02-01T10:47:40.834-0500 [DEBUG] [org.gradle.internal.remote.internal.inet.InetAddresses] Is this a loopback interface? false
2025-02-01T10:47:40.834-0500 [DEBUG] [org.gradle.internal.remote.internal.inet.InetAddresses] Adding IP addresses for network interface WAN Miniport (L2TP)
2025-02-01T10:47:40.836-0500 [DEBUG] [org.gradle.internal.remote.internal.inet.InetAddresses] Is this a loopback interface? false
2025-02-01T10:47:40.838-0500 [DEBUG] [org.gradle.internal.remote.internal.inet.InetAddresses] Adding IP addresses for network interface WAN Miniport (SSTP)
2025-02-01T10:47:40.840-0500 [DEBUG] [org.gradle.internal.remote.internal.inet.InetAddresses] Is this a loopback interface? false
2025-02-01T10:47:40.840-0500 [DEBUG] [org.gradle.internal.remote.internal.inet.InetAddresses] Adding IP addresses for network interface Microsoft IP-HTTPS Platform Adapter
2025-02-01T10:47:40.842-0500 [DEBUG] [org.gradle.internal.remote.internal.inet.InetAddresses] Is this a loopback interface? false
2025-02-01T10:47:40.842-0500 [DEBUG] [org.gradle.internal.remote.internal.inet.InetAddresses] Adding IP addresses for network interface Microsoft Wi-Fi Direct Virtual Adapter
2025-02-01T10:47:40.844-0500 [DEBUG] [org.gradle.internal.remote.internal.inet.InetAddresses] Is this a loopback interface? false
2025-02-01T10:47:40.844-0500 [DEBUG] [org.gradle.internal.remote.internal.inet.InetAddresses] Adding remote address /fe80:0:0:0:9190:2654:c8b0:e52d%wlan1
2025-02-01T10:47:40.844-0500 [DEBUG] [org.gradle.internal.remote.internal.inet.InetAddresses] Adding IP addresses for network interface Bluetooth Device (Personal Area Network)
2025-02-01T10:47:40.845-0500 [DEBUG] [org.gradle.internal.remote.internal.inet.InetAddresses] Is this a loopback interface? false
2025-02-01T10:47:40.845-0500 [DEBUG] [org.gradle.internal.remote.internal.inet.InetAddresses] Adding remote address /fe80:0:0:0:9b5a:90d:3689:ffc5%eth0
2025-02-01T10:47:40.845-0500 [DEBUG] [org.gradle.internal.remote.internal.inet.InetAddresses] Adding IP addresses for network interface Microsoft Kernel Debug Network Adapter
2025-02-01T10:47:40.847-0500 [DEBUG] [org.gradle.internal.remote.internal.inet.InetAddresses] Is this a loopback interface? false
2025-02-01T10:47:40.847-0500 [DEBUG] [org.gradle.internal.remote.internal.inet.InetAddresses] Adding IP addresses for network interface WAN Miniport (IP)
2025-02-01T10:47:40.849-0500 [DEBUG] [org.gradle.internal.remote.internal.inet.InetAddresses] Is this a loopback interface? false
2025-02-01T10:47:40.849-0500 [DEBUG] [org.gradle.internal.remote.internal.inet.InetAddresses] Adding IP addresses for network interface ASIX AX88179 USB 3.0 to Gigabit Ethernet Adapter
2025-02-01T10:47:40.851-0500 [DEBUG] [org.gradle.internal.remote.internal.inet.InetAddresses] Is this a loopback interface? false
2025-02-01T10:47:40.851-0500 [DEBUG] [org.gradle.internal.remote.internal.inet.InetAddresses] Adding IP addresses for network interface WAN Miniport (IPv6)
2025-02-01T10:47:40.853-0500 [DEBUG] [org.gradle.internal.remote.internal.inet.InetAddresses] Is this a loopback interface? false
2025-02-01T10:47:40.853-0500 [DEBUG] [org.gradle.internal.remote.internal.inet.InetAddresses] Adding IP addresses for network interface Microsoft Teredo Tunneling Adapter
2025-02-01T10:47:40.854-0500 [DEBUG] [org.gradle.internal.remote.internal.inet.InetAddresses] Is this a loopback interface? false
2025-02-01T10:47:40.854-0500 [DEBUG] [org.gradle.internal.remote.internal.inet.InetAddresses] Adding IP addresses for network interface WAN Miniport (Network Monitor)
2025-02-01T10:47:40.856-0500 [DEBUG] [org.gradle.internal.remote.internal.inet.InetAddresses] Is this a loopback interface? false
2025-02-01T10:47:40.856-0500 [DEBUG] [org.gradle.internal.remote.internal.inet.InetAddresses] Adding IP addresses for network interface WAN Miniport (IKEv2)
2025-02-01T10:47:40.858-0500 [DEBUG] [org.gradle.internal.remote.internal.inet.InetAddresses] Is this a loopback interface? false
2025-02-01T10:47:40.858-0500 [DEBUG] [org.gradle.internal.remote.internal.inet.InetAddresses] Adding IP addresses for network interface WAN Miniport (PPTP)
2025-02-01T10:47:40.860-0500 [DEBUG] [org.gradle.internal.remote.internal.inet.InetAddresses] Is this a loopback interface? false
2025-02-01T10:47:40.860-0500 [DEBUG] [org.gradle.internal.remote.internal.inet.InetAddresses] Adding IP addresses for network interface WAN Miniport (PPPOE)
2025-02-01T10:47:40.861-0500 [DEBUG] [org.gradle.internal.remote.internal.inet.InetAddresses] Is this a loopback interface? false
2025-02-01T10:47:40.861-0500 [DEBUG] [org.gradle.internal.remote.internal.inet.InetAddresses] Adding IP addresses for network interface Realtek RTL8852BE WiFi 6 802.11ax PCIe Adapter
2025-02-01T10:47:40.863-0500 [DEBUG] [org.gradle.internal.remote.internal.inet.InetAddresses] Is this a loopback interface? false
2025-02-01T10:47:40.863-0500 [DEBUG] [org.gradle.internal.remote.internal.inet.InetAddresses] Adding remote address /192.168.1.130
2025-02-01T10:47:40.863-0500 [DEBUG] [org.gradle.internal.remote.internal.inet.InetAddresses] Adding remote address /2601:84:8801:5bd0:0:0:0:b99a
2025-02-01T10:47:40.863-0500 [DEBUG] [org.gradle.internal.remote.internal.inet.InetAddresses] Adding remote address /fe80:0:0:0:dd0b:2344:8a40:d249%wlan2
2025-02-01T10:47:40.863-0500 [DEBUG] [org.gradle.internal.remote.internal.inet.InetAddresses] Adding IP addresses for network interface Realtek RTL8852BE WiFi 6 802.11ax PCIe Adapter-WFP Native MAC Layer LightWeight Filter-0000
2025-02-01T10:47:40.865-0500 [DEBUG] [org.gradle.internal.remote.internal.inet.InetAddresses] Is this a loopback interface? false
2025-02-01T10:47:40.865-0500 [DEBUG] [org.gradle.internal.remote.internal.inet.InetAddresses] Adding IP addresses for network interface Realtek RTL8852BE WiFi 6 802.11ax PCIe Adapter-Virtual WiFi Filter Driver-0000
2025-02-01T10:47:40.867-0500 [DEBUG] [org.gradle.internal.remote.internal.inet.InetAddresses] Is this a loopback interface? false
2025-02-01T10:47:40.867-0500 [DEBUG] [org.gradle.internal.remote.internal.inet.InetAddresses] Adding IP addresses for network interface Realtek RTL8852BE WiFi 6 802.11ax PCIe Adapter-Native WiFi Filter Driver-0000
2025-02-01T10:47:40.869-0500 [DEBUG] [org.gradle.internal.remote.internal.inet.InetAddresses] Is this a loopback interface? false
2025-02-01T10:47:40.869-0500 [DEBUG] [org.gradle.internal.remote.internal.inet.InetAddresses] Adding IP addresses for network interface Realtek RTL8852BE WiFi 6 802.11ax PCIe Adapter-QoS Packet Scheduler-0000
2025-02-01T10:47:40.871-0500 [DEBUG] [org.gradle.internal.remote.internal.inet.InetAddresses] Is this a loopback interface? false
2025-02-01T10:47:40.871-0500 [DEBUG] [org.gradle.internal.remote.internal.inet.InetAddresses] Adding IP addresses for network interface Realtek RTL8852BE WiFi 6 802.11ax PCIe Adapter-WFP 802.3 MAC Layer LightWeight Filter-0000
2025-02-01T10:47:40.872-0500 [DEBUG] [org.gradle.internal.remote.internal.inet.InetAddresses] Is this a loopback interface? false
2025-02-01T10:47:40.872-0500 [DEBUG] [org.gradle.internal.remote.internal.inet.InetAddresses] Adding IP addresses for network interface Microsoft Wi-Fi Direct Virtual Adapter-WFP Native MAC Layer LightWeight Filter-0000
2025-02-01T10:47:40.874-0500 [DEBUG] [org.gradle.internal.remote.internal.inet.InetAddresses] Is this a loopback interface? false
2025-02-01T10:47:40.874-0500 [DEBUG] [org.gradle.internal.remote.internal.inet.InetAddresses] Adding IP addresses for network interface Microsoft Wi-Fi Direct Virtual Adapter-Native WiFi Filter Driver-0000
2025-02-01T10:47:40.876-0500 [DEBUG] [org.gradle.internal.remote.internal.inet.InetAddresses] Is this a loopback interface? false
2025-02-01T10:47:40.876-0500 [DEBUG] [org.gradle.internal.remote.internal.inet.InetAddresses] Adding IP addresses for network interface Microsoft Wi-Fi Direct Virtual Adapter-QoS Packet Scheduler-0000
2025-02-01T10:47:40.877-0500 [DEBUG] [org.gradle.internal.remote.internal.inet.InetAddresses] Is this a loopback interface? false
2025-02-01T10:47:40.878-0500 [DEBUG] [org.gradle.internal.remote.internal.inet.InetAddresses] Adding IP addresses for network interface Microsoft Wi-Fi Direct Virtual Adapter-WFP 802.3 MAC Layer LightWeight Filter-0000
2025-02-01T10:47:40.879-0500 [DEBUG] [org.gradle.internal.remote.internal.inet.InetAddresses] Is this a loopback interface? false
2025-02-01T10:47:40.879-0500 [DEBUG] [org.gradle.internal.remote.internal.inet.InetAddresses] Adding IP addresses for network interface Microsoft Wi-Fi Direct Virtual Adapter #2-WFP Native MAC Layer LightWeight Filter-0000
2025-02-01T10:47:40.881-0500 [DEBUG] [org.gradle.internal.remote.internal.inet.InetAddresses] Is this a loopback interface? false
2025-02-01T10:47:40.881-0500 [DEBUG] [org.gradle.internal.remote.internal.inet.InetAddresses] Adding IP addresses for network interface Microsoft Wi-Fi Direct Virtual Adapter #2-Native WiFi Filter Driver-0000
2025-02-01T10:47:40.883-0500 [DEBUG] [org.gradle.internal.remote.internal.inet.InetAddresses] Is this a loopback interface? false
2025-02-01T10:47:40.883-0500 [DEBUG] [org.gradle.internal.remote.internal.inet.InetAddresses] Adding IP addresses for network interface Microsoft Wi-Fi Direct Virtual Adapter #2-QoS Packet Scheduler-0000
2025-02-01T10:47:40.885-0500 [DEBUG] [org.gradle.internal.remote.internal.inet.InetAddresses] Is this a loopback interface? false
2025-02-01T10:47:40.885-0500 [DEBUG] [org.gradle.internal.remote.internal.inet.InetAddresses] Adding IP addresses for network interface Microsoft Wi-Fi Direct Virtual Adapter #2-WFP 802.3 MAC Layer LightWeight Filter-0000
2025-02-01T10:47:40.886-0500 [DEBUG] [org.gradle.internal.remote.internal.inet.InetAddresses] Is this a loopback interface? false
2025-02-01T10:47:40.886-0500 [DEBUG] [org.gradle.internal.remote.internal.inet.InetAddresses] Adding IP addresses for network interface WAN Miniport (IP)-WFP Native MAC Layer LightWeight Filter-0000
2025-02-01T10:47:40.888-0500 [DEBUG] [org.gradle.internal.remote.internal.inet.InetAddresses] Is this a loopback interface? false
2025-02-01T10:47:40.888-0500 [DEBUG] [org.gradle.internal.remote.internal.inet.InetAddresses] Adding IP addresses for network interface WAN Miniport (IP)-QoS Packet Scheduler-0000
2025-02-01T10:47:40.890-0500 [DEBUG] [org.gradle.internal.remote.internal.inet.InetAddresses] Is this a loopback interface? false
2025-02-01T10:47:40.890-0500 [DEBUG] [org.gradle.internal.remote.internal.inet.InetAddresses] Adding IP addresses for network interface WAN Miniport (IPv6)-WFP Native MAC Layer LightWeight Filter-0000
2025-02-01T10:47:40.892-0500 [DEBUG] [org.gradle.internal.remote.internal.inet.InetAddresses] Is this a loopback interface? false
2025-02-01T10:47:40.892-0500 [DEBUG] [org.gradle.internal.remote.internal.inet.InetAddresses] Adding IP addresses for network interface WAN Miniport (IPv6)-QoS Packet Scheduler-0000
2025-02-01T10:47:40.893-0500 [DEBUG] [org.gradle.internal.remote.internal.inet.InetAddresses] Is this a loopback interface? false
2025-02-01T10:47:40.893-0500 [DEBUG] [org.gradle.internal.remote.internal.inet.InetAddresses] Adding IP addresses for network interface WAN Miniport (Network Monitor)-WFP Native MAC Layer LightWeight Filter-0000
2025-02-01T10:47:40.895-0500 [DEBUG] [org.gradle.internal.remote.internal.inet.InetAddresses] Is this a loopback interface? false
2025-02-01T10:47:40.895-0500 [DEBUG] [org.gradle.internal.remote.internal.inet.InetAddresses] Adding IP addresses for network interface WAN Miniport (Network Monitor)-QoS Packet Scheduler-0000
2025-02-01T10:47:40.897-0500 [DEBUG] [org.gradle.internal.remote.internal.inet.InetAddresses] Is this a loopback interface? false
2025-02-01T10:47:40.897-0500 [DEBUG] [org.gradle.internal.remote.internal.inet.InetAddresses] Adding IP addresses for network interface Hyper-V Virtual Switch Extension Adapter
2025-02-01T10:47:40.899-0500 [DEBUG] [org.gradle.internal.remote.internal.inet.InetAddresses] Is this a loopback interface? false
2025-02-01T10:47:40.899-0500 [DEBUG] [org.gradle.internal.remote.internal.inet.InetAddresses] Adding IP addresses for network interface Hyper-V Virtual Switch Extension Adapter-Hyper-V Virtual Switch Extension Filter-0000
2025-02-01T10:47:40.900-0500 [DEBUG] [org.gradle.internal.remote.internal.inet.InetAddresses] Is this a loopback interface? false
2025-02-01T10:47:40.900-0500 [DEBUG] [org.gradle.internal.remote.internal.inet.InetAddresses] Adding IP addresses for network interface Hyper-V Virtual Switch Extension Adapter-Virtual Filtering Platform VMSwitch Extension-0000
2025-02-01T10:47:40.902-0500 [DEBUG] [org.gradle.internal.remote.internal.inet.InetAddresses] Is this a loopback interface? false
2025-02-01T10:47:40.902-0500 [DEBUG] [org.gradle.internal.remote.internal.inet.InetAddresses] Adding IP addresses for network interface Hyper-V Virtual Ethernet Adapter
2025-02-01T10:47:40.904-0500 [DEBUG] [org.gradle.internal.remote.internal.inet.InetAddresses] Is this a loopback interface? false
2025-02-01T10:47:40.904-0500 [DEBUG] [org.gradle.internal.remote.internal.inet.InetAddresses] Adding remote address /172.30.224.1
2025-02-01T10:47:40.904-0500 [DEBUG] [org.gradle.internal.remote.internal.inet.InetAddresses] Adding remote address /fe80:0:0:0:e269:4763:c7de:8c08%eth15
2025-02-01T10:47:40.904-0500 [DEBUG] [org.gradle.internal.remote.internal.inet.InetAddresses] Adding IP addresses for network interface Hyper-V Virtual Ethernet Adapter-WFP Native MAC Layer LightWeight Filter-0000
2025-02-01T10:47:40.906-0500 [DEBUG] [org.gradle.internal.remote.internal.inet.InetAddresses] Is this a loopback interface? false
2025-02-01T10:47:40.906-0500 [DEBUG] [org.gradle.internal.remote.internal.inet.InetAddresses] Adding IP addresses for network interface Hyper-V Virtual Ethernet Adapter-QoS Packet Scheduler-0000
2025-02-01T10:47:40.907-0500 [DEBUG] [org.gradle.internal.remote.internal.inet.InetAddresses] Is this a loopback interface? false
2025-02-01T10:47:40.908-0500 [DEBUG] [org.gradle.internal.remote.internal.inet.InetAddresses] Adding IP addresses for network interface Hyper-V Virtual Ethernet Adapter-WFP 802.3 MAC Layer LightWeight Filter-0000
2025-02-01T10:47:40.909-0500 [DEBUG] [org.gradle.internal.remote.internal.inet.InetAddresses] Is this a loopback interface? false
2025-02-01T10:47:40.924-0500 [DEBUG] [org.gradle.cache.internal.DefaultFileLockManager] Waiting to acquire shared lock on daemon addresses registry.
2025-02-01T10:47:40.926-0500 [DEBUG] [org.gradle.cache.internal.DefaultFileLockManager] Lock acquired on daemon addresses registry.
2025-02-01T10:47:40.930-0500 [DEBUG] [org.gradle.cache.internal.DefaultFileLockManager] Releasing lock on daemon addresses registry.
2025-02-01T10:47:40.933-0500 [INFO] [org.gradle.launcher.daemon.client.DefaultDaemonConnector] Found daemon DaemonInfo{pid=4532, address=[c11a3e9a-c8c9-4432-ac09-5049c3c8722d port:64956, addresses:[/127.0.0.1]], state=Idle, lastBusy=1738424647825, context=DefaultDaemonContext[uid=c178b17d-777a-4937-a10d-689bcb8a0339,javaHome=C:\Users\johns\.vscode\extensions\redhat.java-1.39.0-win32-x64\jre\21.0.5-win32-x86_64,daemonRegistryDir=C:\Users\johns\.gradle\daemon,pid=4532,idleTimeout=10800000,priority=NORMAL,daemonOpts=--add-opens=java.base/java.util=ALL-UNNAMED,--add-opens=java.base/java.lang=ALL-UNNAMED,--add-opens=java.base/java.lang.invoke=ALL-UNNAMED,--add-opens=java.prefs/java.util.prefs=ALL-UNNAMED,--add-opens=java.base/java.nio.charset=ALL-UNNAMED,--add-opens=java.base/java.net=ALL-UNNAMED,--add-opens=java.base/java.util.concurrent.atomic=ALL-UNNAMED,-XX:MaxMetaspaceSize=384m,-XX:+HeapDumpOnOutOfMemoryError,-Xms256m,-Xmx512m,-Dfile.encoding=UTF-8,-Duser.country=US,-Duser.language=en,-Duser.variant]} however its context does not match the desired criteria.
Java home is different.
Wanted: DefaultDaemonContext[uid=null,javaHome=C:\Program Files\OpenLogic\jdk-17.0.13.11-hotspot,daemonRegistryDir=C:\Users\johns\.gradle\daemon,pid=22380,idleTimeout=null,priority=NORMAL,daemonOpts=--add-opens=java.base/java.util=ALL-UNNAMED,--add-opens=java.base/java.lang=ALL-UNNAMED,--add-opens=java.base/java.lang.invoke=ALL-UNNAMED,--add-opens=java.prefs/java.util.prefs=ALL-UNNAMED,--add-opens=java.base/java.nio.charset=ALL-UNNAMED,--add-opens=java.base/java.net=ALL-UNNAMED,--add-opens=java.base/java.util.concurrent.atomic=ALL-UNNAMED,-XX:MaxMetaspaceSize=384m,-XX:+HeapDumpOnOutOfMemoryError,-Xms256m,-Xmx512m,-Dfile.encoding=windows-1252,-Duser.country=US,-Duser.language=en,-Duser.variant]
Actual: DefaultDaemonContext[uid=c178b17d-777a-4937-a10d-689bcb8a0339,javaHome=C:\Users\johns\.vscode\extensions\redhat.java-1.39.0-win32-x64\jre\21.0.5-win32-x86_64,daemonRegistryDir=C:\Users\johns\.gradle\daemon,pid=4532,idleTimeout=10800000,priority=NORMAL,daemonOpts=--add-opens=java.base/java.util=ALL-UNNAMED,--add-opens=java.base/java.lang=ALL-UNNAMED,--add-opens=java.base/java.lang.invoke=ALL-UNNAMED,--add-opens=java.prefs/java.util.prefs=ALL-UNNAMED,--add-opens=java.base/java.nio.charset=ALL-UNNAMED,--add-opens=java.base/java.net=ALL-UNNAMED,--add-opens=java.base/java.util.concurrent.atomic=ALL-UNNAMED,-XX:MaxMetaspaceSize=384m,-XX:+HeapDumpOnOutOfMemoryError,-Xms256m,-Xmx512m,-Dfile.encoding=UTF-8,-Duser.country=US,-Duser.language=en,-Duser.variant]

  Looking for a different daemon...
2025-02-01T10:47:40.934-0500 [INFO] [org.gradle.launcher.daemon.client.DefaultDaemonConnector] Found daemon DaemonInfo{pid=12056, address=[8688d512-cfa1-4b8d-991f-732c66746674 port:64982, addresses:[/127.0.0.1]], state=Idle, lastBusy=1738422295272, context=DefaultDaemonContext[uid=e7ad4bf3-96fa-441c-81e0-87b71533eb85,javaHome=C:\Program Files\OpenLogic\jdk-17.0.13.11-hotspot,daemonRegistryDir=C:\Users\johns\.gradle\daemon,pid=12056,idleTimeout=10800000,priority=NORMAL,daemonOpts=--add-opens=java.base/java.util=ALL-UNNAMED,--add-opens=java.base/java.lang=ALL-UNNAMED,--add-opens=java.base/java.lang.invoke=ALL-UNNAMED,--add-opens=java.prefs/java.util.prefs=ALL-UNNAMED,--add-opens=java.base/java.nio.charset=ALL-UNNAMED,--add-opens=java.base/java.net=ALL-UNNAMED,--add-opens=java.base/java.util.concurrent.atomic=ALL-UNNAMED,-Dfile.encoding=UTF-8,-Duser.country=US,-Duser.language=en,-Duser.variant]} however its context does not match the desired criteria.
At least one daemon option is different.
Wanted: DefaultDaemonContext[uid=null,javaHome=C:\Program Files\OpenLogic\jdk-17.0.13.11-hotspot,daemonRegistryDir=C:\Users\johns\.gradle\daemon,pid=22380,idleTimeout=null,priority=NORMAL,daemonOpts=--add-opens=java.base/java.util=ALL-UNNAMED,--add-opens=java.base/java.lang=ALL-UNNAMED,--add-opens=java.base/java.lang.invoke=ALL-UNNAMED,--add-opens=java.prefs/java.util.prefs=ALL-UNNAMED,--add-opens=java.base/java.nio.charset=ALL-UNNAMED,--add-opens=java.base/java.net=ALL-UNNAMED,--add-opens=java.base/java.util.concurrent.atomic=ALL-UNNAMED,-XX:MaxMetaspaceSize=384m,-XX:+HeapDumpOnOutOfMemoryError,-Xms256m,-Xmx512m,-Dfile.encoding=windows-1252,-Duser.country=US,-Duser.language=en,-Duser.variant]
Actual: DefaultDaemonContext[uid=e7ad4bf3-96fa-441c-81e0-87b71533eb85,javaHome=C:\Program Files\OpenLogic\jdk-17.0.13.11-hotspot,daemonRegistryDir=C:\Users\johns\.gradle\daemon,pid=12056,idleTimeout=10800000,priority=NORMAL,daemonOpts=--add-opens=java.base/java.util=ALL-UNNAMED,--add-opens=java.base/java.lang=ALL-UNNAMED,--add-opens=java.base/java.lang.invoke=ALL-UNNAMED,--add-opens=java.prefs/java.util.prefs=ALL-UNNAMED,--add-opens=java.base/java.nio.charset=ALL-UNNAMED,--add-opens=java.base/java.net=ALL-UNNAMED,--add-opens=java.base/java.util.concurrent.atomic=ALL-UNNAMED,-Dfile.encoding=UTF-8,-Duser.country=US,-Duser.language=en,-Duser.variant]

  Looking for a different daemon...
2025-02-01T10:47:40.934-0500 [INFO] [org.gradle.launcher.daemon.client.DefaultDaemonConnector] Found daemon DaemonInfo{pid=27332, address=[9e108659-e6dd-4f71-beda-1b877dbbaeec port:64994, addresses:[/127.0.0.1]], state=Idle, lastBusy=1738422289688, context=DefaultDaemonContext[uid=367ec81a-a1b4-45d6-b306-5cdafa499800,javaHome=C:\Program Files\OpenLogic\jdk-17.0.13.11-hotspot,daemonRegistryDir=C:\Users\johns\.gradle\daemon,pid=27332,idleTimeout=10800000,priority=NORMAL,daemonOpts=--add-opens=java.base/java.util=ALL-UNNAMED,--add-opens=java.base/java.lang=ALL-UNNAMED,--add-opens=java.base/java.lang.invoke=ALL-UNNAMED,--add-opens=java.prefs/java.util.prefs=ALL-UNNAMED,--add-opens=java.base/java.nio.charset=ALL-UNNAMED,--add-opens=java.base/java.net=ALL-UNNAMED,--add-opens=java.base/java.util.concurrent.atomic=ALL-UNNAMED,-XX:MaxMetaspaceSize=384m,-XX:+HeapDumpOnOutOfMemoryError,-Xms256m,-Xmx512m,-Dfile.encoding=UTF-8,-Duser.country=US,-Duser.language=en,-Duser.variant]} however its context does not match the desired criteria.
At least one daemon option is different.
Wanted: DefaultDaemonContext[uid=null,javaHome=C:\Program Files\OpenLogic\jdk-17.0.13.11-hotspot,daemonRegistryDir=C:\Users\johns\.gradle\daemon,pid=22380,idleTimeout=null,priority=NORMAL,daemonOpts=--add-opens=java.base/java.util=ALL-UNNAMED,--add-opens=java.base/java.lang=ALL-UNNAMED,--add-opens=java.base/java.lang.invoke=ALL-UNNAMED,--add-opens=java.prefs/java.util.prefs=ALL-UNNAMED,--add-opens=java.base/java.nio.charset=ALL-UNNAMED,--add-opens=java.base/java.net=ALL-UNNAMED,--add-opens=java.base/java.util.concurrent.atomic=ALL-UNNAMED,-XX:MaxMetaspaceSize=384m,-XX:+HeapDumpOnOutOfMemoryError,-Xms256m,-Xmx512m,-Dfile.encoding=windows-1252,-Duser.country=US,-Duser.language=en,-Duser.variant]
Actual: DefaultDaemonContext[uid=367ec81a-a1b4-45d6-b306-5cdafa499800,javaHome=C:\Program Files\OpenLogic\jdk-17.0.13.11-hotspot,daemonRegistryDir=C:\Users\johns\.gradle\daemon,pid=27332,idleTimeout=10800000,priority=NORMAL,daemonOpts=--add-opens=java.base/java.util=ALL-UNNAMED,--add-opens=java.base/java.lang=ALL-UNNAMED,--add-opens=java.base/java.lang.invoke=ALL-UNNAMED,--add-opens=java.prefs/java.util.prefs=ALL-UNNAMED,--add-opens=java.base/java.nio.charset=ALL-UNNAMED,--add-opens=java.base/java.net=ALL-UNNAMED,--add-opens=java.base/java.util.concurrent.atomic=ALL-UNNAMED,-XX:MaxMetaspaceSize=384m,-XX:+HeapDumpOnOutOfMemoryError,-Xms256m,-Xmx512m,-Dfile.encoding=UTF-8,-Duser.country=US,-Duser.language=en,-Duser.variant]

  Looking for a different daemon...
2025-02-01T10:47:40.936-0500 [DEBUG] [org.gradle.internal.remote.internal.inet.TcpOutgoingConnector] Attempting to connect to [a1cd632c-70a4-4459-b59d-7dbce59eb90c port:49778, addresses:[/127.0.0.1]].
2025-02-01T10:47:40.936-0500 [DEBUG] [org.gradle.internal.remote.internal.inet.TcpOutgoingConnector] Trying to connect to address /127.0.0.1.
2025-02-01T10:47:40.941-0500 [DEBUG] [org.gradle.internal.remote.internal.inet.TcpOutgoingConnector] Connected to address /127.0.0.1:49778.
2025-02-01T10:47:40.999-0500 [DEBUG] [org.gradle.launcher.daemon.client.DaemonClient] Connected to daemon DaemonInfo{pid=16248, address=[a1cd632c-70a4-4459-b59d-7dbce59eb90c port:49778, addresses:[/127.0.0.1]], state=Idle, lastBusy=1738424846459, context=DefaultDaemonContext[uid=df6a1589-0b89-4981-8043-9d964685b97b,javaHome=C:\Program Files\OpenLogic\jdk-17.0.13.11-hotspot,daemonRegistryDir=C:\Users\johns\.gradle\daemon,pid=16248,idleTimeout=10800000,priority=NORMAL,daemonOpts=--add-opens=java.base/java.util=ALL-UNNAMED,--add-opens=java.base/java.lang=ALL-UNNAMED,--add-opens=java.base/java.lang.invoke=ALL-UNNAMED,--add-opens=java.prefs/java.util.prefs=ALL-UNNAMED,--add-opens=java.base/java.nio.charset=ALL-UNNAMED,--add-opens=java.base/java.net=ALL-UNNAMED,--add-opens=java.base/java.util.concurrent.atomic=ALL-UNNAMED,-XX:MaxMetaspaceSize=384m,-XX:+HeapDumpOnOutOfMemoryError,-Xms256m,-Xmx512m,-Dfile.encoding=windows-1252,-Duser.country=US,-Duser.language=en,-Duser.variant]}. Dispatching request Build{id=6ee722a0-b4b8-473c-9c39-26a3a7b8098c, currentDir=C:\Users\johns\projects\java-dctmutils}.
2025-02-01T10:47:40.999-0500 [DEBUG] [org.gradle.launcher.daemon.client.DaemonClientConnection] thread 1: dispatching class org.gradle.launcher.daemon.protocol.Build
2025-02-01T10:47:41.007-0500 [DEBUG] [org.gradle.launcher.daemon.client.DaemonClient] Received result org.gradle.launcher.daemon.protocol.BuildStarted@4f1bfe23 from daemon DaemonInfo{pid=16248, address=[a1cd632c-70a4-4459-b59d-7dbce59eb90c port:49778, addresses:[/127.0.0.1]], state=Idle, lastBusy=1738424846459, context=DefaultDaemonContext[uid=df6a1589-0b89-4981-8043-9d964685b97b,javaHome=C:\Program Files\OpenLogic\jdk-17.0.13.11-hotspot,daemonRegistryDir=C:\Users\johns\.gradle\daemon,pid=16248,idleTimeout=10800000,priority=NORMAL,daemonOpts=--add-opens=java.base/java.util=ALL-UNNAMED,--add-opens=java.base/java.lang=ALL-UNNAMED,--add-opens=java.base/java.lang.invoke=ALL-UNNAMED,--add-opens=java.prefs/java.util.prefs=ALL-UNNAMED,--add-opens=java.base/java.nio.charset=ALL-UNNAMED,--add-opens=java.base/java.net=ALL-UNNAMED,--add-opens=java.base/java.util.concurrent.atomic=ALL-UNNAMED,-XX:MaxMetaspaceSize=384m,-XX:+HeapDumpOnOutOfMemoryError,-Xms256m,-Xmx512m,-Dfile.encoding=windows-1252,-Duser.country=US,-Duser.language=en,-Duser.variant]} (build should be starting).
2025-02-01T10:47:41.007-0500 [INFO] [org.gradle.launcher.daemon.server.exec.LogToClient] The client will now receive all logging from the daemon (pid: 16248). The daemon log file: C:\Users\johns\.gradle\daemon\8.0.2\daemon-16248.out.log
2025-02-01T10:47:41.008-0500 [INFO] [org.gradle.launcher.daemon.server.exec.LogAndCheckHealth] Starting 8th build in daemon [uptime: 4 mins 44.043 secs, performance: 100%, GC rate: 0.00/s, heap usage: 0% of 512 MiB, non-heap usage: 18% of 384 MiB]
2025-02-01T10:47:41.008-0500 [DEBUG] [org.gradle.launcher.daemon.server.exec.ExecuteBuild] The daemon has started executing the build.
2025-02-01T10:47:41.008-0500 [DEBUG] [org.gradle.launcher.daemon.server.exec.ExecuteBuild] Executing build with daemon context: DefaultDaemonContext[uid=df6a1589-0b89-4981-8043-9d964685b97b,javaHome=C:\Program Files\OpenLogic\jdk-17.0.13.11-hotspot,daemonRegistryDir=C:\Users\johns\.gradle\daemon,pid=16248,idleTimeout=10800000,priority=NORMAL,daemonOpts=--add-opens=java.base/java.util=ALL-UNNAMED,--add-opens=java.base/java.lang=ALL-UNNAMED,--add-opens=java.base/java.lang.invoke=ALL-UNNAMED,--add-opens=java.prefs/java.util.prefs=ALL-UNNAMED,--add-opens=java.base/java.nio.charset=ALL-UNNAMED,--add-opens=java.base/java.net=ALL-UNNAMED,--add-opens=java.base/java.util.concurrent.atomic=ALL-UNNAMED,-XX:MaxMetaspaceSize=384m,-XX:+HeapDumpOnOutOfMemoryError,-Xms256m,-Xmx512m,-Dfile.encoding=windows-1252,-Duser.country=US,-Duser.language=en,-Duser.variant]
2025-02-01T10:47:41.009-0500 [INFO] [org.gradle.internal.work.DefaultWorkerLeaseService] Using 16 worker leases.
2025-02-01T10:47:41.009-0500 [DEBUG] [org.gradle.internal.resources.AbstractTrackedResourceLock] Daemon worker Thread 3: acquired lock on worker lease
2025-02-01T10:47:41.009-0500 [DEBUG] [org.gradle.internal.operations.DefaultBuildOperationRunner] Build operation 'Run build' started
2025-02-01T10:47:41.013-0500 [INFO] [org.gradle.internal.watch.registry.impl.WatchableHierarchies] Now considering [C:\Users\johns\projects\java-dctmutils] as hierarchies to watch
2025-02-01T10:47:41.016-0500 [INFO] [org.gradle.tooling.internal.provider.FileSystemWatchingBuildActionRunner] Watching the file system is configured to be enabled if available
2025-02-01T10:47:41.016-0500 [DEBUG] [org.gradle.tooling.internal.provider.FileSystemWatchingBuildActionRunner] Watching the file system computed to be enabled if available
2025-02-01T10:47:41.016-0500 [DEBUG] [org.gradle.internal.operations.DefaultBuildOperationRunner] Build operation 'Build started for file system watching' started
2025-02-01T10:47:41.016-0500 [DEBUG] [org.gradle.internal.watch.vfs.impl.DefaultWatchableFileSystemDetector] Detected NTFS: C:\ from \Device\HarddiskVolume3 (remote: false)
2025-02-01T10:47:41.017-0500 [DEBUG] [org.gradle.internal.operations.DefaultBuildOperationRunner] Completing Build operation 'Build started for file system watching'
2025-02-01T10:47:41.017-0500 [DEBUG] [org.gradle.internal.operations.DefaultBuildOperationRunner] Build operation 'Build started for file system watching' completed
2025-02-01T10:47:41.017-0500 [INFO] [org.gradle.tooling.internal.provider.FileSystemWatchingBuildActionRunner] File system watching is active
2025-02-01T10:47:41.017-0500 [DEBUG] [org.gradle.internal.operations.DefaultBuildOperationRunner] Build operation 'Load build' started
2025-02-01T10:47:41.017-0500 [DEBUG] [org.gradle.initialization.DefaultGradlePropertiesLoader] Found env project properties: []
2025-02-01T10:47:41.018-0500 [DEBUG] [org.gradle.initialization.DefaultGradlePropertiesLoader] Found system project properties: []
2025-02-01T10:47:41.018-0500 [DEBUG] [org.gradle.internal.operations.DefaultBuildOperationRunner] Build operation 'Evaluate settings' started
2025-02-01T10:47:41.020-0500 [DEBUG] [org.gradle.cache.internal.DefaultCacheAccess] Creating new cache for workingDirs, path C:\Users\johns\projects\java-dctmutils\.gradle\8.0.2\vcsMetadata\workingDirs.bin, access org.gradle.cache.internal.DefaultCacheAccess@2097b238
2025-02-01T10:47:41.020-0500 [DEBUG] [org.gradle.cache.internal.DefaultCacheAccess] Creating new cache for md5-checksums, path C:\Users\johns\projects\java-dctmutils\.gradle\8.0.2\checksums\md5-checksums.bin, access org.gradle.cache.internal.DefaultCacheAccess@183fe235
2025-02-01T10:47:41.021-0500 [DEBUG] [org.gradle.cache.internal.LockOnDemandCrossProcessCacheAccess] Acquiring file lock for checksums cache (C:\Users\johns\projects\java-dctmutils\.gradle\8.0.2\checksums)
2025-02-01T10:47:41.022-0500 [DEBUG] [org.gradle.cache.internal.DefaultFileLockManager] Waiting to acquire exclusive lock on checksums cache (C:\Users\johns\projects\java-dctmutils\.gradle\8.0.2\checksums).
2025-02-01T10:47:41.022-0500 [DEBUG] [org.gradle.cache.internal.DefaultFileLockManager] Lock acquired on checksums cache (C:\Users\johns\projects\java-dctmutils\.gradle\8.0.2\checksums).
2025-02-01T10:47:41.023-0500 [DEBUG] [org.gradle.cache.internal.DefaultCacheAccess] Creating new cache for sha1-checksums, path C:\Users\johns\projects\java-dctmutils\.gradle\8.0.2\checksums\sha1-checksums.bin, access org.gradle.cache.internal.DefaultCacheAccess@183fe235
2025-02-01T10:47:41.023-0500 [DEBUG] [org.gradle.cache.internal.DefaultCacheAccess] Creating new cache for sha256-checksums, path C:\Users\johns\projects\java-dctmutils\.gradle\8.0.2\checksums\sha256-checksums.bin, access org.gradle.cache.internal.DefaultCacheAccess@183fe235
2025-02-01T10:47:41.023-0500 [DEBUG] [org.gradle.cache.internal.DefaultCacheAccess] Creating new cache for sha512-checksums, path C:\Users\johns\projects\java-dctmutils\.gradle\8.0.2\checksums\sha512-checksums.bin, access org.gradle.cache.internal.DefaultCacheAccess@183fe235
2025-02-01T10:47:41.023-0500 [DEBUG] [org.gradle.cache.internal.DefaultCacheAccess] Creating new cache for md-rule, path C:\Users\johns\.gradle\caches\8.0.2\md-rule\md-rule.bin, access org.gradle.cache.internal.DefaultCacheAccess@77e54788
2025-02-01T10:47:41.024-0500 [DEBUG] [org.gradle.cache.internal.LockOnDemandCrossProcessCacheAccess] Acquiring file lock for cache directory md-rule (C:\Users\johns\.gradle\caches\8.0.2\md-rule)
2025-02-01T10:47:41.025-0500 [DEBUG] [org.gradle.cache.internal.DefaultFileLockManager] Waiting to acquire exclusive lock on cache directory md-rule (C:\Users\johns\.gradle\caches\8.0.2\md-rule).
2025-02-01T10:47:41.025-0500 [DEBUG] [org.gradle.cache.internal.DefaultFileLockManager] Lock acquired on cache directory md-rule (C:\Users\johns\.gradle\caches\8.0.2\md-rule).
2025-02-01T10:47:41.026-0500 [DEBUG] [org.gradle.internal.locking.LockFileReaderWriter] Lockfiles root: C:\Users\johns\projects\java-dctmutils\gradle\dependency-locks
2025-02-01T10:47:41.026-0500 [DEBUG] [org.gradle.cache.internal.DefaultCacheAccess] Creating new cache for fileHashes, path C:\Users\johns\projects\java-dctmutils\.gradle\8.0.2\fileHashes\fileHashes.bin, access org.gradle.cache.internal.DefaultCacheAccess@f179014
2025-02-01T10:47:41.027-0500 [DEBUG] [org.gradle.cache.internal.LockOnDemandCrossProcessCacheAccess] Acquiring file lock for file hash cache (C:\Users\johns\projects\java-dctmutils\.gradle\8.0.2\fileHashes)
2025-02-01T10:47:41.028-0500 [DEBUG] [org.gradle.cache.internal.DefaultFileLockManager] Waiting to acquire exclusive lock on file hash cache (C:\Users\johns\projects\java-dctmutils\.gradle\8.0.2\fileHashes).
2025-02-01T10:47:41.028-0500 [DEBUG] [org.gradle.cache.internal.DefaultFileLockManager] Lock acquired on file hash cache (C:\Users\johns\projects\java-dctmutils\.gradle\8.0.2\fileHashes).
2025-02-01T10:47:41.028-0500 [DEBUG] [org.gradle.cache.internal.DefaultCacheAccess] Creating new cache for md-supplier, path C:\Users\johns\.gradle\caches\8.0.2\md-supplier\md-supplier.bin, access org.gradle.cache.internal.DefaultCacheAccess@66c2df29
2025-02-01T10:47:41.029-0500 [DEBUG] [org.gradle.cache.internal.LockOnDemandCrossProcessCacheAccess] Acquiring file lock for cache directory md-supplier (C:\Users\johns\.gradle\caches\8.0.2\md-supplier)
2025-02-01T10:47:41.030-0500 [DEBUG] [org.gradle.cache.internal.DefaultFileLockManager] Waiting to acquire exclusive lock on cache directory md-supplier (C:\Users\johns\.gradle\caches\8.0.2\md-supplier).
2025-02-01T10:47:41.030-0500 [DEBUG] [org.gradle.cache.internal.DefaultFileLockManager] Lock acquired on cache directory md-supplier (C:\Users\johns\.gradle\caches\8.0.2\md-supplier).
2025-02-01T10:47:41.031-0500 [DEBUG] [org.gradle.api.internal.artifacts.mvnsettings.DefaultLocalMavenRepositoryLocator] No local repository in Settings file defined. Using default path: C:\Users\johns\.m2\repository
2025-02-01T10:47:41.031-0500 [DEBUG] [org.gradle.cache.internal.DefaultCacheAccess] Creating new cache for resourceHashesCache, path C:\Users\johns\projects\java-dctmutils\.gradle\8.0.2\fileHashes\resourceHashesCache.bin, access org.gradle.cache.internal.DefaultCacheAccess@f179014
2025-02-01T10:47:41.032-0500 [INFO] [org.gradle.internal.buildevents.BuildLogger] Starting Build
2025-02-01T10:47:41.032-0500 [DEBUG] [org.gradle.internal.buildevents.BuildLogger] Gradle user home: C:\Users\johns\.gradle
2025-02-01T10:47:41.032-0500 [DEBUG] [org.gradle.internal.buildevents.BuildLogger] Current dir: C:\Users\johns\projects\java-dctmutils
2025-02-01T10:47:41.032-0500 [DEBUG] [org.gradle.internal.buildevents.BuildLogger] Settings file: null
2025-02-01T10:47:41.032-0500 [DEBUG] [org.gradle.internal.buildevents.BuildLogger] Build file: null
2025-02-01T10:47:41.032-0500 [DEBUG] [org.gradle.internal.operations.DefaultBuildOperationRunner] Build operation 'Apply settings file 'settings.gradle' to settings 'java-dctmutils'' started
2025-02-01T10:47:41.033-0500 [DEBUG] [org.gradle.internal.operations.DefaultBuildOperationRunner] Completing Build operation 'Apply settings file 'settings.gradle' to settings 'java-dctmutils''
2025-02-01T10:47:41.033-0500 [DEBUG] [org.gradle.internal.operations.DefaultBuildOperationRunner] Build operation 'Apply settings file 'settings.gradle' to settings 'java-dctmutils'' completed
2025-02-01T10:47:41.033-0500 [DEBUG] [org.gradle.initialization.ScriptEvaluatingSettingsProcessor] Timing: Processing settings took: 0.014 secs
2025-02-01T10:47:41.033-0500 [INFO] [org.gradle.internal.buildevents.BuildLogger] Settings evaluated using settings file 'C:\Users\johns\projects\java-dctmutils\settings.gradle'.
2025-02-01T10:47:41.034-0500 [DEBUG] [org.gradle.caching.configuration.internal.DefaultBuildCacheConfiguration] Found class org.gradle.caching.local.internal.DirectoryBuildCacheServiceFactory registered for class org.gradle.caching.local.DirectoryBuildCache
2025-02-01T10:47:41.034-0500 [DEBUG] [org.gradle.internal.operations.DefaultBuildOperationRunner] Build operation 'Finalize build cache configuration' started
2025-02-01T10:47:41.034-0500 [DEBUG] [org.gradle.internal.operations.DefaultBuildOperationRunner] Completing Build operation 'Finalize build cache configuration'
2025-02-01T10:47:41.034-0500 [DEBUG] [org.gradle.internal.operations.DefaultBuildOperationRunner] Build operation 'Finalize build cache configuration' completed
2025-02-01T10:47:41.034-0500 [DEBUG] [org.gradle.internal.operations.DefaultBuildOperationRunner] Completing Build operation 'Evaluate settings'
2025-02-01T10:47:41.034-0500 [DEBUG] [org.gradle.internal.operations.DefaultBuildOperationRunner] Build operation 'Evaluate settings' completed
2025-02-01T10:47:41.034-0500 [DEBUG] [org.gradle.internal.operations.DefaultBuildOperationRunner] Completing Build operation 'Load build'
2025-02-01T10:47:41.034-0500 [DEBUG] [org.gradle.internal.operations.DefaultBuildOperationRunner] Build operation 'Load build' completed
2025-02-01T10:47:41.034-0500 [DEBUG] [org.gradle.internal.operations.DefaultBuildOperationRunner] Build operation 'Configure build' started
2025-02-01T10:47:41.035-0500 [DEBUG] [org.gradle.cache.internal.DefaultCacheAccess] Creating new cache for executionHistory, path C:\Users\johns\projects\java-dctmutils\.gradle\8.0.2\dependencies-accessors\executionHistory.bin, access org.gradle.cache.internal.DefaultCacheAccess@67276342
2025-02-01T10:47:41.035-0500 [DEBUG] [org.gradle.cache.internal.LockOnDemandCrossProcessCacheAccess] Acquiring file lock for dependencies-accessors (C:\Users\johns\projects\java-dctmutils\.gradle\8.0.2\dependencies-accessors)
2025-02-01T10:47:41.036-0500 [DEBUG] [org.gradle.cache.internal.DefaultFileLockManager] Waiting to acquire exclusive lock on dependencies-accessors (C:\Users\johns\projects\java-dctmutils\.gradle\8.0.2\dependencies-accessors).
2025-02-01T10:47:41.036-0500 [DEBUG] [org.gradle.cache.internal.DefaultFileLockManager] Lock acquired on dependencies-accessors (C:\Users\johns\projects\java-dctmutils\.gradle\8.0.2\dependencies-accessors).
2025-02-01T10:47:41.036-0500 [DEBUG] [org.gradle.internal.operations.DefaultBuildOperationRunner] Build operation 'Load projects' started
2025-02-01T10:47:41.040-0500 [DEBUG] [org.gradle.initialization.ProjectPropertySettingBuildLoader] Looking for project properties from: C:\Users\johns\projects\java-dctmutils\gradle.properties
2025-02-01T10:47:41.040-0500 [DEBUG] [org.gradle.initialization.ProjectPropertySettingBuildLoader] project property file does not exists. We continue!
2025-02-01T10:47:41.040-0500 [DEBUG] [org.gradle.initialization.ProjectPropertySettingBuildLoader] Looking for project properties from: C:\Users\johns\projects\java-dctmutils\dctmutils\gradle.properties
2025-02-01T10:47:41.040-0500 [DEBUG] [org.gradle.initialization.ProjectPropertySettingBuildLoader] project property file does not exists. We continue!
2025-02-01T10:47:41.040-0500 [DEBUG] [org.gradle.internal.operations.DefaultBuildOperationRunner] Completing Build operation 'Load projects'
2025-02-01T10:47:41.040-0500 [DEBUG] [org.gradle.internal.operations.DefaultBuildOperationRunner] Build operation 'Load projects' completed
2025-02-01T10:47:41.040-0500 [DEBUG] [org.gradle.internal.operations.DefaultBuildOperationRunner] Build operation 'Notify projectsLoaded listeners' started
2025-02-01T10:47:41.040-0500 [INFO] [org.gradle.internal.buildevents.BuildLogger] Projects loaded. Root project using build file 'C:\Users\johns\projects\java-dctmutils\build.gradle'.
2025-02-01T10:47:41.040-0500 [INFO] [org.gradle.internal.buildevents.BuildLogger] Included projects: [root project 'java-dctmutils', project ':dctmutils']
2025-02-01T10:47:41.040-0500 [DEBUG] [org.gradle.internal.operations.DefaultBuildOperationRunner] Completing Build operation 'Notify projectsLoaded listeners'
2025-02-01T10:47:41.041-0500 [DEBUG] [org.gradle.internal.operations.DefaultBuildOperationRunner] Build operation 'Notify projectsLoaded listeners' completed
2025-02-01T10:47:41.041-0500 [DEBUG] [org.gradle.internal.operations.DefaultBuildOperationRunner] Build operation 'Configure project :' started
2025-02-01T10:47:41.041-0500 [DEBUG] [org.gradle.internal.operations.DefaultBuildOperationRunner] Build operation 'Notify beforeEvaluate listeners of :' started
2025-02-01T10:47:41.041-0500 [DEBUG] [org.gradle.internal.operations.DefaultBuildOperationRunner] Completing Build operation 'Notify beforeEvaluate listeners of :'
2025-02-01T10:47:41.042-0500 [DEBUG] [org.gradle.internal.operations.DefaultBuildOperationRunner] Build operation 'Apply plugin org.gradle.help-tasks to root project 'java-dctmutils'' started
2025-02-01T10:47:41.042-0500 [DEBUG] [org.gradle.internal.operations.DefaultBuildOperationRunner] Build operation 'Register task :help' started
2025-02-01T10:47:41.042-0500 [DEBUG] [org.gradle.internal.operations.DefaultBuildOperationRunner] Completing Build operation 'Register task :help'
2025-02-01T10:47:41.042-0500 [DEBUG] [org.gradle.internal.operations.DefaultBuildOperationRunner] Build operation 'Register task :projects' started
2025-02-01T10:47:41.042-0500 [DEBUG] [org.gradle.internal.operations.DefaultBuildOperationRunner] Completing Build operation 'Register task :projects'
2025-02-01T10:47:41.042-0500 [DEBUG] [org.gradle.internal.operations.DefaultBuildOperationRunner] Build operation 'Register task :tasks' started
2025-02-01T10:47:41.042-0500 [DEBUG] [org.gradle.internal.operations.DefaultBuildOperationRunner] Completing Build operation 'Register task :tasks'
2025-02-01T10:47:41.042-0500 [DEBUG] [org.gradle.internal.operations.DefaultBuildOperationRunner] Build operation 'Register task :properties' started
2025-02-01T10:47:41.042-0500 [DEBUG] [org.gradle.internal.operations.DefaultBuildOperationRunner] Completing Build operation 'Register task :properties'
2025-02-01T10:47:41.042-0500 [DEBUG] [org.gradle.internal.operations.DefaultBuildOperationRunner] Build operation 'Register task :dependencyInsight' started
2025-02-01T10:47:41.042-0500 [DEBUG] [org.gradle.internal.operations.DefaultBuildOperationRunner] Completing Build operation 'Register task :dependencyInsight'
2025-02-01T10:47:41.042-0500 [DEBUG] [org.gradle.internal.operations.DefaultBuildOperationRunner] Build operation 'Register task :dependencies' started
2025-02-01T10:47:41.042-0500 [DEBUG] [org.gradle.internal.operations.DefaultBuildOperationRunner] Completing Build operation 'Register task :dependencies'
2025-02-01T10:47:41.043-0500 [DEBUG] [org.gradle.internal.operations.DefaultBuildOperationRunner] Build operation 'Register task :buildEnvironment' started
2025-02-01T10:47:41.043-0500 [DEBUG] [org.gradle.internal.operations.DefaultBuildOperationRunner] Completing Build operation 'Register task :buildEnvironment'
2025-02-01T10:47:41.043-0500 [DEBUG] [org.gradle.internal.operations.DefaultBuildOperationRunner] Build operation 'Register task :components' started
2025-02-01T10:47:41.043-0500 [DEBUG] [org.gradle.internal.operations.DefaultBuildOperationRunner] Completing Build operation 'Register task :components'
2025-02-01T10:47:41.043-0500 [DEBUG] [org.gradle.internal.operations.DefaultBuildOperationRunner] Build operation 'Register task :model' started
2025-02-01T10:47:41.043-0500 [DEBUG] [org.gradle.internal.operations.DefaultBuildOperationRunner] Completing Build operation 'Register task :model'
2025-02-01T10:47:41.043-0500 [DEBUG] [org.gradle.internal.operations.DefaultBuildOperationRunner] Build operation 'Register task :dependentComponents' started
2025-02-01T10:47:41.043-0500 [DEBUG] [org.gradle.internal.operations.DefaultBuildOperationRunner] Completing Build operation 'Register task :dependentComponents'
2025-02-01T10:47:41.043-0500 [DEBUG] [org.gradle.internal.operations.DefaultBuildOperationRunner] Build operation 'Register task :outgoingVariants' started
2025-02-01T10:47:41.043-0500 [DEBUG] [org.gradle.internal.operations.DefaultBuildOperationRunner] Completing Build operation 'Register task :outgoingVariants'
2025-02-01T10:47:41.043-0500 [DEBUG] [org.gradle.internal.operations.DefaultBuildOperationRunner] Build operation 'Register task :resolvableConfigurations' started
2025-02-01T10:47:41.043-0500 [DEBUG] [org.gradle.internal.operations.DefaultBuildOperationRunner] Completing Build operation 'Register task :resolvableConfigurations'
2025-02-01T10:47:41.043-0500 [DEBUG] [org.gradle.internal.operations.DefaultBuildOperationRunner] Completing Build operation 'Apply plugin org.gradle.help-tasks to root project 'java-dctmutils''
2025-02-01T10:47:41.043-0500 [DEBUG] [org.gradle.internal.operations.DefaultBuildOperationRunner] Build operation 'Register task :javaToolchains' started
2025-02-01T10:47:41.043-0500 [DEBUG] [org.gradle.internal.operations.DefaultBuildOperationRunner] Completing Build operation 'Register task :javaToolchains'
2025-02-01T10:47:41.043-0500 [DEBUG] [org.gradle.internal.operations.DefaultBuildOperationRunner] Build operation 'Register task :prepareKotlinBuildScriptModel' started
2025-02-01T10:47:41.043-0500 [DEBUG] [org.gradle.internal.operations.DefaultBuildOperationRunner] Completing Build operation 'Register task :prepareKotlinBuildScriptModel'
2025-02-01T10:47:41.044-0500 [DEBUG] [org.gradle.internal.operations.DefaultBuildOperationRunner] Build operation 'Apply plugin org.gradle.build-init to root project 'java-dctmutils'' started
2025-02-01T10:47:41.044-0500 [DEBUG] [org.gradle.internal.operations.DefaultBuildOperationRunner] Build operation 'Register task :init' started
2025-02-01T10:47:41.044-0500 [DEBUG] [org.gradle.internal.operations.DefaultBuildOperationRunner] Completing Build operation 'Register task :init'
2025-02-01T10:47:41.044-0500 [DEBUG] [org.gradle.internal.operations.DefaultBuildOperationRunner] Completing Build operation 'Apply plugin org.gradle.build-init to root project 'java-dctmutils''
2025-02-01T10:47:41.045-0500 [DEBUG] [org.gradle.internal.operations.DefaultBuildOperationRunner] Build operation 'Apply plugin org.gradle.wrapper to root project 'java-dctmutils'' started
2025-02-01T10:47:41.045-0500 [DEBUG] [org.gradle.internal.operations.DefaultBuildOperationRunner] Build operation 'Register task :wrapper' started
2025-02-01T10:47:41.045-0500 [DEBUG] [org.gradle.internal.operations.DefaultBuildOperationRunner] Completing Build operation 'Register task :wrapper'
2025-02-01T10:47:41.045-0500 [DEBUG] [org.gradle.internal.operations.DefaultBuildOperationRunner] Completing Build operation 'Apply plugin org.gradle.wrapper to root project 'java-dctmutils''
2025-02-01T10:47:41.046-0500 [DEBUG] [org.gradle.internal.operations.DefaultBuildOperationRunner] Build operation 'Notify afterEvaluate listeners of :' started
2025-02-01T10:47:41.046-0500 [DEBUG] [org.gradle.internal.operations.DefaultBuildOperationRunner] Completing Build operation 'Notify afterEvaluate listeners of :'
2025-02-01T10:47:41.041-0500 [LIFECYCLE] [org.gradle.internal.logging.progress.ProgressLoggerFactory] 
2025-02-01T10:47:41.041-0500 [LIFECYCLE] [org.gradle.internal.logging.progress.ProgressLoggerFactory] > Configure project :
2025-02-01T10:47:41.041-0500 [DEBUG] [org.gradle.internal.resources.AbstractTrackedResourceLock] Daemon worker Thread 3: acquired lock on state of build :
2025-02-01T10:47:41.041-0500 [DEBUG] [org.gradle.internal.operations.DefaultBuildOperationRunner] Build operation 'Notify beforeEvaluate listeners of :' completed
2025-02-01T10:47:41.042-0500 [DEBUG] [org.gradle.model.internal.registry.DefaultModelRegistry] Project : - Transitioning model element '<root>' from state Registered to Created
2025-02-01T10:47:41.042-0500 [DEBUG] [org.gradle.model.internal.registry.DefaultModelRegistry] Project : - Transitioning model element '<root>' to state Discovered.
2025-02-01T10:47:41.042-0500 [DEBUG] [org.gradle.model.internal.registry.DefaultModelRegistry] Project : - Transitioning model element '<root>' to state Created.
2025-02-01T10:47:41.042-0500 [DEBUG] [org.gradle.internal.operations.DefaultBuildOperationRunner] Build operation 'Register task :help' completed
2025-02-01T10:47:41.042-0500 [DEBUG] [org.gradle.internal.operations.DefaultBuildOperationRunner] Build operation 'Register task :projects' completed
2025-02-01T10:47:41.042-0500 [DEBUG] [org.gradle.internal.operations.DefaultBuildOperationRunner] Build operation 'Register task :tasks' completed
2025-02-01T10:47:41.042-0500 [DEBUG] [org.gradle.internal.operations.DefaultBuildOperationRunner] Build operation 'Register task :properties' completed
2025-02-01T10:47:41.042-0500 [DEBUG] [org.gradle.internal.operations.DefaultBuildOperationRunner] Build operation 'Register task :dependencyInsight' completed
2025-02-01T10:47:41.043-0500 [DEBUG] [org.gradle.internal.operations.DefaultBuildOperationRunner] Build operation 'Register task :dependencies' completed
2025-02-01T10:47:41.043-0500 [DEBUG] [org.gradle.internal.operations.DefaultBuildOperationRunner] Build operation 'Register task :buildEnvironment' completed
2025-02-01T10:47:41.043-0500 [DEBUG] [org.gradle.internal.operations.DefaultBuildOperationRunner] Build operation 'Register task :components' completed
2025-02-01T10:47:41.043-0500 [DEBUG] [org.gradle.internal.operations.DefaultBuildOperationRunner] Build operation 'Register task :model' completed
2025-02-01T10:47:41.043-0500 [DEBUG] [org.gradle.internal.operations.DefaultBuildOperationRunner] Build operation 'Register task :dependentComponents' completed
2025-02-01T10:47:41.043-0500 [DEBUG] [org.gradle.internal.operations.DefaultBuildOperationRunner] Build operation 'Register task :outgoingVariants' completed
2025-02-01T10:47:41.043-0500 [DEBUG] [org.gradle.internal.operations.DefaultBuildOperationRunner] Build operation 'Register task :resolvableConfigurations' completed
2025-02-01T10:47:41.043-0500 [DEBUG] [org.gradle.internal.operations.DefaultBuildOperationRunner] Build operation 'Apply plugin org.gradle.help-tasks to root project 'java-dctmutils'' completed
2025-02-01T10:47:41.043-0500 [DEBUG] [org.gradle.internal.operations.DefaultBuildOperationRunner] Build operation 'Register task :javaToolchains' completed
2025-02-01T10:47:41.044-0500 [DEBUG] [org.gradle.internal.operations.DefaultBuildOperationRunner] Build operation 'Register task :prepareKotlinBuildScriptModel' completed
2025-02-01T10:47:41.044-0500 [DEBUG] [org.gradle.internal.operations.DefaultBuildOperationRunner] Build operation 'Register task :init' completed
2025-02-01T10:47:41.044-0500 [DEBUG] [org.gradle.internal.operations.DefaultBuildOperationRunner] Build operation 'Apply plugin org.gradle.build-init to root project 'java-dctmutils'' completed
2025-02-01T10:47:41.045-0500 [DEBUG] [org.gradle.internal.operations.DefaultBuildOperationRunner] Build operation 'Register task :wrapper' completed
2025-02-01T10:47:41.045-0500 [DEBUG] [org.gradle.internal.operations.DefaultBuildOperationRunner] Build operation 'Apply plugin org.gradle.wrapper to root project 'java-dctmutils'' completed
2025-02-01T10:47:41.045-0500 [INFO] [org.gradle.configuration.project.BuildScriptProcessor] Evaluating root project 'java-dctmutils' using build file 'C:\Users\johns\projects\java-dctmutils\build.gradle'.
2025-02-01T10:47:41.045-0500 [DEBUG] [org.gradle.internal.locking.LockFileReaderWriter] Lockfiles root: C:\Users\johns\projects\java-dctmutils\gradle\dependency-locks
2025-02-01T10:47:41.046-0500 [DEBUG] [org.gradle.configuration.project.BuildScriptProcessor] Timing: Running the build script took 0.0 secs
2025-02-01T10:47:41.046-0500 [DEBUG] [org.gradle.internal.operations.DefaultBuildOperationRunner] Build operation 'Notify afterEvaluate listeners of :' completed
2025-02-01T10:47:41.046-0500 [DEBUG] [org.gradle.internal.resources.AbstractTrackedResourceLock] Daemon worker Thread 3: released lock on state of build :
2025-02-01T10:47:41.046-0500 [DEBUG] [org.gradle.internal.operations.DefaultBuildOperationRunner] Completing Build operation 'Configure project :'
2025-02-01T10:47:41.046-0500 [DEBUG] [org.gradle.internal.operations.DefaultBuildOperationRunner] Build operation 'Configure project :' completed
2025-02-01T10:47:41.046-0500 [DEBUG] [org.gradle.internal.operations.DefaultBuildOperationRunner] Build operation 'Configure project :dctmutils' started
2025-02-01T10:47:41.046-0500 [DEBUG] [org.gradle.internal.operations.DefaultBuildOperationRunner] Build operation 'Notify beforeEvaluate listeners of :dctmutils' started
2025-02-01T10:47:41.047-0500 [DEBUG] [org.gradle.internal.operations.DefaultBuildOperationRunner] Completing Build operation 'Notify beforeEvaluate listeners of :dctmutils'
2025-02-01T10:47:41.048-0500 [DEBUG] [org.gradle.internal.operations.DefaultBuildOperationRunner] Build operation 'Apply plugin org.gradle.help-tasks to project ':dctmutils'' started
2025-02-01T10:47:41.049-0500 [DEBUG] [org.gradle.internal.operations.DefaultBuildOperationRunner] Build operation 'Register task :dctmutils:help' started
2025-02-01T10:47:41.049-0500 [DEBUG] [org.gradle.internal.operations.DefaultBuildOperationRunner] Completing Build operation 'Register task :dctmutils:help'
2025-02-01T10:47:41.049-0500 [DEBUG] [org.gradle.internal.operations.DefaultBuildOperationRunner] Build operation 'Register task :dctmutils:projects' started
2025-02-01T10:47:41.049-0500 [DEBUG] [org.gradle.internal.operations.DefaultBuildOperationRunner] Completing Build operation 'Register task :dctmutils:projects'
2025-02-01T10:47:41.049-0500 [DEBUG] [org.gradle.internal.operations.DefaultBuildOperationRunner] Build operation 'Register task :dctmutils:tasks' started
2025-02-01T10:47:41.049-0500 [DEBUG] [org.gradle.internal.operations.DefaultBuildOperationRunner] Completing Build operation 'Register task :dctmutils:tasks'
2025-02-01T10:47:41.049-0500 [DEBUG] [org.gradle.internal.operations.DefaultBuildOperationRunner] Build operation 'Register task :dctmutils:properties' started
2025-02-01T10:47:41.049-0500 [DEBUG] [org.gradle.internal.operations.DefaultBuildOperationRunner] Completing Build operation 'Register task :dctmutils:properties'
2025-02-01T10:47:41.049-0500 [DEBUG] [org.gradle.internal.operations.DefaultBuildOperationRunner] Build operation 'Register task :dctmutils:dependencyInsight' started
2025-02-01T10:47:41.049-0500 [DEBUG] [org.gradle.internal.operations.DefaultBuildOperationRunner] Completing Build operation 'Register task :dctmutils:dependencyInsight'
2025-02-01T10:47:41.049-0500 [DEBUG] [org.gradle.internal.operations.DefaultBuildOperationRunner] Build operation 'Register task :dctmutils:dependencies' started
2025-02-01T10:47:41.049-0500 [DEBUG] [org.gradle.internal.operations.DefaultBuildOperationRunner] Completing Build operation 'Register task :dctmutils:dependencies'
2025-02-01T10:47:41.049-0500 [DEBUG] [org.gradle.internal.operations.DefaultBuildOperationRunner] Build operation 'Register task :dctmutils:buildEnvironment' started
2025-02-01T10:47:41.049-0500 [DEBUG] [org.gradle.internal.operations.DefaultBuildOperationRunner] Completing Build operation 'Register task :dctmutils:buildEnvironment'
2025-02-01T10:47:41.049-0500 [DEBUG] [org.gradle.internal.operations.DefaultBuildOperationRunner] Build operation 'Register task :dctmutils:components' started
2025-02-01T10:47:41.049-0500 [DEBUG] [org.gradle.internal.operations.DefaultBuildOperationRunner] Completing Build operation 'Register task :dctmutils:components'
2025-02-01T10:47:41.049-0500 [DEBUG] [org.gradle.internal.operations.DefaultBuildOperationRunner] Build operation 'Register task :dctmutils:model' started
2025-02-01T10:47:41.049-0500 [DEBUG] [org.gradle.internal.operations.DefaultBuildOperationRunner] Completing Build operation 'Register task :dctmutils:model'
2025-02-01T10:47:41.049-0500 [DEBUG] [org.gradle.internal.operations.DefaultBuildOperationRunner] Build operation 'Register task :dctmutils:dependentComponents' started
2025-02-01T10:47:41.049-0500 [DEBUG] [org.gradle.internal.operations.DefaultBuildOperationRunner] Completing Build operation 'Register task :dctmutils:dependentComponents'
2025-02-01T10:47:41.050-0500 [DEBUG] [org.gradle.internal.operations.DefaultBuildOperationRunner] Build operation 'Register task :dctmutils:outgoingVariants' started
2025-02-01T10:47:41.050-0500 [DEBUG] [org.gradle.internal.operations.DefaultBuildOperationRunner] Completing Build operation 'Register task :dctmutils:outgoingVariants'
2025-02-01T10:47:41.050-0500 [DEBUG] [org.gradle.internal.operations.DefaultBuildOperationRunner] Build operation 'Register task :dctmutils:resolvableConfigurations' started
2025-02-01T10:47:41.050-0500 [DEBUG] [org.gradle.internal.operations.DefaultBuildOperationRunner] Completing Build operation 'Register task :dctmutils:resolvableConfigurations'
2025-02-01T10:47:41.050-0500 [DEBUG] [org.gradle.internal.operations.DefaultBuildOperationRunner] Completing Build operation 'Apply plugin org.gradle.help-tasks to project ':dctmutils''
2025-02-01T10:47:41.050-0500 [DEBUG] [org.gradle.internal.operations.DefaultBuildOperationRunner] Build operation 'Register task :dctmutils:javaToolchains' started
2025-02-01T10:47:41.050-0500 [DEBUG] [org.gradle.internal.operations.DefaultBuildOperationRunner] Completing Build operation 'Register task :dctmutils:javaToolchains'
2025-02-01T10:47:41.050-0500 [DEBUG] [org.gradle.internal.operations.DefaultBuildOperationRunner] Build operation 'Apply plugin org.gradle.build-init to project ':dctmutils'' started
2025-02-01T10:47:41.051-0500 [DEBUG] [org.gradle.internal.operations.DefaultBuildOperationRunner] Completing Build operation 'Apply plugin org.gradle.build-init to project ':dctmutils''
2025-02-01T10:47:41.051-0500 [DEBUG] [org.gradle.internal.operations.DefaultBuildOperationRunner] Build operation 'Apply plugin org.gradle.wrapper to project ':dctmutils'' started
2025-02-01T10:47:41.052-0500 [DEBUG] [org.gradle.internal.operations.DefaultBuildOperationRunner] Completing Build operation 'Apply plugin org.gradle.wrapper to project ':dctmutils''
2025-02-01T10:47:41.055-0500 [DEBUG] [org.gradle.internal.operations.DefaultBuildOperationRunner] Build operation 'Apply build file 'dctmutils\build.gradle' to project ':dctmutils'' started
2025-02-01T10:47:41.058-0500 [DEBUG] [org.gradle.internal.operations.DefaultBuildOperationRunner] Build operation 'Apply plugin org.gradle.application to project ':dctmutils'' started
2025-02-01T10:47:41.058-0500 [DEBUG] [org.gradle.internal.operations.DefaultBuildOperationRunner] Build operation 'Apply plugin org.gradle.api.plugins.JavaPlugin to project ':dctmutils'' started
2025-02-01T10:47:41.062-0500 [DEBUG] [org.gradle.internal.operations.DefaultBuildOperationRunner] Build operation 'Apply plugin org.gradle.api.plugins.JavaBasePlugin to project ':dctmutils'' started
2025-02-01T10:47:41.062-0500 [DEBUG] [org.gradle.internal.operations.DefaultBuildOperationRunner] Build operation 'Apply plugin org.gradle.api.plugins.BasePlugin to project ':dctmutils'' started
2025-02-01T10:47:41.062-0500 [DEBUG] [org.gradle.internal.operations.DefaultBuildOperationRunner] Build operation 'Apply plugin org.gradle.language.base.plugins.LifecycleBasePlugin to project ':dctmutils'' started
2025-02-01T10:47:41.063-0500 [DEBUG] [org.gradle.internal.operations.DefaultBuildOperationRunner] Build operation 'Register task :dctmutils:clean' started
2025-02-01T10:47:41.063-0500 [DEBUG] [org.gradle.internal.operations.DefaultBuildOperationRunner] Completing Build operation 'Register task :dctmutils:clean'
2025-02-01T10:47:41.063-0500 [DEBUG] [org.gradle.internal.operations.DefaultBuildOperationRunner] Build operation 'Register task :dctmutils:assemble' started
2025-02-01T10:47:41.063-0500 [DEBUG] [org.gradle.internal.operations.DefaultBuildOperationRunner] Completing Build operation 'Register task :dctmutils:assemble'
2025-02-01T10:47:41.063-0500 [DEBUG] [org.gradle.internal.operations.DefaultBuildOperationRunner] Build operation 'Register task :dctmutils:check' started
2025-02-01T10:47:41.063-0500 [DEBUG] [org.gradle.internal.operations.DefaultBuildOperationRunner] Completing Build operation 'Register task :dctmutils:check'
2025-02-01T10:47:41.063-0500 [DEBUG] [org.gradle.internal.operations.DefaultBuildOperationRunner] Build operation 'Register task :dctmutils:build' started
2025-02-01T10:47:41.063-0500 [DEBUG] [org.gradle.internal.operations.DefaultBuildOperationRunner] Completing Build operation 'Register task :dctmutils:build'
2025-02-01T10:47:41.063-0500 [DEBUG] [org.gradle.internal.operations.DefaultBuildOperationRunner] Completing Build operation 'Apply plugin org.gradle.language.base.plugins.LifecycleBasePlugin to project ':dctmutils''
2025-02-01T10:47:41.063-0500 [DEBUG] [org.gradle.internal.operations.DefaultBuildOperationRunner] Build operation 'Execute container callback action' started
2025-02-01T10:47:41.064-0500 [DEBUG] [org.gradle.internal.operations.DefaultBuildOperationRunner] Completing Build operation 'Execute container callback action'
2025-02-01T10:47:41.064-0500 [DEBUG] [org.gradle.internal.operations.DefaultBuildOperationRunner] Build operation 'Execute container callback action' started
2025-02-01T10:47:41.064-0500 [DEBUG] [org.gradle.internal.operations.DefaultBuildOperationRunner] Completing Build operation 'Execute container callback action'
2025-02-01T10:47:41.064-0500 [DEBUG] [org.gradle.internal.operations.DefaultBuildOperationRunner] Completing Build operation 'Apply plugin org.gradle.api.plugins.BasePlugin to project ':dctmutils''
2025-02-01T10:47:41.064-0500 [DEBUG] [org.gradle.internal.operations.DefaultBuildOperationRunner] Build operation 'Apply plugin org.gradle.api.plugins.JvmEcosystemPlugin to project ':dctmutils'' started
2025-02-01T10:47:41.064-0500 [DEBUG] [org.gradle.internal.operations.DefaultBuildOperationRunner] Completing Build operation 'Apply plugin org.gradle.api.plugins.JvmEcosystemPlugin to project ':dctmutils''
2025-02-01T10:47:41.064-0500 [DEBUG] [org.gradle.internal.operations.DefaultBuildOperationRunner] Build operation 'Apply plugin org.gradle.api.plugins.ReportingBasePlugin to project ':dctmutils'' started
2025-02-01T10:47:41.065-0500 [DEBUG] [org.gradle.internal.operations.DefaultBuildOperationRunner] Completing Build operation 'Apply plugin org.gradle.api.plugins.ReportingBasePlugin to project ':dctmutils''
2025-02-01T10:47:41.065-0500 [DEBUG] [org.gradle.internal.operations.DefaultBuildOperationRunner] Build operation 'Apply plugin org.gradle.api.plugins.JvmToolchainsPlugin to project ':dctmutils'' started
2025-02-01T10:47:41.067-0500 [DEBUG] [org.gradle.internal.operations.DefaultBuildOperationRunner] Completing Build operation 'Apply plugin org.gradle.api.plugins.JvmToolchainsPlugin to project ':dctmutils''
2025-02-01T10:47:41.067-0500 [DEBUG] [org.gradle.internal.operations.DefaultBuildOperationRunner] Build operation 'Register task :dctmutils:buildNeeded' started
2025-02-01T10:47:41.067-0500 [DEBUG] [org.gradle.internal.operations.DefaultBuildOperationRunner] Completing Build operation 'Register task :dctmutils:buildNeeded'
2025-02-01T10:47:41.067-0500 [DEBUG] [org.gradle.internal.operations.DefaultBuildOperationRunner] Build operation 'Register task :dctmutils:buildDependents' started
2025-02-01T10:47:41.067-0500 [DEBUG] [org.gradle.internal.operations.DefaultBuildOperationRunner] Completing Build operation 'Register task :dctmutils:buildDependents'
2025-02-01T10:47:41.067-0500 [DEBUG] [org.gradle.internal.operations.DefaultBuildOperationRunner] Completing Build operation 'Apply plugin org.gradle.api.plugins.JavaBasePlugin to project ':dctmutils''
2025-02-01T10:47:41.068-0500 [DEBUG] [org.gradle.internal.operations.DefaultBuildOperationRunner] Build operation 'Apply plugin org.gradle.jvm-test-suite to project ':dctmutils'' started
2025-02-01T10:47:41.068-0500 [DEBUG] [org.gradle.internal.operations.DefaultBuildOperationRunner] Build operation 'Apply plugin org.gradle.test-suite-base to project ':dctmutils'' started
2025-02-01T10:47:41.069-0500 [DEBUG] [org.gradle.internal.operations.DefaultBuildOperationRunner] Completing Build operation 'Apply plugin org.gradle.test-suite-base to project ':dctmutils''
2025-02-01T10:47:41.069-0500 [DEBUG] [org.gradle.internal.operations.DefaultBuildOperationRunner] Completing Build operation 'Apply plugin org.gradle.jvm-test-suite to project ':dctmutils''
2025-02-01T10:47:41.069-0500 [DEBUG] [org.gradle.internal.operations.DefaultBuildOperationRunner] Build operation 'Execute container callback action' started
2025-02-01T10:47:41.070-0500 [DEBUG] [org.gradle.internal.operations.DefaultBuildOperationRunner] Build operation 'Execute container callback action' started
2025-02-01T10:47:41.070-0500 [DEBUG] [org.gradle.internal.operations.DefaultBuildOperationRunner] Completing Build operation 'Execute container callback action'
2025-02-01T10:47:41.070-0500 [DEBUG] [org.gradle.internal.operations.DefaultBuildOperationRunner] Build operation 'Execute container callback action' started
2025-02-01T10:47:41.070-0500 [DEBUG] [org.gradle.internal.operations.DefaultBuildOperationRunner] Completing Build operation 'Execute container callback action'
2025-02-01T10:47:41.070-0500 [DEBUG] [org.gradle.internal.operations.DefaultBuildOperationRunner] Build operation 'Execute container callback action' started
2025-02-01T10:47:41.070-0500 [DEBUG] [org.gradle.internal.operations.DefaultBuildOperationRunner] Completing Build operation 'Execute container callback action'
2025-02-01T10:47:41.071-0500 [DEBUG] [org.gradle.internal.operations.DefaultBuildOperationRunner] Build operation 'Execute container callback action' started
2025-02-01T10:47:41.071-0500 [DEBUG] [org.gradle.internal.operations.DefaultBuildOperationRunner] Completing Build operation 'Execute container callback action'
2025-02-01T10:47:41.071-0500 [DEBUG] [org.gradle.internal.operations.DefaultBuildOperationRunner] Build operation 'Execute container callback action' started
2025-02-01T10:47:41.071-0500 [DEBUG] [org.gradle.internal.operations.DefaultBuildOperationRunner] Completing Build operation 'Execute container callback action'
2025-02-01T10:47:41.071-0500 [DEBUG] [org.gradle.internal.operations.DefaultBuildOperationRunner] Build operation 'Execute container callback action' started
2025-02-01T10:47:41.071-0500 [DEBUG] [org.gradle.internal.operations.DefaultBuildOperationRunner] Completing Build operation 'Execute container callback action'
2025-02-01T10:47:41.071-0500 [DEBUG] [org.gradle.internal.operations.DefaultBuildOperationRunner] Build operation 'Register task :dctmutils:processResources' started
2025-02-01T10:47:41.071-0500 [DEBUG] [org.gradle.internal.operations.DefaultBuildOperationRunner] Completing Build operation 'Register task :dctmutils:processResources'
2025-02-01T10:47:41.072-0500 [DEBUG] [org.gradle.internal.operations.DefaultBuildOperationRunner] Build operation 'Register task :dctmutils:compileJava' started
2025-02-01T10:47:41.072-0500 [DEBUG] [org.gradle.internal.operations.DefaultBuildOperationRunner] Completing Build operation 'Register task :dctmutils:compileJava'
2025-02-01T10:47:41.072-0500 [DEBUG] [org.gradle.internal.operations.DefaultBuildOperationRunner] Build operation 'Register task :dctmutils:classes' started
2025-02-01T10:47:41.072-0500 [DEBUG] [org.gradle.internal.operations.DefaultBuildOperationRunner] Completing Build operation 'Register task :dctmutils:classes'
2025-02-01T10:47:41.072-0500 [DEBUG] [org.gradle.internal.operations.DefaultBuildOperationRunner] Completing Build operation 'Execute container callback action'
2025-02-01T10:47:41.072-0500 [DEBUG] [org.gradle.internal.operations.DefaultBuildOperationRunner] Build operation 'Register task :dctmutils:jar' started
2025-02-01T10:47:41.072-0500 [DEBUG] [org.gradle.internal.operations.DefaultBuildOperationRunner] Completing Build operation 'Register task :dctmutils:jar'
2025-02-01T10:47:41.072-0500 [DEBUG] [org.gradle.internal.operations.DefaultBuildOperationRunner] Build operation 'Execute container callback action' started
2025-02-01T10:47:41.073-0500 [DEBUG] [org.gradle.internal.operations.DefaultBuildOperationRunner] Build operation 'Execute container callback action' started
2025-02-01T10:47:41.073-0500 [DEBUG] [org.gradle.internal.operations.DefaultBuildOperationRunner] Completing Build operation 'Execute container callback action'
2025-02-01T10:47:41.073-0500 [DEBUG] [org.gradle.internal.operations.DefaultBuildOperationRunner] Build operation 'Execute container callback action' started
2025-02-01T10:47:41.073-0500 [DEBUG] [org.gradle.internal.operations.DefaultBuildOperationRunner] Completing Build operation 'Execute container callback action'
2025-02-01T10:47:41.073-0500 [DEBUG] [org.gradle.internal.operations.DefaultBuildOperationRunner] Build operation 'Execute container callback action' started
2025-02-01T10:47:41.073-0500 [DEBUG] [org.gradle.internal.operations.DefaultBuildOperationRunner] Completing Build operation 'Execute container callback action'
2025-02-01T10:47:41.073-0500 [DEBUG] [org.gradle.internal.operations.DefaultBuildOperationRunner] Build operation 'Execute container callback action' started
2025-02-01T10:47:41.073-0500 [DEBUG] [org.gradle.internal.operations.DefaultBuildOperationRunner] Completing Build operation 'Execute container callback action'
2025-02-01T10:47:41.074-0500 [DEBUG] [org.gradle.internal.operations.DefaultBuildOperationRunner] Build operation 'Execute container callback action' started
2025-02-01T10:47:41.074-0500 [DEBUG] [org.gradle.internal.operations.DefaultBuildOperationRunner] Completing Build operation 'Execute container callback action'
2025-02-01T10:47:41.074-0500 [DEBUG] [org.gradle.internal.operations.DefaultBuildOperationRunner] Build operation 'Execute container callback action' started
2025-02-01T10:47:41.074-0500 [DEBUG] [org.gradle.internal.operations.DefaultBuildOperationRunner] Completing Build operation 'Execute container callback action'
2025-02-01T10:47:41.074-0500 [DEBUG] [org.gradle.internal.operations.DefaultBuildOperationRunner] Build operation 'Register task :dctmutils:processTestResources' started
2025-02-01T10:47:41.074-0500 [DEBUG] [org.gradle.internal.operations.DefaultBuildOperationRunner] Completing Build operation 'Register task :dctmutils:processTestResources'
2025-02-01T10:47:41.074-0500 [DEBUG] [org.gradle.internal.operations.DefaultBuildOperationRunner] Build operation 'Register task :dctmutils:compileTestJava' started
2025-02-01T10:47:41.074-0500 [DEBUG] [org.gradle.internal.operations.DefaultBuildOperationRunner] Completing Build operation 'Register task :dctmutils:compileTestJava'
2025-02-01T10:47:41.074-0500 [DEBUG] [org.gradle.internal.operations.DefaultBuildOperationRunner] Build operation 'Register task :dctmutils:testClasses' started
2025-02-01T10:47:41.074-0500 [DEBUG] [org.gradle.internal.operations.DefaultBuildOperationRunner] Completing Build operation 'Register task :dctmutils:testClasses'
2025-02-01T10:47:41.074-0500 [DEBUG] [org.gradle.internal.operations.DefaultBuildOperationRunner] Completing Build operation 'Execute container callback action'
2025-02-01T10:47:41.075-0500 [DEBUG] [org.gradle.internal.operations.DefaultBuildOperationRunner] Build operation 'Execute container callback action' started
2025-02-01T10:47:41.075-0500 [DEBUG] [org.gradle.internal.operations.DefaultBuildOperationRunner] Build operation 'Register task :dctmutils:test' started
2025-02-01T10:47:41.075-0500 [DEBUG] [org.gradle.internal.operations.DefaultBuildOperationRunner] Completing Build operation 'Register task :dctmutils:test'
2025-02-01T10:47:41.075-0500 [DEBUG] [org.gradle.internal.operations.DefaultBuildOperationRunner] Build operation 'Execute container callback action' started
2025-02-01T10:47:41.075-0500 [DEBUG] [org.gradle.internal.operations.DefaultBuildOperationRunner] Completing Build operation 'Execute container callback action'
2025-02-01T10:47:41.075-0500 [DEBUG] [org.gradle.internal.operations.DefaultBuildOperationRunner] Build operation 'Execute container callback action' started
2025-02-01T10:47:41.075-0500 [DEBUG] [org.gradle.internal.operations.DefaultBuildOperationRunner] Completing Build operation 'Execute container callback action'
2025-02-01T10:47:41.075-0500 [DEBUG] [org.gradle.internal.operations.DefaultBuildOperationRunner] Completing Build operation 'Execute container callback action'
2025-02-01T10:47:41.075-0500 [DEBUG] [org.gradle.internal.operations.DefaultBuildOperationRunner] Build operation 'Execute container callback action' started
2025-02-01T10:47:41.075-0500 [DEBUG] [org.gradle.internal.operations.DefaultBuildOperationRunner] Build operation 'Execute container callback action' started
2025-02-01T10:47:41.075-0500 [DEBUG] [org.gradle.internal.operations.DefaultBuildOperationRunner] Build operation 'Execute container callback action' started
2025-02-01T10:47:41.075-0500 [DEBUG] [org.gradle.internal.operations.DefaultBuildOperationRunner] Completing Build operation 'Execute container callback action'
2025-02-01T10:47:41.076-0500 [DEBUG] [org.gradle.internal.operations.DefaultBuildOperationRunner] Build operation 'Execute container callback action' started
2025-02-01T10:47:41.076-0500 [DEBUG] [org.gradle.internal.operations.DefaultBuildOperationRunner] Completing Build operation 'Execute container callback action'
2025-02-01T10:47:41.076-0500 [DEBUG] [org.gradle.internal.operations.DefaultBuildOperationRunner] Completing Build operation 'Execute container callback action'
2025-02-01T10:47:41.076-0500 [DEBUG] [org.gradle.internal.operations.DefaultBuildOperationRunner] Completing Build operation 'Execute container callback action'
2025-02-01T10:47:41.076-0500 [DEBUG] [org.gradle.internal.operations.DefaultBuildOperationRunner] Build operation 'Execute container callback action' started
2025-02-01T10:47:41.076-0500 [DEBUG] [org.gradle.internal.operations.DefaultBuildOperationRunner] Completing Build operation 'Execute container callback action'
2025-02-01T10:47:41.076-0500 [DEBUG] [org.gradle.internal.operations.DefaultBuildOperationRunner] Build operation 'Execute container callback action' started
2025-02-01T10:47:41.076-0500 [DEBUG] [org.gradle.internal.operations.DefaultBuildOperationRunner] Completing Build operation 'Execute container callback action'
2025-02-01T10:47:41.076-0500 [DEBUG] [org.gradle.internal.operations.DefaultBuildOperationRunner] Build operation 'Execute container callback action' started
2025-02-01T10:47:41.076-0500 [DEBUG] [org.gradle.internal.operations.DefaultBuildOperationRunner] Completing Build operation 'Execute container callback action'
2025-02-01T10:47:41.076-0500 [DEBUG] [org.gradle.internal.operations.DefaultBuildOperationRunner] Build operation 'Execute container callback action' started
2025-02-01T10:47:41.076-0500 [DEBUG] [org.gradle.internal.operations.DefaultBuildOperationRunner] Completing Build operation 'Execute container callback action'
2025-02-01T10:47:41.077-0500 [DEBUG] [org.gradle.internal.operations.DefaultBuildOperationRunner] Build operation 'Execute container callback action' started
2025-02-01T10:47:41.077-0500 [DEBUG] [org.gradle.internal.operations.DefaultBuildOperationRunner] Completing Build operation 'Execute container callback action'
2025-02-01T10:47:41.077-0500 [DEBUG] [org.gradle.internal.operations.DefaultBuildOperationRunner] Build operation 'Execute container callback action' started
2025-02-01T10:47:41.077-0500 [DEBUG] [org.gradle.internal.operations.DefaultBuildOperationRunner] Completing Build operation 'Execute container callback action'
2025-02-01T10:47:41.077-0500 [DEBUG] [org.gradle.internal.operations.DefaultBuildOperationRunner] Build operation 'Execute container callback action' started
2025-02-01T10:47:41.077-0500 [DEBUG] [org.gradle.internal.operations.DefaultBuildOperationRunner] Completing Build operation 'Execute container callback action'
2025-02-01T10:47:41.077-0500 [DEBUG] [org.gradle.internal.operations.DefaultBuildOperationRunner] Build operation 'Execute container callback action' started
2025-02-01T10:47:41.077-0500 [DEBUG] [org.gradle.internal.operations.DefaultBuildOperationRunner] Completing Build operation 'Execute container callback action'
2025-02-01T10:47:41.078-0500 [DEBUG] [org.gradle.internal.operations.DefaultBuildOperationRunner] Build operation 'Register task :dctmutils:javadoc' started
2025-02-01T10:47:41.078-0500 [DEBUG] [org.gradle.internal.operations.DefaultBuildOperationRunner] Completing Build operation 'Register task :dctmutils:javadoc'
2025-02-01T10:47:41.078-0500 [DEBUG] [org.gradle.internal.operations.DefaultBuildOperationRunner] Completing Build operation 'Apply plugin org.gradle.api.plugins.JavaPlugin to project ':dctmutils''
2025-02-01T10:47:41.078-0500 [DEBUG] [org.gradle.internal.operations.DefaultBuildOperationRunner] Build operation 'Apply plugin org.gradle.api.distribution.plugins.DistributionPlugin to project ':dctmutils'' started
2025-02-01T10:47:41.078-0500 [DEBUG] [org.gradle.internal.operations.DefaultBuildOperationRunner] Build operation 'Execute container callback action' started
2025-02-01T10:47:41.078-0500 [DEBUG] [org.gradle.internal.operations.DefaultBuildOperationRunner] Build operation 'Register task :dctmutils:distZip' started
2025-02-01T10:47:41.078-0500 [DEBUG] [org.gradle.internal.operations.DefaultBuildOperationRunner] Completing Build operation 'Register task :dctmutils:distZip'
2025-02-01T10:47:41.078-0500 [DEBUG] [org.gradle.internal.operations.DefaultBuildOperationRunner] Build operation 'Register task :dctmutils:distTar' started
2025-02-01T10:47:41.079-0500 [DEBUG] [org.gradle.internal.operations.DefaultBuildOperationRunner] Completing Build operation 'Register task :dctmutils:distTar'
2025-02-01T10:47:41.079-0500 [DEBUG] [org.gradle.internal.operations.DefaultBuildOperationRunner] Build operation 'Register task :dctmutils:installDist' started
2025-02-01T10:47:41.079-0500 [DEBUG] [org.gradle.internal.operations.DefaultBuildOperationRunner] Completing Build operation 'Register task :dctmutils:installDist'
2025-02-01T10:47:41.079-0500 [DEBUG] [org.gradle.internal.operations.DefaultBuildOperationRunner] Build operation 'Register task :dctmutils:assembleDist' started
2025-02-01T10:47:41.079-0500 [DEBUG] [org.gradle.internal.operations.DefaultBuildOperationRunner] Completing Build operation 'Register task :dctmutils:assembleDist'
2025-02-01T10:47:41.079-0500 [DEBUG] [org.gradle.internal.operations.DefaultBuildOperationRunner] Completing Build operation 'Execute container callback action'
2025-02-01T10:47:41.079-0500 [DEBUG] [org.gradle.internal.operations.DefaultBuildOperationRunner] Completing Build operation 'Apply plugin org.gradle.api.distribution.plugins.DistributionPlugin to project ':dctmutils''
2025-02-01T10:47:41.079-0500 [DEBUG] [org.gradle.internal.operations.DefaultBuildOperationRunner] Build operation 'Register task :dctmutils:run' started
2025-02-01T10:47:41.079-0500 [DEBUG] [org.gradle.internal.operations.DefaultBuildOperationRunner] Completing Build operation 'Register task :dctmutils:run'
2025-02-01T10:47:41.079-0500 [DEBUG] [org.gradle.internal.operations.DefaultBuildOperationRunner] Build operation 'Register task :dctmutils:startScripts' started
2025-02-01T10:47:41.079-0500 [DEBUG] [org.gradle.internal.operations.DefaultBuildOperationRunner] Completing Build operation 'Register task :dctmutils:startScripts'
2025-02-01T10:47:41.080-0500 [DEBUG] [org.gradle.internal.operations.DefaultBuildOperationRunner] Completing Build operation 'Apply plugin org.gradle.application to project ':dctmutils''
2025-02-01T10:47:41.080-0500 [DEBUG] [org.gradle.internal.operations.DefaultBuildOperationRunner] Build operation 'Execute container callback action' started
2025-02-01T10:47:41.080-0500 [DEBUG] [org.gradle.internal.operations.DefaultBuildOperationRunner] Completing Build operation 'Execute container callback action'
2025-02-01T10:47:41.082-0500 [DEBUG] [org.gradle.internal.operations.DefaultBuildOperationRunner] Completing Build operation 'Apply build file 'dctmutils\build.gradle' to project ':dctmutils''
2025-02-01T10:47:41.082-0500 [DEBUG] [org.gradle.internal.operations.DefaultBuildOperationRunner] Build operation 'Notify afterEvaluate listeners of :dctmutils' started
2025-02-01T10:47:41.082-0500 [DEBUG] [org.gradle.internal.operations.DefaultBuildOperationRunner] Build operation 'Execute Project.afterEvaluate listener' started
2025-02-01T10:47:41.083-0500 [DEBUG] [org.gradle.internal.operations.DefaultBuildOperationRunner] Completing Build operation 'Execute Project.afterEvaluate listener'
2025-02-01T10:47:41.083-0500 [DEBUG] [org.gradle.internal.operations.DefaultBuildOperationRunner] Completing Build operation 'Notify afterEvaluate listeners of :dctmutils'
2025-02-01T10:47:41.046-0500 [LIFECYCLE] [org.gradle.internal.logging.progress.ProgressLoggerFactory] 
2025-02-01T10:47:41.046-0500 [LIFECYCLE] [org.gradle.internal.logging.progress.ProgressLoggerFactory] > Configure project :dctmutils
2025-02-01T10:47:41.046-0500 [DEBUG] [org.gradle.internal.resources.AbstractTrackedResourceLock] Daemon worker Thread 3: acquired lock on state of build :
2025-02-01T10:47:41.047-0500 [DEBUG] [org.gradle.internal.operations.DefaultBuildOperationRunner] Build operation 'Notify beforeEvaluate listeners of :dctmutils' completed
2025-02-01T10:47:41.048-0500 [DEBUG] [org.gradle.model.internal.registry.DefaultModelRegistry] Project :dctmutils - Transitioning model element '<root>' from state Registered to Created
2025-02-01T10:47:41.048-0500 [DEBUG] [org.gradle.model.internal.registry.DefaultModelRegistry] Project :dctmutils - Transitioning model element '<root>' to state Discovered.
2025-02-01T10:47:41.048-0500 [DEBUG] [org.gradle.model.internal.registry.DefaultModelRegistry] Project :dctmutils - Transitioning model element '<root>' to state Created.
2025-02-01T10:47:41.049-0500 [DEBUG] [org.gradle.internal.operations.DefaultBuildOperationRunner] Build operation 'Register task :dctmutils:help' completed
2025-02-01T10:47:41.049-0500 [DEBUG] [org.gradle.internal.operations.DefaultBuildOperationRunner] Build operation 'Register task :dctmutils:projects' completed
2025-02-01T10:47:41.049-0500 [DEBUG] [org.gradle.internal.operations.DefaultBuildOperationRunner] Build operation 'Register task :dctmutils:tasks' completed
2025-02-01T10:47:41.049-0500 [DEBUG] [org.gradle.internal.operations.DefaultBuildOperationRunner] Build operation 'Register task :dctmutils:properties' completed
2025-02-01T10:47:41.049-0500 [DEBUG] [org.gradle.internal.operations.DefaultBuildOperationRunner] Build operation 'Register task :dctmutils:dependencyInsight' completed
2025-02-01T10:47:41.049-0500 [DEBUG] [org.gradle.internal.operations.DefaultBuildOperationRunner] Build operation 'Register task :dctmutils:dependencies' completed
2025-02-01T10:47:41.049-0500 [DEBUG] [org.gradle.internal.operations.DefaultBuildOperationRunner] Build operation 'Register task :dctmutils:buildEnvironment' completed
2025-02-01T10:47:41.049-0500 [DEBUG] [org.gradle.internal.operations.DefaultBuildOperationRunner] Build operation 'Register task :dctmutils:components' completed
2025-02-01T10:47:41.049-0500 [DEBUG] [org.gradle.internal.operations.DefaultBuildOperationRunner] Build operation 'Register task :dctmutils:model' completed
2025-02-01T10:47:41.049-0500 [DEBUG] [org.gradle.internal.operations.DefaultBuildOperationRunner] Build operation 'Register task :dctmutils:dependentComponents' completed
2025-02-01T10:47:41.050-0500 [DEBUG] [org.gradle.internal.operations.DefaultBuildOperationRunner] Build operation 'Register task :dctmutils:outgoingVariants' completed
2025-02-01T10:47:41.050-0500 [DEBUG] [org.gradle.internal.operations.DefaultBuildOperationRunner] Build operation 'Register task :dctmutils:resolvableConfigurations' completed
2025-02-01T10:47:41.050-0500 [DEBUG] [org.gradle.internal.operations.DefaultBuildOperationRunner] Build operation 'Apply plugin org.gradle.help-tasks to project ':dctmutils'' completed
2025-02-01T10:47:41.050-0500 [DEBUG] [org.gradle.internal.operations.DefaultBuildOperationRunner] Build operation 'Register task :dctmutils:javaToolchains' completed
2025-02-01T10:47:41.051-0500 [DEBUG] [org.gradle.internal.operations.DefaultBuildOperationRunner] Build operation 'Apply plugin org.gradle.build-init to project ':dctmutils'' completed
2025-02-01T10:47:41.052-0500 [DEBUG] [org.gradle.internal.operations.DefaultBuildOperationRunner] Build operation 'Apply plugin org.gradle.wrapper to project ':dctmutils'' completed
2025-02-01T10:47:41.052-0500 [INFO] [org.gradle.configuration.project.BuildScriptProcessor] Evaluating project ':dctmutils' using build file 'C:\Users\johns\projects\java-dctmutils\dctmutils\build.gradle'.
2025-02-01T10:47:41.054-0500 [DEBUG] [org.gradle.internal.locking.LockFileReaderWriter] Lockfiles root: C:\Users\johns\projects\java-dctmutils\dctmutils\gradle\dependency-locks
2025-02-01T10:47:41.058-0500 [DEBUG] [org.gradle.internal.locking.LockFileReaderWriter] Lockfiles root: C:\Users\johns\projects\java-dctmutils\dctmutils\gradle\dependency-locks
2025-02-01T10:47:41.059-0500 [DEBUG] [org.gradle.cache.internal.DefaultCacheAccess] Creating new cache for outputFiles, path C:\Users\johns\projects\java-dctmutils\.gradle\buildOutputCleanup\outputFiles.bin, access org.gradle.cache.internal.DefaultCacheAccess@7039c75
2025-02-01T10:47:41.060-0500 [DEBUG] [org.gradle.cache.internal.LockOnDemandCrossProcessCacheAccess] Acquiring file lock for Build Output Cleanup Cache (C:\Users\johns\projects\java-dctmutils\.gradle\buildOutputCleanup)
2025-02-01T10:47:41.060-0500 [DEBUG] [org.gradle.cache.internal.DefaultFileLockManager] Waiting to acquire exclusive lock on Build Output Cleanup Cache (C:\Users\johns\projects\java-dctmutils\.gradle\buildOutputCleanup).
2025-02-01T10:47:41.061-0500 [DEBUG] [org.gradle.cache.internal.DefaultFileLockManager] Lock acquired on Build Output Cleanup Cache (C:\Users\johns\projects\java-dctmutils\.gradle\buildOutputCleanup).
2025-02-01T10:47:41.063-0500 [DEBUG] [org.gradle.internal.operations.DefaultBuildOperationRunner] Build operation 'Register task :dctmutils:clean' completed
2025-02-01T10:47:41.063-0500 [DEBUG] [org.gradle.internal.operations.DefaultBuildOperationRunner] Build operation 'Register task :dctmutils:assemble' completed
2025-02-01T10:47:41.063-0500 [DEBUG] [org.gradle.internal.operations.DefaultBuildOperationRunner] Build operation 'Register task :dctmutils:check' completed
2025-02-01T10:47:41.063-0500 [DEBUG] [org.gradle.internal.operations.DefaultBuildOperationRunner] Build operation 'Register task :dctmutils:build' completed
2025-02-01T10:47:41.063-0500 [DEBUG] [org.gradle.internal.operations.DefaultBuildOperationRunner] Build operation 'Apply plugin org.gradle.language.base.plugins.LifecycleBasePlugin to project ':dctmutils'' completed
2025-02-01T10:47:41.064-0500 [DEBUG] [org.gradle.internal.operations.DefaultBuildOperationRunner] Build operation 'Execute container callback action' completed
2025-02-01T10:47:41.064-0500 [DEBUG] [org.gradle.internal.operations.DefaultBuildOperationRunner] Build operation 'Execute container callback action' completed
2025-02-01T10:47:41.064-0500 [DEBUG] [org.gradle.internal.operations.DefaultBuildOperationRunner] Build operation 'Apply plugin org.gradle.api.plugins.BasePlugin to project ':dctmutils'' completed
2025-02-01T10:47:41.064-0500 [DEBUG] [org.gradle.internal.operations.DefaultBuildOperationRunner] Build operation 'Apply plugin org.gradle.api.plugins.JvmEcosystemPlugin to project ':dctmutils'' completed
2025-02-01T10:47:41.065-0500 [DEBUG] [org.gradle.internal.operations.DefaultBuildOperationRunner] Build operation 'Apply plugin org.gradle.api.plugins.ReportingBasePlugin to project ':dctmutils'' completed
2025-02-01T10:47:41.067-0500 [DEBUG] [org.gradle.internal.operations.DefaultBuildOperationRunner] Build operation 'Apply plugin org.gradle.api.plugins.JvmToolchainsPlugin to project ':dctmutils'' completed
2025-02-01T10:47:41.067-0500 [DEBUG] [org.gradle.internal.operations.DefaultBuildOperationRunner] Build operation 'Register task :dctmutils:buildNeeded' completed
2025-02-01T10:47:41.067-0500 [DEBUG] [org.gradle.internal.operations.DefaultBuildOperationRunner] Build operation 'Register task :dctmutils:buildDependents' completed
2025-02-01T10:47:41.067-0500 [DEBUG] [org.gradle.internal.operations.DefaultBuildOperationRunner] Build operation 'Apply plugin org.gradle.api.plugins.JavaBasePlugin to project ':dctmutils'' completed
2025-02-01T10:47:41.069-0500 [DEBUG] [org.gradle.internal.operations.DefaultBuildOperationRunner] Build operation 'Apply plugin org.gradle.test-suite-base to project ':dctmutils'' completed
2025-02-01T10:47:41.069-0500 [DEBUG] [org.gradle.internal.operations.DefaultBuildOperationRunner] Build operation 'Apply plugin org.gradle.jvm-test-suite to project ':dctmutils'' completed
2025-02-01T10:47:41.070-0500 [DEBUG] [org.gradle.internal.operations.DefaultBuildOperationRunner] Build operation 'Execute container callback action' completed
2025-02-01T10:47:41.070-0500 [DEBUG] [org.gradle.internal.operations.DefaultBuildOperationRunner] Build operation 'Execute container callback action' completed
2025-02-01T10:47:41.070-0500 [DEBUG] [org.gradle.internal.operations.DefaultBuildOperationRunner] Build operation 'Execute container callback action' completed
2025-02-01T10:47:41.071-0500 [DEBUG] [org.gradle.internal.operations.DefaultBuildOperationRunner] Build operation 'Execute container callback action' completed
2025-02-01T10:47:41.071-0500 [DEBUG] [org.gradle.internal.operations.DefaultBuildOperationRunner] Build operation 'Execute container callback action' completed
2025-02-01T10:47:41.071-0500 [DEBUG] [org.gradle.internal.operations.DefaultBuildOperationRunner] Build operation 'Execute container callback action' completed
2025-02-01T10:47:41.071-0500 [DEBUG] [org.gradle.internal.operations.DefaultBuildOperationRunner] Build operation 'Register task :dctmutils:processResources' completed
2025-02-01T10:47:41.072-0500 [DEBUG] [org.gradle.internal.operations.DefaultBuildOperationRunner] Build operation 'Register task :dctmutils:compileJava' completed
2025-02-01T10:47:41.072-0500 [DEBUG] [org.gradle.internal.operations.DefaultBuildOperationRunner] Build operation 'Register task :dctmutils:classes' completed
2025-02-01T10:47:41.072-0500 [DEBUG] [org.gradle.internal.operations.DefaultBuildOperationRunner] Build operation 'Execute container callback action' completed
2025-02-01T10:47:41.072-0500 [DEBUG] [org.gradle.internal.operations.DefaultBuildOperationRunner] Build operation 'Register task :dctmutils:jar' completed
2025-02-01T10:47:41.073-0500 [DEBUG] [org.gradle.internal.operations.DefaultBuildOperationRunner] Build operation 'Execute container callback action' completed
2025-02-01T10:47:41.073-0500 [DEBUG] [org.gradle.internal.operations.DefaultBuildOperationRunner] Build operation 'Execute container callback action' completed
2025-02-01T10:47:41.073-0500 [DEBUG] [org.gradle.internal.operations.DefaultBuildOperationRunner] Build operation 'Execute container callback action' completed
2025-02-01T10:47:41.073-0500 [DEBUG] [org.gradle.internal.operations.DefaultBuildOperationRunner] Build operation 'Execute container callback action' completed
2025-02-01T10:47:41.074-0500 [DEBUG] [org.gradle.internal.operations.DefaultBuildOperationRunner] Build operation 'Execute container callback action' completed
2025-02-01T10:47:41.074-0500 [DEBUG] [org.gradle.internal.operations.DefaultBuildOperationRunner] Build operation 'Execute container callback action' completed
2025-02-01T10:47:41.074-0500 [DEBUG] [org.gradle.internal.operations.DefaultBuildOperationRunner] Build operation 'Register task :dctmutils:processTestResources' completed
2025-02-01T10:47:41.074-0500 [DEBUG] [org.gradle.internal.operations.DefaultBuildOperationRunner] Build operation 'Register task :dctmutils:compileTestJava' completed
2025-02-01T10:47:41.074-0500 [DEBUG] [org.gradle.internal.operations.DefaultBuildOperationRunner] Build operation 'Register task :dctmutils:testClasses' completed
2025-02-01T10:47:41.075-0500 [DEBUG] [org.gradle.internal.operations.DefaultBuildOperationRunner] Build operation 'Execute container callback action' completed
2025-02-01T10:47:41.075-0500 [DEBUG] [org.gradle.internal.operations.DefaultBuildOperationRunner] Build operation 'Register task :dctmutils:test' completed
2025-02-01T10:47:41.075-0500 [DEBUG] [org.gradle.internal.operations.DefaultBuildOperationRunner] Build operation 'Execute container callback action' completed
2025-02-01T10:47:41.075-0500 [DEBUG] [org.gradle.internal.operations.DefaultBuildOperationRunner] Build operation 'Execute container callback action' completed
2025-02-01T10:47:41.075-0500 [DEBUG] [org.gradle.internal.operations.DefaultBuildOperationRunner] Build operation 'Execute container callback action' completed
2025-02-01T10:47:41.075-0500 [DEBUG] [org.gradle.internal.operations.DefaultBuildOperationRunner] Build operation 'Execute container callback action' completed
2025-02-01T10:47:41.076-0500 [DEBUG] [org.gradle.internal.operations.DefaultBuildOperationRunner] Build operation 'Execute container callback action' completed
2025-02-01T10:47:41.076-0500 [DEBUG] [org.gradle.internal.operations.DefaultBuildOperationRunner] Build operation 'Execute container callback action' completed
2025-02-01T10:47:41.076-0500 [DEBUG] [org.gradle.internal.operations.DefaultBuildOperationRunner] Build operation 'Execute container callback action' completed
2025-02-01T10:47:41.076-0500 [DEBUG] [org.gradle.internal.operations.DefaultBuildOperationRunner] Build operation 'Execute container callback action' completed
2025-02-01T10:47:41.076-0500 [DEBUG] [org.gradle.internal.operations.DefaultBuildOperationRunner] Build operation 'Execute container callback action' completed
2025-02-01T10:47:41.076-0500 [DEBUG] [org.gradle.internal.operations.DefaultBuildOperationRunner] Build operation 'Execute container callback action' completed
2025-02-01T10:47:41.076-0500 [DEBUG] [org.gradle.internal.operations.DefaultBuildOperationRunner] Build operation 'Execute container callback action' completed
2025-02-01T10:47:41.077-0500 [DEBUG] [org.gradle.internal.operations.DefaultBuildOperationRunner] Build operation 'Execute container callback action' completed
2025-02-01T10:47:41.077-0500 [DEBUG] [org.gradle.internal.operations.DefaultBuildOperationRunner] Build operation 'Execute container callback action' completed
2025-02-01T10:47:41.077-0500 [DEBUG] [org.gradle.internal.operations.DefaultBuildOperationRunner] Build operation 'Execute container callback action' completed
2025-02-01T10:47:41.077-0500 [DEBUG] [org.gradle.internal.operations.DefaultBuildOperationRunner] Build operation 'Execute container callback action' completed
2025-02-01T10:47:41.078-0500 [DEBUG] [org.gradle.internal.operations.DefaultBuildOperationRunner] Build operation 'Register task :dctmutils:javadoc' completed
2025-02-01T10:47:41.078-0500 [DEBUG] [org.gradle.internal.operations.DefaultBuildOperationRunner] Build operation 'Apply plugin org.gradle.api.plugins.JavaPlugin to project ':dctmutils'' completed
2025-02-01T10:47:41.078-0500 [DEBUG] [org.gradle.internal.operations.DefaultBuildOperationRunner] Build operation 'Register task :dctmutils:distZip' completed
2025-02-01T10:47:41.079-0500 [DEBUG] [org.gradle.internal.operations.DefaultBuildOperationRunner] Build operation 'Register task :dctmutils:distTar' completed
2025-02-01T10:47:41.079-0500 [DEBUG] [org.gradle.internal.operations.DefaultBuildOperationRunner] Build operation 'Register task :dctmutils:installDist' completed
2025-02-01T10:47:41.079-0500 [DEBUG] [org.gradle.internal.operations.DefaultBuildOperationRunner] Build operation 'Register task :dctmutils:assembleDist' completed
2025-02-01T10:47:41.079-0500 [DEBUG] [org.gradle.internal.operations.DefaultBuildOperationRunner] Build operation 'Execute container callback action' completed
2025-02-01T10:47:41.079-0500 [DEBUG] [org.gradle.internal.operations.DefaultBuildOperationRunner] Build operation 'Apply plugin org.gradle.api.distribution.plugins.DistributionPlugin to project ':dctmutils'' completed
2025-02-01T10:47:41.079-0500 [DEBUG] [org.gradle.internal.operations.DefaultBuildOperationRunner] Build operation 'Register task :dctmutils:run' completed
2025-02-01T10:47:41.079-0500 [DEBUG] [org.gradle.internal.operations.DefaultBuildOperationRunner] Build operation 'Register task :dctmutils:startScripts' completed
2025-02-01T10:47:41.080-0500 [DEBUG] [org.gradle.internal.operations.DefaultBuildOperationRunner] Build operation 'Apply plugin org.gradle.application to project ':dctmutils'' completed
2025-02-01T10:47:41.080-0500 [DEBUG] [org.gradle.internal.operations.DefaultBuildOperationRunner] Build operation 'Execute container callback action' completed
2025-02-01T10:47:41.082-0500 [DEBUG] [org.gradle.internal.operations.DefaultBuildOperationRunner] Build operation 'Apply build file 'dctmutils\build.gradle' to project ':dctmutils'' completed
2025-02-01T10:47:41.082-0500 [DEBUG] [org.gradle.configuration.project.BuildScriptProcessor] Timing: Running the build script took 0.029 secs
2025-02-01T10:47:41.083-0500 [DEBUG] [org.gradle.internal.operations.DefaultBuildOperationRunner] Build operation 'Execute Project.afterEvaluate listener' completed
2025-02-01T10:47:41.083-0500 [DEBUG] [org.gradle.internal.operations.DefaultBuildOperationRunner] Build operation 'Notify afterEvaluate listeners of :dctmutils' completed
2025-02-01T10:47:41.083-0500 [DEBUG] [org.gradle.internal.resources.AbstractTrackedResourceLock] Daemon worker Thread 3: released lock on state of build :
2025-02-01T10:47:41.083-0500 [DEBUG] [org.gradle.internal.operations.DefaultBuildOperationRunner] Completing Build operation 'Configure project :dctmutils'
2025-02-01T10:47:41.083-0500 [DEBUG] [org.gradle.internal.operations.DefaultBuildOperationRunner] Build operation 'Configure project :dctmutils' completed
2025-02-01T10:47:41.083-0500 [DEBUG] [org.gradle.internal.operations.DefaultBuildOperationRunner] Build operation 'Notify projectsEvaluated listeners' started
2025-02-01T10:47:41.083-0500 [INFO] [org.gradle.internal.buildevents.BuildLogger] All projects evaluated.
2025-02-01T10:47:41.083-0500 [DEBUG] [org.gradle.internal.operations.DefaultBuildOperationRunner] Completing Build operation 'Notify projectsEvaluated listeners'
2025-02-01T10:47:41.083-0500 [DEBUG] [org.gradle.internal.operations.DefaultBuildOperationRunner] Build operation 'Notify projectsEvaluated listeners' completed
2025-02-01T10:47:41.083-0500 [DEBUG] [org.gradle.internal.operations.DefaultBuildOperationRunner] Completing Build operation 'Configure build'
2025-02-01T10:47:41.083-0500 [DEBUG] [org.gradle.internal.operations.DefaultBuildOperationRunner] Build operation 'Configure build' completed
2025-02-01T10:47:41.083-0500 [DEBUG] [org.gradle.internal.operations.DefaultBuildOperationRunner] Build operation 'Calculate build tree task graph' started
2025-02-01T10:47:41.083-0500 [DEBUG] [org.gradle.internal.operations.DefaultBuildOperationRunner] Build operation 'Calculate task graph' started
2025-02-01T10:47:41.083-0500 [DEBUG] [org.gradle.internal.resources.AbstractTrackedResourceLock] Daemon worker Thread 3: acquired lock on All projects of :
2025-02-01T10:47:41.084-0500 [INFO] [org.gradle.execution.selection.DefaultBuildTaskSelector] Task path 'dctmutils:build' matched project ':dctmutils'
2025-02-01T10:47:41.084-0500 [INFO] [org.gradle.execution.DefaultTaskSelector] Task name matched 'build'
2025-02-01T10:47:41.084-0500 [DEBUG] [org.gradle.internal.operations.DefaultBuildOperationRunner] Build operation 'Realize task :dctmutils:build' started
2025-02-01T10:47:41.084-0500 [DEBUG] [org.gradle.internal.operations.DefaultBuildOperationRunner] Build operation 'Execute container callback action' started
2025-02-01T10:47:41.084-0500 [DEBUG] [org.gradle.internal.operations.DefaultBuildOperationRunner] Completing Build operation 'Execute container callback action'
2025-02-01T10:47:41.084-0500 [DEBUG] [org.gradle.internal.operations.DefaultBuildOperationRunner] Build operation 'Execute container callback action' completed
2025-02-01T10:47:41.084-0500 [DEBUG] [org.gradle.internal.operations.DefaultBuildOperationRunner] Completing Build operation 'Realize task :dctmutils:build'
2025-02-01T10:47:41.084-0500 [DEBUG] [org.gradle.internal.operations.DefaultBuildOperationRunner] Build operation 'Realize task :dctmutils:build' completed
2025-02-01T10:47:41.084-0500 [INFO] [org.gradle.execution.TaskNameResolvingBuildTaskScheduler] Selected primary task 'build' from project :dctmutils
2025-02-01T10:47:41.084-0500 [DEBUG] [org.gradle.internal.operations.DefaultBuildOperationRunner] Build operation 'Realize task :dctmutils:check' started
2025-02-01T10:47:41.084-0500 [DEBUG] [org.gradle.internal.operations.DefaultBuildOperationRunner] Build operation 'Execute container callback action' started
2025-02-01T10:47:41.084-0500 [DEBUG] [org.gradle.internal.operations.DefaultBuildOperationRunner] Completing Build operation 'Execute container callback action'
2025-02-01T10:47:41.084-0500 [DEBUG] [org.gradle.internal.operations.DefaultBuildOperationRunner] Build operation 'Execute container callback action' completed
2025-02-01T10:47:41.085-0500 [DEBUG] [org.gradle.internal.operations.DefaultBuildOperationRunner] Build operation 'Execute container callback action' started
2025-02-01T10:47:41.085-0500 [DEBUG] [org.gradle.internal.operations.DefaultBuildOperationRunner] Completing Build operation 'Execute container callback action'
2025-02-01T10:47:41.085-0500 [DEBUG] [org.gradle.internal.operations.DefaultBuildOperationRunner] Build operation 'Execute container callback action' completed
2025-02-01T10:47:41.085-0500 [DEBUG] [org.gradle.internal.operations.DefaultBuildOperationRunner] Completing Build operation 'Realize task :dctmutils:check'
2025-02-01T10:47:41.085-0500 [DEBUG] [org.gradle.internal.operations.DefaultBuildOperationRunner] Build operation 'Realize task :dctmutils:check' completed
2025-02-01T10:47:41.085-0500 [DEBUG] [org.gradle.internal.operations.DefaultBuildOperationRunner] Build operation 'Realize task :dctmutils:assemble' started
2025-02-01T10:47:41.085-0500 [DEBUG] [org.gradle.internal.operations.DefaultBuildOperationRunner] Build operation 'Execute container callback action' started
2025-02-01T10:47:41.085-0500 [DEBUG] [org.gradle.internal.operations.DefaultBuildOperationRunner] Completing Build operation 'Execute container callback action'
2025-02-01T10:47:41.085-0500 [DEBUG] [org.gradle.internal.operations.DefaultBuildOperationRunner] Build operation 'Execute container callback action' completed
2025-02-01T10:47:41.085-0500 [DEBUG] [org.gradle.internal.operations.DefaultBuildOperationRunner] Build operation 'Execute container callback action' started
2025-02-01T10:47:41.085-0500 [DEBUG] [org.gradle.internal.operations.DefaultBuildOperationRunner] Build operation 'Realize task :dctmutils:jar' started
2025-02-01T10:47:41.085-0500 [DEBUG] [org.gradle.internal.operations.DefaultBuildOperationRunner] Build operation 'Execute container callback action' started
2025-02-01T10:47:41.085-0500 [DEBUG] [org.gradle.internal.operations.DefaultBuildOperationRunner] Completing Build operation 'Execute container callback action'
2025-02-01T10:47:41.085-0500 [DEBUG] [org.gradle.internal.operations.DefaultBuildOperationRunner] Build operation 'Execute container callback action' completed
2025-02-01T10:47:41.085-0500 [DEBUG] [org.gradle.internal.operations.DefaultBuildOperationRunner] Build operation 'Execute container callback action' started
2025-02-01T10:47:41.085-0500 [DEBUG] [org.gradle.internal.operations.DefaultBuildOperationRunner] Completing Build operation 'Execute container callback action'
2025-02-01T10:47:41.085-0500 [DEBUG] [org.gradle.internal.operations.DefaultBuildOperationRunner] Build operation 'Execute container callback action' completed
2025-02-01T10:47:41.085-0500 [DEBUG] [org.gradle.internal.operations.DefaultBuildOperationRunner] Build operation 'Execute container callback action' started
2025-02-01T10:47:41.086-0500 [DEBUG] [org.gradle.internal.operations.DefaultBuildOperationRunner] Completing Build operation 'Execute container callback action'
2025-02-01T10:47:41.086-0500 [DEBUG] [org.gradle.internal.operations.DefaultBuildOperationRunner] Build operation 'Execute container callback action' completed
2025-02-01T10:47:41.086-0500 [DEBUG] [org.gradle.internal.operations.DefaultBuildOperationRunner] Completing Build operation 'Realize task :dctmutils:jar'
2025-02-01T10:47:41.086-0500 [DEBUG] [org.gradle.internal.operations.DefaultBuildOperationRunner] Build operation 'Realize task :dctmutils:jar' completed
2025-02-01T10:47:41.086-0500 [DEBUG] [org.gradle.internal.operations.DefaultBuildOperationRunner] Build operation 'Realize task :dctmutils:distZip' started
2025-02-01T10:47:41.086-0500 [DEBUG] [org.gradle.internal.operations.DefaultBuildOperationRunner] Build operation 'Execute container callback action' started
2025-02-01T10:47:41.086-0500 [DEBUG] [org.gradle.internal.operations.DefaultBuildOperationRunner] Completing Build operation 'Execute container callback action'
2025-02-01T10:47:41.086-0500 [DEBUG] [org.gradle.internal.operations.DefaultBuildOperationRunner] Build operation 'Execute container callback action' completed
2025-02-01T10:47:41.086-0500 [DEBUG] [org.gradle.internal.operations.DefaultBuildOperationRunner] Build operation 'Execute container callback action' started
2025-02-01T10:47:41.086-0500 [DEBUG] [org.gradle.internal.operations.DefaultBuildOperationRunner] Completing Build operation 'Execute container callback action'
2025-02-01T10:47:41.086-0500 [DEBUG] [org.gradle.internal.operations.DefaultBuildOperationRunner] Build operation 'Execute container callback action' completed
2025-02-01T10:47:41.086-0500 [DEBUG] [org.gradle.internal.operations.DefaultBuildOperationRunner] Completing Build operation 'Realize task :dctmutils:distZip'
2025-02-01T10:47:41.086-0500 [DEBUG] [org.gradle.internal.operations.DefaultBuildOperationRunner] Build operation 'Realize task :dctmutils:distZip' completed
2025-02-01T10:47:41.086-0500 [DEBUG] [org.gradle.internal.operations.DefaultBuildOperationRunner] Build operation 'Realize task :dctmutils:distTar' started
2025-02-01T10:47:41.087-0500 [DEBUG] [org.gradle.internal.operations.DefaultBuildOperationRunner] Build operation 'Execute container callback action' started
2025-02-01T10:47:41.087-0500 [DEBUG] [org.gradle.internal.operations.DefaultBuildOperationRunner] Completing Build operation 'Execute container callback action'
2025-02-01T10:47:41.087-0500 [DEBUG] [org.gradle.internal.operations.DefaultBuildOperationRunner] Build operation 'Execute container callback action' completed
2025-02-01T10:47:41.087-0500 [DEBUG] [org.gradle.internal.operations.DefaultBuildOperationRunner] Build operation 'Execute container callback action' started
2025-02-01T10:47:41.087-0500 [DEBUG] [org.gradle.internal.operations.DefaultBuildOperationRunner] Completing Build operation 'Execute container callback action'
2025-02-01T10:47:41.087-0500 [DEBUG] [org.gradle.internal.operations.DefaultBuildOperationRunner] Build operation 'Execute container callback action' completed
2025-02-01T10:47:41.087-0500 [DEBUG] [org.gradle.internal.operations.DefaultBuildOperationRunner] Completing Build operation 'Realize task :dctmutils:distTar'
2025-02-01T10:47:41.087-0500 [DEBUG] [org.gradle.internal.operations.DefaultBuildOperationRunner] Build operation 'Realize task :dctmutils:distTar' completed
2025-02-01T10:47:41.088-0500 [DEBUG] [org.gradle.internal.operations.DefaultBuildOperationRunner] Completing Build operation 'Execute container callback action'
2025-02-01T10:47:41.088-0500 [DEBUG] [org.gradle.internal.operations.DefaultBuildOperationRunner] Build operation 'Execute container callback action' completed
2025-02-01T10:47:41.088-0500 [DEBUG] [org.gradle.internal.operations.DefaultBuildOperationRunner] Completing Build operation 'Realize task :dctmutils:assemble'
2025-02-01T10:47:41.088-0500 [DEBUG] [org.gradle.internal.operations.DefaultBuildOperationRunner] Build operation 'Realize task :dctmutils:assemble' completed
2025-02-01T10:47:41.088-0500 [DEBUG] [org.gradle.internal.operations.DefaultBuildOperationRunner] Build operation 'Realize task :dctmutils:startScripts' started
2025-02-01T10:47:41.089-0500 [DEBUG] [org.gradle.internal.operations.DefaultBuildOperationRunner] Build operation 'Execute container callback action' started
2025-02-01T10:47:41.089-0500 [DEBUG] [org.gradle.internal.operations.DefaultBuildOperationRunner] Completing Build operation 'Execute container callback action'
2025-02-01T10:47:41.089-0500 [DEBUG] [org.gradle.internal.operations.DefaultBuildOperationRunner] Build operation 'Execute container callback action' completed
2025-02-01T10:47:41.089-0500 [DEBUG] [org.gradle.internal.operations.DefaultBuildOperationRunner] Build operation 'Execute container callback action' started
2025-02-01T10:47:41.089-0500 [DEBUG] [org.gradle.internal.operations.DefaultBuildOperationRunner] Completing Build operation 'Execute container callback action'
2025-02-01T10:47:41.089-0500 [DEBUG] [org.gradle.internal.operations.DefaultBuildOperationRunner] Build operation 'Execute container callback action' completed
2025-02-01T10:47:41.089-0500 [DEBUG] [org.gradle.internal.operations.DefaultBuildOperationRunner] Completing Build operation 'Realize task :dctmutils:startScripts'
2025-02-01T10:47:41.089-0500 [DEBUG] [org.gradle.internal.operations.DefaultBuildOperationRunner] Build operation 'Realize task :dctmutils:startScripts' completed
2025-02-01T10:47:41.090-0500 [DEBUG] [org.gradle.api.internal.artifacts.ivyservice.resolveengine.DefaultArtifactDependencyResolver] Resolving configuration ':dctmutils:runtimeClasspath'
2025-02-01T10:47:41.090-0500 [DEBUG] [org.gradle.internal.operations.DefaultBuildOperationRunner] Build operation 'Realize task :dctmutils:compileJava' started
2025-02-01T10:47:41.091-0500 [DEBUG] [org.gradle.internal.operations.DefaultBuildOperationRunner] Build operation 'Execute container callback action' started
2025-02-01T10:47:41.091-0500 [DEBUG] [org.gradle.internal.operations.DefaultBuildOperationRunner] Completing Build operation 'Execute container callback action'
2025-02-01T10:47:41.091-0500 [DEBUG] [org.gradle.internal.operations.DefaultBuildOperationRunner] Build operation 'Execute container callback action' completed
2025-02-01T10:47:41.091-0500 [DEBUG] [org.gradle.internal.operations.DefaultBuildOperationRunner] Build operation 'Execute container callback action' started
2025-02-01T10:47:41.091-0500 [DEBUG] [org.gradle.internal.operations.DefaultBuildOperationRunner] Completing Build operation 'Execute container callback action'
2025-02-01T10:47:41.091-0500 [DEBUG] [org.gradle.internal.operations.DefaultBuildOperationRunner] Build operation 'Execute container callback action' completed
2025-02-01T10:47:41.091-0500 [DEBUG] [org.gradle.internal.operations.DefaultBuildOperationRunner] Build operation 'Execute container callback action' started
2025-02-01T10:47:41.091-0500 [DEBUG] [org.gradle.internal.operations.DefaultBuildOperationRunner] Completing Build operation 'Execute container callback action'
2025-02-01T10:47:41.091-0500 [DEBUG] [org.gradle.internal.operations.DefaultBuildOperationRunner] Build operation 'Execute container callback action' completed
2025-02-01T10:47:41.091-0500 [DEBUG] [org.gradle.internal.operations.DefaultBuildOperationRunner] Build operation 'Execute container callback action' started
2025-02-01T10:47:41.091-0500 [DEBUG] [org.gradle.internal.operations.DefaultBuildOperationRunner] Completing Build operation 'Execute container callback action'
2025-02-01T10:47:41.091-0500 [DEBUG] [org.gradle.internal.operations.DefaultBuildOperationRunner] Build operation 'Execute container callback action' completed
2025-02-01T10:47:41.091-0500 [DEBUG] [org.gradle.internal.operations.DefaultBuildOperationRunner] Completing Build operation 'Realize task :dctmutils:compileJava'
2025-02-01T10:47:41.091-0500 [DEBUG] [org.gradle.internal.operations.DefaultBuildOperationRunner] Build operation 'Realize task :dctmutils:compileJava' completed
2025-02-01T10:47:41.091-0500 [DEBUG] [org.gradle.internal.operations.DefaultBuildOperationRunner] Build operation 'Toolchain detection' started
2025-02-01T10:47:41.093-0500 [DEBUG] [org.gradle.internal.operations.DefaultBuildOperationRunner] Completing Build operation 'Toolchain detection'
2025-02-01T10:47:41.093-0500 [DEBUG] [org.gradle.internal.operations.DefaultBuildOperationRunner] Build operation 'Toolchain detection' completed
2025-02-01T10:47:41.095-0500 [INFO] [org.gradle.api.internal.artifacts.configurations.DefaultConfiguration] The configuration :dctmutils:mainSourceElements is both consumable and declarable. This combination is incorrect, only one of these flags should be set.
2025-02-01T10:47:41.096-0500 [DEBUG] [org.gradle.internal.operations.DefaultBuildOperationRunner] Build operation 'Execute container callback action' started
2025-02-01T10:47:41.096-0500 [DEBUG] [org.gradle.internal.operations.DefaultBuildOperationRunner] Completing Build operation 'Execute container callback action'
2025-02-01T10:47:41.096-0500 [DEBUG] [org.gradle.internal.operations.DefaultBuildOperationRunner] Build operation 'Execute container callback action' completed
2025-02-01T10:47:41.096-0500 [DEBUG] [org.gradle.internal.operations.DefaultBuildOperationRunner] Build operation 'Execute container callback action' started
2025-02-01T10:47:41.096-0500 [DEBUG] [org.gradle.internal.operations.DefaultBuildOperationRunner] Completing Build operation 'Execute container callback action'
2025-02-01T10:47:41.096-0500 [DEBUG] [org.gradle.internal.operations.DefaultBuildOperationRunner] Build operation 'Execute container callback action' completed
2025-02-01T10:47:41.096-0500 [INFO] [org.gradle.api.internal.artifacts.configurations.DefaultConfiguration] The configuration :dctmutils:runOnly is both resolvable and consumable. This is considered a legacy configuration and it will eventually only be possible to be one of these.
2025-02-01T10:47:41.097-0500 [INFO] [org.gradle.api.internal.artifacts.configurations.DefaultConfiguration] The configuration :dctmutils:runOnly is both consumable and declarable. This combination is incorrect, only one of these flags should be set.
2025-02-01T10:47:41.097-0500 [DEBUG] [org.gradle.internal.operations.DefaultBuildOperationRunner] Build operation 'Realize task :dctmutils:compileTestJava' started
2025-02-01T10:47:41.098-0500 [DEBUG] [org.gradle.internal.operations.DefaultBuildOperationRunner] Build operation 'Execute container callback action' started
2025-02-01T10:47:41.098-0500 [DEBUG] [org.gradle.internal.operations.DefaultBuildOperationRunner] Completing Build operation 'Execute container callback action'
2025-02-01T10:47:41.098-0500 [DEBUG] [org.gradle.internal.operations.DefaultBuildOperationRunner] Build operation 'Execute container callback action' completed
2025-02-01T10:47:41.098-0500 [DEBUG] [org.gradle.internal.operations.DefaultBuildOperationRunner] Build operation 'Execute container callback action' started
2025-02-01T10:47:41.098-0500 [DEBUG] [org.gradle.internal.operations.DefaultBuildOperationRunner] Completing Build operation 'Execute container callback action'
2025-02-01T10:47:41.098-0500 [DEBUG] [org.gradle.internal.operations.DefaultBuildOperationRunner] Build operation 'Execute container callback action' completed
2025-02-01T10:47:41.098-0500 [DEBUG] [org.gradle.internal.operations.DefaultBuildOperationRunner] Build operation 'Execute container callback action' started
2025-02-01T10:47:41.098-0500 [DEBUG] [org.gradle.internal.operations.DefaultBuildOperationRunner] Completing Build operation 'Execute container callback action'
2025-02-01T10:47:41.098-0500 [DEBUG] [org.gradle.internal.operations.DefaultBuildOperationRunner] Build operation 'Execute container callback action' completed
2025-02-01T10:47:41.098-0500 [DEBUG] [org.gradle.internal.operations.DefaultBuildOperationRunner] Completing Build operation 'Realize task :dctmutils:compileTestJava'
2025-02-01T10:47:41.098-0500 [DEBUG] [org.gradle.internal.operations.DefaultBuildOperationRunner] Build operation 'Realize task :dctmutils:compileTestJava' completed
2025-02-01T10:47:41.099-0500 [INFO] [org.gradle.api.internal.artifacts.configurations.DefaultConfiguration] The configuration :dctmutils:testResultsElementsForTest is both consumable and declarable. This combination is incorrect, only one of these flags should be set.
2025-02-01T10:47:41.100-0500 [DEBUG] [org.gradle.api.internal.artifacts.ivyservice.resolveengine.graph.builder.DependencyGraphBuilder] Visiting configuration java-dctmutils:dctmutils:unspecified(runtimeClasspath).
2025-02-01T10:47:41.101-0500 [DEBUG] [org.gradle.api.internal.artifacts.ivyservice.resolveengine.graph.builder.NodeState] dependency: com.google.guava:guava:31.1-jre from-conf: implementation to-conf: null is filtered.
2025-02-01T10:47:41.101-0500 [DEBUG] [org.gradle.api.internal.artifacts.ivyservice.resolveengine.graph.builder.NodeState] dependency: net.sourceforge.argparse4j:argparse4j:0.9.0 from-conf: implementation to-conf: null is filtered.
2025-02-01T10:47:41.101-0500 [DEBUG] [org.gradle.api.internal.artifacts.ivyservice.resolveengine.graph.builder.NodeState] dependency: commons-io:commons-io:2.18.0 from-conf: implementation to-conf: null is filtered.
2025-02-01T10:47:41.101-0500 [DEBUG] [org.gradle.api.internal.artifacts.ivyservice.resolveengine.graph.builder.NodeState] dependency: org.jasypt:jasypt:1.9.3 from-conf: implementation to-conf: null is filtered.
2025-02-01T10:47:41.101-0500 [DEBUG] [org.gradle.api.internal.artifacts.ivyservice.resolveengine.graph.builder.NodeState] dependency: com.github.oshi:oshi-core-java11:6.6.5 from-conf: implementation to-conf: null is filtered.
2025-02-01T10:47:41.101-0500 [DEBUG] [org.gradle.api.internal.artifacts.ivyservice.resolveengine.graph.builder.NodeState] dependency: org.dizitart:nitrite-bom:4.3.0 from-conf: implementation to-conf: null is filtered.
2025-02-01T10:47:41.101-0500 [DEBUG] [org.gradle.api.internal.artifacts.ivyservice.resolveengine.graph.builder.NodeState] dependency: org.dizitart:nitrite:4.3.0 from-conf: implementation to-conf: null is filtered.
2025-02-01T10:47:41.101-0500 [DEBUG] [org.gradle.api.internal.artifacts.ivyservice.resolveengine.graph.builder.NodeState] dependency: org.dizitart:nitrite-jackson-mapper:4.3.0 from-conf: implementation to-conf: null is filtered.
2025-02-01T10:47:41.101-0500 [DEBUG] [org.gradle.api.internal.artifacts.ivyservice.resolveengine.graph.builder.NodeState] dependency: org.dizitart:nitrite-mvstore-adapter:4.3.0 from-conf: implementation to-conf: null is filtered.
2025-02-01T10:47:41.101-0500 [DEBUG] [org.gradle.api.internal.artifacts.ivyservice.resolveengine.graph.builder.NodeState] dependency: org.apache.commons:commons-csv:1.11.0 from-conf: implementation to-conf: null is filtered.
2025-02-01T10:47:41.101-0500 [DEBUG] [org.gradle.api.internal.artifacts.ivyservice.resolveengine.graph.builder.NodeState] dependency: me.tongfei:progressbar:0.9.0 from-conf: implementation to-conf: null is filtered.
2025-02-01T10:47:41.101-0500 [DEBUG] [org.gradle.api.internal.artifacts.ivyservice.resolveengine.graph.builder.NodeState] dependency: org.slf4j:slf4j-nop:2.0.16 from-conf: implementation to-conf: null is filtered.
2025-02-01T10:47:41.101-0500 [DEBUG] [org.gradle.api.internal.artifacts.ivyservice.resolveengine.graph.builder.NodeState] dependency: org.apache.commons:commons-io:1.3.2 from-conf: implementation to-conf: null is filtered.
2025-02-01T10:47:41.101-0500 [DEBUG] [org.gradle.api.internal.artifacts.ivyservice.resolveengine.graph.builder.NodeState] dependency: io.github.classgraph:classgraph:4.8.179 from-conf: implementation to-conf: null is filtered.
2025-02-01T10:47:41.102-0500 [DEBUG] [org.gradle.internal.operations.DefaultBuildOperationRunner] Build operation 'Realize task :dctmutils:classes' started
2025-02-01T10:47:41.103-0500 [DEBUG] [org.gradle.internal.operations.DefaultBuildOperationRunner] Build operation 'Execute container callback action' started
2025-02-01T10:47:41.103-0500 [DEBUG] [org.gradle.internal.operations.DefaultBuildOperationRunner] Completing Build operation 'Execute container callback action'
2025-02-01T10:47:41.103-0500 [DEBUG] [org.gradle.internal.operations.DefaultBuildOperationRunner] Build operation 'Execute container callback action' completed
2025-02-01T10:47:41.103-0500 [DEBUG] [org.gradle.internal.operations.DefaultBuildOperationRunner] Completing Build operation 'Realize task :dctmutils:classes'
2025-02-01T10:47:41.103-0500 [DEBUG] [org.gradle.internal.operations.DefaultBuildOperationRunner] Build operation 'Realize task :dctmutils:classes' completed
2025-02-01T10:47:41.103-0500 [DEBUG] [org.gradle.internal.operations.DefaultBuildOperationRunner] Build operation 'Realize task :dctmutils:processResources' started
2025-02-01T10:47:41.104-0500 [DEBUG] [org.gradle.internal.operations.DefaultBuildOperationRunner] Build operation 'Execute container callback action' started
2025-02-01T10:47:41.104-0500 [DEBUG] [org.gradle.internal.operations.DefaultBuildOperationRunner] Completing Build operation 'Execute container callback action'
2025-02-01T10:47:41.104-0500 [DEBUG] [org.gradle.internal.operations.DefaultBuildOperationRunner] Build operation 'Execute container callback action' completed
2025-02-01T10:47:41.104-0500 [DEBUG] [org.gradle.internal.operations.DefaultBuildOperationRunner] Completing Build operation 'Realize task :dctmutils:processResources'
2025-02-01T10:47:41.104-0500 [DEBUG] [org.gradle.internal.operations.DefaultBuildOperationRunner] Build operation 'Realize task :dctmutils:processResources' completed
2025-02-01T10:47:41.105-0500 [DEBUG] [org.gradle.api.internal.artifacts.ivyservice.resolveengine.DefaultArtifactDependencyResolver] Resolving configuration ':dctmutils:compileClasspath'
2025-02-01T10:47:41.105-0500 [DEBUG] [org.gradle.api.internal.artifacts.ivyservice.resolveengine.graph.builder.DependencyGraphBuilder] Visiting configuration java-dctmutils:dctmutils:unspecified(compileClasspath).
2025-02-01T10:47:41.105-0500 [DEBUG] [org.gradle.api.internal.artifacts.ivyservice.resolveengine.graph.builder.NodeState] dependency: com.google.guava:guava:31.1-jre from-conf: implementation to-conf: null is filtered.
2025-02-01T10:47:41.105-0500 [DEBUG] [org.gradle.api.internal.artifacts.ivyservice.resolveengine.graph.builder.NodeState] dependency: net.sourceforge.argparse4j:argparse4j:0.9.0 from-conf: implementation to-conf: null is filtered.
2025-02-01T10:47:41.105-0500 [DEBUG] [org.gradle.api.internal.artifacts.ivyservice.resolveengine.graph.builder.NodeState] dependency: commons-io:commons-io:2.18.0 from-conf: implementation to-conf: null is filtered.
2025-02-01T10:47:41.106-0500 [DEBUG] [org.gradle.api.internal.artifacts.ivyservice.resolveengine.graph.builder.NodeState] dependency: org.jasypt:jasypt:1.9.3 from-conf: implementation to-conf: null is filtered.
2025-02-01T10:47:41.106-0500 [DEBUG] [org.gradle.api.internal.artifacts.ivyservice.resolveengine.graph.builder.NodeState] dependency: com.github.oshi:oshi-core-java11:6.6.5 from-conf: implementation to-conf: null is filtered.
2025-02-01T10:47:41.106-0500 [DEBUG] [org.gradle.api.internal.artifacts.ivyservice.resolveengine.graph.builder.NodeState] dependency: org.dizitart:nitrite-bom:4.3.0 from-conf: implementation to-conf: null is filtered.
2025-02-01T10:47:41.106-0500 [DEBUG] [org.gradle.api.internal.artifacts.ivyservice.resolveengine.graph.builder.NodeState] dependency: org.dizitart:nitrite:4.3.0 from-conf: implementation to-conf: null is filtered.
2025-02-01T10:47:41.106-0500 [DEBUG] [org.gradle.api.internal.artifacts.ivyservice.resolveengine.graph.builder.NodeState] dependency: org.dizitart:nitrite-jackson-mapper:4.3.0 from-conf: implementation to-conf: null is filtered.
2025-02-01T10:47:41.106-0500 [DEBUG] [org.gradle.api.internal.artifacts.ivyservice.resolveengine.graph.builder.NodeState] dependency: org.dizitart:nitrite-mvstore-adapter:4.3.0 from-conf: implementation to-conf: null is filtered.
2025-02-01T10:47:41.106-0500 [DEBUG] [org.gradle.api.internal.artifacts.ivyservice.resolveengine.graph.builder.NodeState] dependency: org.apache.commons:commons-csv:1.11.0 from-conf: implementation to-conf: null is filtered.
2025-02-01T10:47:41.106-0500 [DEBUG] [org.gradle.api.internal.artifacts.ivyservice.resolveengine.graph.builder.NodeState] dependency: me.tongfei:progressbar:0.9.0 from-conf: implementation to-conf: null is filtered.
2025-02-01T10:47:41.106-0500 [DEBUG] [org.gradle.api.internal.artifacts.ivyservice.resolveengine.graph.builder.NodeState] dependency: org.slf4j:slf4j-nop:2.0.16 from-conf: implementation to-conf: null is filtered.
2025-02-01T10:47:41.106-0500 [DEBUG] [org.gradle.api.internal.artifacts.ivyservice.resolveengine.graph.builder.NodeState] dependency: org.apache.commons:commons-io:1.3.2 from-conf: implementation to-conf: null is filtered.
2025-02-01T10:47:41.106-0500 [DEBUG] [org.gradle.api.internal.artifacts.ivyservice.resolveengine.graph.builder.NodeState] dependency: io.github.classgraph:classgraph:4.8.179 from-conf: implementation to-conf: null is filtered.
2025-02-01T10:47:41.107-0500 [DEBUG] [org.gradle.internal.operations.DefaultBuildOperationRunner] Build operation 'Realize task :dctmutils:test' started
2025-02-01T10:47:41.108-0500 [DEBUG] [org.gradle.internal.operations.DefaultBuildOperationRunner] Build operation 'Execute container callback action' started
2025-02-01T10:47:41.108-0500 [DEBUG] [org.gradle.internal.operations.DefaultBuildOperationRunner] Completing Build operation 'Execute container callback action'
2025-02-01T10:47:41.108-0500 [DEBUG] [org.gradle.internal.operations.DefaultBuildOperationRunner] Build operation 'Execute container callback action' completed
2025-02-01T10:47:41.108-0500 [DEBUG] [org.gradle.internal.operations.DefaultBuildOperationRunner] Build operation 'Execute container callback action' started
2025-02-01T10:47:41.108-0500 [DEBUG] [org.gradle.internal.operations.DefaultBuildOperationRunner] Completing Build operation 'Execute container callback action'
2025-02-01T10:47:41.108-0500 [DEBUG] [org.gradle.internal.operations.DefaultBuildOperationRunner] Build operation 'Execute container callback action' completed
2025-02-01T10:47:41.108-0500 [DEBUG] [org.gradle.internal.operations.DefaultBuildOperationRunner] Build operation 'Execute container callback action' started
2025-02-01T10:47:41.108-0500 [DEBUG] [org.gradle.internal.operations.DefaultBuildOperationRunner] Completing Build operation 'Execute container callback action'
2025-02-01T10:47:41.108-0500 [DEBUG] [org.gradle.internal.operations.DefaultBuildOperationRunner] Build operation 'Execute container callback action' completed
2025-02-01T10:47:41.108-0500 [DEBUG] [org.gradle.internal.operations.DefaultBuildOperationRunner] Build operation 'Execute container callback action' started
2025-02-01T10:47:41.108-0500 [DEBUG] [org.gradle.internal.operations.DefaultBuildOperationRunner] Completing Build operation 'Execute container callback action'
2025-02-01T10:47:41.108-0500 [DEBUG] [org.gradle.internal.operations.DefaultBuildOperationRunner] Build operation 'Execute container callback action' completed
2025-02-01T10:47:41.108-0500 [DEBUG] [org.gradle.internal.operations.DefaultBuildOperationRunner] Build operation 'Execute container callback action' started
2025-02-01T10:47:41.108-0500 [DEBUG] [org.gradle.internal.operations.DefaultBuildOperationRunner] Completing Build operation 'Execute container callback action'
2025-02-01T10:47:41.108-0500 [DEBUG] [org.gradle.internal.operations.DefaultBuildOperationRunner] Build operation 'Execute container callback action' completed
2025-02-01T10:47:41.108-0500 [DEBUG] [org.gradle.internal.operations.DefaultBuildOperationRunner] Build operation 'Execute container callback action' started
2025-02-01T10:47:41.109-0500 [DEBUG] [org.gradle.internal.operations.DefaultBuildOperationRunner] Completing Build operation 'Execute container callback action'
2025-02-01T10:47:41.109-0500 [DEBUG] [org.gradle.internal.operations.DefaultBuildOperationRunner] Build operation 'Execute container callback action' completed
2025-02-01T10:47:41.109-0500 [DEBUG] [org.gradle.internal.operations.DefaultBuildOperationRunner] Build operation 'Execute container callback action' started
2025-02-01T10:47:41.109-0500 [DEBUG] [org.gradle.internal.operations.DefaultBuildOperationRunner] Completing Build operation 'Execute container callback action'
2025-02-01T10:47:41.109-0500 [DEBUG] [org.gradle.internal.operations.DefaultBuildOperationRunner] Build operation 'Execute container callback action' completed
2025-02-01T10:47:41.109-0500 [DEBUG] [org.gradle.internal.operations.DefaultBuildOperationRunner] Completing Build operation 'Realize task :dctmutils:test'
2025-02-01T10:47:41.109-0500 [DEBUG] [org.gradle.internal.operations.DefaultBuildOperationRunner] Build operation 'Realize task :dctmutils:test' completed
2025-02-01T10:47:41.110-0500 [DEBUG] [org.gradle.api.internal.artifacts.ivyservice.resolveengine.DefaultArtifactDependencyResolver] Resolving configuration ':dctmutils:testRuntimeClasspath'
2025-02-01T10:47:41.110-0500 [DEBUG] [org.gradle.api.internal.artifacts.ivyservice.resolveengine.graph.builder.DependencyGraphBuilder] Visiting configuration java-dctmutils:dctmutils:unspecified(testRuntimeClasspath).
2025-02-01T10:47:41.111-0500 [DEBUG] [org.gradle.api.internal.artifacts.ivyservice.resolveengine.graph.builder.NodeState] dependency: com.google.guava:guava:31.1-jre from-conf: implementation to-conf: null is filtered.
2025-02-01T10:47:41.111-0500 [DEBUG] [org.gradle.api.internal.artifacts.ivyservice.resolveengine.graph.builder.NodeState] dependency: net.sourceforge.argparse4j:argparse4j:0.9.0 from-conf: implementation to-conf: null is filtered.
2025-02-01T10:47:41.111-0500 [DEBUG] [org.gradle.api.internal.artifacts.ivyservice.resolveengine.graph.builder.NodeState] dependency: commons-io:commons-io:2.18.0 from-conf: implementation to-conf: null is filtered.
2025-02-01T10:47:41.111-0500 [DEBUG] [org.gradle.api.internal.artifacts.ivyservice.resolveengine.graph.builder.NodeState] dependency: org.jasypt:jasypt:1.9.3 from-conf: implementation to-conf: null is filtered.
2025-02-01T10:47:41.111-0500 [DEBUG] [org.gradle.api.internal.artifacts.ivyservice.resolveengine.graph.builder.NodeState] dependency: com.github.oshi:oshi-core-java11:6.6.5 from-conf: implementation to-conf: null is filtered.
2025-02-01T10:47:41.111-0500 [DEBUG] [org.gradle.api.internal.artifacts.ivyservice.resolveengine.graph.builder.NodeState] dependency: org.dizitart:nitrite-bom:4.3.0 from-conf: implementation to-conf: null is filtered.
2025-02-01T10:47:41.111-0500 [DEBUG] [org.gradle.api.internal.artifacts.ivyservice.resolveengine.graph.builder.NodeState] dependency: org.dizitart:nitrite:4.3.0 from-conf: implementation to-conf: null is filtered.
2025-02-01T10:47:41.111-0500 [DEBUG] [org.gradle.api.internal.artifacts.ivyservice.resolveengine.graph.builder.NodeState] dependency: org.dizitart:nitrite-jackson-mapper:4.3.0 from-conf: implementation to-conf: null is filtered.
2025-02-01T10:47:41.111-0500 [DEBUG] [org.gradle.api.internal.artifacts.ivyservice.resolveengine.graph.builder.NodeState] dependency: org.dizitart:nitrite-mvstore-adapter:4.3.0 from-conf: implementation to-conf: null is filtered.
2025-02-01T10:47:41.111-0500 [DEBUG] [org.gradle.api.internal.artifacts.ivyservice.resolveengine.graph.builder.NodeState] dependency: org.apache.commons:commons-csv:1.11.0 from-conf: implementation to-conf: null is filtered.
2025-02-01T10:47:41.111-0500 [DEBUG] [org.gradle.api.internal.artifacts.ivyservice.resolveengine.graph.builder.NodeState] dependency: me.tongfei:progressbar:0.9.0 from-conf: implementation to-conf: null is filtered.
2025-02-01T10:47:41.111-0500 [DEBUG] [org.gradle.api.internal.artifacts.ivyservice.resolveengine.graph.builder.NodeState] dependency: org.slf4j:slf4j-nop:2.0.16 from-conf: implementation to-conf: null is filtered.
2025-02-01T10:47:41.111-0500 [DEBUG] [org.gradle.api.internal.artifacts.ivyservice.resolveengine.graph.builder.NodeState] dependency: org.apache.commons:commons-io:1.3.2 from-conf: implementation to-conf: null is filtered.
2025-02-01T10:47:41.111-0500 [DEBUG] [org.gradle.api.internal.artifacts.ivyservice.resolveengine.graph.builder.NodeState] dependency: io.github.classgraph:classgraph:4.8.179 from-conf: implementation to-conf: null is filtered.
2025-02-01T10:47:41.111-0500 [DEBUG] [org.gradle.api.internal.artifacts.ivyservice.resolveengine.graph.builder.NodeState] dependency: org.junit.jupiter:junit-jupiter:5.9.1 from-conf: testImplementation to-conf: null is filtered.
2025-02-01T10:47:41.111-0500 [DEBUG] [org.gradle.api.internal.artifacts.ivyservice.resolveengine.graph.builder.NodeState] dependency: org.junit.jupiter:junit-jupiter:5.9.1 from-conf: testRuntimeOnly to-conf: null is filtered.
2025-02-01T10:47:41.112-0500 [DEBUG] [org.gradle.internal.operations.DefaultBuildOperationRunner] Build operation 'Realize task :dctmutils:testClasses' started
2025-02-01T10:47:41.112-0500 [DEBUG] [org.gradle.internal.operations.DefaultBuildOperationRunner] Build operation 'Execute container callback action' started
2025-02-01T10:47:41.112-0500 [DEBUG] [org.gradle.internal.operations.DefaultBuildOperationRunner] Completing Build operation 'Execute container callback action'
2025-02-01T10:47:41.112-0500 [DEBUG] [org.gradle.internal.operations.DefaultBuildOperationRunner] Build operation 'Execute container callback action' completed
2025-02-01T10:47:41.112-0500 [DEBUG] [org.gradle.internal.operations.DefaultBuildOperationRunner] Completing Build operation 'Realize task :dctmutils:testClasses'
2025-02-01T10:47:41.112-0500 [DEBUG] [org.gradle.internal.operations.DefaultBuildOperationRunner] Build operation 'Realize task :dctmutils:testClasses' completed
2025-02-01T10:47:41.113-0500 [DEBUG] [org.gradle.api.internal.artifacts.ivyservice.resolveengine.DefaultArtifactDependencyResolver] Resolving configuration ':dctmutils:testCompileClasspath'
2025-02-01T10:47:41.113-0500 [DEBUG] [org.gradle.api.internal.artifacts.ivyservice.resolveengine.graph.builder.DependencyGraphBuilder] Visiting configuration java-dctmutils:dctmutils:unspecified(testCompileClasspath).
2025-02-01T10:47:41.113-0500 [DEBUG] [org.gradle.api.internal.artifacts.ivyservice.resolveengine.graph.builder.NodeState] dependency: com.google.guava:guava:31.1-jre from-conf: implementation to-conf: null is filtered.
2025-02-01T10:47:41.113-0500 [DEBUG] [org.gradle.api.internal.artifacts.ivyservice.resolveengine.graph.builder.NodeState] dependency: net.sourceforge.argparse4j:argparse4j:0.9.0 from-conf: implementation to-conf: null is filtered.
2025-02-01T10:47:41.113-0500 [DEBUG] [org.gradle.api.internal.artifacts.ivyservice.resolveengine.graph.builder.NodeState] dependency: commons-io:commons-io:2.18.0 from-conf: implementation to-conf: null is filtered.
2025-02-01T10:47:41.113-0500 [DEBUG] [org.gradle.api.internal.artifacts.ivyservice.resolveengine.graph.builder.NodeState] dependency: org.jasypt:jasypt:1.9.3 from-conf: implementation to-conf: null is filtered.
2025-02-01T10:47:41.113-0500 [DEBUG] [org.gradle.api.internal.artifacts.ivyservice.resolveengine.graph.builder.NodeState] dependency: com.github.oshi:oshi-core-java11:6.6.5 from-conf: implementation to-conf: null is filtered.
2025-02-01T10:47:41.113-0500 [DEBUG] [org.gradle.api.internal.artifacts.ivyservice.resolveengine.graph.builder.NodeState] dependency: org.dizitart:nitrite-bom:4.3.0 from-conf: implementation to-conf: null is filtered.
2025-02-01T10:47:41.113-0500 [DEBUG] [org.gradle.api.internal.artifacts.ivyservice.resolveengine.graph.builder.NodeState] dependency: org.dizitart:nitrite:4.3.0 from-conf: implementation to-conf: null is filtered.
2025-02-01T10:47:41.114-0500 [DEBUG] [org.gradle.api.internal.artifacts.ivyservice.resolveengine.graph.builder.NodeState] dependency: org.dizitart:nitrite-jackson-mapper:4.3.0 from-conf: implementation to-conf: null is filtered.
2025-02-01T10:47:41.114-0500 [DEBUG] [org.gradle.api.internal.artifacts.ivyservice.resolveengine.graph.builder.NodeState] dependency: org.dizitart:nitrite-mvstore-adapter:4.3.0 from-conf: implementation to-conf: null is filtered.
2025-02-01T10:47:41.114-0500 [DEBUG] [org.gradle.api.internal.artifacts.ivyservice.resolveengine.graph.builder.NodeState] dependency: org.apache.commons:commons-csv:1.11.0 from-conf: implementation to-conf: null is filtered.
2025-02-01T10:47:41.114-0500 [DEBUG] [org.gradle.api.internal.artifacts.ivyservice.resolveengine.graph.builder.NodeState] dependency: me.tongfei:progressbar:0.9.0 from-conf: implementation to-conf: null is filtered.
2025-02-01T10:47:41.114-0500 [DEBUG] [org.gradle.api.internal.artifacts.ivyservice.resolveengine.graph.builder.NodeState] dependency: org.slf4j:slf4j-nop:2.0.16 from-conf: implementation to-conf: null is filtered.
2025-02-01T10:47:41.114-0500 [DEBUG] [org.gradle.api.internal.artifacts.ivyservice.resolveengine.graph.builder.NodeState] dependency: org.apache.commons:commons-io:1.3.2 from-conf: implementation to-conf: null is filtered.
2025-02-01T10:47:41.114-0500 [DEBUG] [org.gradle.api.internal.artifacts.ivyservice.resolveengine.graph.builder.NodeState] dependency: io.github.classgraph:classgraph:4.8.179 from-conf: implementation to-conf: null is filtered.
2025-02-01T10:47:41.114-0500 [DEBUG] [org.gradle.api.internal.artifacts.ivyservice.resolveengine.graph.builder.NodeState] dependency: org.junit.jupiter:junit-jupiter:5.9.1 from-conf: testImplementation to-conf: null is filtered.
2025-02-01T10:47:41.114-0500 [DEBUG] [org.gradle.internal.operations.DefaultBuildOperationRunner] Build operation 'Realize task :dctmutils:processTestResources' started
2025-02-01T10:47:41.115-0500 [DEBUG] [org.gradle.internal.operations.DefaultBuildOperationRunner] Build operation 'Execute container callback action' started
2025-02-01T10:47:41.115-0500 [DEBUG] [org.gradle.internal.operations.DefaultBuildOperationRunner] Completing Build operation 'Execute container callback action'
2025-02-01T10:47:41.115-0500 [DEBUG] [org.gradle.internal.operations.DefaultBuildOperationRunner] Build operation 'Execute container callback action' completed
2025-02-01T10:47:41.115-0500 [DEBUG] [org.gradle.internal.operations.DefaultBuildOperationRunner] Completing Build operation 'Realize task :dctmutils:processTestResources'
2025-02-01T10:47:41.115-0500 [DEBUG] [org.gradle.internal.operations.DefaultBuildOperationRunner] Build operation 'Realize task :dctmutils:processTestResources' completed
2025-02-01T10:47:41.115-0500 [DEBUG] [org.gradle.internal.resources.AbstractTrackedResourceLock] Daemon worker Thread 3: released lock on All projects of :
2025-02-01T10:47:41.117-0500 [DEBUG] [org.gradle.internal.operations.DefaultBuildOperationRunner] Completing Build operation 'Calculate task graph'
2025-02-01T10:47:41.117-0500 [DEBUG] [org.gradle.internal.operations.DefaultBuildOperationRunner] Build operation 'Calculate task graph' completed
2025-02-01T10:47:41.117-0500 [DEBUG] [org.gradle.internal.resources.AbstractTrackedResourceLock] Daemon worker Thread 3: acquired lock on All projects of :
2025-02-01T10:47:41.117-0500 [DEBUG] [org.gradle.internal.operations.DefaultBuildOperationRunner] Build operation 'Notify task graph whenReady listeners' started
2025-02-01T10:47:41.117-0500 [INFO] [org.gradle.internal.buildevents.BuildLogger] Tasks to be executed: [task ':dctmutils:compileJava', task ':dctmutils:processResources', task ':dctmutils:classes', task ':dctmutils:jar', task ':dctmutils:startScripts', task ':dctmutils:distTar', task ':dctmutils:distZip', task ':dctmutils:assemble', task ':dctmutils:compileTestJava', task ':dctmutils:processTestResources', task ':dctmutils:testClasses', task ':dctmutils:test', task ':dctmutils:check', task ':dctmutils:build']
2025-02-01T10:47:41.117-0500 [INFO] [org.gradle.internal.buildevents.BuildLogger] Tasks that were excluded: []
2025-02-01T10:47:41.117-0500 [DEBUG] [org.gradle.internal.operations.DefaultBuildOperationRunner] Completing Build operation 'Notify task graph whenReady listeners'
2025-02-01T10:47:41.117-0500 [DEBUG] [org.gradle.internal.operations.DefaultBuildOperationRunner] Build operation 'Notify task graph whenReady listeners' completed
2025-02-01T10:47:41.117-0500 [DEBUG] [org.gradle.internal.resources.AbstractTrackedResourceLock] Daemon worker Thread 3: released lock on All projects of :
2025-02-01T10:47:41.117-0500 [DEBUG] [org.gradle.internal.operations.DefaultBuildOperationRunner] Build operation 'Realize task :dctmutils:clean' started
2025-02-01T10:47:41.118-0500 [DEBUG] [org.gradle.internal.operations.DefaultBuildOperationRunner] Build operation 'Execute container callback action' started
2025-02-01T10:47:41.118-0500 [DEBUG] [org.gradle.internal.operations.DefaultBuildOperationRunner] Completing Build operation 'Execute container callback action'
2025-02-01T10:47:41.118-0500 [DEBUG] [org.gradle.internal.operations.DefaultBuildOperationRunner] Build operation 'Execute container callback action' completed
2025-02-01T10:47:41.118-0500 [DEBUG] [org.gradle.internal.operations.DefaultBuildOperationRunner] Completing Build operation 'Realize task :dctmutils:clean'
2025-02-01T10:47:41.118-0500 [DEBUG] [org.gradle.internal.operations.DefaultBuildOperationRunner] Build operation 'Realize task :dctmutils:clean' completed
2025-02-01T10:47:41.118-0500 [DEBUG] [org.gradle.internal.operations.DefaultBuildOperationRunner] Completing Build operation 'Calculate build tree task graph'
2025-02-01T10:47:41.118-0500 [DEBUG] [org.gradle.internal.operations.DefaultBuildOperationRunner] Build operation 'Calculate build tree task graph' completed
2025-02-01T10:47:41.118-0500 [DEBUG] [org.gradle.internal.operations.DefaultBuildOperationRunner] Build operation 'Run main tasks' started
2025-02-01T10:47:41.118-0500 [DEBUG] [org.gradle.internal.resources.AbstractTrackedResourceLock] Daemon worker Thread 3: released lock on worker lease
2025-02-01T10:47:41.119-0500 [DEBUG] [org.gradle.internal.resources.AbstractTrackedResourceLock] included builds: acquired lock on worker lease
2025-02-01T10:47:41.119-0500 [DEBUG] [org.gradle.internal.operations.DefaultBuildOperationRunner] Build operation 'Run tasks' started
2025-02-01T10:47:41.119-0500 [DEBUG] [org.gradle.execution.plan.DefaultPlanExecutor] Using 16 parallel executor threads
2025-02-01T10:47:41.119-0500 [DEBUG] [org.gradle.internal.resources.AbstractTrackedResourceLock] Execution worker Thread 3: acquired lock on worker lease
2025-02-01T10:47:41.119-0500 [DEBUG] [org.gradle.internal.resources.AbstractTrackedResourceLock] Execution worker Thread 3: acquired lock on state of build :
2025-02-01T10:47:41.120-0500 [DEBUG] [org.gradle.internal.resources.AbstractTrackedResourceLock] Execution worker Thread 3: acquired lock on task execution for build :
2025-02-01T10:47:41.120-0500 [DEBUG] [org.gradle.internal.resources.AbstractTrackedResourceLock] Execution worker Thread 6: acquired lock on worker lease
2025-02-01T10:47:41.120-0500 [INFO] [org.gradle.execution.plan.DefaultPlanExecutor] Resolve mutations for :dctmutils:compileJava (Thread[Execution worker Thread 3,5,main]) started.
2025-02-01T10:47:41.120-0500 [DEBUG] [org.gradle.execution.plan.DefaultFinalizedExecutionPlan] Cannot acquire project lock for node Resolve mutations for :dctmutils:processResources
2025-02-01T10:47:41.120-0500 [DEBUG] [org.gradle.execution.plan.DefaultFinalizedExecutionPlan] Cannot acquire project lock for node Resolve mutations for :dctmutils:processResources
2025-02-01T10:47:41.120-0500 [DEBUG] [org.gradle.execution.plan.DefaultFinalizedExecutionPlan] Cannot acquire project lock for node Resolve mutations for :dctmutils:processTestResources
2025-02-01T10:47:41.120-0500 [DEBUG] [org.gradle.internal.resources.AbstractTrackedResourceLock] Execution worker Thread 6: released lock on worker lease
2025-02-01T10:47:41.120-0500 [DEBUG] [org.gradle.internal.operations.DefaultBuildOperationRunner] Build operation 'Resolve mutations for task :dctmutils:compileJava' started
2025-02-01T10:47:41.120-0500 [DEBUG] [org.gradle.internal.resources.AbstractTrackedResourceLock] Execution worker Thread 15: acquired lock on worker lease
2025-02-01T10:47:41.120-0500 [DEBUG] [org.gradle.internal.resources.AbstractTrackedResourceLock] Execution worker Thread 15: released lock on worker lease
2025-02-01T10:47:41.120-0500 [DEBUG] [org.gradle.internal.resources.AbstractTrackedResourceLock] Execution worker Thread 14: acquired lock on worker lease
2025-02-01T10:47:41.120-0500 [DEBUG] [org.gradle.internal.resources.AbstractTrackedResourceLock] Execution worker Thread 14: released lock on worker lease
2025-02-01T10:47:41.121-0500 [DEBUG] [org.gradle.internal.resources.AbstractTrackedResourceLock] Execution worker Thread 13: acquired lock on worker lease
2025-02-01T10:47:41.121-0500 [DEBUG] [org.gradle.internal.resources.AbstractTrackedResourceLock] Execution worker Thread 13: released lock on worker lease
2025-02-01T10:47:41.121-0500 [DEBUG] [org.gradle.internal.resources.AbstractTrackedResourceLock] Execution worker Thread 12: acquired lock on worker lease
2025-02-01T10:47:41.121-0500 [DEBUG] [org.gradle.internal.resources.AbstractTrackedResourceLock] Execution worker Thread 12: released lock on worker lease
2025-02-01T10:47:41.121-0500 [DEBUG] [org.gradle.internal.resources.AbstractTrackedResourceLock] Execution worker Thread 11: acquired lock on worker lease
2025-02-01T10:47:41.121-0500 [DEBUG] [org.gradle.internal.resources.AbstractTrackedResourceLock] Execution worker Thread 11: released lock on worker lease
2025-02-01T10:47:41.121-0500 [DEBUG] [org.gradle.internal.resources.AbstractTrackedResourceLock] Execution worker Thread 10: acquired lock on worker lease
2025-02-01T10:47:41.121-0500 [DEBUG] [org.gradle.internal.resources.AbstractTrackedResourceLock] Execution worker Thread 10: released lock on worker lease
2025-02-01T10:47:41.121-0500 [DEBUG] [org.gradle.internal.resources.AbstractTrackedResourceLock] Execution worker Thread 9: acquired lock on worker lease
2025-02-01T10:47:41.121-0500 [DEBUG] [org.gradle.internal.resources.AbstractTrackedResourceLock] Execution worker Thread 9: released lock on worker lease
2025-02-01T10:47:41.121-0500 [DEBUG] [org.gradle.internal.resources.AbstractTrackedResourceLock] Execution worker Thread 8: acquired lock on worker lease
2025-02-01T10:47:41.121-0500 [DEBUG] [org.gradle.internal.resources.AbstractTrackedResourceLock] Execution worker Thread 8: released lock on worker lease
2025-02-01T10:47:41.121-0500 [DEBUG] [org.gradle.internal.operations.DefaultBuildOperationRunner] Completing Build operation 'Resolve mutations for task :dctmutils:compileJava'
2025-02-01T10:47:41.122-0500 [DEBUG] [org.gradle.internal.operations.DefaultBuildOperationRunner] Build operation 'Resolve mutations for task :dctmutils:compileJava' completed
2025-02-01T10:47:41.122-0500 [DEBUG] [org.gradle.internal.resources.AbstractTrackedResourceLock] Execution worker Thread 7: acquired lock on worker lease
2025-02-01T10:47:41.122-0500 [DEBUG] [org.gradle.internal.resources.AbstractTrackedResourceLock] Execution worker Thread 7: released lock on worker lease
2025-02-01T10:47:41.122-0500 [DEBUG] [org.gradle.internal.resources.AbstractTrackedResourceLock] Execution worker Thread 5: acquired lock on worker lease
2025-02-01T10:47:41.122-0500 [DEBUG] [org.gradle.internal.resources.AbstractTrackedResourceLock] Execution worker Thread 5: released lock on worker lease
2025-02-01T10:47:41.122-0500 [DEBUG] [org.gradle.internal.resources.AbstractTrackedResourceLock] Execution worker Thread 4: acquired lock on worker lease
2025-02-01T10:47:41.122-0500 [DEBUG] [org.gradle.internal.resources.AbstractTrackedResourceLock] Execution worker Thread 4: released lock on worker lease
2025-02-01T10:47:41.122-0500 [DEBUG] [org.gradle.internal.resources.AbstractTrackedResourceLock] Execution worker Thread 2: acquired lock on worker lease
2025-02-01T10:47:41.122-0500 [DEBUG] [org.gradle.internal.resources.AbstractTrackedResourceLock] Execution worker Thread 2: released lock on worker lease
2025-02-01T10:47:41.122-0500 [DEBUG] [org.gradle.internal.resources.AbstractTrackedResourceLock] Execution worker: acquired lock on worker lease
2025-02-01T10:47:41.122-0500 [DEBUG] [org.gradle.internal.resources.AbstractTrackedResourceLock] Execution worker: released lock on worker lease
2025-02-01T10:47:41.122-0500 [DEBUG] [org.gradle.execution.plan.DefaultFinalizedExecutionPlan] Node Resolve mutations for :dctmutils:compileJava completed, executed: true
2025-02-01T10:47:41.122-0500 [DEBUG] [org.gradle.execution.plan.DefaultFinalizedExecutionPlan] Node Resolve mutations for :dctmutils:compileJava finished executing
2025-02-01T10:47:41.122-0500 [DEBUG] [org.gradle.internal.resources.AbstractTrackedResourceLock] Execution worker Thread 3: released lock on state of build :
2025-02-01T10:47:41.122-0500 [DEBUG] [org.gradle.internal.resources.AbstractTrackedResourceLock] Execution worker Thread 3: released lock on task execution for build :
2025-02-01T10:47:41.123-0500 [DEBUG] [org.gradle.internal.resources.AbstractTrackedResourceLock] Execution worker Thread 3: acquired lock on state of build :
2025-02-01T10:47:41.123-0500 [DEBUG] [org.gradle.internal.resources.AbstractTrackedResourceLock] Execution worker Thread 3: acquired lock on task execution for build :
2025-02-01T10:47:41.123-0500 [INFO] [org.gradle.execution.plan.DefaultPlanExecutor] :dctmutils:compileJava (Thread[Execution worker Thread 3,5,main]) started.
2025-02-01T10:47:41.123-0500 [DEBUG] [org.gradle.execution.plan.DefaultFinalizedExecutionPlan] Cannot acquire project lock for node Resolve mutations for :dctmutils:processResources
2025-02-01T10:47:41.123-0500 [DEBUG] [org.gradle.execution.plan.DefaultFinalizedExecutionPlan] Cannot acquire project lock for node Resolve mutations for :dctmutils:processTestResources
2025-02-01T10:47:41.123-0500 [DEBUG] [org.gradle.internal.resources.AbstractTrackedResourceLock] included builds: released lock on worker lease
2025-02-01T10:47:41.123-0500 [DEBUG] [org.gradle.internal.resources.AbstractTrackedResourceLock] Execution worker Thread 14: acquired lock on worker lease
2025-02-01T10:47:41.123-0500 [DEBUG] [org.gradle.internal.resources.AbstractTrackedResourceLock] Execution worker Thread 14: released lock on worker lease
2025-02-01T10:47:41.123-0500 [DEBUG] [org.gradle.internal.resources.AbstractTrackedResourceLock] Execution worker Thread 15: acquired lock on worker lease
2025-02-01T10:47:41.123-0500 [DEBUG] [org.gradle.internal.resources.AbstractTrackedResourceLock] Execution worker Thread 15: released lock on worker lease
2025-02-01T10:47:41.123-0500 [DEBUG] [org.gradle.internal.resources.AbstractTrackedResourceLock] Execution worker Thread 6: acquired lock on worker lease
2025-02-01T10:47:41.123-0500 [DEBUG] [org.gradle.internal.resources.AbstractTrackedResourceLock] Execution worker Thread 6: released lock on worker lease
2025-02-01T10:47:41.123-0500 [DEBUG] [org.gradle.internal.resources.AbstractTrackedResourceLock] Execution worker: acquired lock on worker lease
2025-02-01T10:47:41.123-0500 [DEBUG] [org.gradle.internal.resources.AbstractTrackedResourceLock] Execution worker: released lock on worker lease
2025-02-01T10:47:41.123-0500 [DEBUG] [org.gradle.internal.resources.AbstractTrackedResourceLock] Execution worker Thread 2: acquired lock on worker lease
2025-02-01T10:47:41.123-0500 [DEBUG] [org.gradle.internal.resources.AbstractTrackedResourceLock] Execution worker Thread 2: released lock on worker lease
2025-02-01T10:47:41.123-0500 [DEBUG] [org.gradle.internal.resources.AbstractTrackedResourceLock] Execution worker Thread 4: acquired lock on worker lease
2025-02-01T10:47:41.124-0500 [DEBUG] [org.gradle.internal.resources.AbstractTrackedResourceLock] Execution worker Thread 4: released lock on worker lease
2025-02-01T10:47:41.124-0500 [DEBUG] [org.gradle.cache.internal.DefaultCacheAccess] Creating new cache for executionHistory, path C:\Users\johns\projects\java-dctmutils\.gradle\8.0.2\executionHistory\executionHistory.bin, access org.gradle.cache.internal.DefaultCacheAccess@4ca19f90
2025-02-01T10:47:41.124-0500 [DEBUG] [org.gradle.internal.resources.AbstractTrackedResourceLock] Execution worker Thread 5: acquired lock on worker lease
2025-02-01T10:47:41.124-0500 [DEBUG] [org.gradle.internal.resources.AbstractTrackedResourceLock] Execution worker Thread 5: released lock on worker lease
2025-02-01T10:47:41.124-0500 [DEBUG] [org.gradle.internal.resources.AbstractTrackedResourceLock] Execution worker Thread 7: acquired lock on worker lease
2025-02-01T10:47:41.124-0500 [DEBUG] [org.gradle.internal.resources.AbstractTrackedResourceLock] Execution worker Thread 7: released lock on worker lease
2025-02-01T10:47:41.124-0500 [DEBUG] [org.gradle.internal.resources.AbstractTrackedResourceLock] Execution worker Thread 8: acquired lock on worker lease
2025-02-01T10:47:41.124-0500 [DEBUG] [org.gradle.internal.resources.AbstractTrackedResourceLock] Execution worker Thread 8: released lock on worker lease
2025-02-01T10:47:41.124-0500 [DEBUG] [org.gradle.cache.internal.LockOnDemandCrossProcessCacheAccess] Acquiring file lock for execution history cache (C:\Users\johns\projects\java-dctmutils\.gradle\8.0.2\executionHistory)
2025-02-01T10:47:41.124-0500 [DEBUG] [org.gradle.internal.resources.AbstractTrackedResourceLock] Execution worker Thread 9: acquired lock on worker lease
2025-02-01T10:47:41.124-0500 [DEBUG] [org.gradle.internal.resources.AbstractTrackedResourceLock] Execution worker Thread 9: released lock on worker lease
2025-02-01T10:47:41.124-0500 [DEBUG] [org.gradle.internal.resources.AbstractTrackedResourceLock] Execution worker Thread 10: acquired lock on worker lease
2025-02-01T10:47:41.124-0500 [DEBUG] [org.gradle.internal.resources.AbstractTrackedResourceLock] Execution worker Thread 10: released lock on worker lease
2025-02-01T10:47:41.124-0500 [DEBUG] [org.gradle.internal.resources.AbstractTrackedResourceLock] Execution worker Thread 11: acquired lock on worker lease
2025-02-01T10:47:41.124-0500 [DEBUG] [org.gradle.internal.resources.AbstractTrackedResourceLock] Execution worker Thread 11: released lock on worker lease
2025-02-01T10:47:41.125-0500 [DEBUG] [org.gradle.internal.resources.AbstractTrackedResourceLock] Execution worker Thread 12: acquired lock on worker lease
2025-02-01T10:47:41.125-0500 [DEBUG] [org.gradle.internal.resources.AbstractTrackedResourceLock] Execution worker Thread 12: released lock on worker lease
2025-02-01T10:47:41.125-0500 [DEBUG] [org.gradle.internal.resources.AbstractTrackedResourceLock] Execution worker Thread 13: acquired lock on worker lease
2025-02-01T10:47:41.125-0500 [DEBUG] [org.gradle.internal.resources.AbstractTrackedResourceLock] Execution worker Thread 13: released lock on worker lease
2025-02-01T10:47:41.125-0500 [DEBUG] [org.gradle.cache.internal.DefaultFileLockManager] Waiting to acquire exclusive lock on execution history cache (C:\Users\johns\projects\java-dctmutils\.gradle\8.0.2\executionHistory).
2025-02-01T10:47:41.125-0500 [DEBUG] [org.gradle.cache.internal.DefaultFileLockManager] Lock acquired on execution history cache (C:\Users\johns\projects\java-dctmutils\.gradle\8.0.2\executionHistory).
2025-02-01T10:47:41.126-0500 [DEBUG] [org.gradle.internal.operations.DefaultBuildOperationRunner] Build operation 'Task :dctmutils:compileJava' started
2025-02-01T10:47:41.127-0500 [DEBUG] [org.gradle.internal.operations.DefaultBuildOperationRunner] Build operation 'Snapshot inputs and outputs before executing task ':dctmutils:compileJava'' started
2025-02-01T10:47:41.128-0500 [DEBUG] [org.gradle.internal.operations.DefaultBuildOperationRunner] Build operation 'Resolve dependencies of :dctmutils:compileClasspath' started
2025-02-01T10:47:41.172-0500 [DEBUG] [org.gradle.internal.operations.DefaultBuildOperationRunner] Completing Build operation 'Resolve dependencies of :dctmutils:compileClasspath'
2025-02-01T10:47:41.174-0500 [DEBUG] [org.gradle.internal.operations.DefaultBuildOperationRunner] Build operation 'Resolve files of :dctmutils:compileClasspath' started
2025-02-01T10:47:41.184-0500 [DEBUG] [org.gradle.internal.resources.AbstractTrackedResourceLock] Unconstrained build operations Thread 3: acquired lock on worker lease
2025-02-01T10:47:41.185-0500 [DEBUG] [org.gradle.internal.resources.AbstractTrackedResourceLock] Unconstrained build operations Thread 12: acquired lock on worker lease
2025-02-01T10:47:41.185-0500 [DEBUG] [org.gradle.internal.operations.DefaultBuildOperationRunner] Build operation 'Resolve commons-csv-1.11.0.jar (org.apache.commons:commons-csv:1.11.0)' started
2025-02-01T10:47:41.185-0500 [DEBUG] [org.gradle.internal.resources.AbstractTrackedResourceLock] Unconstrained build operations Thread 17: acquired lock on worker lease
2025-02-01T10:47:41.185-0500 [DEBUG] [org.gradle.internal.operations.DefaultBuildOperationRunner] Build operation 'Resolve failureaccess-1.0.1.jar (com.google.guava:failureaccess:1.0.1)' started
2025-02-01T10:47:41.185-0500 [DEBUG] [org.gradle.internal.operations.DefaultBuildOperationRunner] Build operation 'Resolve j2objc-annotations-1.3.jar (com.google.j2objc:j2objc-annotations:1.3)' started
2025-02-01T10:47:41.185-0500 [DEBUG] [org.gradle.internal.resources.AbstractTrackedResourceLock] Unconstrained build operations Thread 26: acquired lock on worker lease
2025-02-01T10:47:41.185-0500 [DEBUG] [org.gradle.internal.operations.DefaultBuildOperationRunner] Build operation 'Resolve jline-3.16.0.jar (org.jline:jline:3.16.0)' started
2025-02-01T10:47:41.185-0500 [DEBUG] [org.gradle.internal.resources.AbstractTrackedResourceLock] Unconstrained build operations Thread 10: acquired lock on worker lease
2025-02-01T10:47:41.185-0500 [DEBUG] [org.gradle.internal.operations.DefaultBuildOperationRunner] Build operation 'Resolve slf4j-nop-2.0.16.jar (org.slf4j:slf4j-nop:2.0.16)' started
2025-02-01T10:47:41.185-0500 [DEBUG] [org.gradle.internal.resources.AbstractTrackedResourceLock] Unconstrained build operations Thread 9: acquired lock on worker lease
2025-02-01T10:47:41.185-0500 [DEBUG] [org.gradle.internal.resources.AbstractTrackedResourceLock] Unconstrained build operations Thread 8: acquired lock on worker lease
2025-02-01T10:47:41.185-0500 [DEBUG] [org.gradle.internal.operations.DefaultBuildOperationRunner] Build operation 'Resolve progressbar-0.9.0.jar (me.tongfei:progressbar:0.9.0)' started
2025-02-01T10:47:41.186-0500 [DEBUG] [org.gradle.internal.resources.AbstractTrackedResourceLock] Unconstrained build operations Thread 6: acquired lock on worker lease
2025-02-01T10:47:41.186-0500 [DEBUG] [org.gradle.internal.operations.DefaultBuildOperationRunner] Build operation 'Resolve oshi-core-java11-6.6.5.jar (com.github.oshi:oshi-core-java11:6.6.5)' started
2025-02-01T10:47:41.186-0500 [DEBUG] [org.gradle.internal.operations.DefaultBuildOperationRunner] Completing Build operation 'Resolve jline-3.16.0.jar (org.jline:jline:3.16.0)'
2025-02-01T10:47:41.186-0500 [DEBUG] [org.gradle.internal.operations.DefaultBuildOperationRunner] Completing Build operation 'Resolve commons-csv-1.11.0.jar (org.apache.commons:commons-csv:1.11.0)'
2025-02-01T10:47:41.186-0500 [DEBUG] [org.gradle.internal.operations.DefaultBuildOperationRunner] Build operation 'Resolve commons-csv-1.11.0.jar (org.apache.commons:commons-csv:1.11.0)' completed
2025-02-01T10:47:41.186-0500 [DEBUG] [org.gradle.internal.resources.AbstractTrackedResourceLock] Unconstrained build operations Thread 27: acquired lock on worker lease
2025-02-01T10:47:41.186-0500 [DEBUG] [org.gradle.internal.operations.DefaultBuildOperationRunner] Build operation 'Resolve jasypt-1.9.3.jar (org.jasypt:jasypt:1.9.3)' started
2025-02-01T10:47:41.186-0500 [DEBUG] [org.gradle.internal.resources.AbstractTrackedResourceLock] Unconstrained build operations Thread 7: acquired lock on worker lease
2025-02-01T10:47:41.186-0500 [DEBUG] [org.gradle.internal.operations.DefaultBuildOperationRunner] Build operation 'Resolve nitrite-4.3.0.jar (org.dizitart:nitrite:4.3.0)' started
2025-02-01T10:47:41.187-0500 [DEBUG] [org.gradle.internal.operations.DefaultBuildOperationRunner] Completing Build operation 'Resolve slf4j-nop-2.0.16.jar (org.slf4j:slf4j-nop:2.0.16)'
2025-02-01T10:47:41.187-0500 [DEBUG] [org.gradle.internal.operations.DefaultBuildOperationRunner] Build operation 'Resolve slf4j-nop-2.0.16.jar (org.slf4j:slf4j-nop:2.0.16)' completed
2025-02-01T10:47:41.186-0500 [DEBUG] [org.gradle.internal.operations.DefaultBuildOperationRunner] Build operation 'Resolve jline-3.16.0.jar (org.jline:jline:3.16.0)' completed
2025-02-01T10:47:41.187-0500 [DEBUG] [org.gradle.internal.operations.DefaultBuildOperationRunner] Completing Build operation 'Resolve jasypt-1.9.3.jar (org.jasypt:jasypt:1.9.3)'
2025-02-01T10:47:41.187-0500 [DEBUG] [org.gradle.internal.operations.DefaultBuildOperationRunner] Build operation 'Resolve jasypt-1.9.3.jar (org.jasypt:jasypt:1.9.3)' completed
2025-02-01T10:47:41.187-0500 [DEBUG] [org.gradle.internal.operations.DefaultBuildOperationRunner] Completing Build operation 'Resolve oshi-core-java11-6.6.5.jar (com.github.oshi:oshi-core-java11:6.6.5)'
2025-02-01T10:47:41.187-0500 [DEBUG] [org.gradle.internal.operations.DefaultBuildOperationRunner] Build operation 'Resolve oshi-core-java11-6.6.5.jar (com.github.oshi:oshi-core-java11:6.6.5)' completed
2025-02-01T10:47:41.187-0500 [DEBUG] [org.gradle.internal.operations.DefaultBuildOperationRunner] Completing Build operation 'Resolve failureaccess-1.0.1.jar (com.google.guava:failureaccess:1.0.1)'
2025-02-01T10:47:41.187-0500 [DEBUG] [org.gradle.internal.operations.DefaultBuildOperationRunner] Build operation 'Resolve failureaccess-1.0.1.jar (com.google.guava:failureaccess:1.0.1)' completed
2025-02-01T10:47:41.187-0500 [DEBUG] [org.gradle.internal.resources.AbstractTrackedResourceLock] Unconstrained build operations Thread 5: acquired lock on worker lease
2025-02-01T10:47:41.187-0500 [DEBUG] [org.gradle.internal.operations.DefaultBuildOperationRunner] Build operation 'Resolve nitrite-mvstore-adapter-4.3.0.jar (org.dizitart:nitrite-mvstore-adapter:4.3.0)' started
2025-02-01T10:47:41.188-0500 [DEBUG] [org.gradle.internal.resources.AbstractTrackedResourceLock] Unconstrained build operations Thread 4: acquired lock on worker lease
2025-02-01T10:47:41.188-0500 [DEBUG] [org.gradle.internal.operations.DefaultBuildOperationRunner] Build operation 'Resolve commons-io-2.18.0.jar (commons-io:commons-io:2.18.0)' started
2025-02-01T10:47:41.188-0500 [DEBUG] [org.gradle.internal.resources.AbstractTrackedResourceLock] Unconstrained build operations Thread 2: acquired lock on worker lease
2025-02-01T10:47:41.188-0500 [DEBUG] [org.gradle.internal.operations.DefaultBuildOperationRunner] Build operation 'Resolve nitrite-jackson-mapper-4.3.0.jar (org.dizitart:nitrite-jackson-mapper:4.3.0)' started
2025-02-01T10:47:41.188-0500 [DEBUG] [org.gradle.internal.operations.DefaultBuildOperationRunner] Completing Build operation 'Resolve nitrite-4.3.0.jar (org.dizitart:nitrite:4.3.0)'
2025-02-01T10:47:41.188-0500 [DEBUG] [org.gradle.internal.operations.DefaultBuildOperationRunner] Build operation 'Resolve nitrite-4.3.0.jar (org.dizitart:nitrite:4.3.0)' completed
2025-02-01T10:47:41.187-0500 [DEBUG] [org.gradle.internal.operations.DefaultBuildOperationRunner] Completing Build operation 'Resolve j2objc-annotations-1.3.jar (com.google.j2objc:j2objc-annotations:1.3)'
2025-02-01T10:47:41.188-0500 [DEBUG] [org.gradle.internal.operations.DefaultBuildOperationRunner] Build operation 'Resolve j2objc-annotations-1.3.jar (com.google.j2objc:j2objc-annotations:1.3)' completed
2025-02-01T10:47:41.188-0500 [DEBUG] [org.gradle.internal.resources.AbstractTrackedResourceLock] Unconstrained build operations: acquired lock on worker lease
2025-02-01T10:47:41.188-0500 [DEBUG] [org.gradle.internal.operations.DefaultBuildOperationRunner] Build operation 'Resolve argparse4j-0.9.0.jar (net.sourceforge.argparse4j:argparse4j:0.9.0)' started
2025-02-01T10:47:41.189-0500 [DEBUG] [org.gradle.internal.operations.DefaultBuildOperationRunner] Completing Build operation 'Resolve progressbar-0.9.0.jar (me.tongfei:progressbar:0.9.0)'
2025-02-01T10:47:41.189-0500 [DEBUG] [org.gradle.internal.operations.DefaultBuildOperationRunner] Build operation 'Resolve progressbar-0.9.0.jar (me.tongfei:progressbar:0.9.0)' completed
2025-02-01T10:47:41.188-0500 [DEBUG] [org.gradle.internal.resources.AbstractTrackedResourceLock] Unconstrained build operations Thread 17: released lock on worker lease
2025-02-01T10:47:41.188-0500 [DEBUG] [org.gradle.internal.operations.DefaultBuildOperationRunner] Build operation 'Resolve guava-31.1-jre.jar (com.google.guava:guava:31.1-jre)' started
2025-02-01T10:47:41.189-0500 [DEBUG] [org.gradle.internal.operations.DefaultBuildOperationRunner] Completing Build operation 'Resolve commons-io-2.18.0.jar (commons-io:commons-io:2.18.0)'
2025-02-01T10:47:41.189-0500 [DEBUG] [org.gradle.internal.operations.DefaultBuildOperationRunner] Build operation 'Resolve commons-io-2.18.0.jar (commons-io:commons-io:2.18.0)' completed
2025-02-01T10:47:41.189-0500 [DEBUG] [org.gradle.internal.resources.AbstractTrackedResourceLock] Unconstrained build operations Thread 27: released lock on worker lease
2025-02-01T10:47:41.189-0500 [DEBUG] [org.gradle.internal.operations.DefaultBuildOperationRunner] Completing Build operation 'Resolve nitrite-mvstore-adapter-4.3.0.jar (org.dizitart:nitrite-mvstore-adapter:4.3.0)'
2025-02-01T10:47:41.189-0500 [DEBUG] [org.gradle.internal.operations.DefaultBuildOperationRunner] Build operation 'Resolve nitrite-mvstore-adapter-4.3.0.jar (org.dizitart:nitrite-mvstore-adapter:4.3.0)' completed
2025-02-01T10:47:41.189-0500 [DEBUG] [org.gradle.internal.operations.DefaultBuildOperationRunner] Completing Build operation 'Resolve nitrite-jackson-mapper-4.3.0.jar (org.dizitart:nitrite-jackson-mapper:4.3.0)'
2025-02-01T10:47:41.189-0500 [DEBUG] [org.gradle.internal.operations.DefaultBuildOperationRunner] Build operation 'Resolve nitrite-jackson-mapper-4.3.0.jar (org.dizitart:nitrite-jackson-mapper:4.3.0)' completed
2025-02-01T10:47:41.189-0500 [DEBUG] [org.gradle.internal.resources.AbstractTrackedResourceLock] Unconstrained build operations Thread 12: released lock on worker lease
2025-02-01T10:47:41.190-0500 [DEBUG] [org.gradle.internal.resources.AbstractTrackedResourceLock] Unconstrained build operations Thread 8: released lock on worker lease
2025-02-01T10:47:41.190-0500 [DEBUG] [org.gradle.internal.operations.DefaultBuildOperationRunner] Completing Build operation 'Resolve argparse4j-0.9.0.jar (net.sourceforge.argparse4j:argparse4j:0.9.0)'
2025-02-01T10:47:41.190-0500 [DEBUG] [org.gradle.internal.operations.DefaultBuildOperationRunner] Build operation 'Resolve argparse4j-0.9.0.jar (net.sourceforge.argparse4j:argparse4j:0.9.0)' completed
2025-02-01T10:47:41.190-0500 [DEBUG] [org.gradle.internal.operations.DefaultBuildOperationRunner] Completing Build operation 'Resolve guava-31.1-jre.jar (com.google.guava:guava:31.1-jre)'
2025-02-01T10:47:41.190-0500 [DEBUG] [org.gradle.internal.operations.DefaultBuildOperationRunner] Build operation 'Resolve guava-31.1-jre.jar (com.google.guava:guava:31.1-jre)' completed
2025-02-01T10:47:41.190-0500 [DEBUG] [org.gradle.internal.resources.AbstractTrackedResourceLock] Unconstrained build operations Thread 6: released lock on worker lease
2025-02-01T10:47:41.190-0500 [DEBUG] [org.gradle.internal.resources.AbstractTrackedResourceLock] Unconstrained build operations Thread 26: released lock on worker lease
2025-02-01T10:47:41.190-0500 [DEBUG] [org.gradle.internal.resources.AbstractTrackedResourceLock] Unconstrained build operations Thread 10: released lock on worker lease
2025-02-01T10:47:41.190-0500 [DEBUG] [org.gradle.internal.resources.AbstractTrackedResourceLock] Unconstrained build operations Thread 3: released lock on worker lease
2025-02-01T10:47:41.191-0500 [DEBUG] [org.gradle.internal.resources.AbstractTrackedResourceLock] Unconstrained build operations Thread 25: acquired lock on worker lease
2025-02-01T10:47:41.191-0500 [DEBUG] [org.gradle.internal.resources.AbstractTrackedResourceLock] Unconstrained build operations Thread 23: acquired lock on worker lease
2025-02-01T10:47:41.191-0500 [DEBUG] [org.gradle.internal.operations.DefaultBuildOperationRunner] Build operation 'Resolve h2-mvstore-2.2.224.jar (com.h2database:h2-mvstore:2.2.224)' started
2025-02-01T10:47:41.191-0500 [DEBUG] [org.gradle.internal.resources.AbstractTrackedResourceLock] Unconstrained build operations Thread 24: acquired lock on worker lease
2025-02-01T10:47:41.191-0500 [DEBUG] [org.gradle.internal.operations.DefaultBuildOperationRunner] Build operation 'Resolve jackson-databind-2.17.1.jar (com.fasterxml.jackson.core:jackson-databind:2.17.1)' started
2025-02-01T10:47:41.191-0500 [DEBUG] [org.gradle.internal.resources.AbstractTrackedResourceLock] Unconstrained build operations Thread 22: acquired lock on worker lease
2025-02-01T10:47:41.191-0500 [DEBUG] [org.gradle.internal.operations.DefaultBuildOperationRunner] Build operation 'Resolve jackson-core-2.17.1.jar (com.fasterxml.jackson.core:jackson-core:2.17.1)' started
2025-02-01T10:47:41.191-0500 [DEBUG] [org.gradle.internal.operations.DefaultBuildOperationRunner] Build operation 'Resolve jackson-annotations-2.17.1.jar (com.fasterxml.jackson.core:jackson-annotations:2.17.1)' started
2025-02-01T10:47:41.191-0500 [DEBUG] [org.gradle.internal.resources.AbstractTrackedResourceLock] Unconstrained build operations Thread 21: acquired lock on worker lease
2025-02-01T10:47:41.192-0500 [DEBUG] [org.gradle.internal.operations.DefaultBuildOperationRunner] Build operation 'Resolve commons-codec-1.17.0.jar (commons-codec:commons-codec:1.17.0)' started
2025-02-01T10:47:41.192-0500 [DEBUG] [org.gradle.internal.resources.AbstractTrackedResourceLock] Unconstrained build operations Thread 20: acquired lock on worker lease
2025-02-01T10:47:41.192-0500 [DEBUG] [org.gradle.internal.operations.DefaultBuildOperationRunner] Build operation 'Resolve slf4j-api-2.0.16.jar (org.slf4j:slf4j-api:2.0.16)' started
2025-02-01T10:47:41.192-0500 [DEBUG] [org.gradle.internal.resources.AbstractTrackedResourceLock] Unconstrained build operations Thread 19: acquired lock on worker lease
2025-02-01T10:47:41.192-0500 [DEBUG] [org.gradle.internal.operations.DefaultBuildOperationRunner] Build operation 'Resolve jna-jpms-5.15.0.jar (net.java.dev.jna:jna-jpms:5.15.0)' started
2025-02-01T10:47:41.192-0500 [DEBUG] [org.gradle.internal.resources.AbstractTrackedResourceLock] Unconstrained build operations Thread 18: acquired lock on worker lease
2025-02-01T10:47:41.192-0500 [DEBUG] [org.gradle.internal.resources.AbstractTrackedResourceLock] Unconstrained build operations Thread 11: acquired lock on worker lease
2025-02-01T10:47:41.192-0500 [DEBUG] [org.gradle.internal.operations.DefaultBuildOperationRunner] Build operation 'Resolve jna-platform-jpms-5.15.0.jar (net.java.dev.jna:jna-platform-jpms:5.15.0)' started
2025-02-01T10:47:41.192-0500 [DEBUG] [org.gradle.internal.resources.AbstractTrackedResourceLock] Unconstrained build operations Thread 16: acquired lock on worker lease
2025-02-01T10:47:41.192-0500 [DEBUG] [org.gradle.internal.operations.DefaultBuildOperationRunner] Build operation 'Resolve classgraph-4.8.179.jar (io.github.classgraph:classgraph:4.8.179)' started
2025-02-01T10:47:41.193-0500 [DEBUG] [org.gradle.internal.operations.DefaultBuildOperationRunner] Build operation 'Resolve error_prone_annotations-2.11.0.jar (com.google.errorprone:error_prone_annotations:2.11.0)' started
2025-02-01T10:47:41.193-0500 [DEBUG] [org.gradle.internal.resources.AbstractTrackedResourceLock] Unconstrained build operations: released lock on worker lease
2025-02-01T10:47:41.193-0500 [DEBUG] [org.gradle.internal.operations.DefaultBuildOperationRunner] Completing Build operation 'Resolve jackson-core-2.17.1.jar (com.fasterxml.jackson.core:jackson-core:2.17.1)'
2025-02-01T10:47:41.193-0500 [DEBUG] [org.gradle.internal.operations.DefaultBuildOperationRunner] Build operation 'Resolve jackson-core-2.17.1.jar (com.fasterxml.jackson.core:jackson-core:2.17.1)' completed
2025-02-01T10:47:41.193-0500 [DEBUG] [org.gradle.internal.resources.AbstractTrackedResourceLock] Unconstrained build operations Thread 2: released lock on worker lease
2025-02-01T10:47:41.194-0500 [DEBUG] [org.gradle.internal.operations.DefaultBuildOperationRunner] Completing Build operation 'Resolve jackson-annotations-2.17.1.jar (com.fasterxml.jackson.core:jackson-annotations:2.17.1)'
2025-02-01T10:47:41.194-0500 [DEBUG] [org.gradle.internal.operations.DefaultBuildOperationRunner] Build operation 'Resolve jackson-annotations-2.17.1.jar (com.fasterxml.jackson.core:jackson-annotations:2.17.1)' completed
2025-02-01T10:47:41.194-0500 [DEBUG] [org.gradle.internal.operations.DefaultBuildOperationRunner] Completing Build operation 'Resolve h2-mvstore-2.2.224.jar (com.h2database:h2-mvstore:2.2.224)'
2025-02-01T10:47:41.194-0500 [DEBUG] [org.gradle.internal.operations.DefaultBuildOperationRunner] Build operation 'Resolve h2-mvstore-2.2.224.jar (com.h2database:h2-mvstore:2.2.224)' completed
2025-02-01T10:47:41.194-0500 [DEBUG] [org.gradle.internal.resources.AbstractTrackedResourceLock] Unconstrained build operations Thread 5: released lock on worker lease
2025-02-01T10:47:41.194-0500 [DEBUG] [org.gradle.internal.resources.AbstractTrackedResourceLock] Unconstrained build operations Thread 7: released lock on worker lease
2025-02-01T10:47:41.195-0500 [DEBUG] [org.gradle.internal.resources.AbstractTrackedResourceLock] Unconstrained build operations Thread 4: released lock on worker lease
2025-02-01T10:47:41.195-0500 [DEBUG] [org.gradle.internal.operations.DefaultBuildOperationRunner] Completing Build operation 'Resolve jackson-databind-2.17.1.jar (com.fasterxml.jackson.core:jackson-databind:2.17.1)'
2025-02-01T10:47:41.195-0500 [DEBUG] [org.gradle.internal.operations.DefaultBuildOperationRunner] Build operation 'Resolve jackson-databind-2.17.1.jar (com.fasterxml.jackson.core:jackson-databind:2.17.1)' completed
2025-02-01T10:47:41.195-0500 [DEBUG] [org.gradle.internal.operations.DefaultBuildOperationRunner] Completing Build operation 'Resolve commons-codec-1.17.0.jar (commons-codec:commons-codec:1.17.0)'
2025-02-01T10:47:41.195-0500 [DEBUG] [org.gradle.internal.operations.DefaultBuildOperationRunner] Build operation 'Resolve commons-codec-1.17.0.jar (commons-codec:commons-codec:1.17.0)' completed
2025-02-01T10:47:41.195-0500 [DEBUG] [org.gradle.internal.resources.AbstractTrackedResourceLock] Execution worker Thread 13: acquired lock on worker lease
2025-02-01T10:47:41.195-0500 [DEBUG] [org.gradle.internal.operations.DefaultBuildOperationRunner] Completing Build operation 'Resolve slf4j-api-2.0.16.jar (org.slf4j:slf4j-api:2.0.16)'
2025-02-01T10:47:41.195-0500 [DEBUG] [org.gradle.internal.operations.DefaultBuildOperationRunner] Build operation 'Resolve slf4j-api-2.0.16.jar (org.slf4j:slf4j-api:2.0.16)' completed
2025-02-01T10:47:41.196-0500 [DEBUG] [org.gradle.internal.operations.DefaultBuildOperationRunner] Completing Build operation 'Resolve jna-jpms-5.15.0.jar (net.java.dev.jna:jna-jpms:5.15.0)'
2025-02-01T10:47:41.196-0500 [DEBUG] [org.gradle.internal.operations.DefaultBuildOperationRunner] Build operation 'Resolve jna-jpms-5.15.0.jar (net.java.dev.jna:jna-jpms:5.15.0)' completed
2025-02-01T10:47:41.195-0500 [DEBUG] [org.gradle.execution.plan.DefaultFinalizedExecutionPlan] Cannot acquire project lock for node Resolve mutations for :dctmutils:processResources
2025-02-01T10:47:41.196-0500 [DEBUG] [org.gradle.internal.operations.DefaultBuildOperationRunner] Completing Build operation 'Resolve jna-platform-jpms-5.15.0.jar (net.java.dev.jna:jna-platform-jpms:5.15.0)'
2025-02-01T10:47:41.196-0500 [DEBUG] [org.gradle.internal.operations.DefaultBuildOperationRunner] Build operation 'Resolve jna-platform-jpms-5.15.0.jar (net.java.dev.jna:jna-platform-jpms:5.15.0)' completed
2025-02-01T10:47:41.196-0500 [DEBUG] [org.gradle.execution.plan.DefaultFinalizedExecutionPlan] Cannot acquire project lock for node Resolve mutations for :dctmutils:processTestResources
2025-02-01T10:47:41.196-0500 [DEBUG] [org.gradle.internal.operations.DefaultBuildOperationRunner] Completing Build operation 'Resolve classgraph-4.8.179.jar (io.github.classgraph:classgraph:4.8.179)'
2025-02-01T10:47:41.196-0500 [DEBUG] [org.gradle.internal.operations.DefaultBuildOperationRunner] Build operation 'Resolve classgraph-4.8.179.jar (io.github.classgraph:classgraph:4.8.179)' completed
2025-02-01T10:47:41.196-0500 [DEBUG] [org.gradle.internal.resources.AbstractTrackedResourceLock] Execution worker Thread 13: released lock on worker lease
2025-02-01T10:47:41.196-0500 [DEBUG] [org.gradle.internal.resources.AbstractTrackedResourceLock] Execution worker Thread 12: acquired lock on worker lease
2025-02-01T10:47:41.197-0500 [DEBUG] [org.gradle.internal.resources.AbstractTrackedResourceLock] Execution worker Thread 12: released lock on worker lease
2025-02-01T10:47:41.197-0500 [DEBUG] [org.gradle.internal.operations.DefaultBuildOperationRunner] Completing Build operation 'Resolve error_prone_annotations-2.11.0.jar (com.google.errorprone:error_prone_annotations:2.11.0)'
2025-02-01T10:47:41.197-0500 [DEBUG] [org.gradle.internal.operations.DefaultBuildOperationRunner] Build operation 'Resolve error_prone_annotations-2.11.0.jar (com.google.errorprone:error_prone_annotations:2.11.0)' completed
2025-02-01T10:47:41.197-0500 [DEBUG] [org.gradle.internal.resources.AbstractTrackedResourceLock] Execution worker Thread 11: acquired lock on worker lease
2025-02-01T10:47:41.197-0500 [DEBUG] [org.gradle.internal.resources.AbstractTrackedResourceLock] Execution worker Thread 11: released lock on worker lease
2025-02-01T10:47:41.197-0500 [DEBUG] [org.gradle.internal.resources.AbstractTrackedResourceLock] Execution worker Thread 10: acquired lock on worker lease
2025-02-01T10:47:41.197-0500 [DEBUG] [org.gradle.internal.resources.AbstractTrackedResourceLock] Execution worker Thread 10: released lock on worker lease
2025-02-01T10:47:41.197-0500 [DEBUG] [org.gradle.internal.resources.AbstractTrackedResourceLock] Execution worker Thread 9: acquired lock on worker lease
2025-02-01T10:47:41.197-0500 [DEBUG] [org.gradle.internal.resources.AbstractTrackedResourceLock] Execution worker Thread 9: released lock on worker lease
2025-02-01T10:47:41.197-0500 [DEBUG] [org.gradle.internal.resources.AbstractTrackedResourceLock] Execution worker Thread 8: acquired lock on worker lease
2025-02-01T10:47:41.197-0500 [DEBUG] [org.gradle.internal.resources.AbstractTrackedResourceLock] Execution worker Thread 8: released lock on worker lease
2025-02-01T10:47:41.197-0500 [DEBUG] [org.gradle.internal.resources.AbstractTrackedResourceLock] Execution worker Thread 7: acquired lock on worker lease
2025-02-01T10:47:41.197-0500 [DEBUG] [org.gradle.internal.resources.AbstractTrackedResourceLock] Execution worker Thread 7: released lock on worker lease
2025-02-01T10:47:41.197-0500 [DEBUG] [org.gradle.internal.resources.AbstractTrackedResourceLock] Execution worker Thread 5: acquired lock on worker lease
2025-02-01T10:47:41.197-0500 [DEBUG] [org.gradle.internal.resources.AbstractTrackedResourceLock] Execution worker Thread 5: released lock on worker lease
2025-02-01T10:47:41.198-0500 [DEBUG] [org.gradle.internal.resources.AbstractTrackedResourceLock] Execution worker Thread 4: acquired lock on worker lease
2025-02-01T10:47:41.198-0500 [DEBUG] [org.gradle.internal.resources.AbstractTrackedResourceLock] Execution worker Thread 4: released lock on worker lease
2025-02-01T10:47:41.198-0500 [DEBUG] [org.gradle.internal.resources.AbstractTrackedResourceLock] Execution worker Thread 2: acquired lock on worker lease
2025-02-01T10:47:41.198-0500 [DEBUG] [org.gradle.internal.resources.AbstractTrackedResourceLock] Execution worker Thread 2: released lock on worker lease
2025-02-01T10:47:41.198-0500 [DEBUG] [org.gradle.internal.resources.AbstractTrackedResourceLock] Execution worker: acquired lock on worker lease
2025-02-01T10:47:41.198-0500 [DEBUG] [org.gradle.internal.resources.AbstractTrackedResourceLock] Execution worker: released lock on worker lease
2025-02-01T10:47:41.198-0500 [DEBUG] [org.gradle.internal.resources.AbstractTrackedResourceLock] Execution worker Thread 6: acquired lock on worker lease
2025-02-01T10:47:41.198-0500 [DEBUG] [org.gradle.internal.resources.AbstractTrackedResourceLock] Execution worker Thread 6: released lock on worker lease
2025-02-01T10:47:41.198-0500 [DEBUG] [org.gradle.internal.resources.AbstractTrackedResourceLock] Execution worker Thread 15: acquired lock on worker lease
2025-02-01T10:47:41.198-0500 [DEBUG] [org.gradle.internal.resources.AbstractTrackedResourceLock] Execution worker Thread 15: released lock on worker lease
2025-02-01T10:47:41.198-0500 [DEBUG] [org.gradle.internal.resources.AbstractTrackedResourceLock] Execution worker Thread 14: acquired lock on worker lease
2025-02-01T10:47:41.198-0500 [DEBUG] [org.gradle.internal.resources.AbstractTrackedResourceLock] Execution worker Thread 14: released lock on worker lease
2025-02-01T10:47:41.198-0500 [DEBUG] [org.gradle.internal.resources.AbstractTrackedResourceLock] included builds: acquired lock on worker lease
2025-02-01T10:47:41.198-0500 [DEBUG] [org.gradle.internal.resources.AbstractTrackedResourceLock] included builds: released lock on worker lease
2025-02-01T10:47:41.199-0500 [DEBUG] [org.gradle.internal.resources.AbstractTrackedResourceLock] Unconstrained build operations Thread 9: released lock on worker lease
2025-02-01T10:47:41.199-0500 [DEBUG] [org.gradle.internal.resources.AbstractTrackedResourceLock] Execution worker Thread 13: acquired lock on worker lease
2025-02-01T10:47:41.199-0500 [DEBUG] [org.gradle.internal.resources.AbstractTrackedResourceLock] Execution worker Thread 13: released lock on worker lease
2025-02-01T10:47:41.199-0500 [DEBUG] [org.gradle.internal.resources.AbstractTrackedResourceLock] included builds: acquired lock on worker lease
2025-02-01T10:47:41.199-0500 [DEBUG] [org.gradle.internal.resources.AbstractTrackedResourceLock] included builds: released lock on worker lease
2025-02-01T10:47:41.199-0500 [DEBUG] [org.gradle.internal.resources.AbstractTrackedResourceLock] Execution worker Thread 14: acquired lock on worker lease
2025-02-01T10:47:41.199-0500 [DEBUG] [org.gradle.internal.resources.AbstractTrackedResourceLock] Execution worker Thread 14: released lock on worker lease
2025-02-01T10:47:41.199-0500 [DEBUG] [org.gradle.internal.resources.AbstractTrackedResourceLock] Execution worker Thread 15: acquired lock on worker lease
2025-02-01T10:47:41.199-0500 [DEBUG] [org.gradle.internal.resources.AbstractTrackedResourceLock] Execution worker Thread 15: released lock on worker lease
2025-02-01T10:47:41.199-0500 [DEBUG] [org.gradle.internal.resources.AbstractTrackedResourceLock] Execution worker Thread 6: acquired lock on worker lease
2025-02-01T10:47:41.199-0500 [DEBUG] [org.gradle.internal.resources.AbstractTrackedResourceLock] Execution worker Thread 6: released lock on worker lease
2025-02-01T10:47:41.199-0500 [DEBUG] [org.gradle.internal.resources.AbstractTrackedResourceLock] Execution worker: acquired lock on worker lease
2025-02-01T10:47:41.199-0500 [DEBUG] [org.gradle.internal.resources.AbstractTrackedResourceLock] Execution worker: released lock on worker lease
2025-02-01T10:47:41.200-0500 [DEBUG] [org.gradle.internal.resources.AbstractTrackedResourceLock] Execution worker Thread 2: acquired lock on worker lease
2025-02-01T10:47:41.200-0500 [DEBUG] [org.gradle.internal.resources.AbstractTrackedResourceLock] Execution worker Thread 2: released lock on worker lease
2025-02-01T10:47:41.200-0500 [DEBUG] [org.gradle.internal.resources.AbstractTrackedResourceLock] Execution worker Thread 4: acquired lock on worker lease
2025-02-01T10:47:41.200-0500 [DEBUG] [org.gradle.internal.resources.AbstractTrackedResourceLock] Execution worker Thread 4: released lock on worker lease
2025-02-01T10:47:41.200-0500 [DEBUG] [org.gradle.internal.resources.AbstractTrackedResourceLock] Execution worker Thread 5: acquired lock on worker lease
2025-02-01T10:47:41.200-0500 [DEBUG] [org.gradle.internal.resources.AbstractTrackedResourceLock] Execution worker Thread 5: released lock on worker lease
2025-02-01T10:47:41.200-0500 [DEBUG] [org.gradle.internal.resources.AbstractTrackedResourceLock] Execution worker Thread 7: acquired lock on worker lease
2025-02-01T10:47:41.200-0500 [DEBUG] [org.gradle.internal.resources.AbstractTrackedResourceLock] Execution worker Thread 7: released lock on worker lease
2025-02-01T10:47:41.200-0500 [DEBUG] [org.gradle.internal.resources.AbstractTrackedResourceLock] Execution worker Thread 8: acquired lock on worker lease
2025-02-01T10:47:41.200-0500 [DEBUG] [org.gradle.internal.resources.AbstractTrackedResourceLock] Execution worker Thread 8: released lock on worker lease
2025-02-01T10:47:41.200-0500 [DEBUG] [org.gradle.internal.resources.AbstractTrackedResourceLock] Execution worker Thread 9: acquired lock on worker lease
2025-02-01T10:47:41.200-0500 [DEBUG] [org.gradle.internal.resources.AbstractTrackedResourceLock] Execution worker Thread 9: released lock on worker lease
2025-02-01T10:47:41.201-0500 [DEBUG] [org.gradle.internal.resources.AbstractTrackedResourceLock] Execution worker Thread 10: acquired lock on worker lease
2025-02-01T10:47:41.201-0500 [DEBUG] [org.gradle.internal.resources.AbstractTrackedResourceLock] Execution worker Thread 10: released lock on worker lease
2025-02-01T10:47:41.201-0500 [DEBUG] [org.gradle.internal.resources.AbstractTrackedResourceLock] Execution worker Thread 11: acquired lock on worker lease
2025-02-01T10:47:41.201-0500 [DEBUG] [org.gradle.internal.resources.AbstractTrackedResourceLock] Execution worker Thread 11: released lock on worker lease
2025-02-01T10:47:41.201-0500 [DEBUG] [org.gradle.internal.resources.AbstractTrackedResourceLock] Execution worker Thread 12: acquired lock on worker lease
2025-02-01T10:47:41.201-0500 [DEBUG] [org.gradle.internal.resources.AbstractTrackedResourceLock] Execution worker Thread 12: released lock on worker lease
2025-02-01T10:47:41.201-0500 [DEBUG] [org.gradle.internal.resources.AbstractTrackedResourceLock] Unconstrained build operations Thread 16: released lock on worker lease
2025-02-01T10:47:41.201-0500 [DEBUG] [org.gradle.internal.resources.AbstractTrackedResourceLock] Unconstrained build operations Thread 11: released lock on worker lease
2025-02-01T10:47:41.201-0500 [DEBUG] [org.gradle.internal.resources.AbstractTrackedResourceLock] Unconstrained build operations Thread 18: released lock on worker lease
2025-02-01T10:47:41.201-0500 [DEBUG] [org.gradle.internal.resources.AbstractTrackedResourceLock] Unconstrained build operations Thread 19: released lock on worker lease
2025-02-01T10:47:41.201-0500 [DEBUG] [org.gradle.internal.resources.AbstractTrackedResourceLock] Unconstrained build operations Thread 20: released lock on worker lease
2025-02-01T10:47:41.201-0500 [DEBUG] [org.gradle.internal.resources.AbstractTrackedResourceLock] Unconstrained build operations Thread 21: released lock on worker lease
2025-02-01T10:47:41.202-0500 [DEBUG] [org.gradle.internal.resources.AbstractTrackedResourceLock] Unconstrained build operations Thread 23: released lock on worker lease
2025-02-01T10:47:41.202-0500 [DEBUG] [org.gradle.internal.resources.AbstractTrackedResourceLock] Unconstrained build operations Thread 25: released lock on worker lease
2025-02-01T10:47:41.202-0500 [DEBUG] [org.gradle.internal.resources.AbstractTrackedResourceLock] Unconstrained build operations Thread 22: released lock on worker lease
2025-02-01T10:47:41.202-0500 [DEBUG] [org.gradle.internal.resources.AbstractTrackedResourceLock] Unconstrained build operations Thread 24: released lock on worker lease
2025-02-01T10:47:41.202-0500 [DEBUG] [org.gradle.internal.resources.AbstractTrackedResourceLock] Unconstrained build operations Thread 13: acquired lock on worker lease
2025-02-01T10:47:41.202-0500 [DEBUG] [org.gradle.internal.resources.AbstractTrackedResourceLock] Unconstrained build operations Thread 14: acquired lock on worker lease
2025-02-01T10:47:41.202-0500 [DEBUG] [org.gradle.internal.operations.DefaultBuildOperationRunner] Build operation 'Resolve listenablefuture-9999.0-empty-to-avoid-conflict-with-guava.jar (com.google.guava:listenablefuture:9999.0-empty-to-avoid-conflict-with-guava)' started
2025-02-01T10:47:41.202-0500 [DEBUG] [org.gradle.internal.resources.AbstractTrackedResourceLock] Unconstrained build operations Thread 15: acquired lock on worker lease
2025-02-01T10:47:41.202-0500 [DEBUG] [org.gradle.internal.operations.DefaultBuildOperationRunner] Build operation 'Resolve jsr305-3.0.2.jar (com.google.code.findbugs:jsr305:3.0.2)' started
2025-02-01T10:47:41.202-0500 [DEBUG] [org.gradle.internal.operations.DefaultBuildOperationRunner] Build operation 'Resolve checker-qual-3.12.0.jar (org.checkerframework:checker-qual:3.12.0)' started
2025-02-01T10:47:41.202-0500 [DEBUG] [org.gradle.internal.resources.AbstractTrackedResourceLock] Execution worker Thread 12: acquired lock on worker lease
2025-02-01T10:47:41.203-0500 [DEBUG] [org.gradle.internal.resources.AbstractTrackedResourceLock] Execution worker Thread 12: released lock on worker lease
2025-02-01T10:47:41.203-0500 [DEBUG] [org.gradle.internal.resources.AbstractTrackedResourceLock] Execution worker Thread 11: acquired lock on worker lease
2025-02-01T10:47:41.203-0500 [DEBUG] [org.gradle.internal.resources.AbstractTrackedResourceLock] Execution worker Thread 11: released lock on worker lease
2025-02-01T10:47:41.203-0500 [DEBUG] [org.gradle.internal.resources.AbstractTrackedResourceLock] Execution worker Thread 10: acquired lock on worker lease
2025-02-01T10:47:41.203-0500 [DEBUG] [org.gradle.internal.resources.AbstractTrackedResourceLock] Execution worker Thread 10: released lock on worker lease
2025-02-01T10:47:41.203-0500 [DEBUG] [org.gradle.internal.resources.AbstractTrackedResourceLock] Execution worker Thread 9: acquired lock on worker lease
2025-02-01T10:47:41.203-0500 [DEBUG] [org.gradle.internal.resources.AbstractTrackedResourceLock] Execution worker Thread 9: released lock on worker lease
2025-02-01T10:47:41.203-0500 [DEBUG] [org.gradle.internal.operations.DefaultBuildOperationRunner] Completing Build operation 'Resolve listenablefuture-9999.0-empty-to-avoid-conflict-with-guava.jar (com.google.guava:listenablefuture:9999.0-empty-to-avoid-conflict-with-guava)'
2025-02-01T10:47:41.203-0500 [DEBUG] [org.gradle.internal.operations.DefaultBuildOperationRunner] Build operation 'Resolve listenablefuture-9999.0-empty-to-avoid-conflict-with-guava.jar (com.google.guava:listenablefuture:9999.0-empty-to-avoid-conflict-with-guava)' completed
2025-02-01T10:47:41.203-0500 [DEBUG] [org.gradle.internal.resources.AbstractTrackedResourceLock] Execution worker Thread 8: acquired lock on worker lease
2025-02-01T10:47:41.204-0500 [DEBUG] [org.gradle.internal.resources.AbstractTrackedResourceLock] Execution worker Thread 8: released lock on worker lease
2025-02-01T10:47:41.204-0500 [DEBUG] [org.gradle.internal.operations.DefaultBuildOperationRunner] Completing Build operation 'Resolve jsr305-3.0.2.jar (com.google.code.findbugs:jsr305:3.0.2)'
2025-02-01T10:47:41.204-0500 [DEBUG] [org.gradle.internal.operations.DefaultBuildOperationRunner] Build operation 'Resolve jsr305-3.0.2.jar (com.google.code.findbugs:jsr305:3.0.2)' completed
2025-02-01T10:47:41.204-0500 [DEBUG] [org.gradle.internal.resources.AbstractTrackedResourceLock] Execution worker Thread 7: acquired lock on worker lease
2025-02-01T10:47:41.204-0500 [DEBUG] [org.gradle.internal.resources.AbstractTrackedResourceLock] Execution worker Thread 7: released lock on worker lease
2025-02-01T10:47:41.204-0500 [DEBUG] [org.gradle.internal.operations.DefaultBuildOperationRunner] Completing Build operation 'Resolve checker-qual-3.12.0.jar (org.checkerframework:checker-qual:3.12.0)'
2025-02-01T10:47:41.204-0500 [DEBUG] [org.gradle.internal.resources.AbstractTrackedResourceLock] Execution worker Thread 5: acquired lock on worker lease
2025-02-01T10:47:41.204-0500 [DEBUG] [org.gradle.internal.operations.DefaultBuildOperationRunner] Build operation 'Resolve checker-qual-3.12.0.jar (org.checkerframework:checker-qual:3.12.0)' completed
2025-02-01T10:47:41.204-0500 [DEBUG] [org.gradle.internal.resources.AbstractTrackedResourceLock] Execution worker Thread 5: released lock on worker lease
2025-02-01T10:47:41.204-0500 [DEBUG] [org.gradle.internal.resources.AbstractTrackedResourceLock] Execution worker Thread 4: acquired lock on worker lease
2025-02-01T10:47:41.204-0500 [DEBUG] [org.gradle.internal.resources.AbstractTrackedResourceLock] Execution worker Thread 4: released lock on worker lease
2025-02-01T10:47:41.204-0500 [DEBUG] [org.gradle.internal.resources.AbstractTrackedResourceLock] Execution worker Thread 2: acquired lock on worker lease
2025-02-01T10:47:41.205-0500 [DEBUG] [org.gradle.internal.resources.AbstractTrackedResourceLock] Execution worker Thread 2: released lock on worker lease
2025-02-01T10:47:41.205-0500 [DEBUG] [org.gradle.internal.resources.AbstractTrackedResourceLock] Execution worker: acquired lock on worker lease
2025-02-01T10:47:41.205-0500 [DEBUG] [org.gradle.internal.resources.AbstractTrackedResourceLock] Execution worker: released lock on worker lease
2025-02-01T10:47:41.205-0500 [DEBUG] [org.gradle.internal.resources.AbstractTrackedResourceLock] Execution worker Thread 6: acquired lock on worker lease
2025-02-01T10:47:41.205-0500 [DEBUG] [org.gradle.internal.resources.AbstractTrackedResourceLock] Execution worker Thread 6: released lock on worker lease
2025-02-01T10:47:41.205-0500 [DEBUG] [org.gradle.internal.resources.AbstractTrackedResourceLock] Execution worker Thread 15: acquired lock on worker lease
2025-02-01T10:47:41.205-0500 [DEBUG] [org.gradle.internal.resources.AbstractTrackedResourceLock] Execution worker Thread 15: released lock on worker lease
2025-02-01T10:47:41.205-0500 [DEBUG] [org.gradle.internal.resources.AbstractTrackedResourceLock] Execution worker Thread 14: acquired lock on worker lease
2025-02-01T10:47:41.205-0500 [DEBUG] [org.gradle.internal.resources.AbstractTrackedResourceLock] Execution worker Thread 14: released lock on worker lease
2025-02-01T10:47:41.205-0500 [DEBUG] [org.gradle.internal.resources.AbstractTrackedResourceLock] included builds: acquired lock on worker lease
2025-02-01T10:47:41.205-0500 [DEBUG] [org.gradle.internal.resources.AbstractTrackedResourceLock] included builds: released lock on worker lease
2025-02-01T10:47:41.205-0500 [DEBUG] [org.gradle.internal.resources.AbstractTrackedResourceLock] Execution worker Thread 13: acquired lock on worker lease
2025-02-01T10:47:41.205-0500 [DEBUG] [org.gradle.internal.resources.AbstractTrackedResourceLock] Execution worker Thread 13: released lock on worker lease
2025-02-01T10:47:41.205-0500 [DEBUG] [org.gradle.internal.resources.AbstractTrackedResourceLock] Unconstrained build operations Thread 15: released lock on worker lease
2025-02-01T10:47:41.206-0500 [DEBUG] [org.gradle.internal.resources.AbstractTrackedResourceLock] Unconstrained build operations Thread 14: released lock on worker lease
2025-02-01T10:47:41.206-0500 [DEBUG] [org.gradle.internal.resources.AbstractTrackedResourceLock] Unconstrained build operations Thread 13: released lock on worker lease
2025-02-01T10:47:41.206-0500 [DEBUG] [org.gradle.internal.resources.AbstractTrackedResourceLock] Execution worker Thread 13: acquired lock on worker lease
2025-02-01T10:47:41.206-0500 [DEBUG] [org.gradle.internal.resources.AbstractTrackedResourceLock] Execution worker Thread 13: released lock on worker lease
2025-02-01T10:47:41.206-0500 [DEBUG] [org.gradle.internal.resources.AbstractTrackedResourceLock] included builds: acquired lock on worker lease
2025-02-01T10:47:41.206-0500 [DEBUG] [org.gradle.internal.resources.AbstractTrackedResourceLock] included builds: released lock on worker lease
2025-02-01T10:47:41.206-0500 [DEBUG] [org.gradle.internal.resources.AbstractTrackedResourceLock] Execution worker Thread 14: acquired lock on worker lease
2025-02-01T10:47:41.206-0500 [DEBUG] [org.gradle.internal.resources.AbstractTrackedResourceLock] Execution worker Thread 14: released lock on worker lease
2025-02-01T10:47:41.206-0500 [DEBUG] [org.gradle.internal.resources.AbstractTrackedResourceLock] Execution worker Thread 15: acquired lock on worker lease
2025-02-01T10:47:41.206-0500 [DEBUG] [org.gradle.internal.resources.AbstractTrackedResourceLock] Execution worker Thread 15: released lock on worker lease
2025-02-01T10:47:41.206-0500 [DEBUG] [org.gradle.internal.resources.AbstractTrackedResourceLock] Execution worker Thread 6: acquired lock on worker lease
2025-02-01T10:47:41.206-0500 [DEBUG] [org.gradle.internal.resources.AbstractTrackedResourceLock] Execution worker Thread 6: released lock on worker lease
2025-02-01T10:47:41.206-0500 [DEBUG] [org.gradle.internal.resources.AbstractTrackedResourceLock] Execution worker: acquired lock on worker lease
2025-02-01T10:47:41.206-0500 [DEBUG] [org.gradle.internal.resources.AbstractTrackedResourceLock] Execution worker: released lock on worker lease
2025-02-01T10:47:41.206-0500 [DEBUG] [org.gradle.internal.resources.AbstractTrackedResourceLock] Execution worker Thread 2: acquired lock on worker lease
2025-02-01T10:47:41.206-0500 [DEBUG] [org.gradle.internal.resources.AbstractTrackedResourceLock] Execution worker Thread 2: released lock on worker lease
2025-02-01T10:47:41.206-0500 [DEBUG] [org.gradle.internal.resources.AbstractTrackedResourceLock] Execution worker Thread 4: acquired lock on worker lease
2025-02-01T10:47:41.207-0500 [DEBUG] [org.gradle.internal.resources.AbstractTrackedResourceLock] Execution worker Thread 4: released lock on worker lease
2025-02-01T10:47:41.207-0500 [DEBUG] [org.gradle.internal.resources.AbstractTrackedResourceLock] Execution worker Thread 5: acquired lock on worker lease
2025-02-01T10:47:41.207-0500 [DEBUG] [org.gradle.internal.resources.AbstractTrackedResourceLock] Execution worker Thread 5: released lock on worker lease
2025-02-01T10:47:41.207-0500 [DEBUG] [org.gradle.internal.resources.AbstractTrackedResourceLock] Execution worker Thread 7: acquired lock on worker lease
2025-02-01T10:47:41.207-0500 [DEBUG] [org.gradle.internal.resources.AbstractTrackedResourceLock] Execution worker Thread 7: released lock on worker lease
2025-02-01T10:47:41.207-0500 [DEBUG] [org.gradle.internal.resources.AbstractTrackedResourceLock] Execution worker Thread 8: acquired lock on worker lease
2025-02-01T10:47:41.207-0500 [DEBUG] [org.gradle.internal.resources.AbstractTrackedResourceLock] Execution worker Thread 8: released lock on worker lease
2025-02-01T10:47:41.207-0500 [DEBUG] [org.gradle.internal.resources.AbstractTrackedResourceLock] Execution worker Thread 9: acquired lock on worker lease
2025-02-01T10:47:41.207-0500 [DEBUG] [org.gradle.internal.resources.AbstractTrackedResourceLock] Execution worker Thread 9: released lock on worker lease
2025-02-01T10:47:41.207-0500 [DEBUG] [org.gradle.internal.resources.AbstractTrackedResourceLock] Execution worker Thread 10: acquired lock on worker lease
2025-02-01T10:47:41.207-0500 [DEBUG] [org.gradle.internal.resources.AbstractTrackedResourceLock] Execution worker Thread 10: released lock on worker lease
2025-02-01T10:47:41.207-0500 [DEBUG] [org.gradle.internal.resources.AbstractTrackedResourceLock] Execution worker Thread 11: acquired lock on worker lease
2025-02-01T10:47:41.207-0500 [DEBUG] [org.gradle.internal.resources.AbstractTrackedResourceLock] Execution worker Thread 11: released lock on worker lease
2025-02-01T10:47:41.207-0500 [DEBUG] [org.gradle.internal.resources.AbstractTrackedResourceLock] Execution worker Thread 12: acquired lock on worker lease
2025-02-01T10:47:41.207-0500 [DEBUG] [org.gradle.internal.resources.AbstractTrackedResourceLock] Execution worker Thread 12: released lock on worker lease
2025-02-01T10:47:41.212-0500 [DEBUG] [org.gradle.internal.operations.DefaultBuildOperationRunner] Completing Build operation 'Resolve files of :dctmutils:compileClasspath'
2025-02-01T10:47:41.213-0500 [DEBUG] [org.gradle.internal.operations.DefaultBuildOperationRunner] Build operation 'Resolve dependencies of :dctmutils:annotationProcessor' started
2025-02-01T10:47:41.213-0500 [DEBUG] [org.gradle.internal.operations.DefaultBuildOperationRunner] Completing Build operation 'Resolve dependencies of :dctmutils:annotationProcessor'
2025-02-01T10:47:41.213-0500 [DEBUG] [org.gradle.internal.operations.DefaultBuildOperationRunner] Completing Build operation 'Snapshot inputs and outputs before executing task ':dctmutils:compileJava''
2025-02-01T10:47:41.214-0500 [DEBUG] [org.gradle.internal.operations.DefaultBuildOperationRunner] Build operation 'Resolve files of :dctmutils:compileClasspath' started
2025-02-01T10:47:41.220-0500 [DEBUG] [org.gradle.internal.operations.DefaultBuildOperationRunner] Completing Build operation 'Resolve files of :dctmutils:compileClasspath'
2025-02-01T10:47:41.126-0500 [LIFECYCLE] [class org.gradle.internal.buildevents.TaskExecutionLogger] 
2025-02-01T10:47:41.126-0500 [LIFECYCLE] [class org.gradle.internal.buildevents.TaskExecutionLogger] > Task :dctmutils:compileJava UP-TO-DATE
2025-02-01T10:47:41.126-0500 [DEBUG] [org.gradle.api.internal.tasks.execution.ResolveTaskExecutionModeExecuter] Putting task artifact state for task ':dctmutils:compileJava' into context took 0.0 secs.
2025-02-01T10:47:41.128-0500 [DEBUG] [org.gradle.internal.execution.steps.CaptureStateBeforeExecutionStep] Implementation for task ':dctmutils:compileJava': org.gradle.api.tasks.compile.JavaCompile_Decorated@21f03edc25576a21abd02f15a6385d89
2025-02-01T10:47:41.128-0500 [DEBUG] [org.gradle.internal.execution.steps.CaptureStateBeforeExecutionStep] Additional implementations for task ':dctmutils:compileJava': [org.gradle.api.tasks.compile.JavaCompile_Decorated@21f03edc25576a21abd02f15a6385d89]
2025-02-01T10:47:41.131-0500 [DEBUG] [org.gradle.api.internal.artifacts.ivyservice.resolveengine.DefaultArtifactDependencyResolver] Resolving configuration ':dctmutils:compileClasspath'
2025-02-01T10:47:41.131-0500 [DEBUG] [org.gradle.api.internal.artifacts.ivyservice.modulecache.ResolvedArtifactCaches] Creating new in-memory cache for repo 'MavenRepo' [a8be1fe3b3911d3d3425fe720cf42835].
2025-02-01T10:47:41.132-0500 [DEBUG] [org.gradle.api.internal.artifacts.ivyservice.resolveengine.graph.builder.DependencyGraphBuilder] Visiting configuration java-dctmutils:dctmutils:unspecified(compileClasspath).
2025-02-01T10:47:41.140-0500 [DEBUG] [org.gradle.api.internal.artifacts.ivyservice.ivyresolve.RepositoryChainComponentMetaDataResolver] Attempting to resolve component for com.google.guava:guava:31.1-jre using repositories [MavenRepo]
2025-02-01T10:47:41.140-0500 [DEBUG] [org.gradle.api.internal.artifacts.ivyservice.ivyresolve.CachingModuleComponentRepository] Using cached module metadata for module 'com.google.guava:guava:31.1-jre' in 'MavenRepo'
2025-02-01T10:47:41.140-0500 [DEBUG] [org.gradle.api.internal.artifacts.ivyservice.ivyresolve.RepositoryChainComponentMetaDataResolver] Using com.google.guava:guava:31.1-jre from Maven repository 'MavenRepo'
2025-02-01T10:47:41.141-0500 [DEBUG] [org.gradle.internal.component.model.LoggingAttributeMatchingExplanationBuilder] Candidate com.google.guava:guava:31.1-jre configuration compile doesn't have attribute org.gradle.dependency.bundling
2025-02-01T10:47:41.141-0500 [DEBUG] [org.gradle.internal.component.model.LoggingAttributeMatchingExplanationBuilder] Candidate com.google.guava:guava:31.1-jre configuration compile doesn't have attribute org.gradle.jvm.environment
2025-02-01T10:47:41.141-0500 [DEBUG] [org.gradle.internal.component.model.LoggingAttributeMatchingExplanationBuilder] Candidate com.google.guava:guava:31.1-jre configuration compile doesn't have attribute org.gradle.jvm.version
2025-02-01T10:47:41.141-0500 [DEBUG] [org.gradle.internal.component.model.LoggingAttributeMatchingExplanationBuilder] Candidate com.google.guava:guava:31.1-jre configuration runtime doesn't have attribute org.gradle.dependency.bundling
2025-02-01T10:47:41.141-0500 [DEBUG] [org.gradle.internal.component.model.LoggingAttributeMatchingExplanationBuilder] Candidate com.google.guava:guava:31.1-jre configuration runtime doesn't have attribute org.gradle.jvm.environment
2025-02-01T10:47:41.141-0500 [DEBUG] [org.gradle.internal.component.model.LoggingAttributeMatchingExplanationBuilder] Candidate com.google.guava:guava:31.1-jre configuration runtime doesn't have attribute org.gradle.jvm.version
2025-02-01T10:47:41.141-0500 [DEBUG] [org.gradle.internal.component.model.LoggingAttributeMatchingExplanationBuilder] Candidate com.google.guava:guava:31.1-jre configuration sources attribute org.gradle.category value {org.gradle.category=documentation, org.gradle.status=release} doesn't requested value library
2025-02-01T10:47:41.141-0500 [DEBUG] [org.gradle.internal.component.model.LoggingAttributeMatchingExplanationBuilder] Candidate com.google.guava:guava:31.1-jre configuration javadoc attribute org.gradle.category value {org.gradle.category=documentation, org.gradle.status=release} doesn't requested value library
2025-02-01T10:47:41.141-0500 [DEBUG] [org.gradle.internal.component.model.LoggingAttributeMatchingExplanationBuilder] Candidate com.google.guava:guava:31.1-jre configuration platform-compile attribute org.gradle.category value {org.gradle.category=platform, org.gradle.status=release, org.gradle.usage=java-api} doesn't requested value library
2025-02-01T10:47:41.141-0500 [DEBUG] [org.gradle.internal.component.model.LoggingAttributeMatchingExplanationBuilder] Candidate com.google.guava:guava:31.1-jre configuration platform-runtime attribute org.gradle.category value {org.gradle.category=platform, org.gradle.status=release, org.gradle.usage=java-runtime} doesn't requested value library
2025-02-01T10:47:41.141-0500 [DEBUG] [org.gradle.internal.component.model.LoggingAttributeMatchingExplanationBuilder] Candidate com.google.guava:guava:31.1-jre configuration enforced-platform-compile attribute org.gradle.category value {org.gradle.category=enforced-platform, org.gradle.status=release, org.gradle.usage=java-api} doesn't requested value library
2025-02-01T10:47:41.141-0500 [DEBUG] [org.gradle.internal.component.model.LoggingAttributeMatchingExplanationBuilder] Candidate com.google.guava:guava:31.1-jre configuration enforced-platform-runtime attribute org.gradle.category value {org.gradle.category=enforced-platform, org.gradle.status=release, org.gradle.usage=java-runtime} doesn't requested value library
2025-02-01T10:47:41.141-0500 [DEBUG] [org.gradle.internal.component.model.ComponentAttributeMatcher] Selected matches [com.google.guava:guava:31.1-jre configuration compile] from candidates [com.google.guava:guava:31.1-jre configuration compile, com.google.guava:guava:31.1-jre configuration runtime, com.google.guava:guava:31.1-jre configuration sources, com.google.guava:guava:31.1-jre configuration javadoc, com.google.guava:guava:31.1-jre configuration platform-compile, com.google.guava:guava:31.1-jre configuration platform-runtime, com.google.guava:guava:31.1-jre configuration enforced-platform-compile, com.google.guava:guava:31.1-jre configuration enforced-platform-runtime] for {org.gradle.category=library, org.gradle.dependency.bundling=external, org.gradle.jvm.environment=standard-jvm, org.gradle.jvm.version=11, org.gradle.libraryelements=classes, org.gradle.usage=java-api}
2025-02-01T10:47:41.141-0500 [DEBUG] [org.gradle.api.internal.artifacts.ivyservice.ivyresolve.RepositoryChainComponentMetaDataResolver] Attempting to resolve component for net.sourceforge.argparse4j:argparse4j:0.9.0 using repositories [MavenRepo]
2025-02-01T10:47:41.142-0500 [DEBUG] [org.gradle.api.internal.artifacts.ivyservice.ivyresolve.CachingModuleComponentRepository] Using cached module metadata for module 'net.sourceforge.argparse4j:argparse4j:0.9.0' in 'MavenRepo'
2025-02-01T10:47:41.142-0500 [DEBUG] [org.gradle.api.internal.artifacts.ivyservice.ivyresolve.RepositoryChainComponentMetaDataResolver] Using net.sourceforge.argparse4j:argparse4j:0.9.0 from Maven repository 'MavenRepo'
2025-02-01T10:47:41.142-0500 [DEBUG] [org.gradle.api.internal.artifacts.ivyservice.ivyresolve.RepositoryChainComponentMetaDataResolver] Attempting to resolve component for commons-io:commons-io:2.18.0 using repositories [MavenRepo]
2025-02-01T10:47:41.142-0500 [DEBUG] [org.gradle.api.internal.artifacts.ivyservice.ivyresolve.CachingModuleComponentRepository] Using cached module metadata for module 'commons-io:commons-io:2.18.0' in 'MavenRepo'
2025-02-01T10:47:41.142-0500 [DEBUG] [org.gradle.api.internal.artifacts.ivyservice.ivyresolve.RepositoryChainComponentMetaDataResolver] Using commons-io:commons-io:2.18.0 from Maven repository 'MavenRepo'
2025-02-01T10:47:41.142-0500 [DEBUG] [org.gradle.api.internal.artifacts.ivyservice.ivyresolve.RepositoryChainComponentMetaDataResolver] Attempting to resolve component for org.jasypt:jasypt:1.9.3 using repositories [MavenRepo]
2025-02-01T10:47:41.142-0500 [DEBUG] [org.gradle.api.internal.artifacts.ivyservice.ivyresolve.CachingModuleComponentRepository] Using cached module metadata for module 'org.jasypt:jasypt:1.9.3' in 'MavenRepo'
2025-02-01T10:47:41.142-0500 [DEBUG] [org.gradle.api.internal.artifacts.ivyservice.ivyresolve.RepositoryChainComponentMetaDataResolver] Using org.jasypt:jasypt:1.9.3 from Maven repository 'MavenRepo'
2025-02-01T10:47:41.142-0500 [DEBUG] [org.gradle.api.internal.artifacts.ivyservice.ivyresolve.RepositoryChainComponentMetaDataResolver] Attempting to resolve component for com.github.oshi:oshi-core-java11:6.6.5 using repositories [MavenRepo]
2025-02-01T10:47:41.142-0500 [DEBUG] [org.gradle.api.internal.artifacts.ivyservice.ivyresolve.CachingModuleComponentRepository] Using cached module metadata for module 'com.github.oshi:oshi-core-java11:6.6.5' in 'MavenRepo'
2025-02-01T10:47:41.142-0500 [DEBUG] [org.gradle.api.internal.artifacts.ivyservice.ivyresolve.RepositoryChainComponentMetaDataResolver] Using com.github.oshi:oshi-core-java11:6.6.5 from Maven repository 'MavenRepo'
2025-02-01T10:47:41.142-0500 [DEBUG] [org.gradle.api.internal.artifacts.ivyservice.ivyresolve.RepositoryChainComponentMetaDataResolver] Attempting to resolve component for org.dizitart:nitrite-bom:4.3.0 using repositories [MavenRepo]
2025-02-01T10:47:41.142-0500 [DEBUG] [org.gradle.api.internal.artifacts.ivyservice.ivyresolve.CachingModuleComponentRepository] Using cached module metadata for module 'org.dizitart:nitrite-bom:4.3.0' in 'MavenRepo'
2025-02-01T10:47:41.142-0500 [DEBUG] [org.gradle.api.internal.artifacts.ivyservice.ivyresolve.RepositoryChainComponentMetaDataResolver] Using org.dizitart:nitrite-bom:4.3.0 from Maven repository 'MavenRepo'
2025-02-01T10:47:41.142-0500 [DEBUG] [org.gradle.api.internal.artifacts.ivyservice.ivyresolve.RepositoryChainComponentMetaDataResolver] Attempting to resolve component for org.dizitart:nitrite:4.3.0 using repositories [MavenRepo]
2025-02-01T10:47:41.142-0500 [DEBUG] [org.gradle.api.internal.artifacts.ivyservice.ivyresolve.CachingModuleComponentRepository] Using cached module metadata for module 'org.dizitart:nitrite:4.3.0' in 'MavenRepo'
2025-02-01T10:47:41.142-0500 [DEBUG] [org.gradle.api.internal.artifacts.ivyservice.ivyresolve.RepositoryChainComponentMetaDataResolver] Using org.dizitart:nitrite:4.3.0 from Maven repository 'MavenRepo'
2025-02-01T10:47:41.142-0500 [DEBUG] [org.gradle.api.internal.artifacts.ivyservice.ivyresolve.RepositoryChainComponentMetaDataResolver] Attempting to resolve component for org.dizitart:nitrite-jackson-mapper:4.3.0 using repositories [MavenRepo]
2025-02-01T10:47:41.142-0500 [DEBUG] [org.gradle.api.internal.artifacts.ivyservice.ivyresolve.CachingModuleComponentRepository] Using cached module metadata for module 'org.dizitart:nitrite-jackson-mapper:4.3.0' in 'MavenRepo'
2025-02-01T10:47:41.142-0500 [DEBUG] [org.gradle.api.internal.artifacts.ivyservice.ivyresolve.RepositoryChainComponentMetaDataResolver] Using org.dizitart:nitrite-jackson-mapper:4.3.0 from Maven repository 'MavenRepo'
2025-02-01T10:47:41.142-0500 [DEBUG] [org.gradle.api.internal.artifacts.ivyservice.ivyresolve.RepositoryChainComponentMetaDataResolver] Attempting to resolve component for org.dizitart:nitrite-mvstore-adapter:4.3.0 using repositories [MavenRepo]
2025-02-01T10:47:41.143-0500 [DEBUG] [org.gradle.api.internal.artifacts.ivyservice.ivyresolve.CachingModuleComponentRepository] Using cached module metadata for module 'org.dizitart:nitrite-mvstore-adapter:4.3.0' in 'MavenRepo'
2025-02-01T10:47:41.143-0500 [DEBUG] [org.gradle.api.internal.artifacts.ivyservice.ivyresolve.RepositoryChainComponentMetaDataResolver] Using org.dizitart:nitrite-mvstore-adapter:4.3.0 from Maven repository 'MavenRepo'
2025-02-01T10:47:41.143-0500 [DEBUG] [org.gradle.api.internal.artifacts.ivyservice.ivyresolve.RepositoryChainComponentMetaDataResolver] Attempting to resolve component for org.apache.commons:commons-csv:1.11.0 using repositories [MavenRepo]
2025-02-01T10:47:41.143-0500 [DEBUG] [org.gradle.api.internal.artifacts.ivyservice.ivyresolve.CachingModuleComponentRepository] Using cached module metadata for module 'org.apache.commons:commons-csv:1.11.0' in 'MavenRepo'
2025-02-01T10:47:41.143-0500 [DEBUG] [org.gradle.api.internal.artifacts.ivyservice.ivyresolve.RepositoryChainComponentMetaDataResolver] Using org.apache.commons:commons-csv:1.11.0 from Maven repository 'MavenRepo'
2025-02-01T10:47:41.143-0500 [DEBUG] [org.gradle.api.internal.artifacts.ivyservice.ivyresolve.RepositoryChainComponentMetaDataResolver] Attempting to resolve component for me.tongfei:progressbar:0.9.0 using repositories [MavenRepo]
2025-02-01T10:47:41.143-0500 [DEBUG] [org.gradle.api.internal.artifacts.ivyservice.ivyresolve.CachingModuleComponentRepository] Using cached module metadata for module 'me.tongfei:progressbar:0.9.0' in 'MavenRepo'
2025-02-01T10:47:41.143-0500 [DEBUG] [org.gradle.api.internal.artifacts.ivyservice.ivyresolve.RepositoryChainComponentMetaDataResolver] Using me.tongfei:progressbar:0.9.0 from Maven repository 'MavenRepo'
2025-02-01T10:47:41.143-0500 [DEBUG] [org.gradle.api.internal.artifacts.ivyservice.ivyresolve.RepositoryChainComponentMetaDataResolver] Attempting to resolve component for org.slf4j:slf4j-nop:2.0.16 using repositories [MavenRepo]
2025-02-01T10:47:41.143-0500 [DEBUG] [org.gradle.api.internal.artifacts.ivyservice.ivyresolve.CachingModuleComponentRepository] Using cached module metadata for module 'org.slf4j:slf4j-nop:2.0.16' in 'MavenRepo'
2025-02-01T10:47:41.143-0500 [DEBUG] [org.gradle.api.internal.artifacts.ivyservice.ivyresolve.RepositoryChainComponentMetaDataResolver] Using org.slf4j:slf4j-nop:2.0.16 from Maven repository 'MavenRepo'
2025-02-01T10:47:41.143-0500 [DEBUG] [org.gradle.api.internal.artifacts.ivyservice.ivyresolve.RepositoryChainComponentMetaDataResolver] Attempting to resolve component for org.apache.commons:commons-io:1.3.2 using repositories [MavenRepo]
2025-02-01T10:47:41.143-0500 [DEBUG] [org.gradle.api.internal.artifacts.ivyservice.ivyresolve.CachingModuleComponentRepository] Using cached module metadata for module 'org.apache.commons:commons-io:1.3.2' in 'MavenRepo'
2025-02-01T10:47:41.143-0500 [DEBUG] [org.gradle.api.internal.artifacts.ivyservice.ivyresolve.RepositoryChainComponentMetaDataResolver] Using org.apache.commons:commons-io:1.3.2 from Maven repository 'MavenRepo'
2025-02-01T10:47:41.143-0500 [DEBUG] [org.gradle.api.internal.artifacts.ivyservice.ivyresolve.RepositoryChainComponentMetaDataResolver] Attempting to resolve component for io.github.classgraph:classgraph:4.8.179 using repositories [MavenRepo]
2025-02-01T10:47:41.143-0500 [DEBUG] [org.gradle.api.internal.artifacts.ivyservice.ivyresolve.CachingModuleComponentRepository] Using cached module metadata for module 'io.github.classgraph:classgraph:4.8.179' in 'MavenRepo'
2025-02-01T10:47:41.143-0500 [DEBUG] [org.gradle.api.internal.artifacts.ivyservice.ivyresolve.RepositoryChainComponentMetaDataResolver] Using io.github.classgraph:classgraph:4.8.179 from Maven repository 'MavenRepo'
2025-02-01T10:47:41.143-0500 [DEBUG] [org.gradle.api.internal.artifacts.ivyservice.resolveengine.graph.builder.DependencyGraphBuilder] Visiting configuration com.google.guava:guava:31.1-jre(compile).
2025-02-01T10:47:41.147-0500 [DEBUG] [org.gradle.api.internal.artifacts.ivyservice.ivyresolve.RepositoryChainComponentMetaDataResolver] Attempting to resolve component for com.google.guava:failureaccess:1.0.1 using repositories [MavenRepo]
2025-02-01T10:47:41.148-0500 [DEBUG] [org.gradle.api.internal.artifacts.ivyservice.ivyresolve.CachingModuleComponentRepository] Using cached module metadata for module 'com.google.guava:failureaccess:1.0.1' in 'MavenRepo'
2025-02-01T10:47:41.148-0500 [DEBUG] [org.gradle.api.internal.artifacts.ivyservice.ivyresolve.RepositoryChainComponentMetaDataResolver] Using com.google.guava:failureaccess:1.0.1 from Maven repository 'MavenRepo'
2025-02-01T10:47:41.148-0500 [DEBUG] [org.gradle.api.internal.artifacts.ivyservice.ivyresolve.RepositoryChainComponentMetaDataResolver] Attempting to resolve component for com.google.guava:listenablefuture:9999.0-empty-to-avoid-conflict-with-guava using repositories [MavenRepo]
2025-02-01T10:47:41.148-0500 [DEBUG] [org.gradle.api.internal.artifacts.ivyservice.ivyresolve.CachingModuleComponentRepository] Using cached module metadata for module 'com.google.guava:listenablefuture:9999.0-empty-to-avoid-conflict-with-guava' in 'MavenRepo'
2025-02-01T10:47:41.148-0500 [DEBUG] [org.gradle.api.internal.artifacts.ivyservice.ivyresolve.RepositoryChainComponentMetaDataResolver] Using com.google.guava:listenablefuture:9999.0-empty-to-avoid-conflict-with-guava from Maven repository 'MavenRepo'
2025-02-01T10:47:41.148-0500 [DEBUG] [org.gradle.api.internal.artifacts.ivyservice.ivyresolve.RepositoryChainComponentMetaDataResolver] Attempting to resolve component for com.google.code.findbugs:jsr305:3.0.2 using repositories [MavenRepo]
2025-02-01T10:47:41.148-0500 [DEBUG] [org.gradle.api.internal.artifacts.ivyservice.ivyresolve.CachingModuleComponentRepository] Using cached module metadata for module 'com.google.code.findbugs:jsr305:3.0.2' in 'MavenRepo'
2025-02-01T10:47:41.148-0500 [DEBUG] [org.gradle.api.internal.artifacts.ivyservice.ivyresolve.RepositoryChainComponentMetaDataResolver] Using com.google.code.findbugs:jsr305:3.0.2 from Maven repository 'MavenRepo'
2025-02-01T10:47:41.148-0500 [DEBUG] [org.gradle.api.internal.artifacts.ivyservice.ivyresolve.RepositoryChainComponentMetaDataResolver] Attempting to resolve component for org.checkerframework:checker-qual:3.12.0 using repositories [MavenRepo]
2025-02-01T10:47:41.148-0500 [DEBUG] [org.gradle.api.internal.artifacts.ivyservice.ivyresolve.CachingModuleComponentRepository] Using cached module metadata for module 'org.checkerframework:checker-qual:3.12.0' in 'MavenRepo'
2025-02-01T10:47:41.148-0500 [DEBUG] [org.gradle.api.internal.artifacts.ivyservice.ivyresolve.RepositoryChainComponentMetaDataResolver] Using org.checkerframework:checker-qual:3.12.0 from Maven repository 'MavenRepo'
2025-02-01T10:47:41.148-0500 [DEBUG] [org.gradle.internal.component.model.LoggingAttributeMatchingExplanationBuilder] Candidate org.checkerframework:checker-qual:3.12.0 variant apiElements doesn't have attribute org.gradle.jvm.environment
2025-02-01T10:47:41.149-0500 [DEBUG] [org.gradle.internal.component.model.LoggingAttributeMatchingExplanationBuilder] Candidate org.checkerframework:checker-qual:3.12.0 variant runtimeElements doesn't have attribute org.gradle.jvm.environment
2025-02-01T10:47:41.149-0500 [DEBUG] [org.gradle.internal.component.model.LoggingAttributeMatchingExplanationBuilder] Candidate org.checkerframework:checker-qual:3.12.0 variant javadocElements attribute org.gradle.category value {org.gradle.category=documentation} doesn't requested value library
2025-02-01T10:47:41.149-0500 [DEBUG] [org.gradle.internal.component.model.LoggingAttributeMatchingExplanationBuilder] Candidate org.checkerframework:checker-qual:3.12.0 variant sourcesElements attribute org.gradle.category value {org.gradle.category=documentation} doesn't requested value library
2025-02-01T10:47:41.149-0500 [DEBUG] [org.gradle.internal.component.model.ComponentAttributeMatcher] Selected matches [org.checkerframework:checker-qual:3.12.0 variant apiElements] from candidates [org.checkerframework:checker-qual:3.12.0 variant apiElements, org.checkerframework:checker-qual:3.12.0 variant runtimeElements, org.checkerframework:checker-qual:3.12.0 variant javadocElements, org.checkerframework:checker-qual:3.12.0 variant sourcesElements] for {org.gradle.category=library, org.gradle.dependency.bundling=external, org.gradle.jvm.environment=standard-jvm, org.gradle.jvm.version=11, org.gradle.libraryelements=classes, org.gradle.usage=java-api}
2025-02-01T10:47:41.149-0500 [DEBUG] [org.gradle.api.internal.artifacts.ivyservice.ivyresolve.RepositoryChainComponentMetaDataResolver] Attempting to resolve component for com.google.errorprone:error_prone_annotations:2.11.0 using repositories [MavenRepo]
2025-02-01T10:47:41.149-0500 [DEBUG] [org.gradle.api.internal.artifacts.ivyservice.ivyresolve.CachingModuleComponentRepository] Using cached module metadata for module 'com.google.errorprone:error_prone_annotations:2.11.0' in 'MavenRepo'
2025-02-01T10:47:41.149-0500 [DEBUG] [org.gradle.api.internal.artifacts.ivyservice.ivyresolve.RepositoryChainComponentMetaDataResolver] Using com.google.errorprone:error_prone_annotations:2.11.0 from Maven repository 'MavenRepo'
2025-02-01T10:47:41.149-0500 [DEBUG] [org.gradle.api.internal.artifacts.ivyservice.ivyresolve.RepositoryChainComponentMetaDataResolver] Attempting to resolve component for com.google.j2objc:j2objc-annotations:1.3 using repositories [MavenRepo]
2025-02-01T10:47:41.149-0500 [DEBUG] [org.gradle.api.internal.artifacts.ivyservice.ivyresolve.CachingModuleComponentRepository] Using cached module metadata for module 'com.google.j2objc:j2objc-annotations:1.3' in 'MavenRepo'
2025-02-01T10:47:41.149-0500 [DEBUG] [org.gradle.api.internal.artifacts.ivyservice.ivyresolve.RepositoryChainComponentMetaDataResolver] Using com.google.j2objc:j2objc-annotations:1.3 from Maven repository 'MavenRepo'
2025-02-01T10:47:41.149-0500 [DEBUG] [org.gradle.api.internal.artifacts.ivyservice.resolveengine.graph.builder.DependencyGraphBuilder] Visiting configuration net.sourceforge.argparse4j:argparse4j:0.9.0(compile).
2025-02-01T10:47:41.149-0500 [DEBUG] [org.gradle.api.internal.artifacts.ivyservice.resolveengine.graph.builder.DependencyGraphBuilder] Visiting configuration commons-io:commons-io:2.18.0(compile).
2025-02-01T10:47:41.150-0500 [DEBUG] [org.gradle.api.internal.artifacts.ivyservice.resolveengine.graph.builder.DependencyGraphBuilder] Visiting configuration org.jasypt:jasypt:1.9.3(compile).
2025-02-01T10:47:41.150-0500 [DEBUG] [org.gradle.api.internal.artifacts.ivyservice.resolveengine.graph.builder.DependencyGraphBuilder] Visiting configuration com.github.oshi:oshi-core-java11:6.6.5(compile).
2025-02-01T10:47:41.152-0500 [DEBUG] [org.gradle.api.internal.artifacts.ivyservice.ivyresolve.RepositoryChainComponentMetaDataResolver] Attempting to resolve component for net.java.dev.jna:jna-jpms:5.15.0 using repositories [MavenRepo]
2025-02-01T10:47:41.152-0500 [DEBUG] [org.gradle.api.internal.artifacts.ivyservice.ivyresolve.CachingModuleComponentRepository] Using cached module metadata for module 'net.java.dev.jna:jna-jpms:5.15.0' in 'MavenRepo'
2025-02-01T10:47:41.153-0500 [DEBUG] [org.gradle.api.internal.artifacts.ivyservice.ivyresolve.RepositoryChainComponentMetaDataResolver] Using net.java.dev.jna:jna-jpms:5.15.0 from Maven repository 'MavenRepo'
2025-02-01T10:47:41.153-0500 [DEBUG] [org.gradle.api.internal.artifacts.ivyservice.ivyresolve.RepositoryChainComponentMetaDataResolver] Attempting to resolve component for net.java.dev.jna:jna-platform-jpms:5.15.0 using repositories [MavenRepo]
2025-02-01T10:47:41.153-0500 [DEBUG] [org.gradle.api.internal.artifacts.ivyservice.ivyresolve.CachingModuleComponentRepository] Using cached module metadata for module 'net.java.dev.jna:jna-platform-jpms:5.15.0' in 'MavenRepo'
2025-02-01T10:47:41.153-0500 [DEBUG] [org.gradle.api.internal.artifacts.ivyservice.ivyresolve.RepositoryChainComponentMetaDataResolver] Using net.java.dev.jna:jna-platform-jpms:5.15.0 from Maven repository 'MavenRepo'
2025-02-01T10:47:41.153-0500 [DEBUG] [org.gradle.api.internal.artifacts.ivyservice.ivyresolve.RepositoryChainComponentMetaDataResolver] Attempting to resolve component for org.slf4j:slf4j-api:2.0.16 using repositories [MavenRepo]
2025-02-01T10:47:41.153-0500 [DEBUG] [org.gradle.api.internal.artifacts.ivyservice.ivyresolve.CachingModuleComponentRepository] Using cached module metadata for module 'org.slf4j:slf4j-api:2.0.16' in 'MavenRepo'
2025-02-01T10:47:41.153-0500 [DEBUG] [org.gradle.api.internal.artifacts.ivyservice.ivyresolve.RepositoryChainComponentMetaDataResolver] Using org.slf4j:slf4j-api:2.0.16 from Maven repository 'MavenRepo'
2025-02-01T10:47:41.153-0500 [DEBUG] [org.gradle.api.internal.artifacts.ivyservice.resolveengine.graph.builder.DependencyGraphBuilder] Visiting configuration org.dizitart:nitrite-bom:4.3.0(compile).
2025-02-01T10:47:41.153-0500 [DEBUG] [org.gradle.api.internal.artifacts.ivyservice.resolveengine.graph.builder.DependencyGraphBuilder] Visiting configuration org.dizitart:nitrite:4.3.0(compile).
2025-02-01T10:47:41.154-0500 [DEBUG] [org.gradle.api.internal.artifacts.ivyservice.ivyresolve.RepositoryChainComponentMetaDataResolver] Attempting to resolve component for commons-codec:commons-codec:1.17.0 using repositories [MavenRepo]
2025-02-01T10:47:41.154-0500 [DEBUG] [org.gradle.api.internal.artifacts.ivyservice.ivyresolve.CachingModuleComponentRepository] Using cached module metadata for module 'commons-codec:commons-codec:1.17.0' in 'MavenRepo'
2025-02-01T10:47:41.154-0500 [DEBUG] [org.gradle.api.internal.artifacts.ivyservice.ivyresolve.RepositoryChainComponentMetaDataResolver] Using commons-codec:commons-codec:1.17.0 from Maven repository 'MavenRepo'
2025-02-01T10:47:41.155-0500 [DEBUG] [org.gradle.api.internal.artifacts.ivyservice.resolveengine.graph.builder.DependencyGraphBuilder] Visiting configuration org.dizitart:nitrite-jackson-mapper:4.3.0(compile).
2025-02-01T10:47:41.156-0500 [DEBUG] [org.gradle.api.internal.artifacts.ivyservice.ivyresolve.RepositoryChainComponentMetaDataResolver] Attempting to resolve component for com.fasterxml.jackson.core:jackson-databind:2.17.1 using repositories [MavenRepo]
2025-02-01T10:47:41.156-0500 [DEBUG] [org.gradle.api.internal.artifacts.ivyservice.ivyresolve.CachingModuleComponentRepository] Using cached module metadata for module 'com.fasterxml.jackson.core:jackson-databind:2.17.1' in 'MavenRepo'
2025-02-01T10:47:41.156-0500 [DEBUG] [org.gradle.api.internal.artifacts.ivyservice.ivyresolve.RepositoryChainComponentMetaDataResolver] Using com.fasterxml.jackson.core:jackson-databind:2.17.1 from Maven repository 'MavenRepo'
2025-02-01T10:47:41.157-0500 [DEBUG] [org.gradle.internal.component.model.LoggingAttributeMatchingExplanationBuilder] Candidate com.fasterxml.jackson.core:jackson-databind:2.17.1 variant apiElements doesn't have attribute org.gradle.jvm.environment
2025-02-01T10:47:41.157-0500 [DEBUG] [org.gradle.internal.component.model.LoggingAttributeMatchingExplanationBuilder] Candidate com.fasterxml.jackson.core:jackson-databind:2.17.1 variant apiElements doesn't have attribute org.gradle.jvm.version
2025-02-01T10:47:41.157-0500 [DEBUG] [org.gradle.internal.component.model.LoggingAttributeMatchingExplanationBuilder] Candidate com.fasterxml.jackson.core:jackson-databind:2.17.1 variant runtimeElements doesn't have attribute org.gradle.jvm.environment
2025-02-01T10:47:41.157-0500 [DEBUG] [org.gradle.internal.component.model.LoggingAttributeMatchingExplanationBuilder] Candidate com.fasterxml.jackson.core:jackson-databind:2.17.1 variant runtimeElements doesn't have attribute org.gradle.jvm.version
2025-02-01T10:47:41.157-0500 [DEBUG] [org.gradle.internal.component.model.ComponentAttributeMatcher] Selected matches [com.fasterxml.jackson.core:jackson-databind:2.17.1 variant apiElements] from candidates [com.fasterxml.jackson.core:jackson-databind:2.17.1 variant apiElements, com.fasterxml.jackson.core:jackson-databind:2.17.1 variant runtimeElements] for {org.gradle.category=library, org.gradle.dependency.bundling=external, org.gradle.jvm.environment=standard-jvm, org.gradle.jvm.version=11, org.gradle.libraryelements=classes, org.gradle.usage=java-api}
2025-02-01T10:47:41.157-0500 [DEBUG] [org.gradle.api.internal.artifacts.ivyservice.resolveengine.graph.builder.DependencyGraphBuilder] Visiting configuration org.dizitart:nitrite-mvstore-adapter:4.3.0(compile).
2025-02-01T10:47:41.159-0500 [DEBUG] [org.gradle.api.internal.artifacts.ivyservice.ivyresolve.RepositoryChainComponentMetaDataResolver] Attempting to resolve component for com.h2database:h2-mvstore:2.2.224 using repositories [MavenRepo]
2025-02-01T10:47:41.159-0500 [DEBUG] [org.gradle.api.internal.artifacts.ivyservice.ivyresolve.CachingModuleComponentRepository] Using cached module metadata for module 'com.h2database:h2-mvstore:2.2.224' in 'MavenRepo'
2025-02-01T10:47:41.159-0500 [DEBUG] [org.gradle.api.internal.artifacts.ivyservice.ivyresolve.RepositoryChainComponentMetaDataResolver] Using com.h2database:h2-mvstore:2.2.224 from Maven repository 'MavenRepo'
2025-02-01T10:47:41.159-0500 [DEBUG] [org.gradle.api.internal.artifacts.ivyservice.resolveengine.graph.builder.DependencyGraphBuilder] Visiting configuration org.apache.commons:commons-csv:1.11.0(compile).
2025-02-01T10:47:41.160-0500 [DEBUG] [org.gradle.api.internal.artifacts.ivyservice.resolveengine.graph.builder.DependencyGraphBuilder] Visiting configuration me.tongfei:progressbar:0.9.0(compile).
2025-02-01T10:47:41.161-0500 [DEBUG] [org.gradle.api.internal.artifacts.ivyservice.ivyresolve.RepositoryChainComponentMetaDataResolver] Attempting to resolve component for org.jline:jline:3.16.0 using repositories [MavenRepo]
2025-02-01T10:47:41.161-0500 [DEBUG] [org.gradle.api.internal.artifacts.ivyservice.ivyresolve.CachingModuleComponentRepository] Using cached module metadata for module 'org.jline:jline:3.16.0' in 'MavenRepo'
2025-02-01T10:47:41.161-0500 [DEBUG] [org.gradle.api.internal.artifacts.ivyservice.ivyresolve.RepositoryChainComponentMetaDataResolver] Using org.jline:jline:3.16.0 from Maven repository 'MavenRepo'
2025-02-01T10:47:41.161-0500 [DEBUG] [org.gradle.api.internal.artifacts.ivyservice.resolveengine.graph.builder.DependencyGraphBuilder] Visiting configuration org.slf4j:slf4j-nop:2.0.16(compile).
2025-02-01T10:47:41.162-0500 [DEBUG] [org.gradle.api.internal.artifacts.ivyservice.resolveengine.graph.builder.DependencyGraphBuilder] Visiting configuration org.apache.commons:commons-io:1.3.2(compile).
2025-02-01T10:47:41.162-0500 [DEBUG] [org.gradle.api.internal.artifacts.ivyservice.resolveengine.graph.builder.DependencyGraphBuilder] Visiting configuration io.github.classgraph:classgraph:4.8.179(compile).
2025-02-01T10:47:41.162-0500 [DEBUG] [org.gradle.api.internal.artifacts.ivyservice.resolveengine.graph.builder.DependencyGraphBuilder] Visiting configuration com.google.guava:failureaccess:1.0.1(compile).
2025-02-01T10:47:41.162-0500 [DEBUG] [org.gradle.api.internal.artifacts.ivyservice.resolveengine.graph.builder.DependencyGraphBuilder] Visiting configuration com.google.guava:listenablefuture:9999.0-empty-to-avoid-conflict-with-guava(compile).
2025-02-01T10:47:41.162-0500 [DEBUG] [org.gradle.api.internal.artifacts.ivyservice.resolveengine.graph.builder.DependencyGraphBuilder] Visiting configuration com.google.code.findbugs:jsr305:3.0.2(compile).
2025-02-01T10:47:41.162-0500 [DEBUG] [org.gradle.api.internal.artifacts.ivyservice.resolveengine.graph.builder.DependencyGraphBuilder] Visiting configuration org.checkerframework:checker-qual:3.12.0(apiElements).
2025-02-01T10:47:41.162-0500 [DEBUG] [org.gradle.api.internal.artifacts.ivyservice.resolveengine.graph.builder.DependencyGraphBuilder] Visiting configuration com.google.errorprone:error_prone_annotations:2.11.0(compile).
2025-02-01T10:47:41.162-0500 [DEBUG] [org.gradle.api.internal.artifacts.ivyservice.resolveengine.graph.builder.DependencyGraphBuilder] Visiting configuration com.google.j2objc:j2objc-annotations:1.3(compile).
2025-02-01T10:47:41.162-0500 [DEBUG] [org.gradle.api.internal.artifacts.ivyservice.resolveengine.graph.builder.DependencyGraphBuilder] Visiting configuration net.java.dev.jna:jna-jpms:5.15.0(compile).
2025-02-01T10:47:41.162-0500 [DEBUG] [org.gradle.api.internal.artifacts.ivyservice.resolveengine.graph.builder.DependencyGraphBuilder] Visiting configuration net.java.dev.jna:jna-platform-jpms:5.15.0(compile).
2025-02-01T10:47:41.162-0500 [DEBUG] [org.gradle.api.internal.artifacts.ivyservice.resolveengine.graph.builder.DependencyGraphBuilder] Visiting configuration org.slf4j:slf4j-api:2.0.16(compile).
2025-02-01T10:47:41.163-0500 [DEBUG] [org.gradle.api.internal.artifacts.ivyservice.resolveengine.graph.builder.DependencyGraphBuilder] Visiting configuration org.jasypt:jasypt:1.9.3(compile).
2025-02-01T10:47:41.163-0500 [DEBUG] [org.gradle.api.internal.artifacts.ivyservice.resolveengine.graph.builder.NodeState] Changed edges for org.jasypt:jasypt:1.9.3(compile) selects same versions as previous traversal. ignoring
2025-02-01T10:47:41.163-0500 [DEBUG] [org.gradle.api.internal.artifacts.ivyservice.resolveengine.graph.builder.DependencyGraphBuilder] Visiting configuration commons-codec:commons-codec:1.17.0(compile).
2025-02-01T10:47:41.163-0500 [DEBUG] [org.gradle.api.internal.artifacts.ivyservice.resolveengine.graph.builder.DependencyGraphBuilder] Visiting configuration org.dizitart:nitrite:4.3.0(compile).
2025-02-01T10:47:41.163-0500 [DEBUG] [org.gradle.api.internal.artifacts.ivyservice.resolveengine.graph.builder.NodeState] Changed edges for org.dizitart:nitrite:4.3.0(compile) selects same versions as previous traversal. ignoring
2025-02-01T10:47:41.163-0500 [DEBUG] [org.gradle.api.internal.artifacts.ivyservice.resolveengine.graph.builder.DependencyGraphBuilder] Visiting configuration com.fasterxml.jackson.core:jackson-databind:2.17.1(apiElements).
2025-02-01T10:47:41.164-0500 [DEBUG] [org.gradle.api.internal.artifacts.ivyservice.ivyresolve.RepositoryChainComponentMetaDataResolver] Attempting to resolve component for com.fasterxml.jackson:jackson-bom:2.17.1 using repositories [MavenRepo]
2025-02-01T10:47:41.164-0500 [DEBUG] [org.gradle.api.internal.artifacts.ivyservice.ivyresolve.CachingModuleComponentRepository] Using cached module metadata for module 'com.fasterxml.jackson:jackson-bom:2.17.1' in 'MavenRepo'
2025-02-01T10:47:41.164-0500 [DEBUG] [org.gradle.api.internal.artifacts.ivyservice.ivyresolve.RepositoryChainComponentMetaDataResolver] Using com.fasterxml.jackson:jackson-bom:2.17.1 from Maven repository 'MavenRepo'
2025-02-01T10:47:41.164-0500 [DEBUG] [org.gradle.internal.component.model.LoggingAttributeMatchingExplanationBuilder] Candidate com.fasterxml.jackson:jackson-bom:2.17.1 configuration compile attribute org.gradle.category value {org.gradle.category=library, org.gradle.libraryelements=jar, org.gradle.status=release, org.gradle.usage=java-api} doesn't requested value platform
2025-02-01T10:47:41.164-0500 [DEBUG] [org.gradle.internal.component.model.LoggingAttributeMatchingExplanationBuilder] Candidate com.fasterxml.jackson:jackson-bom:2.17.1 configuration runtime attribute org.gradle.category value {org.gradle.category=library, org.gradle.libraryelements=jar, org.gradle.status=release, org.gradle.usage=java-runtime} doesn't requested value platform
2025-02-01T10:47:41.165-0500 [DEBUG] [org.gradle.internal.component.model.LoggingAttributeMatchingExplanationBuilder] Candidate com.fasterxml.jackson:jackson-bom:2.17.1 configuration sources attribute org.gradle.category value {org.gradle.category=documentation, org.gradle.status=release} doesn't requested value platform
2025-02-01T10:47:41.165-0500 [DEBUG] [org.gradle.internal.component.model.LoggingAttributeMatchingExplanationBuilder] Candidate com.fasterxml.jackson:jackson-bom:2.17.1 configuration javadoc attribute org.gradle.category value {org.gradle.category=documentation, org.gradle.status=release} doesn't requested value platform
2025-02-01T10:47:41.165-0500 [DEBUG] [org.gradle.internal.component.model.LoggingAttributeMatchingExplanationBuilder] Candidate com.fasterxml.jackson:jackson-bom:2.17.1 configuration platform-compile doesn't have attribute org.gradle.dependency.bundling
2025-02-01T10:47:41.165-0500 [DEBUG] [org.gradle.internal.component.model.LoggingAttributeMatchingExplanationBuilder] Candidate com.fasterxml.jackson:jackson-bom:2.17.1 configuration platform-compile doesn't have attribute org.gradle.jvm.environment
2025-02-01T10:47:41.165-0500 [DEBUG] [org.gradle.internal.component.model.LoggingAttributeMatchingExplanationBuilder] Candidate com.fasterxml.jackson:jackson-bom:2.17.1 configuration platform-compile doesn't have attribute org.gradle.libraryelements
2025-02-01T10:47:41.165-0500 [DEBUG] [org.gradle.internal.component.model.LoggingAttributeMatchingExplanationBuilder] Candidate com.fasterxml.jackson:jackson-bom:2.17.1 configuration platform-compile doesn't have attribute org.gradle.jvm.version
2025-02-01T10:47:41.165-0500 [DEBUG] [org.gradle.internal.component.model.LoggingAttributeMatchingExplanationBuilder] Candidate com.fasterxml.jackson:jackson-bom:2.17.1 configuration platform-runtime doesn't have attribute org.gradle.dependency.bundling
2025-02-01T10:47:41.165-0500 [DEBUG] [org.gradle.internal.component.model.LoggingAttributeMatchingExplanationBuilder] Candidate com.fasterxml.jackson:jackson-bom:2.17.1 configuration platform-runtime doesn't have attribute org.gradle.jvm.environment
2025-02-01T10:47:41.165-0500 [DEBUG] [org.gradle.internal.component.model.LoggingAttributeMatchingExplanationBuilder] Candidate com.fasterxml.jackson:jackson-bom:2.17.1 configuration platform-runtime doesn't have attribute org.gradle.libraryelements
2025-02-01T10:47:41.165-0500 [DEBUG] [org.gradle.internal.component.model.LoggingAttributeMatchingExplanationBuilder] Candidate com.fasterxml.jackson:jackson-bom:2.17.1 configuration platform-runtime doesn't have attribute org.gradle.jvm.version
2025-02-01T10:47:41.165-0500 [DEBUG] [org.gradle.internal.component.model.LoggingAttributeMatchingExplanationBuilder] Candidate com.fasterxml.jackson:jackson-bom:2.17.1 configuration enforced-platform-compile attribute org.gradle.category value {org.gradle.category=enforced-platform, org.gradle.status=release, org.gradle.usage=java-api} doesn't requested value platform
2025-02-01T10:47:41.165-0500 [DEBUG] [org.gradle.internal.component.model.LoggingAttributeMatchingExplanationBuilder] Candidate com.fasterxml.jackson:jackson-bom:2.17.1 configuration enforced-platform-runtime attribute org.gradle.category value {org.gradle.category=enforced-platform, org.gradle.status=release, org.gradle.usage=java-runtime} doesn't requested value platform
2025-02-01T10:47:41.165-0500 [DEBUG] [org.gradle.internal.component.model.ComponentAttributeMatcher] Selected matches [com.fasterxml.jackson:jackson-bom:2.17.1 configuration platform-compile] from candidates [com.fasterxml.jackson:jackson-bom:2.17.1 configuration compile, com.fasterxml.jackson:jackson-bom:2.17.1 configuration runtime, com.fasterxml.jackson:jackson-bom:2.17.1 configuration sources, com.fasterxml.jackson:jackson-bom:2.17.1 configuration javadoc, com.fasterxml.jackson:jackson-bom:2.17.1 configuration platform-compile, com.fasterxml.jackson:jackson-bom:2.17.1 configuration platform-runtime, com.fasterxml.jackson:jackson-bom:2.17.1 configuration enforced-platform-compile, com.fasterxml.jackson:jackson-bom:2.17.1 configuration enforced-platform-runtime] for {org.gradle.category=platform, org.gradle.dependency.bundling=external, org.gradle.jvm.environment=standard-jvm, org.gradle.jvm.version=11, org.gradle.libraryelements=classes, org.gradle.usage=java-api}
2025-02-01T10:47:41.167-0500 [DEBUG] [org.gradle.api.internal.artifacts.ivyservice.ivyresolve.RepositoryChainComponentMetaDataResolver] Attempting to resolve component for com.fasterxml.jackson.core:jackson-annotations:2.17.1 using repositories [MavenRepo]
2025-02-01T10:47:41.167-0500 [DEBUG] [org.gradle.api.internal.artifacts.ivyservice.ivyresolve.CachingModuleComponentRepository] Using cached module metadata for module 'com.fasterxml.jackson.core:jackson-annotations:2.17.1' in 'MavenRepo'
2025-02-01T10:47:41.167-0500 [DEBUG] [org.gradle.api.internal.artifacts.ivyservice.ivyresolve.RepositoryChainComponentMetaDataResolver] Using com.fasterxml.jackson.core:jackson-annotations:2.17.1 from Maven repository 'MavenRepo'
2025-02-01T10:47:41.167-0500 [DEBUG] [org.gradle.api.internal.artifacts.ivyservice.ivyresolve.RepositoryChainComponentMetaDataResolver] Attempting to resolve component for com.fasterxml.jackson.core:jackson-core:2.17.1 using repositories [MavenRepo]
2025-02-01T10:47:41.167-0500 [DEBUG] [org.gradle.api.internal.artifacts.ivyservice.ivyresolve.CachingModuleComponentRepository] Using cached module metadata for module 'com.fasterxml.jackson.core:jackson-core:2.17.1' in 'MavenRepo'
2025-02-01T10:47:41.167-0500 [DEBUG] [org.gradle.api.internal.artifacts.ivyservice.ivyresolve.RepositoryChainComponentMetaDataResolver] Using com.fasterxml.jackson.core:jackson-core:2.17.1 from Maven repository 'MavenRepo'
2025-02-01T10:47:41.168-0500 [DEBUG] [org.gradle.api.internal.artifacts.ivyservice.resolveengine.graph.builder.DependencyGraphBuilder] Visiting configuration com.h2database:h2-mvstore:2.2.224(compile).
2025-02-01T10:47:41.168-0500 [DEBUG] [org.gradle.api.internal.artifacts.ivyservice.resolveengine.graph.builder.DependencyGraphBuilder] Visiting configuration commons-io:commons-io:2.18.0(compile).
2025-02-01T10:47:41.168-0500 [DEBUG] [org.gradle.api.internal.artifacts.ivyservice.resolveengine.graph.builder.NodeState] Changed edges for commons-io:commons-io:2.18.0(compile) selects same versions as previous traversal. ignoring
2025-02-01T10:47:41.168-0500 [DEBUG] [org.gradle.api.internal.artifacts.ivyservice.resolveengine.graph.builder.DependencyGraphBuilder] Visiting configuration org.jline:jline:3.16.0(compile).
2025-02-01T10:47:41.168-0500 [DEBUG] [org.gradle.api.internal.artifacts.ivyservice.resolveengine.graph.builder.DependencyGraphBuilder] Visiting configuration net.java.dev.jna:jna-jpms:5.15.0(compile).
2025-02-01T10:47:41.168-0500 [DEBUG] [org.gradle.api.internal.artifacts.ivyservice.resolveengine.graph.builder.NodeState] Changed edges for net.java.dev.jna:jna-jpms:5.15.0(compile) selects same versions as previous traversal. ignoring
2025-02-01T10:47:41.168-0500 [DEBUG] [org.gradle.api.internal.artifacts.ivyservice.resolveengine.graph.builder.DependencyGraphBuilder] Visiting configuration com.fasterxml.jackson:jackson-bom:2.17.1(platform-compile).
2025-02-01T10:47:41.168-0500 [DEBUG] [org.gradle.api.internal.artifacts.ivyservice.resolveengine.graph.builder.DependencyGraphBuilder] Visiting configuration com.fasterxml.jackson.core:jackson-annotations:2.17.1(apiElements).
2025-02-01T10:47:41.168-0500 [DEBUG] [org.gradle.api.internal.artifacts.ivyservice.resolveengine.graph.builder.DependencyGraphBuilder] Visiting configuration com.fasterxml.jackson.core:jackson-core:2.17.1(apiElements).
2025-02-01T10:47:41.168-0500 [DEBUG] [org.gradle.api.internal.artifacts.ivyservice.resolveengine.graph.builder.DependencyGraphBuilder] Visiting configuration com.fasterxml.jackson.core:jackson-databind:2.17.1(apiElements).
2025-02-01T10:47:41.168-0500 [DEBUG] [org.gradle.api.internal.artifacts.ivyservice.resolveengine.graph.builder.NodeState] Changed edges for com.fasterxml.jackson.core:jackson-databind:2.17.1(apiElements) selects same versions as previous traversal. ignoring
2025-02-01T10:47:41.169-0500 [DEBUG] [org.gradle.api.internal.artifacts.ivyservice.resolveengine.graph.builder.DependencyGraphBuilder] Visiting configuration com.fasterxml.jackson:jackson-bom:2.17.1(platform-compile).
2025-02-01T10:47:41.169-0500 [DEBUG] [org.gradle.api.internal.artifacts.ivyservice.resolveengine.graph.builder.NodeState] Changed edges for com.fasterxml.jackson:jackson-bom:2.17.1(platform-compile) selects same versions as previous traversal. ignoring
2025-02-01T10:47:41.171-0500 [DEBUG] [org.gradle.api.internal.artifacts.ivyservice.resolveengine.oldresult.TransientConfigurationResultsBuilder] Flushing resolved configuration data in Binary store in C:\Users\johns\.gradle\.tmp\gradle7180051746654600465.bin. Wrote root 2.
2025-02-01T10:47:41.172-0500 [DEBUG] [org.gradle.internal.operations.DefaultBuildOperationRunner] Build operation 'Resolve dependencies of :dctmutils:compileClasspath' completed
2025-02-01T10:47:41.172-0500 [DEBUG] [org.gradle.internal.component.model.LoggingAttributeMatchingExplanationBuilder] Selected match com.google.guava:guava:31.1-jre configuration compile from candidates [com.google.guava:guava:31.1-jre configuration compile] for {org.gradle.category=library, org.gradle.dependency.bundling=external, org.gradle.jvm.environment=standard-jvm, org.gradle.jvm.version=11, org.gradle.libraryelements=classes, org.gradle.usage=java-api}
2025-02-01T10:47:41.172-0500 [DEBUG] [org.gradle.internal.component.model.LoggingAttributeMatchingExplanationBuilder] Selected match net.sourceforge.argparse4j:argparse4j:0.9.0 configuration compile from candidates [net.sourceforge.argparse4j:argparse4j:0.9.0 configuration compile] for {org.gradle.category=library, org.gradle.dependency.bundling=external, org.gradle.jvm.environment=standard-jvm, org.gradle.jvm.version=11, org.gradle.libraryelements=classes, org.gradle.usage=java-api}
2025-02-01T10:47:41.172-0500 [DEBUG] [org.gradle.internal.component.model.LoggingAttributeMatchingExplanationBuilder] Selected match org.apache.commons:commons-csv:1.11.0 configuration compile from candidates [org.apache.commons:commons-csv:1.11.0 configuration compile] for {org.gradle.category=library, org.gradle.dependency.bundling=external, org.gradle.jvm.environment=standard-jvm, org.gradle.jvm.version=11, org.gradle.libraryelements=classes, org.gradle.usage=java-api}
2025-02-01T10:47:41.172-0500 [DEBUG] [org.gradle.internal.component.model.LoggingAttributeMatchingExplanationBuilder] Selected match org.apache.commons:commons-io:1.3.2 configuration compile from candidates [org.apache.commons:commons-io:1.3.2 configuration compile] for {org.gradle.category=library, org.gradle.dependency.bundling=external, org.gradle.jvm.environment=standard-jvm, org.gradle.jvm.version=11, org.gradle.libraryelements=classes, org.gradle.usage=java-api}
2025-02-01T10:47:41.172-0500 [DEBUG] [org.gradle.internal.component.model.LoggingAttributeMatchingExplanationBuilder] Selected match commons-io:commons-io:2.18.0 configuration compile from candidates [commons-io:commons-io:2.18.0 configuration compile] for {org.gradle.category=library, org.gradle.dependency.bundling=external, org.gradle.jvm.environment=standard-jvm, org.gradle.jvm.version=11, org.gradle.libraryelements=classes, org.gradle.usage=java-api}
2025-02-01T10:47:41.172-0500 [DEBUG] [org.gradle.internal.component.model.LoggingAttributeMatchingExplanationBuilder] Selected match org.dizitart:nitrite-jackson-mapper:4.3.0 configuration compile from candidates [org.dizitart:nitrite-jackson-mapper:4.3.0 configuration compile] for {org.gradle.category=library, org.gradle.dependency.bundling=external, org.gradle.jvm.environment=standard-jvm, org.gradle.jvm.version=11, org.gradle.libraryelements=classes, org.gradle.usage=java-api}
2025-02-01T10:47:41.172-0500 [DEBUG] [org.gradle.internal.component.model.LoggingAttributeMatchingExplanationBuilder] Selected match org.dizitart:nitrite-mvstore-adapter:4.3.0 configuration compile from candidates [org.dizitart:nitrite-mvstore-adapter:4.3.0 configuration compile] for {org.gradle.category=library, org.gradle.dependency.bundling=external, org.gradle.jvm.environment=standard-jvm, org.gradle.jvm.version=11, org.gradle.libraryelements=classes, org.gradle.usage=java-api}
2025-02-01T10:47:41.172-0500 [DEBUG] [org.gradle.internal.component.model.LoggingAttributeMatchingExplanationBuilder] Selected match org.dizitart:nitrite:4.3.0 configuration compile from candidates [org.dizitart:nitrite:4.3.0 configuration compile] for {org.gradle.category=library, org.gradle.dependency.bundling=external, org.gradle.jvm.environment=standard-jvm, org.gradle.jvm.version=11, org.gradle.libraryelements=classes, org.gradle.usage=java-api}
2025-02-01T10:47:41.172-0500 [DEBUG] [org.gradle.internal.component.model.LoggingAttributeMatchingExplanationBuilder] Selected match org.jasypt:jasypt:1.9.3 configuration compile from candidates [org.jasypt:jasypt:1.9.3 configuration compile] for {org.gradle.category=library, org.gradle.dependency.bundling=external, org.gradle.jvm.environment=standard-jvm, org.gradle.jvm.version=11, org.gradle.libraryelements=classes, org.gradle.usage=java-api}
2025-02-01T10:47:41.172-0500 [DEBUG] [org.gradle.internal.component.model.LoggingAttributeMatchingExplanationBuilder] Selected match com.github.oshi:oshi-core-java11:6.6.5 configuration compile from candidates [com.github.oshi:oshi-core-java11:6.6.5 configuration compile] for {org.gradle.category=library, org.gradle.dependency.bundling=external, org.gradle.jvm.environment=standard-jvm, org.gradle.jvm.version=11, org.gradle.libraryelements=classes, org.gradle.usage=java-api}
2025-02-01T10:47:41.172-0500 [DEBUG] [org.gradle.internal.component.model.LoggingAttributeMatchingExplanationBuilder] Selected match org.dizitart:nitrite-bom:4.3.0 configuration compile from candidates [org.dizitart:nitrite-bom:4.3.0 configuration compile] for {org.gradle.category=library, org.gradle.dependency.bundling=external, org.gradle.jvm.environment=standard-jvm, org.gradle.jvm.version=11, org.gradle.libraryelements=classes, org.gradle.usage=java-api}
2025-02-01T10:47:41.173-0500 [DEBUG] [org.gradle.api.internal.artifacts.ivyservice.ivyresolve.CachingModuleComponentRepository] Detected non-existence of artifact 'nitrite-bom-4.3.0.jar (org.dizitart:nitrite-bom:4.3.0)' in resolver cache
2025-02-01T10:47:41.173-0500 [DEBUG] [org.gradle.internal.component.model.LoggingAttributeMatchingExplanationBuilder] Selected match me.tongfei:progressbar:0.9.0 configuration compile from candidates [me.tongfei:progressbar:0.9.0 configuration compile] for {org.gradle.category=library, org.gradle.dependency.bundling=external, org.gradle.jvm.environment=standard-jvm, org.gradle.jvm.version=11, org.gradle.libraryelements=classes, org.gradle.usage=java-api}
2025-02-01T10:47:41.173-0500 [DEBUG] [org.gradle.internal.component.model.LoggingAttributeMatchingExplanationBuilder] Selected match org.slf4j:slf4j-nop:2.0.16 configuration compile from candidates [org.slf4j:slf4j-nop:2.0.16 configuration compile] for {org.gradle.category=library, org.gradle.dependency.bundling=external, org.gradle.jvm.environment=standard-jvm, org.gradle.jvm.version=11, org.gradle.libraryelements=classes, org.gradle.usage=java-api}
2025-02-01T10:47:41.173-0500 [DEBUG] [org.gradle.internal.component.model.LoggingAttributeMatchingExplanationBuilder] Selected match io.github.classgraph:classgraph:4.8.179 configuration compile from candidates [io.github.classgraph:classgraph:4.8.179 configuration compile] for {org.gradle.category=library, org.gradle.dependency.bundling=external, org.gradle.jvm.environment=standard-jvm, org.gradle.jvm.version=11, org.gradle.libraryelements=classes, org.gradle.usage=java-api}
2025-02-01T10:47:41.173-0500 [DEBUG] [org.gradle.internal.component.model.LoggingAttributeMatchingExplanationBuilder] Selected match com.google.guava:failureaccess:1.0.1 configuration compile from candidates [com.google.guava:failureaccess:1.0.1 configuration compile] for {org.gradle.category=library, org.gradle.dependency.bundling=external, org.gradle.jvm.environment=standard-jvm, org.gradle.jvm.version=11, org.gradle.libraryelements=classes, org.gradle.usage=java-api}
2025-02-01T10:47:41.173-0500 [DEBUG] [org.gradle.internal.component.model.LoggingAttributeMatchingExplanationBuilder] Selected match com.google.guava:listenablefuture:9999.0-empty-to-avoid-conflict-with-guava configuration compile from candidates [com.google.guava:listenablefuture:9999.0-empty-to-avoid-conflict-with-guava configuration compile] for {org.gradle.category=library, org.gradle.dependency.bundling=external, org.gradle.jvm.environment=standard-jvm, org.gradle.jvm.version=11, org.gradle.libraryelements=classes, org.gradle.usage=java-api}
2025-02-01T10:47:41.173-0500 [DEBUG] [org.gradle.internal.component.model.LoggingAttributeMatchingExplanationBuilder] Selected match com.google.code.findbugs:jsr305:3.0.2 configuration compile from candidates [com.google.code.findbugs:jsr305:3.0.2 configuration compile] for {org.gradle.category=library, org.gradle.dependency.bundling=external, org.gradle.jvm.environment=standard-jvm, org.gradle.jvm.version=11, org.gradle.libraryelements=classes, org.gradle.usage=java-api}
2025-02-01T10:47:41.173-0500 [DEBUG] [org.gradle.internal.component.model.LoggingAttributeMatchingExplanationBuilder] Selected match org.checkerframework:checker-qual:3.12.0 variant apiElements from candidates [org.checkerframework:checker-qual:3.12.0 variant apiElements] for {org.gradle.category=library, org.gradle.dependency.bundling=external, org.gradle.jvm.environment=standard-jvm, org.gradle.jvm.version=11, org.gradle.libraryelements=classes, org.gradle.usage=java-api}
2025-02-01T10:47:41.173-0500 [DEBUG] [org.gradle.internal.component.model.LoggingAttributeMatchingExplanationBuilder] Selected match com.google.errorprone:error_prone_annotations:2.11.0 configuration compile from candidates [com.google.errorprone:error_prone_annotations:2.11.0 configuration compile] for {org.gradle.category=library, org.gradle.dependency.bundling=external, org.gradle.jvm.environment=standard-jvm, org.gradle.jvm.version=11, org.gradle.libraryelements=classes, org.gradle.usage=java-api}
2025-02-01T10:47:41.174-0500 [DEBUG] [org.gradle.internal.component.model.LoggingAttributeMatchingExplanationBuilder] Selected match com.google.j2objc:j2objc-annotations:1.3 configuration compile from candidates [com.google.j2objc:j2objc-annotations:1.3 configuration compile] for {org.gradle.category=library, org.gradle.dependency.bundling=external, org.gradle.jvm.environment=standard-jvm, org.gradle.jvm.version=11, org.gradle.libraryelements=classes, org.gradle.usage=java-api}
2025-02-01T10:47:41.174-0500 [DEBUG] [org.gradle.internal.component.model.LoggingAttributeMatchingExplanationBuilder] Selected match net.java.dev.jna:jna-platform-jpms:5.15.0 configuration compile from candidates [net.java.dev.jna:jna-platform-jpms:5.15.0 configuration compile] for {org.gradle.category=library, org.gradle.dependency.bundling=external, org.gradle.jvm.environment=standard-jvm, org.gradle.jvm.version=11, org.gradle.libraryelements=classes, org.gradle.usage=java-api}
2025-02-01T10:47:41.174-0500 [DEBUG] [org.gradle.internal.component.model.LoggingAttributeMatchingExplanationBuilder] Selected match net.java.dev.jna:jna-jpms:5.15.0 configuration compile from candidates [net.java.dev.jna:jna-jpms:5.15.0 configuration compile] for {org.gradle.category=library, org.gradle.dependency.bundling=external, org.gradle.jvm.environment=standard-jvm, org.gradle.jvm.version=11, org.gradle.libraryelements=classes, org.gradle.usage=java-api}
2025-02-01T10:47:41.174-0500 [DEBUG] [org.gradle.internal.component.model.LoggingAttributeMatchingExplanationBuilder] Selected match org.slf4j:slf4j-api:2.0.16 configuration compile from candidates [org.slf4j:slf4j-api:2.0.16 configuration compile] for {org.gradle.category=library, org.gradle.dependency.bundling=external, org.gradle.jvm.environment=standard-jvm, org.gradle.jvm.version=11, org.gradle.libraryelements=classes, org.gradle.usage=java-api}
2025-02-01T10:47:41.174-0500 [DEBUG] [org.gradle.internal.component.model.LoggingAttributeMatchingExplanationBuilder] Selected match commons-codec:commons-codec:1.17.0 configuration compile from candidates [commons-codec:commons-codec:1.17.0 configuration compile] for {org.gradle.category=library, org.gradle.dependency.bundling=external, org.gradle.jvm.environment=standard-jvm, org.gradle.jvm.version=11, org.gradle.libraryelements=classes, org.gradle.usage=java-api}
2025-02-01T10:47:41.174-0500 [DEBUG] [org.gradle.internal.component.model.LoggingAttributeMatchingExplanationBuilder] Selected match com.fasterxml.jackson.core:jackson-annotations:2.17.1 variant apiElements from candidates [com.fasterxml.jackson.core:jackson-annotations:2.17.1 variant apiElements] for {org.gradle.category=library, org.gradle.dependency.bundling=external, org.gradle.jvm.environment=standard-jvm, org.gradle.jvm.version=11, org.gradle.libraryelements=classes, org.gradle.usage=java-api}
2025-02-01T10:47:41.174-0500 [DEBUG] [org.gradle.internal.component.model.LoggingAttributeMatchingExplanationBuilder] Selected match com.fasterxml.jackson.core:jackson-core:2.17.1 variant apiElements from candidates [com.fasterxml.jackson.core:jackson-core:2.17.1 variant apiElements] for {org.gradle.category=library, org.gradle.dependency.bundling=external, org.gradle.jvm.environment=standard-jvm, org.gradle.jvm.version=11, org.gradle.libraryelements=classes, org.gradle.usage=java-api}
2025-02-01T10:47:41.174-0500 [DEBUG] [org.gradle.internal.component.model.LoggingAttributeMatchingExplanationBuilder] Selected match com.fasterxml.jackson:jackson-bom:2.17.1 configuration platform-compile from candidates [com.fasterxml.jackson:jackson-bom:2.17.1 configuration platform-compile] for {org.gradle.category=platform, org.gradle.dependency.bundling=external, org.gradle.jvm.environment=standard-jvm, org.gradle.jvm.version=11, org.gradle.libraryelements=classes, org.gradle.usage=java-api}
2025-02-01T10:47:41.174-0500 [DEBUG] [org.gradle.internal.component.model.LoggingAttributeMatchingExplanationBuilder] Selected match com.fasterxml.jackson.core:jackson-databind:2.17.1 variant apiElements from candidates [com.fasterxml.jackson.core:jackson-databind:2.17.1 variant apiElements] for {org.gradle.category=library, org.gradle.dependency.bundling=external, org.gradle.jvm.environment=standard-jvm, org.gradle.jvm.version=11, org.gradle.libraryelements=classes, org.gradle.usage=java-api}
2025-02-01T10:47:41.174-0500 [DEBUG] [org.gradle.internal.component.model.LoggingAttributeMatchingExplanationBuilder] Selected match com.h2database:h2-mvstore:2.2.224 configuration compile from candidates [com.h2database:h2-mvstore:2.2.224 configuration compile] for {org.gradle.category=library, org.gradle.dependency.bundling=external, org.gradle.jvm.environment=standard-jvm, org.gradle.jvm.version=11, org.gradle.libraryelements=classes, org.gradle.usage=java-api}
2025-02-01T10:47:41.174-0500 [DEBUG] [org.gradle.internal.component.model.LoggingAttributeMatchingExplanationBuilder] Selected match org.jline:jline:3.16.0 configuration compile from candidates [org.jline:jline:3.16.0 configuration compile] for {org.gradle.category=library, org.gradle.dependency.bundling=external, org.gradle.jvm.environment=standard-jvm, org.gradle.jvm.version=11, org.gradle.libraryelements=classes, org.gradle.usage=java-api}
2025-02-01T10:47:41.176-0500 [DEBUG] [org.gradle.internal.component.model.LoggingAttributeMatchingExplanationBuilder] Selected match All-MB.jar from candidates [All-MB.jar] for {org.gradle.category=library, org.gradle.dependency.bundling=external, org.gradle.jvm.environment=standard-jvm, org.gradle.jvm.version=11, org.gradle.libraryelements=classes, org.gradle.usage=java-api}
2025-02-01T10:47:41.177-0500 [DEBUG] [org.gradle.internal.component.model.LoggingAttributeMatchingExplanationBuilder] Selected match aspectjrt.jar from candidates [aspectjrt.jar] for {org.gradle.category=library, org.gradle.dependency.bundling=external, org.gradle.jvm.environment=standard-jvm, org.gradle.jvm.version=11, org.gradle.libraryelements=classes, org.gradle.usage=java-api}
2025-02-01T10:47:41.177-0500 [DEBUG] [org.gradle.internal.component.model.LoggingAttributeMatchingExplanationBuilder] Selected match bpmutil.jar from candidates [bpmutil.jar] for {org.gradle.category=library, org.gradle.dependency.bundling=external, org.gradle.jvm.environment=standard-jvm, org.gradle.jvm.version=11, org.gradle.libraryelements=classes, org.gradle.usage=java-api}
2025-02-01T10:47:41.177-0500 [DEBUG] [org.gradle.internal.component.model.LoggingAttributeMatchingExplanationBuilder] Selected match ci.jar from candidates [ci.jar] for {org.gradle.category=library, org.gradle.dependency.bundling=external, org.gradle.jvm.environment=standard-jvm, org.gradle.jvm.version=11, org.gradle.libraryelements=classes, org.gradle.usage=java-api}
2025-02-01T10:47:41.177-0500 [DEBUG] [org.gradle.internal.component.model.LoggingAttributeMatchingExplanationBuilder] Selected match collaboration.jar from candidates [collaboration.jar] for {org.gradle.category=library, org.gradle.dependency.bundling=external, org.gradle.jvm.environment=standard-jvm, org.gradle.jvm.version=11, org.gradle.libraryelements=classes, org.gradle.usage=java-api}
2025-02-01T10:47:41.177-0500 [DEBUG] [org.gradle.internal.component.model.LoggingAttributeMatchingExplanationBuilder] Selected match commons-codec-1.15.jar from candidates [commons-codec-1.15.jar] for {org.gradle.category=library, org.gradle.dependency.bundling=external, org.gradle.jvm.environment=standard-jvm, org.gradle.jvm.version=11, org.gradle.libraryelements=classes, org.gradle.usage=java-api}
2025-02-01T10:47:41.177-0500 [DEBUG] [org.gradle.internal.component.model.LoggingAttributeMatchingExplanationBuilder] Selected match commons-lang3-3.12.0.jar from candidates [commons-lang3-3.12.0.jar] for {org.gradle.category=library, org.gradle.dependency.bundling=external, org.gradle.jvm.environment=standard-jvm, org.gradle.jvm.version=11, org.gradle.libraryelements=classes, org.gradle.usage=java-api}
2025-02-01T10:47:41.177-0500 [DEBUG] [org.gradle.internal.component.model.LoggingAttributeMatchingExplanationBuilder] Selected match configservice-api.jar from candidates [configservice-api.jar] for {org.gradle.category=library, org.gradle.dependency.bundling=external, org.gradle.jvm.environment=standard-jvm, org.gradle.jvm.version=11, org.gradle.libraryelements=classes, org.gradle.usage=java-api}
2025-02-01T10:47:41.178-0500 [DEBUG] [org.gradle.internal.component.model.LoggingAttributeMatchingExplanationBuilder] Selected match configservice-impl.jar from candidates [configservice-impl.jar] for {org.gradle.category=library, org.gradle.dependency.bundling=external, org.gradle.jvm.environment=standard-jvm, org.gradle.jvm.version=11, org.gradle.libraryelements=classes, org.gradle.usage=java-api}
2025-02-01T10:47:41.178-0500 [DEBUG] [org.gradle.internal.component.model.LoggingAttributeMatchingExplanationBuilder] Selected match dfc.jar from candidates [dfc.jar] for {org.gradle.category=library, org.gradle.dependency.bundling=external, org.gradle.jvm.environment=standard-jvm, org.gradle.jvm.version=11, org.gradle.libraryelements=classes, org.gradle.usage=java-api}
2025-02-01T10:47:41.178-0500 [DEBUG] [org.gradle.internal.component.model.LoggingAttributeMatchingExplanationBuilder] Selected match DmcRecords.jar from candidates [DmcRecords.jar] for {org.gradle.category=library, org.gradle.dependency.bundling=external, org.gradle.jvm.environment=standard-jvm, org.gradle.jvm.version=11, org.gradle.libraryelements=classes, org.gradle.usage=java-api}
2025-02-01T10:47:41.178-0500 [DEBUG] [org.gradle.internal.component.model.LoggingAttributeMatchingExplanationBuilder] Selected match dms-client-api.jar from candidates [dms-client-api.jar] for {org.gradle.category=library, org.gradle.dependency.bundling=external, org.gradle.jvm.environment=standard-jvm, org.gradle.jvm.version=11, org.gradle.libraryelements=classes, org.gradle.usage=java-api}
2025-02-01T10:47:41.178-0500 [DEBUG] [org.gradle.internal.component.model.LoggingAttributeMatchingExplanationBuilder] Selected match jakarta.activation-api.jar from candidates [jakarta.activation-api.jar] for {org.gradle.category=library, org.gradle.dependency.bundling=external, org.gradle.jvm.environment=standard-jvm, org.gradle.jvm.version=11, org.gradle.libraryelements=classes, org.gradle.usage=java-api}
2025-02-01T10:47:41.178-0500 [DEBUG] [org.gradle.internal.component.model.LoggingAttributeMatchingExplanationBuilder] Selected match jakarta.servlet-api.jar from candidates [jakarta.servlet-api.jar] for {org.gradle.category=library, org.gradle.dependency.bundling=external, org.gradle.jvm.environment=standard-jvm, org.gradle.jvm.version=11, org.gradle.libraryelements=classes, org.gradle.usage=java-api}
2025-02-01T10:47:41.178-0500 [DEBUG] [org.gradle.internal.component.model.LoggingAttributeMatchingExplanationBuilder] Selected match jakarta.xml.bind-api.jar from candidates [jakarta.xml.bind-api.jar] for {org.gradle.category=library, org.gradle.dependency.bundling=external, org.gradle.jvm.environment=standard-jvm, org.gradle.jvm.version=11, org.gradle.libraryelements=classes, org.gradle.usage=java-api}
2025-02-01T10:47:41.178-0500 [DEBUG] [org.gradle.internal.component.model.LoggingAttributeMatchingExplanationBuilder] Selected match jaxb-core.jar from candidates [jaxb-core.jar] for {org.gradle.category=library, org.gradle.dependency.bundling=external, org.gradle.jvm.environment=standard-jvm, org.gradle.jvm.version=11, org.gradle.libraryelements=classes, org.gradle.usage=java-api}
2025-02-01T10:47:41.179-0500 [DEBUG] [org.gradle.internal.component.model.LoggingAttributeMatchingExplanationBuilder] Selected match jaxb-impl.jar from candidates [jaxb-impl.jar] for {org.gradle.category=library, org.gradle.dependency.bundling=external, org.gradle.jvm.environment=standard-jvm, org.gradle.jvm.version=11, org.gradle.libraryelements=classes, org.gradle.usage=java-api}
2025-02-01T10:47:41.179-0500 [DEBUG] [org.gradle.internal.component.model.LoggingAttributeMatchingExplanationBuilder] Selected match json.jar from candidates [json.jar] for {org.gradle.category=library, org.gradle.dependency.bundling=external, org.gradle.jvm.environment=standard-jvm, org.gradle.jvm.version=11, org.gradle.libraryelements=classes, org.gradle.usage=java-api}
2025-02-01T10:47:41.179-0500 [DEBUG] [org.gradle.internal.component.model.LoggingAttributeMatchingExplanationBuilder] Selected match log4j-1.2-api-2.19.0.jar from candidates [log4j-1.2-api-2.19.0.jar] for {org.gradle.category=library, org.gradle.dependency.bundling=external, org.gradle.jvm.environment=standard-jvm, org.gradle.jvm.version=11, org.gradle.libraryelements=classes, org.gradle.usage=java-api}
2025-02-01T10:47:41.180-0500 [DEBUG] [org.gradle.internal.component.model.LoggingAttributeMatchingExplanationBuilder] Selected match log4j-api-2.19.0.jar from candidates [log4j-api-2.19.0.jar] for {org.gradle.category=library, org.gradle.dependency.bundling=external, org.gradle.jvm.environment=standard-jvm, org.gradle.jvm.version=11, org.gradle.libraryelements=classes, org.gradle.usage=java-api}
2025-02-01T10:47:41.180-0500 [DEBUG] [org.gradle.internal.component.model.LoggingAttributeMatchingExplanationBuilder] Selected match log4j-core-2.19.0.jar from candidates [log4j-core-2.19.0.jar] for {org.gradle.category=library, org.gradle.dependency.bundling=external, org.gradle.jvm.environment=standard-jvm, org.gradle.jvm.version=11, org.gradle.libraryelements=classes, org.gradle.usage=java-api}
2025-02-01T10:47:41.180-0500 [DEBUG] [org.gradle.internal.component.model.LoggingAttributeMatchingExplanationBuilder] Selected match messageArchive.jar from candidates [messageArchive.jar] for {org.gradle.category=library, org.gradle.dependency.bundling=external, org.gradle.jvm.environment=standard-jvm, org.gradle.jvm.version=11, org.gradle.libraryelements=classes, org.gradle.usage=java-api}
2025-02-01T10:47:41.180-0500 [DEBUG] [org.gradle.internal.component.model.LoggingAttributeMatchingExplanationBuilder] Selected match messageService.jar from candidates [messageService.jar] for {org.gradle.category=library, org.gradle.dependency.bundling=external, org.gradle.jvm.environment=standard-jvm, org.gradle.jvm.version=11, org.gradle.libraryelements=classes, org.gradle.usage=java-api}
2025-02-01T10:47:41.180-0500 [DEBUG] [org.gradle.internal.component.model.LoggingAttributeMatchingExplanationBuilder] Selected match subscription.jar from candidates [subscription.jar] for {org.gradle.category=library, org.gradle.dependency.bundling=external, org.gradle.jvm.environment=standard-jvm, org.gradle.jvm.version=11, org.gradle.libraryelements=classes, org.gradle.usage=java-api}
2025-02-01T10:47:41.180-0500 [DEBUG] [org.gradle.internal.component.model.LoggingAttributeMatchingExplanationBuilder] Selected match workflow.jar from candidates [workflow.jar] for {org.gradle.category=library, org.gradle.dependency.bundling=external, org.gradle.jvm.environment=standard-jvm, org.gradle.jvm.version=11, org.gradle.libraryelements=classes, org.gradle.usage=java-api}
2025-02-01T10:47:41.180-0500 [DEBUG] [org.gradle.internal.component.model.LoggingAttributeMatchingExplanationBuilder] Selected match xml-apis.jar from candidates [xml-apis.jar] for {org.gradle.category=library, org.gradle.dependency.bundling=external, org.gradle.jvm.environment=standard-jvm, org.gradle.jvm.version=11, org.gradle.libraryelements=classes, org.gradle.usage=java-api}
2025-02-01T10:47:41.181-0500 [DEBUG] [org.gradle.internal.component.model.LoggingAttributeMatchingExplanationBuilder] Selected match xtrim-api.jar from candidates [xtrim-api.jar] for {org.gradle.category=library, org.gradle.dependency.bundling=external, org.gradle.jvm.environment=standard-jvm, org.gradle.jvm.version=11, org.gradle.libraryelements=classes, org.gradle.usage=java-api}
2025-02-01T10:47:41.181-0500 [DEBUG] [org.gradle.internal.component.model.LoggingAttributeMatchingExplanationBuilder] Selected match xtrim-server.jar from candidates [xtrim-server.jar] for {org.gradle.category=library, org.gradle.dependency.bundling=external, org.gradle.jvm.environment=standard-jvm, org.gradle.jvm.version=11, org.gradle.libraryelements=classes, org.gradle.usage=java-api}
2025-02-01T10:47:41.185-0500 [DEBUG] [org.gradle.api.internal.artifacts.ivyservice.ivyresolve.CachingModuleComponentRepository] Found artifact 'commons-csv-1.11.0.jar (org.apache.commons:commons-csv:1.11.0)' in resolver cache: C:\Users\johns\.gradle\caches\modules-2\files-2.1\org.apache.commons\commons-csv\1.11.0\8f2dc805097da534612128b7cdf491a5a76752bf\commons-csv-1.11.0.jar
2025-02-01T10:47:41.186-0500 [DEBUG] [org.gradle.api.internal.artifacts.ivyservice.ivyresolve.CachingModuleComponentRepository] Found artifact 'jline-3.16.0.jar (org.jline:jline:3.16.0)' in resolver cache: C:\Users\johns\.gradle\caches\modules-2\files-2.1\org.jline\jline\3.16.0\81804b76b1b307d7b134757e228154e3291f3206\jline-3.16.0.jar
2025-02-01T10:47:41.186-0500 [DEBUG] [org.gradle.api.internal.artifacts.ivyservice.ivyresolve.CachingModuleComponentRepository] Found artifact 'failureaccess-1.0.1.jar (com.google.guava:failureaccess:1.0.1)' in resolver cache: C:\Users\johns\.gradle\caches\modules-2\files-2.1\com.google.guava\failureaccess\1.0.1\1dcf1de382a0bf95a3d8b0849546c88bac1292c9\failureaccess-1.0.1.jar
2025-02-01T10:47:41.186-0500 [DEBUG] [org.gradle.api.internal.artifacts.ivyservice.ivyresolve.CachingModuleComponentRepository] Found artifact 'slf4j-nop-2.0.16.jar (org.slf4j:slf4j-nop:2.0.16)' in resolver cache: C:\Users\johns\.gradle\caches\modules-2\files-2.1\org.slf4j\slf4j-nop\2.0.16\d8d657e5b08dfbad70758fc8c47c58372272e08c\slf4j-nop-2.0.16.jar
2025-02-01T10:47:41.186-0500 [DEBUG] [org.gradle.api.internal.artifacts.ivyservice.ivyresolve.CachingModuleComponentRepository] Found artifact 'j2objc-annotations-1.3.jar (com.google.j2objc:j2objc-annotations:1.3)' in resolver cache: C:\Users\johns\.gradle\caches\modules-2\files-2.1\com.google.j2objc\j2objc-annotations\1.3\ba035118bc8bac37d7eff77700720999acd9986d\j2objc-annotations-1.3.jar
2025-02-01T10:47:41.187-0500 [DEBUG] [org.gradle.api.internal.artifacts.ivyservice.ivyresolve.CachingModuleComponentRepository] Found artifact 'jasypt-1.9.3.jar (org.jasypt:jasypt:1.9.3)' in resolver cache: C:\Users\johns\.gradle\caches\modules-2\files-2.1\org.jasypt\jasypt\1.9.3\d99ef9540f51c617f2a293b460f025d2ee563dd\jasypt-1.9.3.jar
2025-02-01T10:47:41.187-0500 [DEBUG] [org.gradle.api.internal.artifacts.ivyservice.ivyresolve.CachingModuleComponentRepository] Found artifact 'oshi-core-java11-6.6.5.jar (com.github.oshi:oshi-core-java11:6.6.5)' in resolver cache: C:\Users\johns\.gradle\caches\modules-2\files-2.1\com.github.oshi\oshi-core-java11\6.6.5\32e519a295c30291d7763d509289c6606707b758\oshi-core-java11-6.6.5.jar
2025-02-01T10:47:41.187-0500 [DEBUG] [org.gradle.api.internal.artifacts.ivyservice.ivyresolve.CachingModuleComponentRepository] Found artifact 'progressbar-0.9.0.jar (me.tongfei:progressbar:0.9.0)' in resolver cache: C:\Users\johns\.gradle\caches\modules-2\files-2.1\me.tongfei\progressbar\0.9.0\c6aeadcb91987495adb4796d526f2c157c78d29b\progressbar-0.9.0.jar
2025-02-01T10:47:41.187-0500 [DEBUG] [org.gradle.api.internal.artifacts.ivyservice.ivyresolve.CachingModuleComponentRepository] Found artifact 'nitrite-4.3.0.jar (org.dizitart:nitrite:4.3.0)' in resolver cache: C:\Users\johns\.gradle\caches\modules-2\files-2.1\org.dizitart\nitrite\4.3.0\ac9ffb7f8ff8234438d542f2a4a88f9025cb997\nitrite-4.3.0.jar
2025-02-01T10:47:41.189-0500 [DEBUG] [org.gradle.api.internal.artifacts.ivyservice.ivyresolve.CachingModuleComponentRepository] Found artifact 'nitrite-mvstore-adapter-4.3.0.jar (org.dizitart:nitrite-mvstore-adapter:4.3.0)' in resolver cache: C:\Users\johns\.gradle\caches\modules-2\files-2.1\org.dizitart\nitrite-mvstore-adapter\4.3.0\ab58e354f7d58600e74dbe9c7ba3ab51b8775814\nitrite-mvstore-adapter-4.3.0.jar
2025-02-01T10:47:41.188-0500 [DEBUG] [org.gradle.api.internal.artifacts.ivyservice.ivyresolve.CachingModuleComponentRepository] Found artifact 'commons-io-2.18.0.jar (commons-io:commons-io:2.18.0)' in resolver cache: C:\Users\johns\.gradle\caches\modules-2\files-2.1\commons-io\commons-io\2.18.0\44084ef756763795b31c578403dd028ff4a22950\commons-io-2.18.0.jar
2025-02-01T10:47:41.189-0500 [DEBUG] [org.gradle.api.internal.artifacts.ivyservice.ivyresolve.CachingModuleComponentRepository] Found artifact 'nitrite-jackson-mapper-4.3.0.jar (org.dizitart:nitrite-jackson-mapper:4.3.0)' in resolver cache: C:\Users\johns\.gradle\caches\modules-2\files-2.1\org.dizitart\nitrite-jackson-mapper\4.3.0\bc8663b0942f8234839b06ec45ca19f2528b7a75\nitrite-jackson-mapper-4.3.0.jar
2025-02-01T10:47:41.190-0500 [DEBUG] [org.gradle.api.internal.artifacts.ivyservice.ivyresolve.CachingModuleComponentRepository] Found artifact 'guava-31.1-jre.jar (com.google.guava:guava:31.1-jre)' in resolver cache: C:\Users\johns\.gradle\caches\modules-2\files-2.1\com.google.guava\guava\31.1-jre\60458f877d055d0c9114d9e1a2efb737b4bc282c\guava-31.1-jre.jar
2025-02-01T10:47:41.189-0500 [DEBUG] [org.gradle.api.internal.artifacts.ivyservice.ivyresolve.CachingModuleComponentRepository] Found artifact 'argparse4j-0.9.0.jar (net.sourceforge.argparse4j:argparse4j:0.9.0)' in resolver cache: C:\Users\johns\.gradle\caches\modules-2\files-2.1\net.sourceforge.argparse4j\argparse4j\0.9.0\485aaa44f9bfdc787da898828cdc71d6577a86d\argparse4j-0.9.0.jar
2025-02-01T10:47:41.190-0500 [DEBUG] [org.gradle.internal.resources.AbstractTrackedResourceLock] Execution worker Thread 3: released lock on state of build :
2025-02-01T10:47:41.191-0500 [DEBUG] [org.gradle.internal.resources.AbstractTrackedResourceLock] Execution worker Thread 3: released lock on worker lease
2025-02-01T10:47:41.192-0500 [DEBUG] [org.gradle.api.internal.artifacts.ivyservice.ivyresolve.CachingModuleComponentRepository] Found artifact 'org.gradle.internal.component.external.model.UrlBackedArtifactMetadata@2ba005f0' in resolver cache: C:\Users\johns\.gradle\caches\modules-2\files-2.1\com.fasterxml.jackson.core\jackson-core\2.17.1\5e52a11644cd59a28ef79f02bddc2cc3bab45edb\jackson-core-2.17.1.jar
2025-02-01T10:47:41.193-0500 [DEBUG] [org.gradle.api.internal.artifacts.ivyservice.ivyresolve.CachingModuleComponentRepository] Found artifact 'h2-mvstore-2.2.224.jar (com.h2database:h2-mvstore:2.2.224)' in resolver cache: C:\Users\johns\.gradle\caches\modules-2\files-2.1\com.h2database\h2-mvstore\2.2.224\169ad02c508ff473d279c17827176600694da1b7\h2-mvstore-2.2.224.jar
2025-02-01T10:47:41.193-0500 [DEBUG] [org.gradle.api.internal.artifacts.ivyservice.ivyresolve.CachingModuleComponentRepository] Found artifact 'org.gradle.internal.component.external.model.UrlBackedArtifactMetadata@63843190' in resolver cache: C:\Users\johns\.gradle\caches\modules-2\files-2.1\com.fasterxml.jackson.core\jackson-annotations\2.17.1\fca7ef6192c9ad05d07bc50da991bf937a84af3a\jackson-annotations-2.17.1.jar
2025-02-01T10:47:41.194-0500 [DEBUG] [org.gradle.api.internal.artifacts.ivyservice.ivyresolve.CachingModuleComponentRepository] Found artifact 'org.gradle.internal.component.external.model.UrlBackedArtifactMetadata@5bfc1953' in resolver cache: C:\Users\johns\.gradle\caches\modules-2\files-2.1\com.fasterxml.jackson.core\jackson-databind\2.17.1\524dcbcccdde7d45a679dfc333e4763feb09079\jackson-databind-2.17.1.jar
2025-02-01T10:47:41.194-0500 [DEBUG] [org.gradle.api.internal.artifacts.ivyservice.ivyresolve.CachingModuleComponentRepository] Found artifact 'commons-codec-1.17.0.jar (commons-codec:commons-codec:1.17.0)' in resolver cache: C:\Users\johns\.gradle\caches\modules-2\files-2.1\commons-codec\commons-codec\1.17.0\dbe8eef6e14460e73da07f7b11bf994d6626355\commons-codec-1.17.0.jar
2025-02-01T10:47:41.195-0500 [DEBUG] [org.gradle.api.internal.artifacts.ivyservice.ivyresolve.CachingModuleComponentRepository] Found artifact 'jna-jpms-5.15.0.jar (net.java.dev.jna:jna-jpms:5.15.0)' in resolver cache: C:\Users\johns\.gradle\caches\modules-2\files-2.1\net.java.dev.jna\jna-jpms\5.15.0\b0f59539bbe010a75b1a9759a67521692bf65d78\jna-jpms-5.15.0.jar
2025-02-01T10:47:41.195-0500 [DEBUG] [org.gradle.api.internal.artifacts.ivyservice.ivyresolve.CachingModuleComponentRepository] Found artifact 'slf4j-api-2.0.16.jar (org.slf4j:slf4j-api:2.0.16)' in resolver cache: C:\Users\johns\.gradle\caches\modules-2\files-2.1\org.slf4j\slf4j-api\2.0.16\172931663a09a1fa515567af5fbef00897d3c04\slf4j-api-2.0.16.jar
2025-02-01T10:47:41.195-0500 [DEBUG] [org.gradle.api.internal.artifacts.ivyservice.ivyresolve.CachingModuleComponentRepository] Found artifact 'jna-platform-jpms-5.15.0.jar (net.java.dev.jna:jna-platform-jpms:5.15.0)' in resolver cache: C:\Users\johns\.gradle\caches\modules-2\files-2.1\net.java.dev.jna\jna-platform-jpms\5.15.0\9093c678070f1b1edd7f5e27db01649f9f9e18f1\jna-platform-jpms-5.15.0.jar
2025-02-01T10:47:41.196-0500 [DEBUG] [org.gradle.api.internal.artifacts.ivyservice.ivyresolve.CachingModuleComponentRepository] Found artifact 'classgraph-4.8.179.jar (io.github.classgraph:classgraph:4.8.179)' in resolver cache: C:\Users\johns\.gradle\caches\modules-2\files-2.1\io.github.classgraph\classgraph\4.8.179\f159dd8bbbf381c4006c1f675ec4e648c8317f32\classgraph-4.8.179.jar
2025-02-01T10:47:41.196-0500 [DEBUG] [org.gradle.api.internal.artifacts.ivyservice.ivyresolve.CachingModuleComponentRepository] Found artifact 'error_prone_annotations-2.11.0.jar (com.google.errorprone:error_prone_annotations:2.11.0)' in resolver cache: C:\Users\johns\.gradle\caches\modules-2\files-2.1\com.google.errorprone\error_prone_annotations\2.11.0\c5a0ace696d3f8b1c1d8cc036d8c03cc0cbe6b69\error_prone_annotations-2.11.0.jar
2025-02-01T10:47:41.203-0500 [DEBUG] [org.gradle.api.internal.artifacts.ivyservice.ivyresolve.CachingModuleComponentRepository] Found artifact 'listenablefuture-9999.0-empty-to-avoid-conflict-with-guava.jar (com.google.guava:listenablefuture:9999.0-empty-to-avoid-conflict-with-guava)' in resolver cache: C:\Users\johns\.gradle\caches\modules-2\files-2.1\com.google.guava\listenablefuture\9999.0-empty-to-avoid-conflict-with-guava\b421526c5f297295adef1c886e5246c39d4ac629\listenablefuture-9999.0-empty-to-avoid-conflict-with-guava.jar
2025-02-01T10:47:41.203-0500 [DEBUG] [org.gradle.api.internal.artifacts.ivyservice.ivyresolve.CachingModuleComponentRepository] Found artifact 'jsr305-3.0.2.jar (com.google.code.findbugs:jsr305:3.0.2)' in resolver cache: C:\Users\johns\.gradle\caches\modules-2\files-2.1\com.google.code.findbugs\jsr305\3.0.2\25ea2e8b0c338a877313bd4672d3fe056ea78f0d\jsr305-3.0.2.jar
2025-02-01T10:47:41.203-0500 [DEBUG] [org.gradle.api.internal.artifacts.ivyservice.ivyresolve.CachingModuleComponentRepository] Found artifact 'org.gradle.internal.component.external.model.UrlBackedArtifactMetadata@34cc2571' in resolver cache: C:\Users\johns\.gradle\caches\modules-2\files-2.1\org.checkerframework\checker-qual\3.12.0\d5692f0526415fcc6de94bb5bfbd3afd9dd3b3e5\checker-qual-3.12.0.jar
2025-02-01T10:47:41.207-0500 [DEBUG] [org.gradle.internal.resources.AbstractTrackedResourceLock] Execution worker Thread 3: acquired lock on state of build :
2025-02-01T10:47:41.207-0500 [DEBUG] [org.gradle.internal.resources.AbstractTrackedResourceLock] Execution worker Thread 3: acquired lock on worker lease
2025-02-01T10:47:41.212-0500 [DEBUG] [org.gradle.internal.operations.DefaultBuildOperationRunner] Build operation 'Resolve files of :dctmutils:compileClasspath' completed
2025-02-01T10:47:41.213-0500 [DEBUG] [org.gradle.internal.operations.DefaultBuildOperationRunner] Build operation 'Resolve dependencies of :dctmutils:annotationProcessor' completed
2025-02-01T10:47:41.213-0500 [DEBUG] [org.gradle.internal.operations.DefaultBuildOperationRunner] Build operation 'Snapshot inputs and outputs before executing task ':dctmutils:compileJava'' completed
2025-02-01T10:47:41.216-0500 [DEBUG] [org.gradle.internal.component.model.LoggingAttributeMatchingExplanationBuilder] Selected match All-MB.jar from candidates [All-MB.jar] for {org.gradle.category=library, org.gradle.dependency.bundling=external, org.gradle.jvm.environment=standard-jvm, org.gradle.jvm.version=11, org.gradle.libraryelements=classes, org.gradle.usage=java-api}
2025-02-01T10:47:41.216-0500 [DEBUG] [org.gradle.internal.component.model.LoggingAttributeMatchingExplanationBuilder] Selected match aspectjrt.jar from candidates [aspectjrt.jar] for {org.gradle.category=library, org.gradle.dependency.bundling=external, org.gradle.jvm.environment=standard-jvm, org.gradle.jvm.version=11, org.gradle.libraryelements=classes, org.gradle.usage=java-api}
2025-02-01T10:47:41.217-0500 [DEBUG] [org.gradle.internal.component.model.LoggingAttributeMatchingExplanationBuilder] Selected match bpmutil.jar from candidates [bpmutil.jar] for {org.gradle.category=library, org.gradle.dependency.bundling=external, org.gradle.jvm.environment=standard-jvm, org.gradle.jvm.version=11, org.gradle.libraryelements=classes, org.gradle.usage=java-api}
2025-02-01T10:47:41.217-0500 [DEBUG] [org.gradle.internal.component.model.LoggingAttributeMatchingExplanationBuilder] Selected match ci.jar from candidates [ci.jar] for {org.gradle.category=library, org.gradle.dependency.bundling=external, org.gradle.jvm.environment=standard-jvm, org.gradle.jvm.version=11, org.gradle.libraryelements=classes, org.gradle.usage=java-api}
2025-02-01T10:47:41.217-0500 [DEBUG] [org.gradle.internal.component.model.LoggingAttributeMatchingExplanationBuilder] Selected match collaboration.jar from candidates [collaboration.jar] for {org.gradle.category=library, org.gradle.dependency.bundling=external, org.gradle.jvm.environment=standard-jvm, org.gradle.jvm.version=11, org.gradle.libraryelements=classes, org.gradle.usage=java-api}
2025-02-01T10:47:41.217-0500 [DEBUG] [org.gradle.internal.component.model.LoggingAttributeMatchingExplanationBuilder] Selected match commons-codec-1.15.jar from candidates [commons-codec-1.15.jar] for {org.gradle.category=library, org.gradle.dependency.bundling=external, org.gradle.jvm.environment=standard-jvm, org.gradle.jvm.version=11, org.gradle.libraryelements=classes, org.gradle.usage=java-api}
2025-02-01T10:47:41.217-0500 [DEBUG] [org.gradle.internal.component.model.LoggingAttributeMatchingExplanationBuilder] Selected match commons-lang3-3.12.0.jar from candidates [commons-lang3-3.12.0.jar] for {org.gradle.category=library, org.gradle.dependency.bundling=external, org.gradle.jvm.environment=standard-jvm, org.gradle.jvm.version=11, org.gradle.libraryelements=classes, org.gradle.usage=java-api}
2025-02-01T10:47:41.217-0500 [DEBUG] [org.gradle.internal.component.model.LoggingAttributeMatchingExplanationBuilder] Selected match configservice-api.jar from candidates [configservice-api.jar] for {org.gradle.category=library, org.gradle.dependency.bundling=external, org.gradle.jvm.environment=standard-jvm, org.gradle.jvm.version=11, org.gradle.libraryelements=classes, org.gradle.usage=java-api}
2025-02-01T10:47:41.217-0500 [DEBUG] [org.gradle.internal.component.model.LoggingAttributeMatchingExplanationBuilder] Selected match configservice-impl.jar from candidates [configservice-impl.jar] for {org.gradle.category=library, org.gradle.dependency.bundling=external, org.gradle.jvm.environment=standard-jvm, org.gradle.jvm.version=11, org.gradle.libraryelements=classes, org.gradle.usage=java-api}
2025-02-01T10:47:41.217-0500 [DEBUG] [org.gradle.internal.component.model.LoggingAttributeMatchingExplanationBuilder] Selected match dfc.jar from candidates [dfc.jar] for {org.gradle.category=library, org.gradle.dependency.bundling=external, org.gradle.jvm.environment=standard-jvm, org.gradle.jvm.version=11, org.gradle.libraryelements=classes, org.gradle.usage=java-api}
2025-02-01T10:47:41.218-0500 [DEBUG] [org.gradle.internal.component.model.LoggingAttributeMatchingExplanationBuilder] Selected match DmcRecords.jar from candidates [DmcRecords.jar] for {org.gradle.category=library, org.gradle.dependency.bundling=external, org.gradle.jvm.environment=standard-jvm, org.gradle.jvm.version=11, org.gradle.libraryelements=classes, org.gradle.usage=java-api}
2025-02-01T10:47:41.218-0500 [DEBUG] [org.gradle.internal.component.model.LoggingAttributeMatchingExplanationBuilder] Selected match dms-client-api.jar from candidates [dms-client-api.jar] for {org.gradle.category=library, org.gradle.dependency.bundling=external, org.gradle.jvm.environment=standard-jvm, org.gradle.jvm.version=11, org.gradle.libraryelements=classes, org.gradle.usage=java-api}
2025-02-01T10:47:41.218-0500 [DEBUG] [org.gradle.internal.component.model.LoggingAttributeMatchingExplanationBuilder] Selected match jakarta.activation-api.jar from candidates [jakarta.activation-api.jar] for {org.gradle.category=library, org.gradle.dependency.bundling=external, org.gradle.jvm.environment=standard-jvm, org.gradle.jvm.version=11, org.gradle.libraryelements=classes, org.gradle.usage=java-api}
2025-02-01T10:47:41.218-0500 [DEBUG] [org.gradle.internal.component.model.LoggingAttributeMatchingExplanationBuilder] Selected match jakarta.servlet-api.jar from candidates [jakarta.servlet-api.jar] for {org.gradle.category=library, org.gradle.dependency.bundling=external, org.gradle.jvm.environment=standard-jvm, org.gradle.jvm.version=11, org.gradle.libraryelements=classes, org.gradle.usage=java-api}
2025-02-01T10:47:41.218-0500 [DEBUG] [org.gradle.internal.component.model.LoggingAttributeMatchingExplanationBuilder] Selected match jakarta.xml.bind-api.jar from candidates [jakarta.xml.bind-api.jar] for {org.gradle.category=library, org.gradle.dependency.bundling=external, org.gradle.jvm.environment=standard-jvm, org.gradle.jvm.version=11, org.gradle.libraryelements=classes, org.gradle.usage=java-api}
2025-02-01T10:47:41.218-0500 [DEBUG] [org.gradle.internal.component.model.LoggingAttributeMatchingExplanationBuilder] Selected match jaxb-core.jar from candidates [jaxb-core.jar] for {org.gradle.category=library, org.gradle.dependency.bundling=external, org.gradle.jvm.environment=standard-jvm, org.gradle.jvm.version=11, org.gradle.libraryelements=classes, org.gradle.usage=java-api}
2025-02-01T10:47:41.218-0500 [DEBUG] [org.gradle.internal.component.model.LoggingAttributeMatchingExplanationBuilder] Selected match jaxb-impl.jar from candidates [jaxb-impl.jar] for {org.gradle.category=library, org.gradle.dependency.bundling=external, org.gradle.jvm.environment=standard-jvm, org.gradle.jvm.version=11, org.gradle.libraryelements=classes, org.gradle.usage=java-api}
2025-02-01T10:47:41.218-0500 [DEBUG] [org.gradle.internal.component.model.LoggingAttributeMatchingExplanationBuilder] Selected match json.jar from candidates [json.jar] for {org.gradle.category=library, org.gradle.dependency.bundling=external, org.gradle.jvm.environment=standard-jvm, org.gradle.jvm.version=11, org.gradle.libraryelements=classes, org.gradle.usage=java-api}
2025-02-01T10:47:41.219-0500 [DEBUG] [org.gradle.internal.component.model.LoggingAttributeMatchingExplanationBuilder] Selected match log4j-1.2-api-2.19.0.jar from candidates [log4j-1.2-api-2.19.0.jar] for {org.gradle.category=library, org.gradle.dependency.bundling=external, org.gradle.jvm.environment=standard-jvm, org.gradle.jvm.version=11, org.gradle.libraryelements=classes, org.gradle.usage=java-api}
2025-02-01T10:47:41.219-0500 [DEBUG] [org.gradle.internal.component.model.LoggingAttributeMatchingExplanationBuilder] Selected match log4j-api-2.19.0.jar from candidates [log4j-api-2.19.0.jar] for {org.gradle.category=library, org.gradle.dependency.bundling=external, org.gradle.jvm.environment=standard-jvm, org.gradle.jvm.version=11, org.gradle.libraryelements=classes, org.gradle.usage=java-api}
2025-02-01T10:47:41.219-0500 [DEBUG] [org.gradle.internal.component.model.LoggingAttributeMatchingExplanationBuilder] Selected match log4j-core-2.19.0.jar from candidates [log4j-core-2.19.0.jar] for {org.gradle.category=library, org.gradle.dependency.bundling=external, org.gradle.jvm.environment=standard-jvm, org.gradle.jvm.version=11, org.gradle.libraryelements=classes, org.gradle.usage=java-api}
2025-02-01T10:47:41.219-0500 [DEBUG] [org.gradle.internal.component.model.LoggingAttributeMatchingExplanationBuilder] Selected match messageArchive.jar from candidates [messageArchive.jar] for {org.gradle.category=library, org.gradle.dependency.bundling=external, org.gradle.jvm.environment=standard-jvm, org.gradle.jvm.version=11, org.gradle.libraryelements=classes, org.gradle.usage=java-api}
2025-02-01T10:47:41.219-0500 [DEBUG] [org.gradle.internal.component.model.LoggingAttributeMatchingExplanationBuilder] Selected match messageService.jar from candidates [messageService.jar] for {org.gradle.category=library, org.gradle.dependency.bundling=external, org.gradle.jvm.environment=standard-jvm, org.gradle.jvm.version=11, org.gradle.libraryelements=classes, org.gradle.usage=java-api}
2025-02-01T10:47:41.219-0500 [DEBUG] [org.gradle.internal.component.model.LoggingAttributeMatchingExplanationBuilder] Selected match subscription.jar from candidates [subscription.jar] for {org.gradle.category=library, org.gradle.dependency.bundling=external, org.gradle.jvm.environment=standard-jvm, org.gradle.jvm.version=11, org.gradle.libraryelements=classes, org.gradle.usage=java-api}
2025-02-01T10:47:41.219-0500 [DEBUG] [org.gradle.internal.component.model.LoggingAttributeMatchingExplanationBuilder] Selected match workflow.jar from candidates [workflow.jar] for {org.gradle.category=library, org.gradle.dependency.bundling=external, org.gradle.jvm.environment=standard-jvm, org.gradle.jvm.version=11, org.gradle.libraryelements=classes, org.gradle.usage=java-api}
2025-02-01T10:47:41.219-0500 [DEBUG] [org.gradle.internal.component.model.LoggingAttributeMatchingExplanationBuilder] Selected match xml-apis.jar from candidates [xml-apis.jar] for {org.gradle.category=library, org.gradle.dependency.bundling=external, org.gradle.jvm.environment=standard-jvm, org.gradle.jvm.version=11, org.gradle.libraryelements=classes, org.gradle.usage=java-api}
2025-02-01T10:47:41.219-0500 [DEBUG] [org.gradle.internal.component.model.LoggingAttributeMatchingExplanationBuilder] Selected match xtrim-api.jar from candidates [xtrim-api.jar] for {org.gradle.category=library, org.gradle.dependency.bundling=external, org.gradle.jvm.environment=standard-jvm, org.gradle.jvm.version=11, org.gradle.libraryelements=classes, org.gradle.usage=java-api}
2025-02-01T10:47:41.219-0500 [DEBUG] [org.gradle.internal.component.model.LoggingAttributeMatchingExplanationBuilder] Selected match xtrim-server.jar from candidates [xtrim-server.jar] for {org.gradle.category=library, org.gradle.dependency.bundling=external, org.gradle.jvm.environment=standard-jvm, org.gradle.jvm.version=11, org.gradle.libraryelements=classes, org.gradle.usage=java-api}
2025-02-01T10:47:41.220-0500 [DEBUG] [org.gradle.internal.operations.DefaultBuildOperationRunner] Build operation 'Resolve files of :dctmutils:compileClasspath' completed
2025-02-01T10:47:41.221-0500 [INFO] [org.gradle.internal.execution.steps.ResolveCachingStateStep] Caching disabled for task ':dctmutils:compileJava' because:
  Build cache is disabled
2025-02-01T10:47:41.221-0500 [DEBUG] [org.gradle.internal.execution.steps.SkipUpToDateStep] Determining if task ':dctmutils:compileJava' is up-to-date
2025-02-01T10:47:41.221-0500 [INFO] [org.gradle.internal.execution.steps.SkipUpToDateStep] Skipping task ':dctmutils:compileJava' as it is up-to-date.
2025-02-01T10:47:41.221-0500 [DEBUG] [org.gradle.api.internal.tasks.execution.ResolveTaskExecutionModeExecuter] Removed task artifact state for task ':dctmutils:compileJava' from context.
2025-02-01T10:47:41.221-0500 [DEBUG] [org.gradle.internal.operations.DefaultBuildOperationRunner] Completing Build operation 'Task :dctmutils:compileJava'
2025-02-01T10:47:41.221-0500 [DEBUG] [org.gradle.internal.operations.DefaultBuildOperationRunner] Build operation 'Task :dctmutils:compileJava' completed
2025-02-01T10:47:41.222-0500 [DEBUG] [org.gradle.execution.plan.DefaultFinalizedExecutionPlan] Node :dctmutils:compileJava completed, executed: true
2025-02-01T10:47:41.222-0500 [DEBUG] [org.gradle.execution.plan.DefaultFinalizedExecutionPlan] Node :dctmutils:compileJava finished executing
2025-02-01T10:47:41.222-0500 [DEBUG] [org.gradle.internal.resources.AbstractTrackedResourceLock] Execution worker Thread 3: released lock on state of build :
2025-02-01T10:47:41.222-0500 [DEBUG] [org.gradle.internal.resources.AbstractTrackedResourceLock] Execution worker Thread 3: released lock on task execution for build :
2025-02-01T10:47:41.222-0500 [DEBUG] [org.gradle.internal.resources.AbstractTrackedResourceLock] Execution worker Thread 3: acquired lock on state of build :
2025-02-01T10:47:41.222-0500 [DEBUG] [org.gradle.internal.resources.AbstractTrackedResourceLock] Execution worker Thread 3: acquired lock on task execution for build :
2025-02-01T10:47:41.222-0500 [INFO] [org.gradle.execution.plan.DefaultPlanExecutor] Resolve mutations for :dctmutils:processResources (Thread[Execution worker Thread 3,5,main]) started.
2025-02-01T10:47:41.222-0500 [DEBUG] [org.gradle.internal.resources.AbstractTrackedResourceLock] Execution worker Thread 13: acquired lock on worker lease
2025-02-01T10:47:41.222-0500 [DEBUG] [org.gradle.internal.operations.DefaultBuildOperationRunner] Build operation 'Resolve mutations for task :dctmutils:processResources' started
2025-02-01T10:47:41.222-0500 [DEBUG] [org.gradle.execution.plan.DefaultFinalizedExecutionPlan] Cannot acquire project lock for node Resolve mutations for :dctmutils:processTestResources
2025-02-01T10:47:41.222-0500 [DEBUG] [org.gradle.internal.resources.AbstractTrackedResourceLock] Execution worker Thread 13: released lock on worker lease
2025-02-01T10:47:41.222-0500 [DEBUG] [org.gradle.internal.resources.AbstractTrackedResourceLock] Execution worker Thread 12: acquired lock on worker lease
2025-02-01T10:47:41.222-0500 [DEBUG] [org.gradle.internal.resources.AbstractTrackedResourceLock] Execution worker Thread 12: released lock on worker lease
2025-02-01T10:47:41.223-0500 [DEBUG] [org.gradle.internal.resources.AbstractTrackedResourceLock] Execution worker Thread 11: acquired lock on worker lease
2025-02-01T10:47:41.223-0500 [DEBUG] [org.gradle.internal.resources.AbstractTrackedResourceLock] Execution worker Thread 11: released lock on worker lease
2025-02-01T10:47:41.223-0500 [DEBUG] [org.gradle.internal.resources.AbstractTrackedResourceLock] Execution worker Thread 10: acquired lock on worker lease
2025-02-01T10:47:41.223-0500 [DEBUG] [org.gradle.internal.resources.AbstractTrackedResourceLock] Execution worker Thread 10: released lock on worker lease
2025-02-01T10:47:41.223-0500 [DEBUG] [org.gradle.internal.operations.DefaultBuildOperationRunner] Completing Build operation 'Resolve mutations for task :dctmutils:processResources'
2025-02-01T10:47:41.223-0500 [DEBUG] [org.gradle.internal.operations.DefaultBuildOperationRunner] Build operation 'Resolve mutations for task :dctmutils:processResources' completed
2025-02-01T10:47:41.223-0500 [DEBUG] [org.gradle.internal.resources.AbstractTrackedResourceLock] Execution worker Thread 9: acquired lock on worker lease
2025-02-01T10:47:41.223-0500 [DEBUG] [org.gradle.internal.resources.AbstractTrackedResourceLock] Execution worker Thread 9: released lock on worker lease
2025-02-01T10:47:41.223-0500 [DEBUG] [org.gradle.internal.resources.AbstractTrackedResourceLock] Execution worker Thread 8: acquired lock on worker lease
2025-02-01T10:47:41.223-0500 [DEBUG] [org.gradle.internal.resources.AbstractTrackedResourceLock] Execution worker Thread 8: released lock on worker lease
2025-02-01T10:47:41.223-0500 [DEBUG] [org.gradle.internal.resources.AbstractTrackedResourceLock] Execution worker Thread 7: acquired lock on worker lease
2025-02-01T10:47:41.223-0500 [DEBUG] [org.gradle.internal.resources.AbstractTrackedResourceLock] Execution worker Thread 7: released lock on worker lease
2025-02-01T10:47:41.223-0500 [DEBUG] [org.gradle.internal.resources.AbstractTrackedResourceLock] Execution worker Thread 5: acquired lock on worker lease
2025-02-01T10:47:41.223-0500 [DEBUG] [org.gradle.internal.resources.AbstractTrackedResourceLock] Execution worker Thread 5: released lock on worker lease
2025-02-01T10:47:41.223-0500 [DEBUG] [org.gradle.internal.resources.AbstractTrackedResourceLock] Execution worker Thread 4: acquired lock on worker lease
2025-02-01T10:47:41.223-0500 [DEBUG] [org.gradle.internal.resources.AbstractTrackedResourceLock] Execution worker Thread 4: released lock on worker lease
2025-02-01T10:47:41.224-0500 [DEBUG] [org.gradle.internal.resources.AbstractTrackedResourceLock] Execution worker Thread 2: acquired lock on worker lease
2025-02-01T10:47:41.224-0500 [DEBUG] [org.gradle.internal.resources.AbstractTrackedResourceLock] Execution worker Thread 2: released lock on worker lease
2025-02-01T10:47:41.224-0500 [DEBUG] [org.gradle.internal.resources.AbstractTrackedResourceLock] Execution worker: acquired lock on worker lease
2025-02-01T10:47:41.224-0500 [DEBUG] [org.gradle.internal.resources.AbstractTrackedResourceLock] Execution worker: released lock on worker lease
2025-02-01T10:47:41.224-0500 [DEBUG] [org.gradle.internal.resources.AbstractTrackedResourceLock] Execution worker Thread 6: acquired lock on worker lease
2025-02-01T10:47:41.224-0500 [DEBUG] [org.gradle.internal.resources.AbstractTrackedResourceLock] Execution worker Thread 6: released lock on worker lease
2025-02-01T10:47:41.224-0500 [DEBUG] [org.gradle.internal.resources.AbstractTrackedResourceLock] Execution worker Thread 15: acquired lock on worker lease
2025-02-01T10:47:41.224-0500 [DEBUG] [org.gradle.internal.resources.AbstractTrackedResourceLock] Execution worker Thread 15: released lock on worker lease
2025-02-01T10:47:41.224-0500 [DEBUG] [org.gradle.internal.resources.AbstractTrackedResourceLock] Execution worker Thread 14: acquired lock on worker lease
2025-02-01T10:47:41.224-0500 [DEBUG] [org.gradle.internal.resources.AbstractTrackedResourceLock] Execution worker Thread 14: released lock on worker lease
2025-02-01T10:47:41.224-0500 [DEBUG] [org.gradle.internal.resources.AbstractTrackedResourceLock] included builds: acquired lock on worker lease
2025-02-01T10:47:41.224-0500 [DEBUG] [org.gradle.internal.resources.AbstractTrackedResourceLock] included builds: released lock on worker lease
2025-02-01T10:47:41.224-0500 [DEBUG] [org.gradle.execution.plan.DefaultFinalizedExecutionPlan] Node Resolve mutations for :dctmutils:processResources completed, executed: true
2025-02-01T10:47:41.224-0500 [DEBUG] [org.gradle.execution.plan.DefaultFinalizedExecutionPlan] Node Resolve mutations for :dctmutils:processResources finished executing
2025-02-01T10:47:41.224-0500 [DEBUG] [org.gradle.internal.resources.AbstractTrackedResourceLock] Execution worker Thread 3: released lock on state of build :
2025-02-01T10:47:41.224-0500 [DEBUG] [org.gradle.internal.resources.AbstractTrackedResourceLock] Execution worker Thread 3: released lock on task execution for build :
2025-02-01T10:47:41.224-0500 [DEBUG] [org.gradle.internal.resources.AbstractTrackedResourceLock] Execution worker Thread 3: acquired lock on state of build :
2025-02-01T10:47:41.224-0500 [DEBUG] [org.gradle.internal.resources.AbstractTrackedResourceLock] Execution worker Thread 3: acquired lock on task execution for build :
2025-02-01T10:47:41.225-0500 [INFO] [org.gradle.execution.plan.DefaultPlanExecutor] :dctmutils:processResources (Thread[Execution worker Thread 3,5,main]) started.
2025-02-01T10:47:41.225-0500 [DEBUG] [org.gradle.internal.resources.AbstractTrackedResourceLock] Execution worker Thread 13: acquired lock on worker lease
2025-02-01T10:47:41.225-0500 [DEBUG] [org.gradle.internal.operations.DefaultBuildOperationRunner] Build operation 'Task :dctmutils:processResources' started
2025-02-01T10:47:41.225-0500 [DEBUG] [org.gradle.execution.plan.DefaultFinalizedExecutionPlan] Cannot acquire project lock for node Resolve mutations for :dctmutils:processTestResources
2025-02-01T10:47:41.225-0500 [DEBUG] [org.gradle.internal.resources.AbstractTrackedResourceLock] Execution worker Thread 13: released lock on worker lease
2025-02-01T10:47:41.225-0500 [DEBUG] [org.gradle.internal.resources.AbstractTrackedResourceLock] included builds: acquired lock on worker lease
2025-02-01T10:47:41.225-0500 [DEBUG] [org.gradle.internal.resources.AbstractTrackedResourceLock] included builds: released lock on worker lease
2025-02-01T10:47:41.225-0500 [DEBUG] [org.gradle.internal.resources.AbstractTrackedResourceLock] Execution worker Thread 14: acquired lock on worker lease
2025-02-01T10:47:41.225-0500 [DEBUG] [org.gradle.internal.resources.AbstractTrackedResourceLock] Execution worker Thread 14: released lock on worker lease
2025-02-01T10:47:41.225-0500 [DEBUG] [org.gradle.internal.resources.AbstractTrackedResourceLock] Execution worker Thread 15: acquired lock on worker lease
2025-02-01T10:47:41.225-0500 [DEBUG] [org.gradle.internal.resources.AbstractTrackedResourceLock] Execution worker Thread 15: released lock on worker lease
2025-02-01T10:47:41.225-0500 [DEBUG] [org.gradle.internal.resources.AbstractTrackedResourceLock] Execution worker Thread 6: acquired lock on worker lease
2025-02-01T10:47:41.225-0500 [DEBUG] [org.gradle.internal.resources.AbstractTrackedResourceLock] Execution worker Thread 6: released lock on worker lease
2025-02-01T10:47:41.225-0500 [DEBUG] [org.gradle.internal.resources.AbstractTrackedResourceLock] Execution worker: acquired lock on worker lease
2025-02-01T10:47:41.225-0500 [DEBUG] [org.gradle.internal.resources.AbstractTrackedResourceLock] Execution worker: released lock on worker lease
2025-02-01T10:47:41.225-0500 [DEBUG] [org.gradle.internal.resources.AbstractTrackedResourceLock] Execution worker Thread 2: acquired lock on worker lease
2025-02-01T10:47:41.226-0500 [DEBUG] [org.gradle.internal.resources.AbstractTrackedResourceLock] Execution worker Thread 2: released lock on worker lease
2025-02-01T10:47:41.226-0500 [DEBUG] [org.gradle.internal.resources.AbstractTrackedResourceLock] Execution worker Thread 4: acquired lock on worker lease
2025-02-01T10:47:41.226-0500 [DEBUG] [org.gradle.internal.resources.AbstractTrackedResourceLock] Execution worker Thread 4: released lock on worker lease
2025-02-01T10:47:41.226-0500 [DEBUG] [org.gradle.internal.resources.AbstractTrackedResourceLock] Execution worker Thread 5: acquired lock on worker lease
2025-02-01T10:47:41.226-0500 [DEBUG] [org.gradle.internal.resources.AbstractTrackedResourceLock] Execution worker Thread 5: released lock on worker lease
2025-02-01T10:47:41.226-0500 [DEBUG] [org.gradle.internal.resources.AbstractTrackedResourceLock] Execution worker Thread 7: acquired lock on worker lease
2025-02-01T10:47:41.226-0500 [DEBUG] [org.gradle.internal.resources.AbstractTrackedResourceLock] Execution worker Thread 7: released lock on worker lease
2025-02-01T10:47:41.225-0500 [LIFECYCLE] [class org.gradle.internal.buildevents.TaskExecutionLogger] 
2025-02-01T10:47:41.225-0500 [LIFECYCLE] [class org.gradle.internal.buildevents.TaskExecutionLogger] > Task :dctmutils:processResources NO-SOURCE
2025-02-01T10:47:41.225-0500 [DEBUG] [org.gradle.api.internal.tasks.execution.ResolveTaskExecutionModeExecuter] Putting task artifact state for task ':dctmutils:processResources' into context took 0.0 secs.
2025-02-01T10:47:41.226-0500 [INFO] [org.gradle.internal.execution.steps.SkipEmptyWorkStep] Skipping task ':dctmutils:processResources' as it has no source files and no previous output files.
2025-02-01T10:47:41.226-0500 [DEBUG] [org.gradle.api.internal.tasks.execution.ResolveTaskExecutionModeExecuter] Removed task artifact state for task ':dctmutils:processResources' from context.
2025-02-01T10:47:41.226-0500 [DEBUG] [org.gradle.internal.resources.AbstractTrackedResourceLock] Execution worker Thread 8: acquired lock on worker lease
2025-02-01T10:47:41.226-0500 [DEBUG] [org.gradle.internal.resources.AbstractTrackedResourceLock] Execution worker Thread 8: released lock on worker lease
2025-02-01T10:47:41.226-0500 [DEBUG] [org.gradle.internal.operations.DefaultBuildOperationRunner] Completing Build operation 'Task :dctmutils:processResources'
2025-02-01T10:47:41.226-0500 [DEBUG] [org.gradle.internal.operations.DefaultBuildOperationRunner] Build operation 'Task :dctmutils:processResources' completed
2025-02-01T10:47:41.226-0500 [DEBUG] [org.gradle.internal.resources.AbstractTrackedResourceLock] Execution worker Thread 9: acquired lock on worker lease
2025-02-01T10:47:41.226-0500 [DEBUG] [org.gradle.internal.resources.AbstractTrackedResourceLock] Execution worker Thread 9: released lock on worker lease
2025-02-01T10:47:41.226-0500 [DEBUG] [org.gradle.cache.internal.btree.BTreePersistentIndexedCache] Opening cache executionHistory.bin (C:\Users\johns\projects\java-dctmutils\.gradle\8.0.2\executionHistory\executionHistory.bin)
2025-02-01T10:47:41.226-0500 [DEBUG] [org.gradle.internal.resources.AbstractTrackedResourceLock] Execution worker Thread 10: acquired lock on worker lease
2025-02-01T10:47:41.226-0500 [DEBUG] [org.gradle.internal.resources.AbstractTrackedResourceLock] Execution worker Thread 10: released lock on worker lease
2025-02-01T10:47:41.226-0500 [DEBUG] [org.gradle.internal.resources.AbstractTrackedResourceLock] Execution worker Thread 11: acquired lock on worker lease
2025-02-01T10:47:41.227-0500 [DEBUG] [org.gradle.internal.resources.AbstractTrackedResourceLock] Execution worker Thread 11: released lock on worker lease
2025-02-01T10:47:41.227-0500 [DEBUG] [org.gradle.internal.resources.AbstractTrackedResourceLock] Execution worker Thread 12: acquired lock on worker lease
2025-02-01T10:47:41.227-0500 [DEBUG] [org.gradle.internal.resources.AbstractTrackedResourceLock] Execution worker Thread 12: released lock on worker lease
2025-02-01T10:47:41.227-0500 [DEBUG] [org.gradle.execution.plan.DefaultFinalizedExecutionPlan] Node :dctmutils:processResources completed, executed: true
2025-02-01T10:47:41.227-0500 [DEBUG] [org.gradle.execution.plan.DefaultFinalizedExecutionPlan] Node :dctmutils:processResources finished executing
2025-02-01T10:47:41.227-0500 [DEBUG] [org.gradle.internal.resources.AbstractTrackedResourceLock] Execution worker Thread 3: released lock on state of build :
2025-02-01T10:47:41.227-0500 [DEBUG] [org.gradle.internal.resources.AbstractTrackedResourceLock] Execution worker Thread 3: released lock on task execution for build :
2025-02-01T10:47:41.227-0500 [DEBUG] [org.gradle.internal.resources.AbstractTrackedResourceLock] Execution worker Thread 3: acquired lock on state of build :
2025-02-01T10:47:41.227-0500 [DEBUG] [org.gradle.internal.resources.AbstractTrackedResourceLock] Execution worker Thread 3: acquired lock on task execution for build :
2025-02-01T10:47:41.227-0500 [DEBUG] [org.gradle.internal.resources.AbstractTrackedResourceLock] Execution worker Thread 13: acquired lock on worker lease
2025-02-01T10:47:41.227-0500 [DEBUG] [org.gradle.execution.plan.DefaultFinalizedExecutionPlan] Cannot acquire project lock for node Resolve mutations for :dctmutils:processTestResources
2025-02-01T10:47:41.227-0500 [DEBUG] [org.gradle.internal.resources.AbstractTrackedResourceLock] Execution worker Thread 13: released lock on worker lease
2025-02-01T10:47:41.227-0500 [INFO] [org.gradle.execution.plan.DefaultPlanExecutor] Resolve mutations for :dctmutils:classes (Thread[Execution worker Thread 3,5,main]) started.
2025-02-01T10:47:41.227-0500 [DEBUG] [org.gradle.internal.resources.AbstractTrackedResourceLock] Execution worker Thread 12: acquired lock on worker lease
2025-02-01T10:47:41.227-0500 [DEBUG] [org.gradle.internal.resources.AbstractTrackedResourceLock] Execution worker Thread 12: released lock on worker lease
2025-02-01T10:47:41.227-0500 [DEBUG] [org.gradle.internal.operations.DefaultBuildOperationRunner] Build operation 'Resolve mutations for task :dctmutils:classes' started
2025-02-01T10:47:41.227-0500 [DEBUG] [org.gradle.internal.resources.AbstractTrackedResourceLock] Execution worker Thread 11: acquired lock on worker lease
2025-02-01T10:47:41.227-0500 [DEBUG] [org.gradle.internal.resources.AbstractTrackedResourceLock] Execution worker Thread 11: released lock on worker lease
2025-02-01T10:47:41.228-0500 [DEBUG] [org.gradle.internal.resources.AbstractTrackedResourceLock] Execution worker Thread 10: acquired lock on worker lease
2025-02-01T10:47:41.228-0500 [DEBUG] [org.gradle.internal.resources.AbstractTrackedResourceLock] Execution worker Thread 10: released lock on worker lease
2025-02-01T10:47:41.228-0500 [DEBUG] [org.gradle.internal.resources.AbstractTrackedResourceLock] Execution worker Thread 9: acquired lock on worker lease
2025-02-01T10:47:41.228-0500 [DEBUG] [org.gradle.internal.resources.AbstractTrackedResourceLock] Execution worker Thread 9: released lock on worker lease
2025-02-01T10:47:41.228-0500 [DEBUG] [org.gradle.internal.operations.DefaultBuildOperationRunner] Completing Build operation 'Resolve mutations for task :dctmutils:classes'
2025-02-01T10:47:41.228-0500 [DEBUG] [org.gradle.internal.operations.DefaultBuildOperationRunner] Build operation 'Resolve mutations for task :dctmutils:classes' completed
2025-02-01T10:47:41.228-0500 [DEBUG] [org.gradle.internal.resources.AbstractTrackedResourceLock] Execution worker Thread 8: acquired lock on worker lease
2025-02-01T10:47:41.228-0500 [DEBUG] [org.gradle.internal.resources.AbstractTrackedResourceLock] Execution worker Thread 8: released lock on worker lease
2025-02-01T10:47:41.228-0500 [DEBUG] [org.gradle.internal.resources.AbstractTrackedResourceLock] Execution worker Thread 7: acquired lock on worker lease
2025-02-01T10:47:41.228-0500 [DEBUG] [org.gradle.internal.resources.AbstractTrackedResourceLock] Execution worker Thread 7: released lock on worker lease
2025-02-01T10:47:41.228-0500 [DEBUG] [org.gradle.internal.resources.AbstractTrackedResourceLock] Execution worker Thread 5: acquired lock on worker lease
2025-02-01T10:47:41.228-0500 [DEBUG] [org.gradle.internal.resources.AbstractTrackedResourceLock] Execution worker Thread 5: released lock on worker lease
2025-02-01T10:47:41.228-0500 [DEBUG] [org.gradle.internal.resources.AbstractTrackedResourceLock] Execution worker Thread 4: acquired lock on worker lease
2025-02-01T10:47:41.228-0500 [DEBUG] [org.gradle.internal.resources.AbstractTrackedResourceLock] Execution worker Thread 4: released lock on worker lease
2025-02-01T10:47:41.228-0500 [DEBUG] [org.gradle.internal.resources.AbstractTrackedResourceLock] Execution worker Thread 2: acquired lock on worker lease
2025-02-01T10:47:41.228-0500 [DEBUG] [org.gradle.internal.resources.AbstractTrackedResourceLock] Execution worker Thread 2: released lock on worker lease
2025-02-01T10:47:41.228-0500 [DEBUG] [org.gradle.internal.resources.AbstractTrackedResourceLock] Execution worker: acquired lock on worker lease
2025-02-01T10:47:41.228-0500 [DEBUG] [org.gradle.internal.resources.AbstractTrackedResourceLock] Execution worker: released lock on worker lease
2025-02-01T10:47:41.229-0500 [DEBUG] [org.gradle.internal.resources.AbstractTrackedResourceLock] Execution worker Thread 6: acquired lock on worker lease
2025-02-01T10:47:41.229-0500 [DEBUG] [org.gradle.internal.resources.AbstractTrackedResourceLock] Execution worker Thread 6: released lock on worker lease
2025-02-01T10:47:41.229-0500 [DEBUG] [org.gradle.internal.resources.AbstractTrackedResourceLock] Execution worker Thread 15: acquired lock on worker lease
2025-02-01T10:47:41.229-0500 [DEBUG] [org.gradle.internal.resources.AbstractTrackedResourceLock] Execution worker Thread 15: released lock on worker lease
2025-02-01T10:47:41.229-0500 [DEBUG] [org.gradle.internal.resources.AbstractTrackedResourceLock] Execution worker Thread 14: acquired lock on worker lease
2025-02-01T10:47:41.229-0500 [DEBUG] [org.gradle.internal.resources.AbstractTrackedResourceLock] Execution worker Thread 14: released lock on worker lease
2025-02-01T10:47:41.229-0500 [DEBUG] [org.gradle.internal.resources.AbstractTrackedResourceLock] included builds: acquired lock on worker lease
2025-02-01T10:47:41.229-0500 [DEBUG] [org.gradle.internal.resources.AbstractTrackedResourceLock] included builds: released lock on worker lease
2025-02-01T10:47:41.229-0500 [DEBUG] [org.gradle.execution.plan.DefaultFinalizedExecutionPlan] Node Resolve mutations for :dctmutils:classes completed, executed: true
2025-02-01T10:47:41.229-0500 [DEBUG] [org.gradle.execution.plan.DefaultFinalizedExecutionPlan] Node Resolve mutations for :dctmutils:classes finished executing
2025-02-01T10:47:41.229-0500 [DEBUG] [org.gradle.internal.resources.AbstractTrackedResourceLock] Execution worker Thread 3: released lock on state of build :
2025-02-01T10:47:41.229-0500 [DEBUG] [org.gradle.internal.resources.AbstractTrackedResourceLock] Execution worker Thread 3: released lock on task execution for build :
2025-02-01T10:47:41.229-0500 [DEBUG] [org.gradle.internal.resources.AbstractTrackedResourceLock] Execution worker Thread 3: acquired lock on state of build :
2025-02-01T10:47:41.229-0500 [DEBUG] [org.gradle.internal.resources.AbstractTrackedResourceLock] Execution worker Thread 3: acquired lock on task execution for build :
2025-02-01T10:47:41.229-0500 [DEBUG] [org.gradle.internal.resources.AbstractTrackedResourceLock] Execution worker Thread 13: acquired lock on worker lease
2025-02-01T10:47:41.229-0500 [INFO] [org.gradle.execution.plan.DefaultPlanExecutor] :dctmutils:classes (Thread[Execution worker Thread 3,5,main]) started.
2025-02-01T10:47:41.229-0500 [DEBUG] [org.gradle.execution.plan.DefaultFinalizedExecutionPlan] Cannot acquire project lock for node Resolve mutations for :dctmutils:processTestResources
2025-02-01T10:47:41.229-0500 [DEBUG] [org.gradle.internal.operations.DefaultBuildOperationRunner] Build operation 'Task :dctmutils:classes' started
2025-02-01T10:47:41.229-0500 [DEBUG] [org.gradle.internal.resources.AbstractTrackedResourceLock] Execution worker Thread 13: released lock on worker lease
2025-02-01T10:47:41.230-0500 [DEBUG] [org.gradle.internal.resources.AbstractTrackedResourceLock] included builds: acquired lock on worker lease
2025-02-01T10:47:41.230-0500 [DEBUG] [org.gradle.internal.resources.AbstractTrackedResourceLock] included builds: released lock on worker lease
2025-02-01T10:47:41.230-0500 [LIFECYCLE] [class org.gradle.internal.buildevents.TaskExecutionLogger] 
2025-02-01T10:47:41.230-0500 [LIFECYCLE] [class org.gradle.internal.buildevents.TaskExecutionLogger] > Task :dctmutils:classes UP-TO-DATE
2025-02-01T10:47:41.230-0500 [INFO] [org.gradle.api.internal.tasks.execution.SkipTaskWithNoActionsExecuter] Skipping task ':dctmutils:classes' as it has no actions.
2025-02-01T10:47:41.230-0500 [DEBUG] [org.gradle.internal.resources.AbstractTrackedResourceLock] Execution worker Thread 14: acquired lock on worker lease
2025-02-01T10:47:41.230-0500 [DEBUG] [org.gradle.internal.resources.AbstractTrackedResourceLock] Execution worker Thread 14: released lock on worker lease
2025-02-01T10:47:41.230-0500 [DEBUG] [org.gradle.internal.operations.DefaultBuildOperationRunner] Completing Build operation 'Task :dctmutils:classes'
2025-02-01T10:47:41.230-0500 [DEBUG] [org.gradle.internal.operations.DefaultBuildOperationRunner] Build operation 'Task :dctmutils:classes' completed
2025-02-01T10:47:41.230-0500 [DEBUG] [org.gradle.internal.resources.AbstractTrackedResourceLock] Execution worker Thread 15: acquired lock on worker lease
2025-02-01T10:47:41.230-0500 [DEBUG] [org.gradle.internal.resources.AbstractTrackedResourceLock] Execution worker Thread 15: released lock on worker lease
2025-02-01T10:47:41.230-0500 [DEBUG] [org.gradle.internal.resources.AbstractTrackedResourceLock] Execution worker Thread 6: acquired lock on worker lease
2025-02-01T10:47:41.230-0500 [DEBUG] [org.gradle.internal.resources.AbstractTrackedResourceLock] Execution worker Thread 6: released lock on worker lease
2025-02-01T10:47:41.230-0500 [DEBUG] [org.gradle.internal.resources.AbstractTrackedResourceLock] Execution worker: acquired lock on worker lease
2025-02-01T10:47:41.230-0500 [DEBUG] [org.gradle.internal.resources.AbstractTrackedResourceLock] Execution worker: released lock on worker lease
2025-02-01T10:47:41.230-0500 [DEBUG] [org.gradle.internal.resources.AbstractTrackedResourceLock] Execution worker Thread 2: acquired lock on worker lease
2025-02-01T10:47:41.230-0500 [DEBUG] [org.gradle.internal.resources.AbstractTrackedResourceLock] Execution worker Thread 2: released lock on worker lease
2025-02-01T10:47:41.231-0500 [DEBUG] [org.gradle.internal.resources.AbstractTrackedResourceLock] Execution worker Thread 4: acquired lock on worker lease
2025-02-01T10:47:41.231-0500 [DEBUG] [org.gradle.internal.resources.AbstractTrackedResourceLock] Execution worker Thread 4: released lock on worker lease
2025-02-01T10:47:41.231-0500 [DEBUG] [org.gradle.internal.resources.AbstractTrackedResourceLock] Execution worker Thread 5: acquired lock on worker lease
2025-02-01T10:47:41.231-0500 [DEBUG] [org.gradle.internal.resources.AbstractTrackedResourceLock] Execution worker Thread 5: released lock on worker lease
2025-02-01T10:47:41.231-0500 [DEBUG] [org.gradle.internal.resources.AbstractTrackedResourceLock] Execution worker Thread 7: acquired lock on worker lease
2025-02-01T10:47:41.231-0500 [DEBUG] [org.gradle.internal.resources.AbstractTrackedResourceLock] Execution worker Thread 7: released lock on worker lease
2025-02-01T10:47:41.231-0500 [DEBUG] [org.gradle.internal.resources.AbstractTrackedResourceLock] Execution worker Thread 8: acquired lock on worker lease
2025-02-01T10:47:41.231-0500 [DEBUG] [org.gradle.internal.resources.AbstractTrackedResourceLock] Execution worker Thread 8: released lock on worker lease
2025-02-01T10:47:41.231-0500 [DEBUG] [org.gradle.internal.resources.AbstractTrackedResourceLock] Execution worker Thread 9: acquired lock on worker lease
2025-02-01T10:47:41.231-0500 [DEBUG] [org.gradle.internal.resources.AbstractTrackedResourceLock] Execution worker Thread 9: released lock on worker lease
2025-02-01T10:47:41.231-0500 [DEBUG] [org.gradle.internal.resources.AbstractTrackedResourceLock] Execution worker Thread 10: acquired lock on worker lease
2025-02-01T10:47:41.231-0500 [DEBUG] [org.gradle.internal.resources.AbstractTrackedResourceLock] Execution worker Thread 10: released lock on worker lease
2025-02-01T10:47:41.231-0500 [DEBUG] [org.gradle.internal.resources.AbstractTrackedResourceLock] Execution worker Thread 11: acquired lock on worker lease
2025-02-01T10:47:41.231-0500 [DEBUG] [org.gradle.internal.resources.AbstractTrackedResourceLock] Execution worker Thread 11: released lock on worker lease
2025-02-01T10:47:41.231-0500 [DEBUG] [org.gradle.internal.resources.AbstractTrackedResourceLock] Execution worker Thread 12: acquired lock on worker lease
2025-02-01T10:47:41.231-0500 [DEBUG] [org.gradle.internal.resources.AbstractTrackedResourceLock] Execution worker Thread 12: released lock on worker lease
2025-02-01T10:47:41.231-0500 [DEBUG] [org.gradle.execution.plan.DefaultFinalizedExecutionPlan] Node :dctmutils:classes completed, executed: true
2025-02-01T10:47:41.232-0500 [DEBUG] [org.gradle.execution.plan.DefaultFinalizedExecutionPlan] Node :dctmutils:classes finished executing
2025-02-01T10:47:41.232-0500 [DEBUG] [org.gradle.internal.resources.AbstractTrackedResourceLock] Execution worker Thread 3: released lock on state of build :
2025-02-01T10:47:41.232-0500 [DEBUG] [org.gradle.internal.resources.AbstractTrackedResourceLock] Execution worker Thread 3: released lock on task execution for build :
2025-02-01T10:47:41.232-0500 [DEBUG] [org.gradle.internal.resources.AbstractTrackedResourceLock] Execution worker Thread 3: acquired lock on state of build :
2025-02-01T10:47:41.232-0500 [DEBUG] [org.gradle.internal.resources.AbstractTrackedResourceLock] Execution worker Thread 3: acquired lock on task execution for build :
2025-02-01T10:47:41.232-0500 [DEBUG] [org.gradle.internal.resources.AbstractTrackedResourceLock] Execution worker Thread 13: acquired lock on worker lease
2025-02-01T10:47:41.232-0500 [INFO] [org.gradle.execution.plan.DefaultPlanExecutor] Resolve mutations for :dctmutils:jar (Thread[Execution worker Thread 3,5,main]) started.
2025-02-01T10:47:41.232-0500 [DEBUG] [org.gradle.execution.plan.DefaultFinalizedExecutionPlan] Cannot acquire project lock for node Resolve mutations for :dctmutils:compileTestJava
2025-02-01T10:47:41.232-0500 [DEBUG] [org.gradle.internal.operations.DefaultBuildOperationRunner] Build operation 'Resolve mutations for task :dctmutils:jar' started
2025-02-01T10:47:41.232-0500 [DEBUG] [org.gradle.execution.plan.DefaultFinalizedExecutionPlan] Cannot acquire project lock for node Resolve mutations for :dctmutils:processTestResources
2025-02-01T10:47:41.232-0500 [DEBUG] [org.gradle.internal.resources.AbstractTrackedResourceLock] Execution worker Thread 13: released lock on worker lease
2025-02-01T10:47:41.232-0500 [DEBUG] [org.gradle.internal.resources.AbstractTrackedResourceLock] Execution worker Thread 12: acquired lock on worker lease
2025-02-01T10:47:41.232-0500 [DEBUG] [org.gradle.internal.resources.AbstractTrackedResourceLock] Execution worker Thread 12: released lock on worker lease
2025-02-01T10:47:41.232-0500 [DEBUG] [org.gradle.internal.resources.AbstractTrackedResourceLock] Execution worker Thread 11: acquired lock on worker lease
2025-02-01T10:47:41.232-0500 [DEBUG] [org.gradle.internal.resources.AbstractTrackedResourceLock] Execution worker Thread 11: released lock on worker lease
2025-02-01T10:47:41.232-0500 [DEBUG] [org.gradle.internal.resources.AbstractTrackedResourceLock] Execution worker Thread 10: acquired lock on worker lease
2025-02-01T10:47:41.232-0500 [DEBUG] [org.gradle.internal.resources.AbstractTrackedResourceLock] Execution worker Thread 10: released lock on worker lease
2025-02-01T10:47:41.232-0500 [DEBUG] [org.gradle.internal.resources.AbstractTrackedResourceLock] Execution worker Thread 9: acquired lock on worker lease
2025-02-01T10:47:41.233-0500 [DEBUG] [org.gradle.internal.resources.AbstractTrackedResourceLock] Execution worker Thread 9: released lock on worker lease
2025-02-01T10:47:41.233-0500 [DEBUG] [org.gradle.internal.resources.AbstractTrackedResourceLock] Execution worker Thread 8: acquired lock on worker lease
2025-02-01T10:47:41.233-0500 [DEBUG] [org.gradle.internal.resources.AbstractTrackedResourceLock] Execution worker Thread 8: released lock on worker lease
2025-02-01T10:47:41.233-0500 [DEBUG] [org.gradle.internal.operations.DefaultBuildOperationRunner] Completing Build operation 'Resolve mutations for task :dctmutils:jar'
2025-02-01T10:47:41.233-0500 [DEBUG] [org.gradle.internal.operations.DefaultBuildOperationRunner] Build operation 'Resolve mutations for task :dctmutils:jar' completed
2025-02-01T10:47:41.233-0500 [DEBUG] [org.gradle.internal.resources.AbstractTrackedResourceLock] Execution worker Thread 7: acquired lock on worker lease
2025-02-01T10:47:41.233-0500 [DEBUG] [org.gradle.internal.resources.AbstractTrackedResourceLock] Execution worker Thread 7: released lock on worker lease
2025-02-01T10:47:41.233-0500 [DEBUG] [org.gradle.internal.resources.AbstractTrackedResourceLock] Execution worker Thread 5: acquired lock on worker lease
2025-02-01T10:47:41.233-0500 [DEBUG] [org.gradle.internal.resources.AbstractTrackedResourceLock] Execution worker Thread 5: released lock on worker lease
2025-02-01T10:47:41.233-0500 [DEBUG] [org.gradle.internal.resources.AbstractTrackedResourceLock] Execution worker Thread 4: acquired lock on worker lease
2025-02-01T10:47:41.233-0500 [DEBUG] [org.gradle.internal.resources.AbstractTrackedResourceLock] Execution worker Thread 4: released lock on worker lease
2025-02-01T10:47:41.233-0500 [DEBUG] [org.gradle.internal.resources.AbstractTrackedResourceLock] Execution worker Thread 2: acquired lock on worker lease
2025-02-01T10:47:41.233-0500 [DEBUG] [org.gradle.internal.resources.AbstractTrackedResourceLock] Execution worker Thread 2: released lock on worker lease
2025-02-01T10:47:41.233-0500 [DEBUG] [org.gradle.internal.resources.AbstractTrackedResourceLock] Execution worker: acquired lock on worker lease
2025-02-01T10:47:41.233-0500 [DEBUG] [org.gradle.internal.resources.AbstractTrackedResourceLock] Execution worker: released lock on worker lease
2025-02-01T10:47:41.233-0500 [DEBUG] [org.gradle.internal.resources.AbstractTrackedResourceLock] Execution worker Thread 6: acquired lock on worker lease
2025-02-01T10:47:41.233-0500 [DEBUG] [org.gradle.internal.resources.AbstractTrackedResourceLock] Execution worker Thread 6: released lock on worker lease
2025-02-01T10:47:41.233-0500 [DEBUG] [org.gradle.internal.resources.AbstractTrackedResourceLock] Execution worker Thread 15: acquired lock on worker lease
2025-02-01T10:47:41.233-0500 [DEBUG] [org.gradle.internal.resources.AbstractTrackedResourceLock] Execution worker Thread 15: released lock on worker lease
2025-02-01T10:47:41.234-0500 [DEBUG] [org.gradle.internal.resources.AbstractTrackedResourceLock] Execution worker Thread 14: acquired lock on worker lease
2025-02-01T10:47:41.234-0500 [DEBUG] [org.gradle.internal.resources.AbstractTrackedResourceLock] Execution worker Thread 14: released lock on worker lease
2025-02-01T10:47:41.234-0500 [DEBUG] [org.gradle.internal.resources.AbstractTrackedResourceLock] included builds: acquired lock on worker lease
2025-02-01T10:47:41.234-0500 [DEBUG] [org.gradle.internal.resources.AbstractTrackedResourceLock] included builds: released lock on worker lease
2025-02-01T10:47:41.234-0500 [DEBUG] [org.gradle.execution.plan.DefaultFinalizedExecutionPlan] Node Resolve mutations for :dctmutils:jar completed, executed: true
2025-02-01T10:47:41.234-0500 [DEBUG] [org.gradle.execution.plan.DefaultFinalizedExecutionPlan] Node Resolve mutations for :dctmutils:jar finished executing
2025-02-01T10:47:41.234-0500 [DEBUG] [org.gradle.internal.resources.AbstractTrackedResourceLock] Execution worker Thread 3: released lock on state of build :
2025-02-01T10:47:41.234-0500 [DEBUG] [org.gradle.internal.resources.AbstractTrackedResourceLock] Execution worker Thread 3: released lock on task execution for build :
2025-02-01T10:47:41.234-0500 [DEBUG] [org.gradle.internal.resources.AbstractTrackedResourceLock] Execution worker Thread 3: acquired lock on state of build :
2025-02-01T10:47:41.234-0500 [DEBUG] [org.gradle.internal.resources.AbstractTrackedResourceLock] Execution worker Thread 3: acquired lock on task execution for build :
2025-02-01T10:47:41.234-0500 [DEBUG] [org.gradle.internal.resources.AbstractTrackedResourceLock] Execution worker Thread 13: acquired lock on worker lease
2025-02-01T10:47:41.234-0500 [DEBUG] [org.gradle.execution.plan.DefaultFinalizedExecutionPlan] Cannot acquire project lock for node Resolve mutations for :dctmutils:compileTestJava
2025-02-01T10:47:41.234-0500 [DEBUG] [org.gradle.execution.plan.DefaultFinalizedExecutionPlan] Cannot acquire project lock for node Resolve mutations for :dctmutils:processTestResources
2025-02-01T10:47:41.234-0500 [DEBUG] [org.gradle.internal.resources.AbstractTrackedResourceLock] Execution worker Thread 13: released lock on worker lease
2025-02-01T10:47:41.234-0500 [INFO] [org.gradle.execution.plan.DefaultPlanExecutor] :dctmutils:jar (Thread[Execution worker Thread 3,5,main]) started.
2025-02-01T10:47:41.234-0500 [DEBUG] [org.gradle.internal.resources.AbstractTrackedResourceLock] included builds: acquired lock on worker lease
2025-02-01T10:47:41.235-0500 [DEBUG] [org.gradle.internal.resources.AbstractTrackedResourceLock] included builds: released lock on worker lease
2025-02-01T10:47:41.235-0500 [DEBUG] [org.gradle.internal.operations.DefaultBuildOperationRunner] Build operation 'Task :dctmutils:jar' started
2025-02-01T10:47:41.235-0500 [DEBUG] [org.gradle.internal.resources.AbstractTrackedResourceLock] Execution worker Thread 14: acquired lock on worker lease
2025-02-01T10:47:41.235-0500 [DEBUG] [org.gradle.internal.resources.AbstractTrackedResourceLock] Execution worker Thread 14: released lock on worker lease
2025-02-01T10:47:41.235-0500 [DEBUG] [org.gradle.internal.resources.AbstractTrackedResourceLock] Execution worker Thread 15: acquired lock on worker lease
2025-02-01T10:47:41.235-0500 [DEBUG] [org.gradle.internal.resources.AbstractTrackedResourceLock] Execution worker Thread 15: released lock on worker lease
2025-02-01T10:47:41.235-0500 [DEBUG] [org.gradle.internal.resources.AbstractTrackedResourceLock] Execution worker Thread 6: acquired lock on worker lease
2025-02-01T10:47:41.235-0500 [DEBUG] [org.gradle.internal.resources.AbstractTrackedResourceLock] Execution worker Thread 6: released lock on worker lease
2025-02-01T10:47:41.235-0500 [DEBUG] [org.gradle.internal.resources.AbstractTrackedResourceLock] Execution worker: acquired lock on worker lease
2025-02-01T10:47:41.235-0500 [DEBUG] [org.gradle.internal.resources.AbstractTrackedResourceLock] Execution worker: released lock on worker lease
2025-02-01T10:47:41.235-0500 [DEBUG] [org.gradle.internal.resources.AbstractTrackedResourceLock] Execution worker Thread 2: acquired lock on worker lease
2025-02-01T10:47:41.235-0500 [DEBUG] [org.gradle.internal.resources.AbstractTrackedResourceLock] Execution worker Thread 2: released lock on worker lease
2025-02-01T10:47:41.235-0500 [DEBUG] [org.gradle.internal.resources.AbstractTrackedResourceLock] Execution worker Thread 4: acquired lock on worker lease
2025-02-01T10:47:41.235-0500 [DEBUG] [org.gradle.internal.resources.AbstractTrackedResourceLock] Execution worker Thread 4: released lock on worker lease
2025-02-01T10:47:41.235-0500 [DEBUG] [org.gradle.internal.resources.AbstractTrackedResourceLock] Execution worker Thread 5: acquired lock on worker lease
2025-02-01T10:47:41.235-0500 [DEBUG] [org.gradle.internal.resources.AbstractTrackedResourceLock] Execution worker Thread 5: released lock on worker lease
2025-02-01T10:47:41.236-0500 [DEBUG] [org.gradle.internal.resources.AbstractTrackedResourceLock] Execution worker Thread 7: acquired lock on worker lease
2025-02-01T10:47:41.236-0500 [DEBUG] [org.gradle.internal.resources.AbstractTrackedResourceLock] Execution worker Thread 7: released lock on worker lease
2025-02-01T10:47:41.236-0500 [DEBUG] [org.gradle.internal.resources.AbstractTrackedResourceLock] Execution worker Thread 8: acquired lock on worker lease
2025-02-01T10:47:41.236-0500 [DEBUG] [org.gradle.internal.resources.AbstractTrackedResourceLock] Execution worker Thread 8: released lock on worker lease
2025-02-01T10:47:41.236-0500 [DEBUG] [org.gradle.internal.resources.AbstractTrackedResourceLock] Execution worker Thread 9: acquired lock on worker lease
2025-02-01T10:47:41.236-0500 [DEBUG] [org.gradle.internal.resources.AbstractTrackedResourceLock] Execution worker Thread 9: released lock on worker lease
2025-02-01T10:47:41.236-0500 [DEBUG] [org.gradle.internal.resources.AbstractTrackedResourceLock] Execution worker Thread 10: acquired lock on worker lease
2025-02-01T10:47:41.236-0500 [DEBUG] [org.gradle.internal.resources.AbstractTrackedResourceLock] Execution worker Thread 10: released lock on worker lease
2025-02-01T10:47:41.236-0500 [DEBUG] [org.gradle.internal.resources.AbstractTrackedResourceLock] Execution worker Thread 11: acquired lock on worker lease
2025-02-01T10:47:41.236-0500 [DEBUG] [org.gradle.internal.resources.AbstractTrackedResourceLock] Execution worker Thread 11: released lock on worker lease
2025-02-01T10:47:41.236-0500 [DEBUG] [org.gradle.internal.resources.AbstractTrackedResourceLock] Execution worker Thread 12: acquired lock on worker lease
2025-02-01T10:47:41.236-0500 [DEBUG] [org.gradle.internal.resources.AbstractTrackedResourceLock] Execution worker Thread 12: released lock on worker lease
2025-02-01T10:47:41.238-0500 [DEBUG] [org.gradle.internal.operations.DefaultBuildOperationRunner] Build operation 'Snapshot inputs and outputs before executing task ':dctmutils:jar'' started
2025-02-01T10:47:41.239-0500 [DEBUG] [org.gradle.internal.operations.DefaultBuildOperationRunner] Completing Build operation 'Snapshot inputs and outputs before executing task ':dctmutils:jar''
2025-02-01T10:47:41.235-0500 [LIFECYCLE] [class org.gradle.internal.buildevents.TaskExecutionLogger] 
2025-02-01T10:47:41.235-0500 [LIFECYCLE] [class org.gradle.internal.buildevents.TaskExecutionLogger] > Task :dctmutils:jar UP-TO-DATE
2025-02-01T10:47:41.235-0500 [DEBUG] [org.gradle.api.internal.tasks.execution.ResolveTaskExecutionModeExecuter] Putting task artifact state for task ':dctmutils:jar' into context took 0.0 secs.
2025-02-01T10:47:41.238-0500 [DEBUG] [org.gradle.internal.execution.steps.CaptureStateBeforeExecutionStep] Implementation for task ':dctmutils:jar': org.gradle.api.tasks.bundling.Jar_Decorated@21f03edc25576a21abd02f15a6385d89
2025-02-01T10:47:41.238-0500 [DEBUG] [org.gradle.internal.execution.steps.CaptureStateBeforeExecutionStep] Additional implementations for task ':dctmutils:jar': [org.gradle.api.tasks.bundling.Jar_Decorated@d3b34346a3b7d2dbf572e61398761ca8]
2025-02-01T10:47:41.239-0500 [DEBUG] [org.gradle.internal.operations.DefaultBuildOperationRunner] Build operation 'Snapshot inputs and outputs before executing task ':dctmutils:jar'' completed
2025-02-01T10:47:41.242-0500 [INFO] [org.gradle.internal.execution.steps.ResolveCachingStateStep] Caching disabled for task ':dctmutils:jar' because:
  Build cache is disabled
2025-02-01T10:47:41.242-0500 [DEBUG] [org.gradle.internal.execution.steps.SkipUpToDateStep] Determining if task ':dctmutils:jar' is up-to-date
2025-02-01T10:47:41.242-0500 [INFO] [org.gradle.internal.execution.steps.SkipUpToDateStep] Skipping task ':dctmutils:jar' as it is up-to-date.
2025-02-01T10:47:41.242-0500 [DEBUG] [org.gradle.api.internal.tasks.execution.ResolveTaskExecutionModeExecuter] Removed task artifact state for task ':dctmutils:jar' from context.
2025-02-01T10:47:41.243-0500 [DEBUG] [org.gradle.internal.operations.DefaultBuildOperationRunner] Completing Build operation 'Task :dctmutils:jar'
2025-02-01T10:47:41.243-0500 [DEBUG] [org.gradle.internal.operations.DefaultBuildOperationRunner] Build operation 'Task :dctmutils:jar' completed
2025-02-01T10:47:41.243-0500 [DEBUG] [org.gradle.execution.plan.DefaultFinalizedExecutionPlan] Node :dctmutils:jar completed, executed: true
2025-02-01T10:47:41.243-0500 [DEBUG] [org.gradle.execution.plan.DefaultFinalizedExecutionPlan] Node :dctmutils:jar finished executing
2025-02-01T10:47:41.243-0500 [DEBUG] [org.gradle.internal.resources.AbstractTrackedResourceLock] Execution worker Thread 3: released lock on state of build :
2025-02-01T10:47:41.243-0500 [DEBUG] [org.gradle.internal.resources.AbstractTrackedResourceLock] Execution worker Thread 3: released lock on task execution for build :
2025-02-01T10:47:41.243-0500 [DEBUG] [org.gradle.internal.resources.AbstractTrackedResourceLock] Execution worker Thread 3: acquired lock on state of build :
2025-02-01T10:47:41.243-0500 [DEBUG] [org.gradle.internal.resources.AbstractTrackedResourceLock] Execution worker Thread 3: acquired lock on task execution for build :
2025-02-01T10:47:41.243-0500 [DEBUG] [org.gradle.internal.resources.AbstractTrackedResourceLock] Execution worker Thread 13: acquired lock on worker lease
2025-02-01T10:47:41.243-0500 [INFO] [org.gradle.execution.plan.DefaultPlanExecutor] Resolve mutations for :dctmutils:startScripts (Thread[Execution worker Thread 3,5,main]) started.
2025-02-01T10:47:41.244-0500 [DEBUG] [org.gradle.execution.plan.DefaultFinalizedExecutionPlan] Cannot acquire project lock for node Resolve mutations for :dctmutils:compileTestJava
2025-02-01T10:47:41.244-0500 [DEBUG] [org.gradle.execution.plan.DefaultFinalizedExecutionPlan] Cannot acquire project lock for node Resolve mutations for :dctmutils:processTestResources
2025-02-01T10:47:41.244-0500 [DEBUG] [org.gradle.internal.resources.AbstractTrackedResourceLock] Execution worker Thread 13: released lock on worker lease
2025-02-01T10:47:41.244-0500 [DEBUG] [org.gradle.internal.operations.DefaultBuildOperationRunner] Build operation 'Resolve mutations for task :dctmutils:startScripts' started
2025-02-01T10:47:41.244-0500 [DEBUG] [org.gradle.internal.resources.AbstractTrackedResourceLock] Execution worker Thread 12: acquired lock on worker lease
2025-02-01T10:47:41.244-0500 [DEBUG] [org.gradle.internal.resources.AbstractTrackedResourceLock] Execution worker Thread 12: released lock on worker lease
2025-02-01T10:47:41.244-0500 [DEBUG] [org.gradle.internal.resources.AbstractTrackedResourceLock] Execution worker Thread 11: acquired lock on worker lease
2025-02-01T10:47:41.244-0500 [DEBUG] [org.gradle.internal.resources.AbstractTrackedResourceLock] Execution worker Thread 11: released lock on worker lease
2025-02-01T10:47:41.244-0500 [DEBUG] [org.gradle.internal.resources.AbstractTrackedResourceLock] Execution worker Thread 10: acquired lock on worker lease
2025-02-01T10:47:41.245-0500 [DEBUG] [org.gradle.internal.resources.AbstractTrackedResourceLock] Execution worker Thread 10: released lock on worker lease
2025-02-01T10:47:41.245-0500 [DEBUG] [org.gradle.internal.resources.AbstractTrackedResourceLock] Execution worker Thread 9: acquired lock on worker lease
2025-02-01T10:47:41.245-0500 [DEBUG] [org.gradle.internal.resources.AbstractTrackedResourceLock] Execution worker Thread 9: released lock on worker lease
2025-02-01T10:47:41.245-0500 [DEBUG] [org.gradle.internal.operations.DefaultBuildOperationRunner] Completing Build operation 'Resolve mutations for task :dctmutils:startScripts'
2025-02-01T10:47:41.245-0500 [DEBUG] [org.gradle.internal.operations.DefaultBuildOperationRunner] Build operation 'Resolve mutations for task :dctmutils:startScripts' completed
2025-02-01T10:47:41.245-0500 [DEBUG] [org.gradle.internal.resources.AbstractTrackedResourceLock] Execution worker Thread 8: acquired lock on worker lease
2025-02-01T10:47:41.245-0500 [DEBUG] [org.gradle.internal.resources.AbstractTrackedResourceLock] Execution worker Thread 8: released lock on worker lease
2025-02-01T10:47:41.245-0500 [DEBUG] [org.gradle.internal.resources.AbstractTrackedResourceLock] Execution worker Thread 7: acquired lock on worker lease
2025-02-01T10:47:41.245-0500 [DEBUG] [org.gradle.internal.resources.AbstractTrackedResourceLock] Execution worker Thread 7: released lock on worker lease
2025-02-01T10:47:41.245-0500 [DEBUG] [org.gradle.internal.resources.AbstractTrackedResourceLock] Execution worker Thread 5: acquired lock on worker lease
2025-02-01T10:47:41.245-0500 [DEBUG] [org.gradle.internal.resources.AbstractTrackedResourceLock] Execution worker Thread 5: released lock on worker lease
2025-02-01T10:47:41.245-0500 [DEBUG] [org.gradle.internal.resources.AbstractTrackedResourceLock] Execution worker Thread 4: acquired lock on worker lease
2025-02-01T10:47:41.245-0500 [DEBUG] [org.gradle.internal.resources.AbstractTrackedResourceLock] Execution worker Thread 4: released lock on worker lease
2025-02-01T10:47:41.246-0500 [DEBUG] [org.gradle.internal.resources.AbstractTrackedResourceLock] Execution worker Thread 2: acquired lock on worker lease
2025-02-01T10:47:41.246-0500 [DEBUG] [org.gradle.internal.resources.AbstractTrackedResourceLock] Execution worker Thread 2: released lock on worker lease
2025-02-01T10:47:41.246-0500 [DEBUG] [org.gradle.internal.resources.AbstractTrackedResourceLock] Execution worker: acquired lock on worker lease
2025-02-01T10:47:41.246-0500 [DEBUG] [org.gradle.internal.resources.AbstractTrackedResourceLock] Execution worker: released lock on worker lease
2025-02-01T10:47:41.246-0500 [DEBUG] [org.gradle.internal.resources.AbstractTrackedResourceLock] Execution worker Thread 6: acquired lock on worker lease
2025-02-01T10:47:41.246-0500 [DEBUG] [org.gradle.internal.resources.AbstractTrackedResourceLock] Execution worker Thread 6: released lock on worker lease
2025-02-01T10:47:41.246-0500 [DEBUG] [org.gradle.internal.resources.AbstractTrackedResourceLock] Execution worker Thread 15: acquired lock on worker lease
2025-02-01T10:47:41.246-0500 [DEBUG] [org.gradle.internal.resources.AbstractTrackedResourceLock] Execution worker Thread 15: released lock on worker lease
2025-02-01T10:47:41.246-0500 [DEBUG] [org.gradle.internal.resources.AbstractTrackedResourceLock] Execution worker Thread 14: acquired lock on worker lease
2025-02-01T10:47:41.246-0500 [DEBUG] [org.gradle.internal.resources.AbstractTrackedResourceLock] Execution worker Thread 14: released lock on worker lease
2025-02-01T10:47:41.246-0500 [DEBUG] [org.gradle.internal.resources.AbstractTrackedResourceLock] included builds: acquired lock on worker lease
2025-02-01T10:47:41.246-0500 [DEBUG] [org.gradle.internal.resources.AbstractTrackedResourceLock] included builds: released lock on worker lease
2025-02-01T10:47:41.246-0500 [DEBUG] [org.gradle.execution.plan.DefaultFinalizedExecutionPlan] Node Resolve mutations for :dctmutils:startScripts completed, executed: true
2025-02-01T10:47:41.247-0500 [DEBUG] [org.gradle.execution.plan.DefaultFinalizedExecutionPlan] Node Resolve mutations for :dctmutils:startScripts finished executing
2025-02-01T10:47:41.247-0500 [DEBUG] [org.gradle.internal.resources.AbstractTrackedResourceLock] Execution worker Thread 3: released lock on state of build :
2025-02-01T10:47:41.247-0500 [DEBUG] [org.gradle.internal.resources.AbstractTrackedResourceLock] Execution worker Thread 3: released lock on task execution for build :
2025-02-01T10:47:41.247-0500 [DEBUG] [org.gradle.internal.resources.AbstractTrackedResourceLock] Execution worker Thread 3: acquired lock on state of build :
2025-02-01T10:47:41.247-0500 [DEBUG] [org.gradle.internal.resources.AbstractTrackedResourceLock] Execution worker Thread 3: acquired lock on task execution for build :
2025-02-01T10:47:41.247-0500 [INFO] [org.gradle.execution.plan.DefaultPlanExecutor] :dctmutils:startScripts (Thread[Execution worker Thread 3,5,main]) started.
2025-02-01T10:47:41.247-0500 [DEBUG] [org.gradle.internal.resources.AbstractTrackedResourceLock] Execution worker Thread 13: acquired lock on worker lease
2025-02-01T10:47:41.247-0500 [DEBUG] [org.gradle.internal.operations.DefaultBuildOperationRunner] Build operation 'Task :dctmutils:startScripts' started
2025-02-01T10:47:41.247-0500 [DEBUG] [org.gradle.execution.plan.DefaultFinalizedExecutionPlan] Cannot acquire project lock for node Resolve mutations for :dctmutils:compileTestJava
2025-02-01T10:47:41.247-0500 [DEBUG] [org.gradle.execution.plan.DefaultFinalizedExecutionPlan] Cannot acquire project lock for node Resolve mutations for :dctmutils:processTestResources
2025-02-01T10:47:41.248-0500 [DEBUG] [org.gradle.internal.resources.AbstractTrackedResourceLock] Execution worker Thread 13: released lock on worker lease
2025-02-01T10:47:41.248-0500 [DEBUG] [org.gradle.internal.resources.AbstractTrackedResourceLock] included builds: acquired lock on worker lease
2025-02-01T10:47:41.248-0500 [DEBUG] [org.gradle.internal.resources.AbstractTrackedResourceLock] included builds: released lock on worker lease
2025-02-01T10:47:41.248-0500 [DEBUG] [org.gradle.internal.operations.DefaultBuildOperationRunner] Build operation 'Snapshot inputs and outputs before executing task ':dctmutils:startScripts'' started
2025-02-01T10:47:41.248-0500 [DEBUG] [org.gradle.internal.resources.AbstractTrackedResourceLock] Execution worker Thread 14: acquired lock on worker lease
2025-02-01T10:47:41.248-0500 [DEBUG] [org.gradle.internal.resources.AbstractTrackedResourceLock] Execution worker Thread 14: released lock on worker lease
2025-02-01T10:47:41.248-0500 [DEBUG] [org.gradle.internal.resources.AbstractTrackedResourceLock] Execution worker Thread 15: acquired lock on worker lease
2025-02-01T10:47:41.248-0500 [DEBUG] [org.gradle.internal.resources.AbstractTrackedResourceLock] Execution worker Thread 15: released lock on worker lease
2025-02-01T10:47:41.248-0500 [DEBUG] [org.gradle.internal.resources.AbstractTrackedResourceLock] Execution worker Thread 6: acquired lock on worker lease
2025-02-01T10:47:41.248-0500 [DEBUG] [org.gradle.internal.resources.AbstractTrackedResourceLock] Execution worker Thread 6: released lock on worker lease
2025-02-01T10:47:41.248-0500 [DEBUG] [org.gradle.internal.resources.AbstractTrackedResourceLock] Execution worker: acquired lock on worker lease
2025-02-01T10:47:41.248-0500 [DEBUG] [org.gradle.internal.resources.AbstractTrackedResourceLock] Execution worker: released lock on worker lease
2025-02-01T10:47:41.249-0500 [DEBUG] [org.gradle.internal.resources.AbstractTrackedResourceLock] Execution worker Thread 2: acquired lock on worker lease
2025-02-01T10:47:41.249-0500 [DEBUG] [org.gradle.internal.resources.AbstractTrackedResourceLock] Execution worker Thread 2: released lock on worker lease
2025-02-01T10:47:41.249-0500 [DEBUG] [org.gradle.internal.resources.AbstractTrackedResourceLock] Execution worker Thread 4: acquired lock on worker lease
2025-02-01T10:47:41.249-0500 [DEBUG] [org.gradle.internal.resources.AbstractTrackedResourceLock] Execution worker Thread 4: released lock on worker lease
2025-02-01T10:47:41.249-0500 [DEBUG] [org.gradle.internal.operations.DefaultBuildOperationRunner] Build operation 'Resolve dependencies of :dctmutils:runtimeClasspath' started
2025-02-01T10:47:41.249-0500 [DEBUG] [org.gradle.internal.resources.AbstractTrackedResourceLock] Execution worker Thread 5: acquired lock on worker lease
2025-02-01T10:47:41.249-0500 [DEBUG] [org.gradle.internal.resources.AbstractTrackedResourceLock] Execution worker Thread 5: released lock on worker lease
2025-02-01T10:47:41.249-0500 [DEBUG] [org.gradle.internal.resources.AbstractTrackedResourceLock] Execution worker Thread 7: acquired lock on worker lease
2025-02-01T10:47:41.249-0500 [DEBUG] [org.gradle.internal.resources.AbstractTrackedResourceLock] Execution worker Thread 7: released lock on worker lease
2025-02-01T10:47:41.249-0500 [DEBUG] [org.gradle.internal.resources.AbstractTrackedResourceLock] Execution worker Thread 8: acquired lock on worker lease
2025-02-01T10:47:41.249-0500 [DEBUG] [org.gradle.internal.resources.AbstractTrackedResourceLock] Execution worker Thread 8: released lock on worker lease
2025-02-01T10:47:41.249-0500 [DEBUG] [org.gradle.internal.resources.AbstractTrackedResourceLock] Execution worker Thread 9: acquired lock on worker lease
2025-02-01T10:47:41.249-0500 [DEBUG] [org.gradle.internal.resources.AbstractTrackedResourceLock] Execution worker Thread 9: released lock on worker lease
2025-02-01T10:47:41.249-0500 [DEBUG] [org.gradle.internal.resources.AbstractTrackedResourceLock] Execution worker Thread 10: acquired lock on worker lease
2025-02-01T10:47:41.249-0500 [DEBUG] [org.gradle.internal.resources.AbstractTrackedResourceLock] Execution worker Thread 10: released lock on worker lease
2025-02-01T10:47:41.250-0500 [DEBUG] [org.gradle.internal.resources.AbstractTrackedResourceLock] Execution worker Thread 11: acquired lock on worker lease
2025-02-01T10:47:41.250-0500 [DEBUG] [org.gradle.internal.resources.AbstractTrackedResourceLock] Execution worker Thread 11: released lock on worker lease
2025-02-01T10:47:41.250-0500 [DEBUG] [org.gradle.internal.resources.AbstractTrackedResourceLock] Execution worker Thread 12: acquired lock on worker lease
2025-02-01T10:47:41.250-0500 [DEBUG] [org.gradle.internal.resources.AbstractTrackedResourceLock] Execution worker Thread 12: released lock on worker lease
2025-02-01T10:47:41.265-0500 [DEBUG] [org.gradle.internal.operations.DefaultBuildOperationRunner] Completing Build operation 'Resolve dependencies of :dctmutils:runtimeClasspath'
2025-02-01T10:47:41.267-0500 [DEBUG] [org.gradle.internal.operations.DefaultBuildOperationRunner] Build operation 'Resolve files of :dctmutils:runtimeClasspath' started
2025-02-01T10:47:41.267-0500 [DEBUG] [org.gradle.internal.operations.DefaultBuildOperationRunner] Completing Build operation 'Resolve files of :dctmutils:runtimeClasspath'
2025-02-01T10:47:41.267-0500 [DEBUG] [org.gradle.internal.operations.DefaultBuildOperationRunner] Build operation 'Resolve files of :dctmutils:runtimeClasspath' started
2025-02-01T10:47:41.268-0500 [DEBUG] [org.gradle.internal.operations.DefaultBuildOperationRunner] Completing Build operation 'Resolve files of :dctmutils:runtimeClasspath'
2025-02-01T10:47:41.268-0500 [DEBUG] [org.gradle.internal.operations.DefaultBuildOperationRunner] Completing Build operation 'Snapshot inputs and outputs before executing task ':dctmutils:startScripts''
2025-02-01T10:47:41.269-0500 [DEBUG] [org.gradle.internal.operations.DefaultBuildOperationRunner] Build operation 'Resolve files of :dctmutils:runtimeClasspath' started
2025-02-01T10:47:41.269-0500 [DEBUG] [org.gradle.internal.operations.DefaultBuildOperationRunner] Completing Build operation 'Resolve files of :dctmutils:runtimeClasspath'
2025-02-01T10:47:41.247-0500 [LIFECYCLE] [class org.gradle.internal.buildevents.TaskExecutionLogger] 
2025-02-01T10:47:41.247-0500 [LIFECYCLE] [class org.gradle.internal.buildevents.TaskExecutionLogger] > Task :dctmutils:startScripts UP-TO-DATE
2025-02-01T10:47:41.247-0500 [DEBUG] [org.gradle.api.internal.tasks.execution.ResolveTaskExecutionModeExecuter] Putting task artifact state for task ':dctmutils:startScripts' into context took 0.0 secs.
2025-02-01T10:47:41.248-0500 [DEBUG] [org.gradle.internal.execution.steps.CaptureStateBeforeExecutionStep] Implementation for task ':dctmutils:startScripts': org.gradle.api.tasks.application.CreateStartScripts_Decorated@21f03edc25576a21abd02f15a6385d89
2025-02-01T10:47:41.248-0500 [DEBUG] [org.gradle.internal.execution.steps.CaptureStateBeforeExecutionStep] Additional implementations for task ':dctmutils:startScripts': [org.gradle.api.tasks.application.CreateStartScripts_Decorated@21f03edc25576a21abd02f15a6385d89]
2025-02-01T10:47:41.250-0500 [DEBUG] [org.gradle.api.internal.artifacts.ivyservice.resolveengine.DefaultArtifactDependencyResolver] Resolving configuration ':dctmutils:runtimeClasspath'
2025-02-01T10:47:41.250-0500 [DEBUG] [org.gradle.api.internal.artifacts.ivyservice.modulecache.ResolvedArtifactCaches] Reusing in-memory cache for repo 'MavenRepo' [a8be1fe3b3911d3d3425fe720cf42835].
2025-02-01T10:47:41.251-0500 [DEBUG] [org.gradle.api.internal.artifacts.ivyservice.resolveengine.graph.builder.DependencyGraphBuilder] Visiting configuration java-dctmutils:dctmutils:unspecified(runtimeClasspath).
2025-02-01T10:47:41.251-0500 [DEBUG] [org.gradle.api.internal.artifacts.ivyservice.ivyresolve.RepositoryChainComponentMetaDataResolver] Attempting to resolve component for com.google.guava:guava:31.1-jre using repositories [MavenRepo]
2025-02-01T10:47:41.251-0500 [DEBUG] [org.gradle.api.internal.artifacts.ivyservice.ivyresolve.CachingModuleComponentRepository] Using cached module metadata for module 'com.google.guava:guava:31.1-jre' in 'MavenRepo'
2025-02-01T10:47:41.252-0500 [DEBUG] [org.gradle.api.internal.artifacts.ivyservice.ivyresolve.RepositoryChainComponentMetaDataResolver] Using com.google.guava:guava:31.1-jre from Maven repository 'MavenRepo'
2025-02-01T10:47:41.252-0500 [DEBUG] [org.gradle.internal.component.model.LoggingAttributeMatchingExplanationBuilder] Candidate com.google.guava:guava:31.1-jre configuration compile attribute org.gradle.usage value {org.gradle.status=release, org.gradle.usage=java-api} doesn't requested value java-runtime
2025-02-01T10:47:41.252-0500 [DEBUG] [org.gradle.internal.component.model.LoggingAttributeMatchingExplanationBuilder] Candidate com.google.guava:guava:31.1-jre configuration runtime doesn't have attribute org.gradle.dependency.bundling
2025-02-01T10:47:41.252-0500 [DEBUG] [org.gradle.internal.component.model.LoggingAttributeMatchingExplanationBuilder] Candidate com.google.guava:guava:31.1-jre configuration runtime doesn't have attribute org.gradle.jvm.environment
2025-02-01T10:47:41.252-0500 [DEBUG] [org.gradle.internal.component.model.LoggingAttributeMatchingExplanationBuilder] Candidate com.google.guava:guava:31.1-jre configuration runtime doesn't have attribute org.gradle.jvm.version
2025-02-01T10:47:41.252-0500 [DEBUG] [org.gradle.internal.component.model.LoggingAttributeMatchingExplanationBuilder] Candidate com.google.guava:guava:31.1-jre configuration sources attribute org.gradle.category value {org.gradle.category=documentation, org.gradle.status=release} doesn't requested value library
2025-02-01T10:47:41.252-0500 [DEBUG] [org.gradle.internal.component.model.LoggingAttributeMatchingExplanationBuilder] Candidate com.google.guava:guava:31.1-jre configuration javadoc attribute org.gradle.category value {org.gradle.category=documentation, org.gradle.status=release} doesn't requested value library
2025-02-01T10:47:41.252-0500 [DEBUG] [org.gradle.internal.component.model.LoggingAttributeMatchingExplanationBuilder] Candidate com.google.guava:guava:31.1-jre configuration platform-compile attribute org.gradle.category value {org.gradle.category=platform, org.gradle.status=release, org.gradle.usage=java-api} doesn't requested value library
2025-02-01T10:47:41.252-0500 [DEBUG] [org.gradle.internal.component.model.LoggingAttributeMatchingExplanationBuilder] Candidate com.google.guava:guava:31.1-jre configuration platform-runtime attribute org.gradle.category value {org.gradle.category=platform, org.gradle.status=release, org.gradle.usage=java-runtime} doesn't requested value library
2025-02-01T10:47:41.252-0500 [DEBUG] [org.gradle.internal.component.model.LoggingAttributeMatchingExplanationBuilder] Candidate com.google.guava:guava:31.1-jre configuration enforced-platform-compile attribute org.gradle.category value {org.gradle.category=enforced-platform, org.gradle.status=release, org.gradle.usage=java-api} doesn't requested value library
2025-02-01T10:47:41.253-0500 [DEBUG] [org.gradle.internal.component.model.LoggingAttributeMatchingExplanationBuilder] Candidate com.google.guava:guava:31.1-jre configuration enforced-platform-runtime attribute org.gradle.category value {org.gradle.category=enforced-platform, org.gradle.status=release, org.gradle.usage=java-runtime} doesn't requested value library
2025-02-01T10:47:41.253-0500 [DEBUG] [org.gradle.internal.component.model.ComponentAttributeMatcher] Selected matches [com.google.guava:guava:31.1-jre configuration runtime] from candidates [com.google.guava:guava:31.1-jre configuration compile, com.google.guava:guava:31.1-jre configuration runtime, com.google.guava:guava:31.1-jre configuration sources, com.google.guava:guava:31.1-jre configuration javadoc, com.google.guava:guava:31.1-jre configuration platform-compile, com.google.guava:guava:31.1-jre configuration platform-runtime, com.google.guava:guava:31.1-jre configuration enforced-platform-compile, com.google.guava:guava:31.1-jre configuration enforced-platform-runtime] for {org.gradle.category=library, org.gradle.dependency.bundling=external, org.gradle.jvm.environment=standard-jvm, org.gradle.jvm.version=11, org.gradle.libraryelements=jar, org.gradle.usage=java-runtime}
2025-02-01T10:47:41.253-0500 [DEBUG] [org.gradle.api.internal.artifacts.ivyservice.ivyresolve.RepositoryChainComponentMetaDataResolver] Attempting to resolve component for net.sourceforge.argparse4j:argparse4j:0.9.0 using repositories [MavenRepo]
2025-02-01T10:47:41.253-0500 [DEBUG] [org.gradle.api.internal.artifacts.ivyservice.ivyresolve.CachingModuleComponentRepository] Using cached module metadata for module 'net.sourceforge.argparse4j:argparse4j:0.9.0' in 'MavenRepo'
2025-02-01T10:47:41.253-0500 [DEBUG] [org.gradle.api.internal.artifacts.ivyservice.ivyresolve.RepositoryChainComponentMetaDataResolver] Using net.sourceforge.argparse4j:argparse4j:0.9.0 from Maven repository 'MavenRepo'
2025-02-01T10:47:41.253-0500 [DEBUG] [org.gradle.api.internal.artifacts.ivyservice.ivyresolve.RepositoryChainComponentMetaDataResolver] Attempting to resolve component for commons-io:commons-io:2.18.0 using repositories [MavenRepo]
2025-02-01T10:47:41.253-0500 [DEBUG] [org.gradle.api.internal.artifacts.ivyservice.ivyresolve.CachingModuleComponentRepository] Using cached module metadata for module 'commons-io:commons-io:2.18.0' in 'MavenRepo'
2025-02-01T10:47:41.253-0500 [DEBUG] [org.gradle.api.internal.artifacts.ivyservice.ivyresolve.RepositoryChainComponentMetaDataResolver] Using commons-io:commons-io:2.18.0 from Maven repository 'MavenRepo'
2025-02-01T10:47:41.253-0500 [DEBUG] [org.gradle.api.internal.artifacts.ivyservice.ivyresolve.RepositoryChainComponentMetaDataResolver] Attempting to resolve component for org.jasypt:jasypt:1.9.3 using repositories [MavenRepo]
2025-02-01T10:47:41.253-0500 [DEBUG] [org.gradle.api.internal.artifacts.ivyservice.ivyresolve.CachingModuleComponentRepository] Using cached module metadata for module 'org.jasypt:jasypt:1.9.3' in 'MavenRepo'
2025-02-01T10:47:41.253-0500 [DEBUG] [org.gradle.api.internal.artifacts.ivyservice.ivyresolve.RepositoryChainComponentMetaDataResolver] Using org.jasypt:jasypt:1.9.3 from Maven repository 'MavenRepo'
2025-02-01T10:47:41.254-0500 [DEBUG] [org.gradle.api.internal.artifacts.ivyservice.ivyresolve.RepositoryChainComponentMetaDataResolver] Attempting to resolve component for com.github.oshi:oshi-core-java11:6.6.5 using repositories [MavenRepo]
2025-02-01T10:47:41.254-0500 [DEBUG] [org.gradle.api.internal.artifacts.ivyservice.ivyresolve.CachingModuleComponentRepository] Using cached module metadata for module 'com.github.oshi:oshi-core-java11:6.6.5' in 'MavenRepo'
2025-02-01T10:47:41.254-0500 [DEBUG] [org.gradle.api.internal.artifacts.ivyservice.ivyresolve.RepositoryChainComponentMetaDataResolver] Using com.github.oshi:oshi-core-java11:6.6.5 from Maven repository 'MavenRepo'
2025-02-01T10:47:41.254-0500 [DEBUG] [org.gradle.api.internal.artifacts.ivyservice.ivyresolve.RepositoryChainComponentMetaDataResolver] Attempting to resolve component for org.dizitart:nitrite-bom:4.3.0 using repositories [MavenRepo]
2025-02-01T10:47:41.254-0500 [DEBUG] [org.gradle.api.internal.artifacts.ivyservice.ivyresolve.CachingModuleComponentRepository] Using cached module metadata for module 'org.dizitart:nitrite-bom:4.3.0' in 'MavenRepo'
2025-02-01T10:47:41.254-0500 [DEBUG] [org.gradle.api.internal.artifacts.ivyservice.ivyresolve.RepositoryChainComponentMetaDataResolver] Using org.dizitart:nitrite-bom:4.3.0 from Maven repository 'MavenRepo'
2025-02-01T10:47:41.254-0500 [DEBUG] [org.gradle.api.internal.artifacts.ivyservice.ivyresolve.RepositoryChainComponentMetaDataResolver] Attempting to resolve component for org.dizitart:nitrite:4.3.0 using repositories [MavenRepo]
2025-02-01T10:47:41.254-0500 [DEBUG] [org.gradle.api.internal.artifacts.ivyservice.ivyresolve.CachingModuleComponentRepository] Using cached module metadata for module 'org.dizitart:nitrite:4.3.0' in 'MavenRepo'
2025-02-01T10:47:41.254-0500 [DEBUG] [org.gradle.api.internal.artifacts.ivyservice.ivyresolve.RepositoryChainComponentMetaDataResolver] Using org.dizitart:nitrite:4.3.0 from Maven repository 'MavenRepo'
2025-02-01T10:47:41.254-0500 [DEBUG] [org.gradle.api.internal.artifacts.ivyservice.ivyresolve.RepositoryChainComponentMetaDataResolver] Attempting to resolve component for org.dizitart:nitrite-jackson-mapper:4.3.0 using repositories [MavenRepo]
2025-02-01T10:47:41.254-0500 [DEBUG] [org.gradle.api.internal.artifacts.ivyservice.ivyresolve.CachingModuleComponentRepository] Using cached module metadata for module 'org.dizitart:nitrite-jackson-mapper:4.3.0' in 'MavenRepo'
2025-02-01T10:47:41.254-0500 [DEBUG] [org.gradle.api.internal.artifacts.ivyservice.ivyresolve.RepositoryChainComponentMetaDataResolver] Using org.dizitart:nitrite-jackson-mapper:4.3.0 from Maven repository 'MavenRepo'
2025-02-01T10:47:41.254-0500 [DEBUG] [org.gradle.api.internal.artifacts.ivyservice.ivyresolve.RepositoryChainComponentMetaDataResolver] Attempting to resolve component for org.dizitart:nitrite-mvstore-adapter:4.3.0 using repositories [MavenRepo]
2025-02-01T10:47:41.255-0500 [DEBUG] [org.gradle.api.internal.artifacts.ivyservice.ivyresolve.CachingModuleComponentRepository] Using cached module metadata for module 'org.dizitart:nitrite-mvstore-adapter:4.3.0' in 'MavenRepo'
2025-02-01T10:47:41.255-0500 [DEBUG] [org.gradle.api.internal.artifacts.ivyservice.ivyresolve.RepositoryChainComponentMetaDataResolver] Using org.dizitart:nitrite-mvstore-adapter:4.3.0 from Maven repository 'MavenRepo'
2025-02-01T10:47:41.255-0500 [DEBUG] [org.gradle.api.internal.artifacts.ivyservice.ivyresolve.RepositoryChainComponentMetaDataResolver] Attempting to resolve component for org.apache.commons:commons-csv:1.11.0 using repositories [MavenRepo]
2025-02-01T10:47:41.255-0500 [DEBUG] [org.gradle.api.internal.artifacts.ivyservice.ivyresolve.CachingModuleComponentRepository] Using cached module metadata for module 'org.apache.commons:commons-csv:1.11.0' in 'MavenRepo'
2025-02-01T10:47:41.255-0500 [DEBUG] [org.gradle.api.internal.artifacts.ivyservice.ivyresolve.RepositoryChainComponentMetaDataResolver] Using org.apache.commons:commons-csv:1.11.0 from Maven repository 'MavenRepo'
2025-02-01T10:47:41.255-0500 [DEBUG] [org.gradle.api.internal.artifacts.ivyservice.ivyresolve.RepositoryChainComponentMetaDataResolver] Attempting to resolve component for me.tongfei:progressbar:0.9.0 using repositories [MavenRepo]
2025-02-01T10:47:41.255-0500 [DEBUG] [org.gradle.api.internal.artifacts.ivyservice.ivyresolve.CachingModuleComponentRepository] Using cached module metadata for module 'me.tongfei:progressbar:0.9.0' in 'MavenRepo'
2025-02-01T10:47:41.255-0500 [DEBUG] [org.gradle.api.internal.artifacts.ivyservice.ivyresolve.RepositoryChainComponentMetaDataResolver] Using me.tongfei:progressbar:0.9.0 from Maven repository 'MavenRepo'
2025-02-01T10:47:41.255-0500 [DEBUG] [org.gradle.api.internal.artifacts.ivyservice.ivyresolve.RepositoryChainComponentMetaDataResolver] Attempting to resolve component for org.slf4j:slf4j-nop:2.0.16 using repositories [MavenRepo]
2025-02-01T10:47:41.255-0500 [DEBUG] [org.gradle.api.internal.artifacts.ivyservice.ivyresolve.CachingModuleComponentRepository] Using cached module metadata for module 'org.slf4j:slf4j-nop:2.0.16' in 'MavenRepo'
2025-02-01T10:47:41.255-0500 [DEBUG] [org.gradle.api.internal.artifacts.ivyservice.ivyresolve.RepositoryChainComponentMetaDataResolver] Using org.slf4j:slf4j-nop:2.0.16 from Maven repository 'MavenRepo'
2025-02-01T10:47:41.255-0500 [DEBUG] [org.gradle.api.internal.artifacts.ivyservice.ivyresolve.RepositoryChainComponentMetaDataResolver] Attempting to resolve component for org.apache.commons:commons-io:1.3.2 using repositories [MavenRepo]
2025-02-01T10:47:41.255-0500 [DEBUG] [org.gradle.api.internal.artifacts.ivyservice.ivyresolve.CachingModuleComponentRepository] Using cached module metadata for module 'org.apache.commons:commons-io:1.3.2' in 'MavenRepo'
2025-02-01T10:47:41.255-0500 [DEBUG] [org.gradle.api.internal.artifacts.ivyservice.ivyresolve.RepositoryChainComponentMetaDataResolver] Using org.apache.commons:commons-io:1.3.2 from Maven repository 'MavenRepo'
2025-02-01T10:47:41.255-0500 [DEBUG] [org.gradle.api.internal.artifacts.ivyservice.ivyresolve.RepositoryChainComponentMetaDataResolver] Attempting to resolve component for io.github.classgraph:classgraph:4.8.179 using repositories [MavenRepo]
2025-02-01T10:47:41.256-0500 [DEBUG] [org.gradle.api.internal.artifacts.ivyservice.ivyresolve.CachingModuleComponentRepository] Using cached module metadata for module 'io.github.classgraph:classgraph:4.8.179' in 'MavenRepo'
2025-02-01T10:47:41.256-0500 [DEBUG] [org.gradle.api.internal.artifacts.ivyservice.ivyresolve.RepositoryChainComponentMetaDataResolver] Using io.github.classgraph:classgraph:4.8.179 from Maven repository 'MavenRepo'
2025-02-01T10:47:41.256-0500 [DEBUG] [org.gradle.api.internal.artifacts.ivyservice.resolveengine.graph.builder.DependencyGraphBuilder] Visiting configuration com.google.guava:guava:31.1-jre(runtime).
2025-02-01T10:47:41.256-0500 [DEBUG] [org.gradle.api.internal.artifacts.ivyservice.ivyresolve.RepositoryChainComponentMetaDataResolver] Attempting to resolve component for com.google.guava:failureaccess:1.0.1 using repositories [MavenRepo]
2025-02-01T10:47:41.256-0500 [DEBUG] [org.gradle.api.internal.artifacts.ivyservice.ivyresolve.CachingModuleComponentRepository] Using cached module metadata for module 'com.google.guava:failureaccess:1.0.1' in 'MavenRepo'
2025-02-01T10:47:41.256-0500 [DEBUG] [org.gradle.api.internal.artifacts.ivyservice.ivyresolve.RepositoryChainComponentMetaDataResolver] Using com.google.guava:failureaccess:1.0.1 from Maven repository 'MavenRepo'
2025-02-01T10:47:41.256-0500 [DEBUG] [org.gradle.api.internal.artifacts.ivyservice.ivyresolve.RepositoryChainComponentMetaDataResolver] Attempting to resolve component for com.google.guava:listenablefuture:9999.0-empty-to-avoid-conflict-with-guava using repositories [MavenRepo]
2025-02-01T10:47:41.256-0500 [DEBUG] [org.gradle.api.internal.artifacts.ivyservice.ivyresolve.CachingModuleComponentRepository] Using cached module metadata for module 'com.google.guava:listenablefuture:9999.0-empty-to-avoid-conflict-with-guava' in 'MavenRepo'
2025-02-01T10:47:41.256-0500 [DEBUG] [org.gradle.api.internal.artifacts.ivyservice.ivyresolve.RepositoryChainComponentMetaDataResolver] Using com.google.guava:listenablefuture:9999.0-empty-to-avoid-conflict-with-guava from Maven repository 'MavenRepo'
2025-02-01T10:47:41.256-0500 [DEBUG] [org.gradle.api.internal.artifacts.ivyservice.ivyresolve.RepositoryChainComponentMetaDataResolver] Attempting to resolve component for com.google.code.findbugs:jsr305:3.0.2 using repositories [MavenRepo]
2025-02-01T10:47:41.256-0500 [DEBUG] [org.gradle.api.internal.artifacts.ivyservice.ivyresolve.CachingModuleComponentRepository] Using cached module metadata for module 'com.google.code.findbugs:jsr305:3.0.2' in 'MavenRepo'
2025-02-01T10:47:41.257-0500 [DEBUG] [org.gradle.api.internal.artifacts.ivyservice.ivyresolve.RepositoryChainComponentMetaDataResolver] Using com.google.code.findbugs:jsr305:3.0.2 from Maven repository 'MavenRepo'
2025-02-01T10:47:41.257-0500 [DEBUG] [org.gradle.api.internal.artifacts.ivyservice.ivyresolve.RepositoryChainComponentMetaDataResolver] Attempting to resolve component for org.checkerframework:checker-qual:3.12.0 using repositories [MavenRepo]
2025-02-01T10:47:41.257-0500 [DEBUG] [org.gradle.api.internal.artifacts.ivyservice.ivyresolve.CachingModuleComponentRepository] Using cached module metadata for module 'org.checkerframework:checker-qual:3.12.0' in 'MavenRepo'
2025-02-01T10:47:41.257-0500 [DEBUG] [org.gradle.api.internal.artifacts.ivyservice.ivyresolve.RepositoryChainComponentMetaDataResolver] Using org.checkerframework:checker-qual:3.12.0 from Maven repository 'MavenRepo'
2025-02-01T10:47:41.257-0500 [DEBUG] [org.gradle.internal.component.model.LoggingAttributeMatchingExplanationBuilder] Candidate org.checkerframework:checker-qual:3.12.0 variant apiElements attribute org.gradle.usage value {org.gradle.category=library, org.gradle.dependency.bundling=external, org.gradle.jvm.version=8, org.gradle.libraryelements=jar, org.gradle.usage=java-api} doesn't requested value java-runtime
2025-02-01T10:47:41.257-0500 [DEBUG] [org.gradle.internal.component.model.LoggingAttributeMatchingExplanationBuilder] Candidate org.checkerframework:checker-qual:3.12.0 variant runtimeElements doesn't have attribute org.gradle.jvm.environment
2025-02-01T10:47:41.257-0500 [DEBUG] [org.gradle.internal.component.model.LoggingAttributeMatchingExplanationBuilder] Candidate org.checkerframework:checker-qual:3.12.0 variant javadocElements attribute org.gradle.category value {org.gradle.category=documentation} doesn't requested value library
2025-02-01T10:47:41.257-0500 [DEBUG] [org.gradle.internal.component.model.LoggingAttributeMatchingExplanationBuilder] Candidate org.checkerframework:checker-qual:3.12.0 variant sourcesElements attribute org.gradle.category value {org.gradle.category=documentation} doesn't requested value library
2025-02-01T10:47:41.257-0500 [DEBUG] [org.gradle.internal.component.model.ComponentAttributeMatcher] Selected matches [org.checkerframework:checker-qual:3.12.0 variant runtimeElements] from candidates [org.checkerframework:checker-qual:3.12.0 variant apiElements, org.checkerframework:checker-qual:3.12.0 variant runtimeElements, org.checkerframework:checker-qual:3.12.0 variant javadocElements, org.checkerframework:checker-qual:3.12.0 variant sourcesElements] for {org.gradle.category=library, org.gradle.dependency.bundling=external, org.gradle.jvm.environment=standard-jvm, org.gradle.jvm.version=11, org.gradle.libraryelements=jar, org.gradle.usage=java-runtime}
2025-02-01T10:47:41.257-0500 [DEBUG] [org.gradle.api.internal.artifacts.ivyservice.ivyresolve.RepositoryChainComponentMetaDataResolver] Attempting to resolve component for com.google.errorprone:error_prone_annotations:2.11.0 using repositories [MavenRepo]
2025-02-01T10:47:41.257-0500 [DEBUG] [org.gradle.api.internal.artifacts.ivyservice.ivyresolve.CachingModuleComponentRepository] Using cached module metadata for module 'com.google.errorprone:error_prone_annotations:2.11.0' in 'MavenRepo'
2025-02-01T10:47:41.257-0500 [DEBUG] [org.gradle.api.internal.artifacts.ivyservice.ivyresolve.RepositoryChainComponentMetaDataResolver] Using com.google.errorprone:error_prone_annotations:2.11.0 from Maven repository 'MavenRepo'
2025-02-01T10:47:41.257-0500 [DEBUG] [org.gradle.api.internal.artifacts.ivyservice.ivyresolve.RepositoryChainComponentMetaDataResolver] Attempting to resolve component for com.google.j2objc:j2objc-annotations:1.3 using repositories [MavenRepo]
2025-02-01T10:47:41.257-0500 [DEBUG] [org.gradle.api.internal.artifacts.ivyservice.ivyresolve.CachingModuleComponentRepository] Using cached module metadata for module 'com.google.j2objc:j2objc-annotations:1.3' in 'MavenRepo'
2025-02-01T10:47:41.257-0500 [DEBUG] [org.gradle.api.internal.artifacts.ivyservice.ivyresolve.RepositoryChainComponentMetaDataResolver] Using com.google.j2objc:j2objc-annotations:1.3 from Maven repository 'MavenRepo'
2025-02-01T10:47:41.258-0500 [DEBUG] [org.gradle.api.internal.artifacts.ivyservice.resolveengine.graph.builder.DependencyGraphBuilder] Visiting configuration net.sourceforge.argparse4j:argparse4j:0.9.0(runtime).
2025-02-01T10:47:41.258-0500 [DEBUG] [org.gradle.api.internal.artifacts.ivyservice.resolveengine.graph.builder.DependencyGraphBuilder] Visiting configuration commons-io:commons-io:2.18.0(runtime).
2025-02-01T10:47:41.258-0500 [DEBUG] [org.gradle.api.internal.artifacts.ivyservice.resolveengine.graph.builder.DependencyGraphBuilder] Visiting configuration org.jasypt:jasypt:1.9.3(runtime).
2025-02-01T10:47:41.258-0500 [DEBUG] [org.gradle.api.internal.artifacts.ivyservice.resolveengine.graph.builder.DependencyGraphBuilder] Visiting configuration com.github.oshi:oshi-core-java11:6.6.5(runtime).
2025-02-01T10:47:41.258-0500 [DEBUG] [org.gradle.api.internal.artifacts.ivyservice.ivyresolve.RepositoryChainComponentMetaDataResolver] Attempting to resolve component for net.java.dev.jna:jna-jpms:5.15.0 using repositories [MavenRepo]
2025-02-01T10:47:41.258-0500 [DEBUG] [org.gradle.api.internal.artifacts.ivyservice.ivyresolve.CachingModuleComponentRepository] Using cached module metadata for module 'net.java.dev.jna:jna-jpms:5.15.0' in 'MavenRepo'
2025-02-01T10:47:41.258-0500 [DEBUG] [org.gradle.api.internal.artifacts.ivyservice.ivyresolve.RepositoryChainComponentMetaDataResolver] Using net.java.dev.jna:jna-jpms:5.15.0 from Maven repository 'MavenRepo'
2025-02-01T10:47:41.258-0500 [DEBUG] [org.gradle.api.internal.artifacts.ivyservice.ivyresolve.RepositoryChainComponentMetaDataResolver] Attempting to resolve component for net.java.dev.jna:jna-platform-jpms:5.15.0 using repositories [MavenRepo]
2025-02-01T10:47:41.258-0500 [DEBUG] [org.gradle.api.internal.artifacts.ivyservice.ivyresolve.CachingModuleComponentRepository] Using cached module metadata for module 'net.java.dev.jna:jna-platform-jpms:5.15.0' in 'MavenRepo'
2025-02-01T10:47:41.258-0500 [DEBUG] [org.gradle.api.internal.artifacts.ivyservice.ivyresolve.RepositoryChainComponentMetaDataResolver] Using net.java.dev.jna:jna-platform-jpms:5.15.0 from Maven repository 'MavenRepo'
2025-02-01T10:47:41.258-0500 [DEBUG] [org.gradle.api.internal.artifacts.ivyservice.ivyresolve.RepositoryChainComponentMetaDataResolver] Attempting to resolve component for org.slf4j:slf4j-api:2.0.16 using repositories [MavenRepo]
2025-02-01T10:47:41.258-0500 [DEBUG] [org.gradle.api.internal.artifacts.ivyservice.ivyresolve.CachingModuleComponentRepository] Using cached module metadata for module 'org.slf4j:slf4j-api:2.0.16' in 'MavenRepo'
2025-02-01T10:47:41.258-0500 [DEBUG] [org.gradle.api.internal.artifacts.ivyservice.ivyresolve.RepositoryChainComponentMetaDataResolver] Using org.slf4j:slf4j-api:2.0.16 from Maven repository 'MavenRepo'
2025-02-01T10:47:41.258-0500 [DEBUG] [org.gradle.api.internal.artifacts.ivyservice.resolveengine.graph.builder.DependencyGraphBuilder] Visiting configuration org.dizitart:nitrite-bom:4.3.0(runtime).
2025-02-01T10:47:41.259-0500 [DEBUG] [org.gradle.api.internal.artifacts.ivyservice.resolveengine.graph.builder.DependencyGraphBuilder] Visiting configuration org.dizitart:nitrite:4.3.0(runtime).
2025-02-01T10:47:41.259-0500 [DEBUG] [org.gradle.api.internal.artifacts.ivyservice.ivyresolve.RepositoryChainComponentMetaDataResolver] Attempting to resolve component for commons-codec:commons-codec:1.17.0 using repositories [MavenRepo]
2025-02-01T10:47:41.259-0500 [DEBUG] [org.gradle.api.internal.artifacts.ivyservice.ivyresolve.CachingModuleComponentRepository] Using cached module metadata for module 'commons-codec:commons-codec:1.17.0' in 'MavenRepo'
2025-02-01T10:47:41.259-0500 [DEBUG] [org.gradle.api.internal.artifacts.ivyservice.ivyresolve.RepositoryChainComponentMetaDataResolver] Using commons-codec:commons-codec:1.17.0 from Maven repository 'MavenRepo'
2025-02-01T10:47:41.259-0500 [DEBUG] [org.gradle.api.internal.artifacts.ivyservice.resolveengine.graph.builder.DependencyGraphBuilder] Visiting configuration org.dizitart:nitrite-jackson-mapper:4.3.0(runtime).
2025-02-01T10:47:41.259-0500 [DEBUG] [org.gradle.api.internal.artifacts.ivyservice.ivyresolve.RepositoryChainComponentMetaDataResolver] Attempting to resolve component for com.fasterxml.jackson.core:jackson-databind:2.17.1 using repositories [MavenRepo]
2025-02-01T10:47:41.259-0500 [DEBUG] [org.gradle.api.internal.artifacts.ivyservice.ivyresolve.CachingModuleComponentRepository] Using cached module metadata for module 'com.fasterxml.jackson.core:jackson-databind:2.17.1' in 'MavenRepo'
2025-02-01T10:47:41.260-0500 [DEBUG] [org.gradle.api.internal.artifacts.ivyservice.ivyresolve.RepositoryChainComponentMetaDataResolver] Using com.fasterxml.jackson.core:jackson-databind:2.17.1 from Maven repository 'MavenRepo'
2025-02-01T10:47:41.260-0500 [DEBUG] [org.gradle.internal.component.model.LoggingAttributeMatchingExplanationBuilder] Candidate com.fasterxml.jackson.core:jackson-databind:2.17.1 variant apiElements attribute org.gradle.usage value {org.gradle.category=library, org.gradle.dependency.bundling=external, org.gradle.libraryelements=jar, org.gradle.usage=java-api} doesn't requested value java-runtime
2025-02-01T10:47:41.260-0500 [DEBUG] [org.gradle.internal.component.model.LoggingAttributeMatchingExplanationBuilder] Candidate com.fasterxml.jackson.core:jackson-databind:2.17.1 variant runtimeElements doesn't have attribute org.gradle.jvm.environment
2025-02-01T10:47:41.260-0500 [DEBUG] [org.gradle.internal.component.model.LoggingAttributeMatchingExplanationBuilder] Candidate com.fasterxml.jackson.core:jackson-databind:2.17.1 variant runtimeElements doesn't have attribute org.gradle.jvm.version
2025-02-01T10:47:41.260-0500 [DEBUG] [org.gradle.internal.component.model.ComponentAttributeMatcher] Selected matches [com.fasterxml.jackson.core:jackson-databind:2.17.1 variant runtimeElements] from candidates [com.fasterxml.jackson.core:jackson-databind:2.17.1 variant apiElements, com.fasterxml.jackson.core:jackson-databind:2.17.1 variant runtimeElements] for {org.gradle.category=library, org.gradle.dependency.bundling=external, org.gradle.jvm.environment=standard-jvm, org.gradle.jvm.version=11, org.gradle.libraryelements=jar, org.gradle.usage=java-runtime}
2025-02-01T10:47:41.260-0500 [DEBUG] [org.gradle.api.internal.artifacts.ivyservice.resolveengine.graph.builder.DependencyGraphBuilder] Visiting configuration org.dizitart:nitrite-mvstore-adapter:4.3.0(runtime).
2025-02-01T10:47:41.260-0500 [DEBUG] [org.gradle.api.internal.artifacts.ivyservice.ivyresolve.RepositoryChainComponentMetaDataResolver] Attempting to resolve component for com.h2database:h2-mvstore:2.2.224 using repositories [MavenRepo]
2025-02-01T10:47:41.260-0500 [DEBUG] [org.gradle.api.internal.artifacts.ivyservice.ivyresolve.CachingModuleComponentRepository] Using cached module metadata for module 'com.h2database:h2-mvstore:2.2.224' in 'MavenRepo'
2025-02-01T10:47:41.260-0500 [DEBUG] [org.gradle.api.internal.artifacts.ivyservice.ivyresolve.RepositoryChainComponentMetaDataResolver] Using com.h2database:h2-mvstore:2.2.224 from Maven repository 'MavenRepo'
2025-02-01T10:47:41.260-0500 [DEBUG] [org.gradle.api.internal.artifacts.ivyservice.resolveengine.graph.builder.DependencyGraphBuilder] Visiting configuration org.apache.commons:commons-csv:1.11.0(runtime).
2025-02-01T10:47:41.261-0500 [DEBUG] [org.gradle.api.internal.artifacts.ivyservice.resolveengine.graph.builder.DependencyGraphBuilder] Visiting configuration me.tongfei:progressbar:0.9.0(runtime).
2025-02-01T10:47:41.261-0500 [DEBUG] [org.gradle.api.internal.artifacts.ivyservice.ivyresolve.RepositoryChainComponentMetaDataResolver] Attempting to resolve component for org.jline:jline:3.16.0 using repositories [MavenRepo]
2025-02-01T10:47:41.261-0500 [DEBUG] [org.gradle.api.internal.artifacts.ivyservice.ivyresolve.CachingModuleComponentRepository] Using cached module metadata for module 'org.jline:jline:3.16.0' in 'MavenRepo'
2025-02-01T10:47:41.261-0500 [DEBUG] [org.gradle.api.internal.artifacts.ivyservice.ivyresolve.RepositoryChainComponentMetaDataResolver] Using org.jline:jline:3.16.0 from Maven repository 'MavenRepo'
2025-02-01T10:47:41.261-0500 [DEBUG] [org.gradle.api.internal.artifacts.ivyservice.resolveengine.graph.builder.DependencyGraphBuilder] Visiting configuration org.slf4j:slf4j-nop:2.0.16(runtime).
2025-02-01T10:47:41.261-0500 [DEBUG] [org.gradle.api.internal.artifacts.ivyservice.resolveengine.graph.builder.DependencyGraphBuilder] Visiting configuration org.apache.commons:commons-io:1.3.2(runtime).
2025-02-01T10:47:41.261-0500 [DEBUG] [org.gradle.api.internal.artifacts.ivyservice.resolveengine.graph.builder.DependencyGraphBuilder] Visiting configuration io.github.classgraph:classgraph:4.8.179(runtime).
2025-02-01T10:47:41.261-0500 [DEBUG] [org.gradle.api.internal.artifacts.ivyservice.resolveengine.graph.builder.DependencyGraphBuilder] Visiting configuration com.google.guava:failureaccess:1.0.1(runtime).
2025-02-01T10:47:41.261-0500 [DEBUG] [org.gradle.api.internal.artifacts.ivyservice.resolveengine.graph.builder.DependencyGraphBuilder] Visiting configuration com.google.guava:listenablefuture:9999.0-empty-to-avoid-conflict-with-guava(runtime).
2025-02-01T10:47:41.261-0500 [DEBUG] [org.gradle.api.internal.artifacts.ivyservice.resolveengine.graph.builder.DependencyGraphBuilder] Visiting configuration com.google.code.findbugs:jsr305:3.0.2(runtime).
2025-02-01T10:47:41.261-0500 [DEBUG] [org.gradle.api.internal.artifacts.ivyservice.resolveengine.graph.builder.DependencyGraphBuilder] Visiting configuration org.checkerframework:checker-qual:3.12.0(runtimeElements).
2025-02-01T10:47:41.261-0500 [DEBUG] [org.gradle.api.internal.artifacts.ivyservice.resolveengine.graph.builder.DependencyGraphBuilder] Visiting configuration com.google.errorprone:error_prone_annotations:2.11.0(runtime).
2025-02-01T10:47:41.261-0500 [DEBUG] [org.gradle.api.internal.artifacts.ivyservice.resolveengine.graph.builder.DependencyGraphBuilder] Visiting configuration com.google.j2objc:j2objc-annotations:1.3(runtime).
2025-02-01T10:47:41.261-0500 [DEBUG] [org.gradle.api.internal.artifacts.ivyservice.resolveengine.graph.builder.DependencyGraphBuilder] Visiting configuration net.java.dev.jna:jna-jpms:5.15.0(runtime).
2025-02-01T10:47:41.261-0500 [DEBUG] [org.gradle.api.internal.artifacts.ivyservice.resolveengine.graph.builder.DependencyGraphBuilder] Visiting configuration net.java.dev.jna:jna-platform-jpms:5.15.0(runtime).
2025-02-01T10:47:41.261-0500 [DEBUG] [org.gradle.api.internal.artifacts.ivyservice.resolveengine.graph.builder.DependencyGraphBuilder] Visiting configuration org.slf4j:slf4j-api:2.0.16(runtime).
2025-02-01T10:47:41.262-0500 [DEBUG] [org.gradle.api.internal.artifacts.ivyservice.resolveengine.graph.builder.DependencyGraphBuilder] Visiting configuration org.jasypt:jasypt:1.9.3(runtime).
2025-02-01T10:47:41.262-0500 [DEBUG] [org.gradle.api.internal.artifacts.ivyservice.resolveengine.graph.builder.NodeState] Changed edges for org.jasypt:jasypt:1.9.3(runtime) selects same versions as previous traversal. ignoring
2025-02-01T10:47:41.262-0500 [DEBUG] [org.gradle.api.internal.artifacts.ivyservice.resolveengine.graph.builder.DependencyGraphBuilder] Visiting configuration commons-codec:commons-codec:1.17.0(runtime).
2025-02-01T10:47:41.262-0500 [DEBUG] [org.gradle.api.internal.artifacts.ivyservice.resolveengine.graph.builder.DependencyGraphBuilder] Visiting configuration org.dizitart:nitrite:4.3.0(runtime).
2025-02-01T10:47:41.262-0500 [DEBUG] [org.gradle.api.internal.artifacts.ivyservice.resolveengine.graph.builder.NodeState] Changed edges for org.dizitart:nitrite:4.3.0(runtime) selects same versions as previous traversal. ignoring
2025-02-01T10:47:41.262-0500 [DEBUG] [org.gradle.api.internal.artifacts.ivyservice.resolveengine.graph.builder.DependencyGraphBuilder] Visiting configuration com.fasterxml.jackson.core:jackson-databind:2.17.1(runtimeElements).
2025-02-01T10:47:41.262-0500 [DEBUG] [org.gradle.api.internal.artifacts.ivyservice.ivyresolve.RepositoryChainComponentMetaDataResolver] Attempting to resolve component for com.fasterxml.jackson:jackson-bom:2.17.1 using repositories [MavenRepo]
2025-02-01T10:47:41.262-0500 [DEBUG] [org.gradle.api.internal.artifacts.ivyservice.ivyresolve.CachingModuleComponentRepository] Using cached module metadata for module 'com.fasterxml.jackson:jackson-bom:2.17.1' in 'MavenRepo'
2025-02-01T10:47:41.262-0500 [DEBUG] [org.gradle.api.internal.artifacts.ivyservice.ivyresolve.RepositoryChainComponentMetaDataResolver] Using com.fasterxml.jackson:jackson-bom:2.17.1 from Maven repository 'MavenRepo'
2025-02-01T10:47:41.262-0500 [DEBUG] [org.gradle.internal.component.model.LoggingAttributeMatchingExplanationBuilder] Candidate com.fasterxml.jackson:jackson-bom:2.17.1 configuration compile attribute org.gradle.category value {org.gradle.category=library, org.gradle.libraryelements=jar, org.gradle.status=release, org.gradle.usage=java-api} doesn't requested value platform
2025-02-01T10:47:41.262-0500 [DEBUG] [org.gradle.internal.component.model.LoggingAttributeMatchingExplanationBuilder] Candidate com.fasterxml.jackson:jackson-bom:2.17.1 configuration runtime attribute org.gradle.category value {org.gradle.category=library, org.gradle.libraryelements=jar, org.gradle.status=release, org.gradle.usage=java-runtime} doesn't requested value platform
2025-02-01T10:47:41.262-0500 [DEBUG] [org.gradle.internal.component.model.LoggingAttributeMatchingExplanationBuilder] Candidate com.fasterxml.jackson:jackson-bom:2.17.1 configuration sources attribute org.gradle.category value {org.gradle.category=documentation, org.gradle.status=release} doesn't requested value platform
2025-02-01T10:47:41.262-0500 [DEBUG] [org.gradle.internal.component.model.LoggingAttributeMatchingExplanationBuilder] Candidate com.fasterxml.jackson:jackson-bom:2.17.1 configuration javadoc attribute org.gradle.category value {org.gradle.category=documentation, org.gradle.status=release} doesn't requested value platform
2025-02-01T10:47:41.262-0500 [DEBUG] [org.gradle.internal.component.model.LoggingAttributeMatchingExplanationBuilder] Candidate com.fasterxml.jackson:jackson-bom:2.17.1 configuration platform-compile attribute org.gradle.usage value {org.gradle.status=release, org.gradle.usage=java-api} doesn't requested value java-runtime
2025-02-01T10:47:41.262-0500 [DEBUG] [org.gradle.internal.component.model.LoggingAttributeMatchingExplanationBuilder] Candidate com.fasterxml.jackson:jackson-bom:2.17.1 configuration platform-runtime doesn't have attribute org.gradle.libraryelements
2025-02-01T10:47:41.262-0500 [DEBUG] [org.gradle.internal.component.model.LoggingAttributeMatchingExplanationBuilder] Candidate com.fasterxml.jackson:jackson-bom:2.17.1 configuration platform-runtime doesn't have attribute org.gradle.dependency.bundling
2025-02-01T10:47:41.262-0500 [DEBUG] [org.gradle.internal.component.model.LoggingAttributeMatchingExplanationBuilder] Candidate com.fasterxml.jackson:jackson-bom:2.17.1 configuration platform-runtime doesn't have attribute org.gradle.jvm.environment
2025-02-01T10:47:41.262-0500 [DEBUG] [org.gradle.internal.component.model.LoggingAttributeMatchingExplanationBuilder] Candidate com.fasterxml.jackson:jackson-bom:2.17.1 configuration platform-runtime doesn't have attribute org.gradle.jvm.version
2025-02-01T10:47:41.262-0500 [DEBUG] [org.gradle.internal.component.model.LoggingAttributeMatchingExplanationBuilder] Candidate com.fasterxml.jackson:jackson-bom:2.17.1 configuration enforced-platform-compile attribute org.gradle.category value {org.gradle.category=enforced-platform, org.gradle.status=release, org.gradle.usage=java-api} doesn't requested value platform
2025-02-01T10:47:41.263-0500 [DEBUG] [org.gradle.internal.component.model.LoggingAttributeMatchingExplanationBuilder] Candidate com.fasterxml.jackson:jackson-bom:2.17.1 configuration enforced-platform-runtime attribute org.gradle.category value {org.gradle.category=enforced-platform, org.gradle.status=release, org.gradle.usage=java-runtime} doesn't requested value platform
2025-02-01T10:47:41.263-0500 [DEBUG] [org.gradle.internal.component.model.ComponentAttributeMatcher] Selected matches [com.fasterxml.jackson:jackson-bom:2.17.1 configuration platform-runtime] from candidates [com.fasterxml.jackson:jackson-bom:2.17.1 configuration compile, com.fasterxml.jackson:jackson-bom:2.17.1 configuration runtime, com.fasterxml.jackson:jackson-bom:2.17.1 configuration sources, com.fasterxml.jackson:jackson-bom:2.17.1 configuration javadoc, com.fasterxml.jackson:jackson-bom:2.17.1 configuration platform-compile, com.fasterxml.jackson:jackson-bom:2.17.1 configuration platform-runtime, com.fasterxml.jackson:jackson-bom:2.17.1 configuration enforced-platform-compile, com.fasterxml.jackson:jackson-bom:2.17.1 configuration enforced-platform-runtime] for {org.gradle.category=platform, org.gradle.dependency.bundling=external, org.gradle.jvm.environment=standard-jvm, org.gradle.jvm.version=11, org.gradle.libraryelements=jar, org.gradle.usage=java-runtime}
2025-02-01T10:47:41.263-0500 [DEBUG] [org.gradle.api.internal.artifacts.ivyservice.ivyresolve.RepositoryChainComponentMetaDataResolver] Attempting to resolve component for com.fasterxml.jackson.core:jackson-annotations:2.17.1 using repositories [MavenRepo]
2025-02-01T10:47:41.263-0500 [DEBUG] [org.gradle.api.internal.artifacts.ivyservice.ivyresolve.CachingModuleComponentRepository] Using cached module metadata for module 'com.fasterxml.jackson.core:jackson-annotations:2.17.1' in 'MavenRepo'
2025-02-01T10:47:41.263-0500 [DEBUG] [org.gradle.api.internal.artifacts.ivyservice.ivyresolve.RepositoryChainComponentMetaDataResolver] Using com.fasterxml.jackson.core:jackson-annotations:2.17.1 from Maven repository 'MavenRepo'
2025-02-01T10:47:41.263-0500 [DEBUG] [org.gradle.api.internal.artifacts.ivyservice.ivyresolve.RepositoryChainComponentMetaDataResolver] Attempting to resolve component for com.fasterxml.jackson.core:jackson-core:2.17.1 using repositories [MavenRepo]
2025-02-01T10:47:41.263-0500 [DEBUG] [org.gradle.api.internal.artifacts.ivyservice.ivyresolve.CachingModuleComponentRepository] Using cached module metadata for module 'com.fasterxml.jackson.core:jackson-core:2.17.1' in 'MavenRepo'
2025-02-01T10:47:41.263-0500 [DEBUG] [org.gradle.api.internal.artifacts.ivyservice.ivyresolve.RepositoryChainComponentMetaDataResolver] Using com.fasterxml.jackson.core:jackson-core:2.17.1 from Maven repository 'MavenRepo'
2025-02-01T10:47:41.263-0500 [DEBUG] [org.gradle.api.internal.artifacts.ivyservice.resolveengine.graph.builder.DependencyGraphBuilder] Visiting configuration com.h2database:h2-mvstore:2.2.224(runtime).
2025-02-01T10:47:41.263-0500 [DEBUG] [org.gradle.api.internal.artifacts.ivyservice.resolveengine.graph.builder.DependencyGraphBuilder] Visiting configuration commons-io:commons-io:2.18.0(runtime).
2025-02-01T10:47:41.263-0500 [DEBUG] [org.gradle.api.internal.artifacts.ivyservice.resolveengine.graph.builder.NodeState] Changed edges for commons-io:commons-io:2.18.0(runtime) selects same versions as previous traversal. ignoring
2025-02-01T10:47:41.263-0500 [DEBUG] [org.gradle.api.internal.artifacts.ivyservice.resolveengine.graph.builder.DependencyGraphBuilder] Visiting configuration org.jline:jline:3.16.0(runtime).
2025-02-01T10:47:41.263-0500 [DEBUG] [org.gradle.api.internal.artifacts.ivyservice.resolveengine.graph.builder.DependencyGraphBuilder] Visiting configuration net.java.dev.jna:jna-jpms:5.15.0(runtime).
2025-02-01T10:47:41.263-0500 [DEBUG] [org.gradle.api.internal.artifacts.ivyservice.resolveengine.graph.builder.NodeState] Changed edges for net.java.dev.jna:jna-jpms:5.15.0(runtime) selects same versions as previous traversal. ignoring
2025-02-01T10:47:41.263-0500 [DEBUG] [org.gradle.api.internal.artifacts.ivyservice.resolveengine.graph.builder.DependencyGraphBuilder] Visiting configuration com.fasterxml.jackson:jackson-bom:2.17.1(platform-runtime).
2025-02-01T10:47:41.264-0500 [DEBUG] [org.gradle.api.internal.artifacts.ivyservice.resolveengine.graph.builder.DependencyGraphBuilder] Visiting configuration com.fasterxml.jackson.core:jackson-annotations:2.17.1(runtimeElements).
2025-02-01T10:47:41.264-0500 [DEBUG] [org.gradle.api.internal.artifacts.ivyservice.resolveengine.graph.builder.DependencyGraphBuilder] Visiting configuration com.fasterxml.jackson.core:jackson-core:2.17.1(runtimeElements).
2025-02-01T10:47:41.264-0500 [DEBUG] [org.gradle.api.internal.artifacts.ivyservice.resolveengine.graph.builder.DependencyGraphBuilder] Visiting configuration com.fasterxml.jackson.core:jackson-databind:2.17.1(runtimeElements).
2025-02-01T10:47:41.264-0500 [DEBUG] [org.gradle.api.internal.artifacts.ivyservice.resolveengine.graph.builder.NodeState] Changed edges for com.fasterxml.jackson.core:jackson-databind:2.17.1(runtimeElements) selects same versions as previous traversal. ignoring
2025-02-01T10:47:41.264-0500 [DEBUG] [org.gradle.api.internal.artifacts.ivyservice.resolveengine.graph.builder.DependencyGraphBuilder] Visiting configuration com.fasterxml.jackson:jackson-bom:2.17.1(platform-runtime).
2025-02-01T10:47:41.264-0500 [DEBUG] [org.gradle.api.internal.artifacts.ivyservice.resolveengine.graph.builder.NodeState] Changed edges for com.fasterxml.jackson:jackson-bom:2.17.1(platform-runtime) selects same versions as previous traversal. ignoring
2025-02-01T10:47:41.265-0500 [DEBUG] [org.gradle.api.internal.artifacts.ivyservice.resolveengine.oldresult.TransientConfigurationResultsBuilder] Flushing resolved configuration data in Binary store in C:\Users\johns\.gradle\.tmp\gradle7180051746654600465.bin. Wrote root 2.
2025-02-01T10:47:41.265-0500 [DEBUG] [org.gradle.internal.operations.DefaultBuildOperationRunner] Build operation 'Resolve dependencies of :dctmutils:runtimeClasspath' completed
2025-02-01T10:47:41.266-0500 [DEBUG] [org.gradle.internal.component.model.LoggingAttributeMatchingExplanationBuilder] Selected match com.google.guava:guava:31.1-jre configuration runtime from candidates [com.google.guava:guava:31.1-jre configuration runtime] for {org.gradle.category=library, org.gradle.dependency.bundling=external, org.gradle.jvm.environment=standard-jvm, org.gradle.jvm.version=11, org.gradle.libraryelements=jar, org.gradle.usage=java-runtime}
2025-02-01T10:47:41.266-0500 [DEBUG] [org.gradle.internal.component.model.LoggingAttributeMatchingExplanationBuilder] Selected match net.sourceforge.argparse4j:argparse4j:0.9.0 configuration runtime from candidates [net.sourceforge.argparse4j:argparse4j:0.9.0 configuration runtime] for {org.gradle.category=library, org.gradle.dependency.bundling=external, org.gradle.jvm.environment=standard-jvm, org.gradle.jvm.version=11, org.gradle.libraryelements=jar, org.gradle.usage=java-runtime}
2025-02-01T10:47:41.266-0500 [DEBUG] [org.gradle.internal.component.model.LoggingAttributeMatchingExplanationBuilder] Selected match org.apache.commons:commons-csv:1.11.0 configuration runtime from candidates [org.apache.commons:commons-csv:1.11.0 configuration runtime] for {org.gradle.category=library, org.gradle.dependency.bundling=external, org.gradle.jvm.environment=standard-jvm, org.gradle.jvm.version=11, org.gradle.libraryelements=jar, org.gradle.usage=java-runtime}
2025-02-01T10:47:41.266-0500 [DEBUG] [org.gradle.internal.component.model.LoggingAttributeMatchingExplanationBuilder] Selected match org.apache.commons:commons-io:1.3.2 configuration runtime from candidates [org.apache.commons:commons-io:1.3.2 configuration runtime] for {org.gradle.category=library, org.gradle.dependency.bundling=external, org.gradle.jvm.environment=standard-jvm, org.gradle.jvm.version=11, org.gradle.libraryelements=jar, org.gradle.usage=java-runtime}
2025-02-01T10:47:41.266-0500 [DEBUG] [org.gradle.internal.component.model.LoggingAttributeMatchingExplanationBuilder] Selected match commons-io:commons-io:2.18.0 configuration runtime from candidates [commons-io:commons-io:2.18.0 configuration runtime] for {org.gradle.category=library, org.gradle.dependency.bundling=external, org.gradle.jvm.environment=standard-jvm, org.gradle.jvm.version=11, org.gradle.libraryelements=jar, org.gradle.usage=java-runtime}
2025-02-01T10:47:41.266-0500 [DEBUG] [org.gradle.internal.component.model.LoggingAttributeMatchingExplanationBuilder] Selected match org.dizitart:nitrite-jackson-mapper:4.3.0 configuration runtime from candidates [org.dizitart:nitrite-jackson-mapper:4.3.0 configuration runtime] for {org.gradle.category=library, org.gradle.dependency.bundling=external, org.gradle.jvm.environment=standard-jvm, org.gradle.jvm.version=11, org.gradle.libraryelements=jar, org.gradle.usage=java-runtime}
2025-02-01T10:47:41.266-0500 [DEBUG] [org.gradle.internal.component.model.LoggingAttributeMatchingExplanationBuilder] Selected match org.dizitart:nitrite-mvstore-adapter:4.3.0 configuration runtime from candidates [org.dizitart:nitrite-mvstore-adapter:4.3.0 configuration runtime] for {org.gradle.category=library, org.gradle.dependency.bundling=external, org.gradle.jvm.environment=standard-jvm, org.gradle.jvm.version=11, org.gradle.libraryelements=jar, org.gradle.usage=java-runtime}
2025-02-01T10:47:41.266-0500 [DEBUG] [org.gradle.internal.component.model.LoggingAttributeMatchingExplanationBuilder] Selected match org.dizitart:nitrite:4.3.0 configuration runtime from candidates [org.dizitart:nitrite:4.3.0 configuration runtime] for {org.gradle.category=library, org.gradle.dependency.bundling=external, org.gradle.jvm.environment=standard-jvm, org.gradle.jvm.version=11, org.gradle.libraryelements=jar, org.gradle.usage=java-runtime}
2025-02-01T10:47:41.266-0500 [DEBUG] [org.gradle.internal.component.model.LoggingAttributeMatchingExplanationBuilder] Selected match org.jasypt:jasypt:1.9.3 configuration runtime from candidates [org.jasypt:jasypt:1.9.3 configuration runtime] for {org.gradle.category=library, org.gradle.dependency.bundling=external, org.gradle.jvm.environment=standard-jvm, org.gradle.jvm.version=11, org.gradle.libraryelements=jar, org.gradle.usage=java-runtime}
2025-02-01T10:47:41.266-0500 [DEBUG] [org.gradle.internal.component.model.LoggingAttributeMatchingExplanationBuilder] Selected match com.github.oshi:oshi-core-java11:6.6.5 configuration runtime from candidates [com.github.oshi:oshi-core-java11:6.6.5 configuration runtime] for {org.gradle.category=library, org.gradle.dependency.bundling=external, org.gradle.jvm.environment=standard-jvm, org.gradle.jvm.version=11, org.gradle.libraryelements=jar, org.gradle.usage=java-runtime}
2025-02-01T10:47:41.266-0500 [DEBUG] [org.gradle.internal.component.model.LoggingAttributeMatchingExplanationBuilder] Selected match org.dizitart:nitrite-bom:4.3.0 configuration runtime from candidates [org.dizitart:nitrite-bom:4.3.0 configuration runtime] for {org.gradle.category=library, org.gradle.dependency.bundling=external, org.gradle.jvm.environment=standard-jvm, org.gradle.jvm.version=11, org.gradle.libraryelements=jar, org.gradle.usage=java-runtime}
2025-02-01T10:47:41.266-0500 [DEBUG] [org.gradle.internal.component.model.LoggingAttributeMatchingExplanationBuilder] Selected match me.tongfei:progressbar:0.9.0 configuration runtime from candidates [me.tongfei:progressbar:0.9.0 configuration runtime] for {org.gradle.category=library, org.gradle.dependency.bundling=external, org.gradle.jvm.environment=standard-jvm, org.gradle.jvm.version=11, org.gradle.libraryelements=jar, org.gradle.usage=java-runtime}
2025-02-01T10:47:41.266-0500 [DEBUG] [org.gradle.internal.component.model.LoggingAttributeMatchingExplanationBuilder] Selected match org.slf4j:slf4j-nop:2.0.16 configuration runtime from candidates [org.slf4j:slf4j-nop:2.0.16 configuration runtime] for {org.gradle.category=library, org.gradle.dependency.bundling=external, org.gradle.jvm.environment=standard-jvm, org.gradle.jvm.version=11, org.gradle.libraryelements=jar, org.gradle.usage=java-runtime}
2025-02-01T10:47:41.266-0500 [DEBUG] [org.gradle.internal.component.model.LoggingAttributeMatchingExplanationBuilder] Selected match io.github.classgraph:classgraph:4.8.179 configuration runtime from candidates [io.github.classgraph:classgraph:4.8.179 configuration runtime] for {org.gradle.category=library, org.gradle.dependency.bundling=external, org.gradle.jvm.environment=standard-jvm, org.gradle.jvm.version=11, org.gradle.libraryelements=jar, org.gradle.usage=java-runtime}
2025-02-01T10:47:41.266-0500 [DEBUG] [org.gradle.internal.component.model.LoggingAttributeMatchingExplanationBuilder] Selected match com.google.guava:failureaccess:1.0.1 configuration runtime from candidates [com.google.guava:failureaccess:1.0.1 configuration runtime] for {org.gradle.category=library, org.gradle.dependency.bundling=external, org.gradle.jvm.environment=standard-jvm, org.gradle.jvm.version=11, org.gradle.libraryelements=jar, org.gradle.usage=java-runtime}
2025-02-01T10:47:41.266-0500 [DEBUG] [org.gradle.internal.component.model.LoggingAttributeMatchingExplanationBuilder] Selected match com.google.guava:listenablefuture:9999.0-empty-to-avoid-conflict-with-guava configuration runtime from candidates [com.google.guava:listenablefuture:9999.0-empty-to-avoid-conflict-with-guava configuration runtime] for {org.gradle.category=library, org.gradle.dependency.bundling=external, org.gradle.jvm.environment=standard-jvm, org.gradle.jvm.version=11, org.gradle.libraryelements=jar, org.gradle.usage=java-runtime}
2025-02-01T10:47:41.266-0500 [DEBUG] [org.gradle.internal.component.model.LoggingAttributeMatchingExplanationBuilder] Selected match com.google.code.findbugs:jsr305:3.0.2 configuration runtime from candidates [com.google.code.findbugs:jsr305:3.0.2 configuration runtime] for {org.gradle.category=library, org.gradle.dependency.bundling=external, org.gradle.jvm.environment=standard-jvm, org.gradle.jvm.version=11, org.gradle.libraryelements=jar, org.gradle.usage=java-runtime}
2025-02-01T10:47:41.266-0500 [DEBUG] [org.gradle.internal.component.model.LoggingAttributeMatchingExplanationBuilder] Selected match org.checkerframework:checker-qual:3.12.0 variant runtimeElements from candidates [org.checkerframework:checker-qual:3.12.0 variant runtimeElements] for {org.gradle.category=library, org.gradle.dependency.bundling=external, org.gradle.jvm.environment=standard-jvm, org.gradle.jvm.version=11, org.gradle.libraryelements=jar, org.gradle.usage=java-runtime}
2025-02-01T10:47:41.266-0500 [DEBUG] [org.gradle.internal.component.model.LoggingAttributeMatchingExplanationBuilder] Selected match com.google.errorprone:error_prone_annotations:2.11.0 configuration runtime from candidates [com.google.errorprone:error_prone_annotations:2.11.0 configuration runtime] for {org.gradle.category=library, org.gradle.dependency.bundling=external, org.gradle.jvm.environment=standard-jvm, org.gradle.jvm.version=11, org.gradle.libraryelements=jar, org.gradle.usage=java-runtime}
2025-02-01T10:47:41.266-0500 [DEBUG] [org.gradle.internal.component.model.LoggingAttributeMatchingExplanationBuilder] Selected match com.google.j2objc:j2objc-annotations:1.3 configuration runtime from candidates [com.google.j2objc:j2objc-annotations:1.3 configuration runtime] for {org.gradle.category=library, org.gradle.dependency.bundling=external, org.gradle.jvm.environment=standard-jvm, org.gradle.jvm.version=11, org.gradle.libraryelements=jar, org.gradle.usage=java-runtime}
2025-02-01T10:47:41.267-0500 [DEBUG] [org.gradle.internal.component.model.LoggingAttributeMatchingExplanationBuilder] Selected match net.java.dev.jna:jna-platform-jpms:5.15.0 configuration runtime from candidates [net.java.dev.jna:jna-platform-jpms:5.15.0 configuration runtime] for {org.gradle.category=library, org.gradle.dependency.bundling=external, org.gradle.jvm.environment=standard-jvm, org.gradle.jvm.version=11, org.gradle.libraryelements=jar, org.gradle.usage=java-runtime}
2025-02-01T10:47:41.267-0500 [DEBUG] [org.gradle.internal.component.model.LoggingAttributeMatchingExplanationBuilder] Selected match net.java.dev.jna:jna-jpms:5.15.0 configuration runtime from candidates [net.java.dev.jna:jna-jpms:5.15.0 configuration runtime] for {org.gradle.category=library, org.gradle.dependency.bundling=external, org.gradle.jvm.environment=standard-jvm, org.gradle.jvm.version=11, org.gradle.libraryelements=jar, org.gradle.usage=java-runtime}
2025-02-01T10:47:41.267-0500 [DEBUG] [org.gradle.internal.component.model.LoggingAttributeMatchingExplanationBuilder] Selected match org.slf4j:slf4j-api:2.0.16 configuration runtime from candidates [org.slf4j:slf4j-api:2.0.16 configuration runtime] for {org.gradle.category=library, org.gradle.dependency.bundling=external, org.gradle.jvm.environment=standard-jvm, org.gradle.jvm.version=11, org.gradle.libraryelements=jar, org.gradle.usage=java-runtime}
2025-02-01T10:47:41.267-0500 [DEBUG] [org.gradle.internal.component.model.LoggingAttributeMatchingExplanationBuilder] Selected match commons-codec:commons-codec:1.17.0 configuration runtime from candidates [commons-codec:commons-codec:1.17.0 configuration runtime] for {org.gradle.category=library, org.gradle.dependency.bundling=external, org.gradle.jvm.environment=standard-jvm, org.gradle.jvm.version=11, org.gradle.libraryelements=jar, org.gradle.usage=java-runtime}
2025-02-01T10:47:41.267-0500 [DEBUG] [org.gradle.internal.component.model.LoggingAttributeMatchingExplanationBuilder] Selected match com.fasterxml.jackson.core:jackson-annotations:2.17.1 variant runtimeElements from candidates [com.fasterxml.jackson.core:jackson-annotations:2.17.1 variant runtimeElements] for {org.gradle.category=library, org.gradle.dependency.bundling=external, org.gradle.jvm.environment=standard-jvm, org.gradle.jvm.version=11, org.gradle.libraryelements=jar, org.gradle.usage=java-runtime}
2025-02-01T10:47:41.267-0500 [DEBUG] [org.gradle.internal.component.model.LoggingAttributeMatchingExplanationBuilder] Selected match com.fasterxml.jackson.core:jackson-core:2.17.1 variant runtimeElements from candidates [com.fasterxml.jackson.core:jackson-core:2.17.1 variant runtimeElements] for {org.gradle.category=library, org.gradle.dependency.bundling=external, org.gradle.jvm.environment=standard-jvm, org.gradle.jvm.version=11, org.gradle.libraryelements=jar, org.gradle.usage=java-runtime}
2025-02-01T10:47:41.267-0500 [DEBUG] [org.gradle.internal.component.model.LoggingAttributeMatchingExplanationBuilder] Selected match com.fasterxml.jackson:jackson-bom:2.17.1 configuration platform-runtime from candidates [com.fasterxml.jackson:jackson-bom:2.17.1 configuration platform-runtime] for {org.gradle.category=platform, org.gradle.dependency.bundling=external, org.gradle.jvm.environment=standard-jvm, org.gradle.jvm.version=11, org.gradle.libraryelements=jar, org.gradle.usage=java-runtime}
2025-02-01T10:47:41.267-0500 [DEBUG] [org.gradle.internal.component.model.LoggingAttributeMatchingExplanationBuilder] Selected match com.fasterxml.jackson.core:jackson-databind:2.17.1 variant runtimeElements from candidates [com.fasterxml.jackson.core:jackson-databind:2.17.1 variant runtimeElements] for {org.gradle.category=library, org.gradle.dependency.bundling=external, org.gradle.jvm.environment=standard-jvm, org.gradle.jvm.version=11, org.gradle.libraryelements=jar, org.gradle.usage=java-runtime}
2025-02-01T10:47:41.267-0500 [DEBUG] [org.gradle.internal.component.model.LoggingAttributeMatchingExplanationBuilder] Selected match com.h2database:h2-mvstore:2.2.224 configuration runtime from candidates [com.h2database:h2-mvstore:2.2.224 configuration runtime] for {org.gradle.category=library, org.gradle.dependency.bundling=external, org.gradle.jvm.environment=standard-jvm, org.gradle.jvm.version=11, org.gradle.libraryelements=jar, org.gradle.usage=java-runtime}
2025-02-01T10:47:41.267-0500 [DEBUG] [org.gradle.internal.component.model.LoggingAttributeMatchingExplanationBuilder] Selected match org.jline:jline:3.16.0 configuration runtime from candidates [org.jline:jline:3.16.0 configuration runtime] for {org.gradle.category=library, org.gradle.dependency.bundling=external, org.gradle.jvm.environment=standard-jvm, org.gradle.jvm.version=11, org.gradle.libraryelements=jar, org.gradle.usage=java-runtime}
2025-02-01T10:47:41.267-0500 [DEBUG] [org.gradle.internal.operations.DefaultBuildOperationRunner] Build operation 'Resolve files of :dctmutils:runtimeClasspath' completed
2025-02-01T10:47:41.268-0500 [DEBUG] [org.gradle.internal.operations.DefaultBuildOperationRunner] Build operation 'Resolve files of :dctmutils:runtimeClasspath' completed
2025-02-01T10:47:41.268-0500 [DEBUG] [org.gradle.internal.operations.DefaultBuildOperationRunner] Build operation 'Snapshot inputs and outputs before executing task ':dctmutils:startScripts'' completed
2025-02-01T10:47:41.269-0500 [DEBUG] [org.gradle.internal.operations.DefaultBuildOperationRunner] Build operation 'Resolve files of :dctmutils:runtimeClasspath' completed
2025-02-01T10:47:41.270-0500 [INFO] [org.gradle.internal.execution.steps.ResolveCachingStateStep] Caching disabled for task ':dctmutils:startScripts' because:
  Build cache is disabled
2025-02-01T10:47:41.271-0500 [DEBUG] [org.gradle.internal.execution.steps.SkipUpToDateStep] Determining if task ':dctmutils:startScripts' is up-to-date
2025-02-01T10:47:41.271-0500 [INFO] [org.gradle.internal.execution.steps.SkipUpToDateStep] Skipping task ':dctmutils:startScripts' as it is up-to-date.
2025-02-01T10:47:41.271-0500 [DEBUG] [org.gradle.api.internal.tasks.execution.ResolveTaskExecutionModeExecuter] Removed task artifact state for task ':dctmutils:startScripts' from context.
2025-02-01T10:47:41.271-0500 [DEBUG] [org.gradle.internal.operations.DefaultBuildOperationRunner] Completing Build operation 'Task :dctmutils:startScripts'
2025-02-01T10:47:41.271-0500 [DEBUG] [org.gradle.internal.operations.DefaultBuildOperationRunner] Build operation 'Task :dctmutils:startScripts' completed
2025-02-01T10:47:41.271-0500 [DEBUG] [org.gradle.execution.plan.DefaultFinalizedExecutionPlan] Node :dctmutils:startScripts completed, executed: true
2025-02-01T10:47:41.271-0500 [DEBUG] [org.gradle.execution.plan.DefaultFinalizedExecutionPlan] Node :dctmutils:startScripts finished executing
2025-02-01T10:47:41.272-0500 [DEBUG] [org.gradle.internal.resources.AbstractTrackedResourceLock] Execution worker Thread 3: released lock on state of build :
2025-02-01T10:47:41.272-0500 [DEBUG] [org.gradle.internal.resources.AbstractTrackedResourceLock] Execution worker Thread 3: released lock on task execution for build :
2025-02-01T10:47:41.272-0500 [DEBUG] [org.gradle.internal.resources.AbstractTrackedResourceLock] Execution worker Thread 3: acquired lock on state of build :
2025-02-01T10:47:41.272-0500 [DEBUG] [org.gradle.internal.resources.AbstractTrackedResourceLock] Execution worker Thread 3: acquired lock on task execution for build :
2025-02-01T10:47:41.272-0500 [INFO] [org.gradle.execution.plan.DefaultPlanExecutor] Resolve mutations for :dctmutils:distTar (Thread[Execution worker Thread 3,5,main]) started.
2025-02-01T10:47:41.272-0500 [DEBUG] [org.gradle.internal.resources.AbstractTrackedResourceLock] Execution worker Thread 13: acquired lock on worker lease
2025-02-01T10:47:41.272-0500 [DEBUG] [org.gradle.internal.operations.DefaultBuildOperationRunner] Build operation 'Resolve mutations for task :dctmutils:distTar' started
2025-02-01T10:47:41.272-0500 [DEBUG] [org.gradle.execution.plan.DefaultFinalizedExecutionPlan] Cannot acquire project lock for node Resolve mutations for :dctmutils:distZip
2025-02-01T10:47:41.272-0500 [DEBUG] [org.gradle.execution.plan.DefaultFinalizedExecutionPlan] Cannot acquire project lock for node Resolve mutations for :dctmutils:compileTestJava
2025-02-01T10:47:41.272-0500 [DEBUG] [org.gradle.execution.plan.DefaultFinalizedExecutionPlan] Cannot acquire project lock for node Resolve mutations for :dctmutils:processTestResources
2025-02-01T10:47:41.273-0500 [DEBUG] [org.gradle.internal.resources.AbstractTrackedResourceLock] Execution worker Thread 13: released lock on worker lease
2025-02-01T10:47:41.273-0500 [DEBUG] [org.gradle.internal.resources.AbstractTrackedResourceLock] Execution worker Thread 12: acquired lock on worker lease
2025-02-01T10:47:41.273-0500 [DEBUG] [org.gradle.internal.resources.AbstractTrackedResourceLock] Execution worker Thread 12: released lock on worker lease
2025-02-01T10:47:41.273-0500 [DEBUG] [org.gradle.internal.resources.AbstractTrackedResourceLock] Execution worker Thread 11: acquired lock on worker lease
2025-02-01T10:47:41.273-0500 [DEBUG] [org.gradle.internal.resources.AbstractTrackedResourceLock] Execution worker Thread 11: released lock on worker lease
2025-02-01T10:47:41.273-0500 [DEBUG] [org.gradle.internal.operations.DefaultBuildOperationRunner] Completing Build operation 'Resolve mutations for task :dctmutils:distTar'
2025-02-01T10:47:41.273-0500 [DEBUG] [org.gradle.internal.operations.DefaultBuildOperationRunner] Build operation 'Resolve mutations for task :dctmutils:distTar' completed
2025-02-01T10:47:41.273-0500 [DEBUG] [org.gradle.internal.resources.AbstractTrackedResourceLock] Execution worker Thread 10: acquired lock on worker lease
2025-02-01T10:47:41.273-0500 [DEBUG] [org.gradle.internal.resources.AbstractTrackedResourceLock] Execution worker Thread 10: released lock on worker lease
2025-02-01T10:47:41.273-0500 [DEBUG] [org.gradle.internal.resources.AbstractTrackedResourceLock] Execution worker Thread 9: acquired lock on worker lease
2025-02-01T10:47:41.273-0500 [DEBUG] [org.gradle.internal.resources.AbstractTrackedResourceLock] Execution worker Thread 9: released lock on worker lease
2025-02-01T10:47:41.273-0500 [DEBUG] [org.gradle.internal.resources.AbstractTrackedResourceLock] Execution worker Thread 8: acquired lock on worker lease
2025-02-01T10:47:41.274-0500 [DEBUG] [org.gradle.internal.resources.AbstractTrackedResourceLock] Execution worker Thread 8: released lock on worker lease
2025-02-01T10:47:41.274-0500 [DEBUG] [org.gradle.internal.resources.AbstractTrackedResourceLock] Execution worker Thread 7: acquired lock on worker lease
2025-02-01T10:47:41.274-0500 [DEBUG] [org.gradle.internal.resources.AbstractTrackedResourceLock] Execution worker Thread 7: released lock on worker lease
2025-02-01T10:47:41.274-0500 [DEBUG] [org.gradle.internal.resources.AbstractTrackedResourceLock] Execution worker Thread 5: acquired lock on worker lease
2025-02-01T10:47:41.274-0500 [DEBUG] [org.gradle.internal.resources.AbstractTrackedResourceLock] Execution worker Thread 5: released lock on worker lease
2025-02-01T10:47:41.274-0500 [DEBUG] [org.gradle.internal.resources.AbstractTrackedResourceLock] Execution worker Thread 4: acquired lock on worker lease
2025-02-01T10:47:41.274-0500 [DEBUG] [org.gradle.internal.resources.AbstractTrackedResourceLock] Execution worker Thread 4: released lock on worker lease
2025-02-01T10:47:41.274-0500 [DEBUG] [org.gradle.internal.resources.AbstractTrackedResourceLock] Execution worker Thread 2: acquired lock on worker lease
2025-02-01T10:47:41.274-0500 [DEBUG] [org.gradle.internal.resources.AbstractTrackedResourceLock] Execution worker Thread 2: released lock on worker lease
2025-02-01T10:47:41.274-0500 [DEBUG] [org.gradle.internal.resources.AbstractTrackedResourceLock] Execution worker: acquired lock on worker lease
2025-02-01T10:47:41.274-0500 [DEBUG] [org.gradle.internal.resources.AbstractTrackedResourceLock] Execution worker: released lock on worker lease
2025-02-01T10:47:41.274-0500 [DEBUG] [org.gradle.internal.resources.AbstractTrackedResourceLock] Execution worker Thread 6: acquired lock on worker lease
2025-02-01T10:47:41.274-0500 [DEBUG] [org.gradle.internal.resources.AbstractTrackedResourceLock] Execution worker Thread 6: released lock on worker lease
2025-02-01T10:47:41.274-0500 [DEBUG] [org.gradle.internal.resources.AbstractTrackedResourceLock] Execution worker Thread 15: acquired lock on worker lease
2025-02-01T10:47:41.274-0500 [DEBUG] [org.gradle.internal.resources.AbstractTrackedResourceLock] Execution worker Thread 15: released lock on worker lease
2025-02-01T10:47:41.274-0500 [DEBUG] [org.gradle.internal.resources.AbstractTrackedResourceLock] Execution worker Thread 14: acquired lock on worker lease
2025-02-01T10:47:41.275-0500 [DEBUG] [org.gradle.internal.resources.AbstractTrackedResourceLock] Execution worker Thread 14: released lock on worker lease
2025-02-01T10:47:41.275-0500 [DEBUG] [org.gradle.internal.resources.AbstractTrackedResourceLock] included builds: acquired lock on worker lease
2025-02-01T10:47:41.275-0500 [DEBUG] [org.gradle.internal.resources.AbstractTrackedResourceLock] included builds: released lock on worker lease
2025-02-01T10:47:41.275-0500 [DEBUG] [org.gradle.execution.plan.DefaultFinalizedExecutionPlan] Node Resolve mutations for :dctmutils:distTar completed, executed: true
2025-02-01T10:47:41.275-0500 [DEBUG] [org.gradle.execution.plan.DefaultFinalizedExecutionPlan] Node Resolve mutations for :dctmutils:distTar finished executing
2025-02-01T10:47:41.275-0500 [DEBUG] [org.gradle.internal.resources.AbstractTrackedResourceLock] Execution worker Thread 3: released lock on state of build :
2025-02-01T10:47:41.275-0500 [DEBUG] [org.gradle.internal.resources.AbstractTrackedResourceLock] Execution worker Thread 3: released lock on task execution for build :
2025-02-01T10:47:41.275-0500 [DEBUG] [org.gradle.internal.resources.AbstractTrackedResourceLock] Execution worker Thread 3: acquired lock on state of build :
2025-02-01T10:47:41.275-0500 [DEBUG] [org.gradle.internal.resources.AbstractTrackedResourceLock] Execution worker Thread 3: acquired lock on task execution for build :
2025-02-01T10:47:41.275-0500 [INFO] [org.gradle.execution.plan.DefaultPlanExecutor] :dctmutils:distTar (Thread[Execution worker Thread 3,5,main]) started.
2025-02-01T10:47:41.275-0500 [DEBUG] [org.gradle.internal.resources.AbstractTrackedResourceLock] Execution worker Thread 13: acquired lock on worker lease
2025-02-01T10:47:41.275-0500 [DEBUG] [org.gradle.internal.operations.DefaultBuildOperationRunner] Build operation 'Task :dctmutils:distTar' started
2025-02-01T10:47:41.276-0500 [DEBUG] [org.gradle.execution.plan.DefaultFinalizedExecutionPlan] Cannot acquire project lock for node Resolve mutations for :dctmutils:distZip
2025-02-01T10:47:41.276-0500 [DEBUG] [org.gradle.execution.plan.DefaultFinalizedExecutionPlan] Cannot acquire project lock for node Resolve mutations for :dctmutils:compileTestJava
2025-02-01T10:47:41.276-0500 [DEBUG] [org.gradle.execution.plan.DefaultFinalizedExecutionPlan] Cannot acquire project lock for node Resolve mutations for :dctmutils:processTestResources
2025-02-01T10:47:41.276-0500 [DEBUG] [org.gradle.internal.resources.AbstractTrackedResourceLock] Execution worker Thread 13: released lock on worker lease
2025-02-01T10:47:41.276-0500 [DEBUG] [org.gradle.internal.resources.AbstractTrackedResourceLock] included builds: acquired lock on worker lease
2025-02-01T10:47:41.276-0500 [DEBUG] [org.gradle.internal.resources.AbstractTrackedResourceLock] included builds: released lock on worker lease
2025-02-01T10:47:41.276-0500 [DEBUG] [org.gradle.internal.resources.AbstractTrackedResourceLock] Execution worker Thread 14: acquired lock on worker lease
2025-02-01T10:47:41.276-0500 [DEBUG] [org.gradle.internal.resources.AbstractTrackedResourceLock] Execution worker Thread 14: released lock on worker lease
2025-02-01T10:47:41.276-0500 [DEBUG] [org.gradle.internal.resources.AbstractTrackedResourceLock] Execution worker Thread 15: acquired lock on worker lease
2025-02-01T10:47:41.277-0500 [DEBUG] [org.gradle.internal.resources.AbstractTrackedResourceLock] Execution worker Thread 15: released lock on worker lease
2025-02-01T10:47:41.277-0500 [DEBUG] [org.gradle.internal.resources.AbstractTrackedResourceLock] Execution worker Thread 6: acquired lock on worker lease
2025-02-01T10:47:41.277-0500 [DEBUG] [org.gradle.internal.resources.AbstractTrackedResourceLock] Execution worker Thread 6: released lock on worker lease
2025-02-01T10:47:41.277-0500 [DEBUG] [org.gradle.internal.resources.AbstractTrackedResourceLock] Execution worker: acquired lock on worker lease
2025-02-01T10:47:41.277-0500 [DEBUG] [org.gradle.internal.resources.AbstractTrackedResourceLock] Execution worker: released lock on worker lease
2025-02-01T10:47:41.277-0500 [DEBUG] [org.gradle.internal.resources.AbstractTrackedResourceLock] Execution worker Thread 2: acquired lock on worker lease
2025-02-01T10:47:41.277-0500 [DEBUG] [org.gradle.internal.resources.AbstractTrackedResourceLock] Execution worker Thread 2: released lock on worker lease
2025-02-01T10:47:41.277-0500 [DEBUG] [org.gradle.internal.operations.DefaultBuildOperationRunner] Build operation 'Resolve files of :dctmutils:runtimeClasspath' started
2025-02-01T10:47:41.277-0500 [DEBUG] [org.gradle.internal.resources.AbstractTrackedResourceLock] Execution worker Thread 4: acquired lock on worker lease
2025-02-01T10:47:41.277-0500 [DEBUG] [org.gradle.internal.resources.AbstractTrackedResourceLock] Execution worker Thread 4: released lock on worker lease
2025-02-01T10:47:41.277-0500 [DEBUG] [org.gradle.internal.resources.AbstractTrackedResourceLock] Execution worker Thread 5: acquired lock on worker lease
2025-02-01T10:47:41.277-0500 [DEBUG] [org.gradle.internal.resources.AbstractTrackedResourceLock] Execution worker Thread 5: released lock on worker lease
2025-02-01T10:47:41.278-0500 [DEBUG] [org.gradle.internal.resources.AbstractTrackedResourceLock] Execution worker Thread 7: acquired lock on worker lease
2025-02-01T10:47:41.278-0500 [DEBUG] [org.gradle.internal.resources.AbstractTrackedResourceLock] Execution worker Thread 7: released lock on worker lease
2025-02-01T10:47:41.278-0500 [DEBUG] [org.gradle.internal.resources.AbstractTrackedResourceLock] Execution worker Thread 8: acquired lock on worker lease
2025-02-01T10:47:41.278-0500 [DEBUG] [org.gradle.internal.resources.AbstractTrackedResourceLock] Execution worker Thread 8: released lock on worker lease
2025-02-01T10:47:41.278-0500 [DEBUG] [org.gradle.internal.operations.DefaultBuildOperationRunner] Completing Build operation 'Resolve files of :dctmutils:runtimeClasspath'
2025-02-01T10:47:41.278-0500 [DEBUG] [org.gradle.internal.resources.AbstractTrackedResourceLock] Execution worker Thread 9: acquired lock on worker lease
2025-02-01T10:47:41.278-0500 [DEBUG] [org.gradle.internal.resources.AbstractTrackedResourceLock] Execution worker Thread 9: released lock on worker lease
2025-02-01T10:47:41.278-0500 [DEBUG] [org.gradle.internal.resources.AbstractTrackedResourceLock] Execution worker Thread 10: acquired lock on worker lease
2025-02-01T10:47:41.278-0500 [DEBUG] [org.gradle.internal.resources.AbstractTrackedResourceLock] Execution worker Thread 10: released lock on worker lease
2025-02-01T10:47:41.278-0500 [DEBUG] [org.gradle.internal.resources.AbstractTrackedResourceLock] Execution worker Thread 11: acquired lock on worker lease
2025-02-01T10:47:41.278-0500 [DEBUG] [org.gradle.internal.resources.AbstractTrackedResourceLock] Execution worker Thread 11: released lock on worker lease
2025-02-01T10:47:41.278-0500 [DEBUG] [org.gradle.internal.resources.AbstractTrackedResourceLock] Execution worker Thread 12: acquired lock on worker lease
2025-02-01T10:47:41.278-0500 [DEBUG] [org.gradle.internal.resources.AbstractTrackedResourceLock] Execution worker Thread 12: released lock on worker lease
2025-02-01T10:47:41.283-0500 [DEBUG] [org.gradle.internal.operations.DefaultBuildOperationRunner] Build operation 'Snapshot inputs and outputs before executing task ':dctmutils:distTar'' started
2025-02-01T10:47:41.285-0500 [DEBUG] [org.gradle.internal.operations.DefaultBuildOperationRunner] Completing Build operation 'Snapshot inputs and outputs before executing task ':dctmutils:distTar''
2025-02-01T10:47:41.286-0500 [DEBUG] [org.gradle.internal.operations.DefaultBuildOperationRunner] Build operation 'Resolve files of :dctmutils:runtimeClasspath' started
2025-02-01T10:47:41.286-0500 [DEBUG] [org.gradle.internal.operations.DefaultBuildOperationRunner] Completing Build operation 'Resolve files of :dctmutils:runtimeClasspath'
2025-02-01T10:47:41.276-0500 [LIFECYCLE] [class org.gradle.internal.buildevents.TaskExecutionLogger] 
2025-02-01T10:47:41.276-0500 [LIFECYCLE] [class org.gradle.internal.buildevents.TaskExecutionLogger] > Task :dctmutils:distTar UP-TO-DATE
2025-02-01T10:47:41.276-0500 [DEBUG] [org.gradle.api.internal.tasks.execution.ResolveTaskExecutionModeExecuter] Putting task artifact state for task ':dctmutils:distTar' into context took 0.0 secs.
2025-02-01T10:47:41.278-0500 [DEBUG] [org.gradle.internal.operations.DefaultBuildOperationRunner] Build operation 'Resolve files of :dctmutils:runtimeClasspath' completed
2025-02-01T10:47:41.284-0500 [DEBUG] [org.gradle.internal.execution.steps.CaptureStateBeforeExecutionStep] Implementation for task ':dctmutils:distTar': org.gradle.api.tasks.bundling.Tar_Decorated@d3b34346a3b7d2dbf572e61398761ca8
2025-02-01T10:47:41.284-0500 [DEBUG] [org.gradle.internal.execution.steps.CaptureStateBeforeExecutionStep] Additional implementations for task ':dctmutils:distTar': [org.gradle.api.tasks.bundling.Tar_Decorated@d3b34346a3b7d2dbf572e61398761ca8]
2025-02-01T10:47:41.285-0500 [DEBUG] [org.gradle.internal.operations.DefaultBuildOperationRunner] Build operation 'Snapshot inputs and outputs before executing task ':dctmutils:distTar'' completed
2025-02-01T10:47:41.286-0500 [DEBUG] [org.gradle.internal.operations.DefaultBuildOperationRunner] Build operation 'Resolve files of :dctmutils:runtimeClasspath' completed
2025-02-01T10:47:41.287-0500 [INFO] [org.gradle.internal.execution.steps.ResolveCachingStateStep] Caching disabled for task ':dctmutils:distTar' because:
  Build cache is disabled
2025-02-01T10:47:41.288-0500 [DEBUG] [org.gradle.internal.execution.steps.SkipUpToDateStep] Determining if task ':dctmutils:distTar' is up-to-date
2025-02-01T10:47:41.288-0500 [INFO] [org.gradle.internal.execution.steps.SkipUpToDateStep] Skipping task ':dctmutils:distTar' as it is up-to-date.
2025-02-01T10:47:41.288-0500 [DEBUG] [org.gradle.api.internal.tasks.execution.ResolveTaskExecutionModeExecuter] Removed task artifact state for task ':dctmutils:distTar' from context.
2025-02-01T10:47:41.288-0500 [DEBUG] [org.gradle.internal.operations.DefaultBuildOperationRunner] Completing Build operation 'Task :dctmutils:distTar'
2025-02-01T10:47:41.288-0500 [DEBUG] [org.gradle.internal.operations.DefaultBuildOperationRunner] Build operation 'Task :dctmutils:distTar' completed
2025-02-01T10:47:41.288-0500 [DEBUG] [org.gradle.execution.plan.DefaultFinalizedExecutionPlan] Node :dctmutils:distTar completed, executed: true
2025-02-01T10:47:41.288-0500 [DEBUG] [org.gradle.execution.plan.DefaultFinalizedExecutionPlan] Node :dctmutils:distTar finished executing
2025-02-01T10:47:41.288-0500 [DEBUG] [org.gradle.internal.resources.AbstractTrackedResourceLock] Execution worker Thread 3: released lock on state of build :
2025-02-01T10:47:41.288-0500 [DEBUG] [org.gradle.internal.resources.AbstractTrackedResourceLock] Execution worker Thread 3: released lock on task execution for build :
2025-02-01T10:47:41.288-0500 [DEBUG] [org.gradle.internal.resources.AbstractTrackedResourceLock] Execution worker Thread 3: acquired lock on state of build :
2025-02-01T10:47:41.288-0500 [DEBUG] [org.gradle.internal.resources.AbstractTrackedResourceLock] Execution worker Thread 3: acquired lock on task execution for build :
2025-02-01T10:47:41.288-0500 [DEBUG] [org.gradle.internal.resources.AbstractTrackedResourceLock] Execution worker Thread 13: acquired lock on worker lease
2025-02-01T10:47:41.288-0500 [DEBUG] [org.gradle.execution.plan.DefaultFinalizedExecutionPlan] Cannot acquire project lock for node Resolve mutations for :dctmutils:compileTestJava
2025-02-01T10:47:41.288-0500 [DEBUG] [org.gradle.execution.plan.DefaultFinalizedExecutionPlan] Cannot acquire project lock for node Resolve mutations for :dctmutils:processTestResources
2025-02-01T10:47:41.288-0500 [INFO] [org.gradle.execution.plan.DefaultPlanExecutor] Resolve mutations for :dctmutils:distZip (Thread[Execution worker Thread 3,5,main]) started.
2025-02-01T10:47:41.288-0500 [DEBUG] [org.gradle.internal.resources.AbstractTrackedResourceLock] Execution worker Thread 13: released lock on worker lease
2025-02-01T10:47:41.289-0500 [DEBUG] [org.gradle.internal.operations.DefaultBuildOperationRunner] Build operation 'Resolve mutations for task :dctmutils:distZip' started
2025-02-01T10:47:41.289-0500 [DEBUG] [org.gradle.internal.resources.AbstractTrackedResourceLock] Execution worker Thread 12: acquired lock on worker lease
2025-02-01T10:47:41.289-0500 [DEBUG] [org.gradle.internal.resources.AbstractTrackedResourceLock] Execution worker Thread 12: released lock on worker lease
2025-02-01T10:47:41.289-0500 [DEBUG] [org.gradle.internal.resources.AbstractTrackedResourceLock] Execution worker Thread 11: acquired lock on worker lease
2025-02-01T10:47:41.289-0500 [DEBUG] [org.gradle.internal.resources.AbstractTrackedResourceLock] Execution worker Thread 11: released lock on worker lease
2025-02-01T10:47:41.289-0500 [DEBUG] [org.gradle.internal.resources.AbstractTrackedResourceLock] Execution worker Thread 10: acquired lock on worker lease
2025-02-01T10:47:41.289-0500 [DEBUG] [org.gradle.internal.resources.AbstractTrackedResourceLock] Execution worker Thread 10: released lock on worker lease
2025-02-01T10:47:41.289-0500 [DEBUG] [org.gradle.internal.resources.AbstractTrackedResourceLock] Execution worker Thread 9: acquired lock on worker lease
2025-02-01T10:47:41.289-0500 [DEBUG] [org.gradle.internal.resources.AbstractTrackedResourceLock] Execution worker Thread 9: released lock on worker lease
2025-02-01T10:47:41.289-0500 [DEBUG] [org.gradle.internal.resources.AbstractTrackedResourceLock] Execution worker Thread 8: acquired lock on worker lease
2025-02-01T10:47:41.289-0500 [DEBUG] [org.gradle.internal.resources.AbstractTrackedResourceLock] Execution worker Thread 8: released lock on worker lease
2025-02-01T10:47:41.289-0500 [DEBUG] [org.gradle.internal.operations.DefaultBuildOperationRunner] Completing Build operation 'Resolve mutations for task :dctmutils:distZip'
2025-02-01T10:47:41.289-0500 [DEBUG] [org.gradle.internal.operations.DefaultBuildOperationRunner] Build operation 'Resolve mutations for task :dctmutils:distZip' completed
2025-02-01T10:47:41.289-0500 [DEBUG] [org.gradle.internal.resources.AbstractTrackedResourceLock] Execution worker Thread 7: acquired lock on worker lease
2025-02-01T10:47:41.289-0500 [DEBUG] [org.gradle.internal.resources.AbstractTrackedResourceLock] Execution worker Thread 7: released lock on worker lease
2025-02-01T10:47:41.289-0500 [DEBUG] [org.gradle.internal.resources.AbstractTrackedResourceLock] Execution worker Thread 5: acquired lock on worker lease
2025-02-01T10:47:41.289-0500 [DEBUG] [org.gradle.internal.resources.AbstractTrackedResourceLock] Execution worker Thread 5: released lock on worker lease
2025-02-01T10:47:41.290-0500 [DEBUG] [org.gradle.internal.resources.AbstractTrackedResourceLock] Execution worker Thread 4: acquired lock on worker lease
2025-02-01T10:47:41.290-0500 [DEBUG] [org.gradle.internal.resources.AbstractTrackedResourceLock] Execution worker Thread 4: released lock on worker lease
2025-02-01T10:47:41.290-0500 [DEBUG] [org.gradle.internal.resources.AbstractTrackedResourceLock] Execution worker Thread 2: acquired lock on worker lease
2025-02-01T10:47:41.290-0500 [DEBUG] [org.gradle.internal.resources.AbstractTrackedResourceLock] Execution worker Thread 2: released lock on worker lease
2025-02-01T10:47:41.290-0500 [DEBUG] [org.gradle.internal.resources.AbstractTrackedResourceLock] Execution worker: acquired lock on worker lease
2025-02-01T10:47:41.290-0500 [DEBUG] [org.gradle.internal.resources.AbstractTrackedResourceLock] Execution worker: released lock on worker lease
2025-02-01T10:47:41.290-0500 [DEBUG] [org.gradle.internal.resources.AbstractTrackedResourceLock] Execution worker Thread 6: acquired lock on worker lease
2025-02-01T10:47:41.290-0500 [DEBUG] [org.gradle.internal.resources.AbstractTrackedResourceLock] Execution worker Thread 6: released lock on worker lease
2025-02-01T10:47:41.290-0500 [DEBUG] [org.gradle.internal.resources.AbstractTrackedResourceLock] Execution worker Thread 15: acquired lock on worker lease
2025-02-01T10:47:41.290-0500 [DEBUG] [org.gradle.internal.resources.AbstractTrackedResourceLock] Execution worker Thread 15: released lock on worker lease
2025-02-01T10:47:41.290-0500 [DEBUG] [org.gradle.internal.resources.AbstractTrackedResourceLock] Execution worker Thread 14: acquired lock on worker lease
2025-02-01T10:47:41.290-0500 [DEBUG] [org.gradle.internal.resources.AbstractTrackedResourceLock] Execution worker Thread 14: released lock on worker lease
2025-02-01T10:47:41.290-0500 [DEBUG] [org.gradle.internal.resources.AbstractTrackedResourceLock] included builds: acquired lock on worker lease
2025-02-01T10:47:41.290-0500 [DEBUG] [org.gradle.internal.resources.AbstractTrackedResourceLock] included builds: released lock on worker lease
2025-02-01T10:47:41.290-0500 [DEBUG] [org.gradle.execution.plan.DefaultFinalizedExecutionPlan] Node Resolve mutations for :dctmutils:distZip completed, executed: true
2025-02-01T10:47:41.290-0500 [DEBUG] [org.gradle.execution.plan.DefaultFinalizedExecutionPlan] Node Resolve mutations for :dctmutils:distZip finished executing
2025-02-01T10:47:41.290-0500 [DEBUG] [org.gradle.internal.resources.AbstractTrackedResourceLock] Execution worker Thread 3: released lock on state of build :
2025-02-01T10:47:41.291-0500 [DEBUG] [org.gradle.internal.resources.AbstractTrackedResourceLock] Execution worker Thread 3: released lock on task execution for build :
2025-02-01T10:47:41.291-0500 [DEBUG] [org.gradle.internal.resources.AbstractTrackedResourceLock] Execution worker Thread 3: acquired lock on state of build :
2025-02-01T10:47:41.291-0500 [DEBUG] [org.gradle.internal.resources.AbstractTrackedResourceLock] Execution worker Thread 3: acquired lock on task execution for build :
2025-02-01T10:47:41.291-0500 [INFO] [org.gradle.execution.plan.DefaultPlanExecutor] :dctmutils:distZip (Thread[Execution worker Thread 3,5,main]) started.
2025-02-01T10:47:41.291-0500 [DEBUG] [org.gradle.internal.resources.AbstractTrackedResourceLock] Execution worker Thread 13: acquired lock on worker lease
2025-02-01T10:47:41.291-0500 [DEBUG] [org.gradle.internal.operations.DefaultBuildOperationRunner] Build operation 'Task :dctmutils:distZip' started
2025-02-01T10:47:41.291-0500 [DEBUG] [org.gradle.execution.plan.DefaultFinalizedExecutionPlan] Cannot acquire project lock for node Resolve mutations for :dctmutils:compileTestJava
2025-02-01T10:47:41.291-0500 [DEBUG] [org.gradle.execution.plan.DefaultFinalizedExecutionPlan] Cannot acquire project lock for node Resolve mutations for :dctmutils:processTestResources
2025-02-01T10:47:41.291-0500 [DEBUG] [org.gradle.internal.resources.AbstractTrackedResourceLock] Execution worker Thread 13: released lock on worker lease
2025-02-01T10:47:41.291-0500 [DEBUG] [org.gradle.internal.resources.AbstractTrackedResourceLock] included builds: acquired lock on worker lease
2025-02-01T10:47:41.291-0500 [DEBUG] [org.gradle.internal.resources.AbstractTrackedResourceLock] included builds: released lock on worker lease
2025-02-01T10:47:41.291-0500 [DEBUG] [org.gradle.internal.resources.AbstractTrackedResourceLock] Execution worker Thread 14: acquired lock on worker lease
2025-02-01T10:47:41.291-0500 [DEBUG] [org.gradle.internal.resources.AbstractTrackedResourceLock] Execution worker Thread 14: released lock on worker lease
2025-02-01T10:47:41.292-0500 [DEBUG] [org.gradle.internal.resources.AbstractTrackedResourceLock] Execution worker Thread 15: acquired lock on worker lease
2025-02-01T10:47:41.292-0500 [DEBUG] [org.gradle.internal.resources.AbstractTrackedResourceLock] Execution worker Thread 15: released lock on worker lease
2025-02-01T10:47:41.292-0500 [DEBUG] [org.gradle.internal.resources.AbstractTrackedResourceLock] Execution worker Thread 6: acquired lock on worker lease
2025-02-01T10:47:41.292-0500 [DEBUG] [org.gradle.internal.operations.DefaultBuildOperationRunner] Build operation 'Resolve files of :dctmutils:runtimeClasspath' started
2025-02-01T10:47:41.292-0500 [DEBUG] [org.gradle.internal.resources.AbstractTrackedResourceLock] Execution worker Thread 6: released lock on worker lease
2025-02-01T10:47:41.292-0500 [DEBUG] [org.gradle.internal.resources.AbstractTrackedResourceLock] Execution worker: acquired lock on worker lease
2025-02-01T10:47:41.292-0500 [DEBUG] [org.gradle.internal.resources.AbstractTrackedResourceLock] Execution worker: released lock on worker lease
2025-02-01T10:47:41.292-0500 [DEBUG] [org.gradle.internal.resources.AbstractTrackedResourceLock] Execution worker Thread 2: acquired lock on worker lease
2025-02-01T10:47:41.292-0500 [DEBUG] [org.gradle.internal.resources.AbstractTrackedResourceLock] Execution worker Thread 2: released lock on worker lease
2025-02-01T10:47:41.292-0500 [DEBUG] [org.gradle.internal.resources.AbstractTrackedResourceLock] Execution worker Thread 4: acquired lock on worker lease
2025-02-01T10:47:41.292-0500 [DEBUG] [org.gradle.internal.resources.AbstractTrackedResourceLock] Execution worker Thread 4: released lock on worker lease
2025-02-01T10:47:41.292-0500 [DEBUG] [org.gradle.internal.operations.DefaultBuildOperationRunner] Completing Build operation 'Resolve files of :dctmutils:runtimeClasspath'
2025-02-01T10:47:41.292-0500 [DEBUG] [org.gradle.internal.resources.AbstractTrackedResourceLock] Execution worker Thread 5: acquired lock on worker lease
2025-02-01T10:47:41.293-0500 [DEBUG] [org.gradle.internal.resources.AbstractTrackedResourceLock] Execution worker Thread 5: released lock on worker lease
2025-02-01T10:47:41.293-0500 [DEBUG] [org.gradle.internal.resources.AbstractTrackedResourceLock] Execution worker Thread 7: acquired lock on worker lease
2025-02-01T10:47:41.293-0500 [DEBUG] [org.gradle.internal.resources.AbstractTrackedResourceLock] Execution worker Thread 7: released lock on worker lease
2025-02-01T10:47:41.293-0500 [DEBUG] [org.gradle.internal.resources.AbstractTrackedResourceLock] Execution worker Thread 8: acquired lock on worker lease
2025-02-01T10:47:41.293-0500 [DEBUG] [org.gradle.internal.resources.AbstractTrackedResourceLock] Execution worker Thread 8: released lock on worker lease
2025-02-01T10:47:41.293-0500 [DEBUG] [org.gradle.internal.resources.AbstractTrackedResourceLock] Execution worker Thread 9: acquired lock on worker lease
2025-02-01T10:47:41.293-0500 [DEBUG] [org.gradle.internal.resources.AbstractTrackedResourceLock] Execution worker Thread 9: released lock on worker lease
2025-02-01T10:47:41.293-0500 [DEBUG] [org.gradle.internal.resources.AbstractTrackedResourceLock] Execution worker Thread 10: acquired lock on worker lease
2025-02-01T10:47:41.293-0500 [DEBUG] [org.gradle.internal.resources.AbstractTrackedResourceLock] Execution worker Thread 10: released lock on worker lease
2025-02-01T10:47:41.293-0500 [DEBUG] [org.gradle.internal.resources.AbstractTrackedResourceLock] Execution worker Thread 11: acquired lock on worker lease
2025-02-01T10:47:41.293-0500 [DEBUG] [org.gradle.internal.resources.AbstractTrackedResourceLock] Execution worker Thread 11: released lock on worker lease
2025-02-01T10:47:41.293-0500 [DEBUG] [org.gradle.internal.resources.AbstractTrackedResourceLock] Execution worker Thread 12: acquired lock on worker lease
2025-02-01T10:47:41.293-0500 [DEBUG] [org.gradle.internal.resources.AbstractTrackedResourceLock] Execution worker Thread 12: released lock on worker lease
2025-02-01T10:47:41.298-0500 [DEBUG] [org.gradle.internal.operations.DefaultBuildOperationRunner] Build operation 'Snapshot inputs and outputs before executing task ':dctmutils:distZip'' started
2025-02-01T10:47:41.299-0500 [DEBUG] [org.gradle.internal.operations.DefaultBuildOperationRunner] Completing Build operation 'Snapshot inputs and outputs before executing task ':dctmutils:distZip''
2025-02-01T10:47:41.300-0500 [DEBUG] [org.gradle.internal.operations.DefaultBuildOperationRunner] Build operation 'Resolve files of :dctmutils:runtimeClasspath' started
2025-02-01T10:47:41.301-0500 [DEBUG] [org.gradle.internal.operations.DefaultBuildOperationRunner] Completing Build operation 'Resolve files of :dctmutils:runtimeClasspath'
2025-02-01T10:47:41.291-0500 [LIFECYCLE] [class org.gradle.internal.buildevents.TaskExecutionLogger] 
2025-02-01T10:47:41.291-0500 [LIFECYCLE] [class org.gradle.internal.buildevents.TaskExecutionLogger] > Task :dctmutils:distZip UP-TO-DATE
2025-02-01T10:47:41.291-0500 [DEBUG] [org.gradle.api.internal.tasks.execution.ResolveTaskExecutionModeExecuter] Putting task artifact state for task ':dctmutils:distZip' into context took 0.0 secs.
2025-02-01T10:47:41.292-0500 [DEBUG] [org.gradle.internal.operations.DefaultBuildOperationRunner] Build operation 'Resolve files of :dctmutils:runtimeClasspath' completed
2025-02-01T10:47:41.298-0500 [DEBUG] [org.gradle.internal.execution.steps.CaptureStateBeforeExecutionStep] Implementation for task ':dctmutils:distZip': org.gradle.api.tasks.bundling.Zip_Decorated@d3b34346a3b7d2dbf572e61398761ca8
2025-02-01T10:47:41.298-0500 [DEBUG] [org.gradle.internal.execution.steps.CaptureStateBeforeExecutionStep] Additional implementations for task ':dctmutils:distZip': [org.gradle.api.tasks.bundling.Zip_Decorated@d3b34346a3b7d2dbf572e61398761ca8]
2025-02-01T10:47:41.299-0500 [DEBUG] [org.gradle.internal.operations.DefaultBuildOperationRunner] Build operation 'Snapshot inputs and outputs before executing task ':dctmutils:distZip'' completed
2025-02-01T10:47:41.301-0500 [DEBUG] [org.gradle.internal.operations.DefaultBuildOperationRunner] Build operation 'Resolve files of :dctmutils:runtimeClasspath' completed
2025-02-01T10:47:41.302-0500 [INFO] [org.gradle.internal.execution.steps.ResolveCachingStateStep] Caching disabled for task ':dctmutils:distZip' because:
  Build cache is disabled
2025-02-01T10:47:41.302-0500 [DEBUG] [org.gradle.internal.execution.steps.SkipUpToDateStep] Determining if task ':dctmutils:distZip' is up-to-date
2025-02-01T10:47:41.302-0500 [INFO] [org.gradle.internal.execution.steps.SkipUpToDateStep] Skipping task ':dctmutils:distZip' as it is up-to-date.
2025-02-01T10:47:41.302-0500 [DEBUG] [org.gradle.api.internal.tasks.execution.ResolveTaskExecutionModeExecuter] Removed task artifact state for task ':dctmutils:distZip' from context.
2025-02-01T10:47:41.302-0500 [DEBUG] [org.gradle.internal.operations.DefaultBuildOperationRunner] Completing Build operation 'Task :dctmutils:distZip'
2025-02-01T10:47:41.302-0500 [DEBUG] [org.gradle.internal.operations.DefaultBuildOperationRunner] Build operation 'Task :dctmutils:distZip' completed
2025-02-01T10:47:41.302-0500 [DEBUG] [org.gradle.execution.plan.DefaultFinalizedExecutionPlan] Node :dctmutils:distZip completed, executed: true
2025-02-01T10:47:41.302-0500 [DEBUG] [org.gradle.execution.plan.DefaultFinalizedExecutionPlan] Node :dctmutils:distZip finished executing
2025-02-01T10:47:41.302-0500 [DEBUG] [org.gradle.internal.resources.AbstractTrackedResourceLock] Execution worker Thread 3: released lock on state of build :
2025-02-01T10:47:41.303-0500 [DEBUG] [org.gradle.internal.resources.AbstractTrackedResourceLock] Execution worker Thread 3: released lock on task execution for build :
2025-02-01T10:47:41.303-0500 [DEBUG] [org.gradle.internal.resources.AbstractTrackedResourceLock] Execution worker Thread 3: acquired lock on state of build :
2025-02-01T10:47:41.303-0500 [DEBUG] [org.gradle.internal.resources.AbstractTrackedResourceLock] Execution worker Thread 3: acquired lock on task execution for build :
2025-02-01T10:47:41.303-0500 [INFO] [org.gradle.execution.plan.DefaultPlanExecutor] Resolve mutations for :dctmutils:assemble (Thread[Execution worker Thread 3,5,main]) started.
2025-02-01T10:47:41.303-0500 [DEBUG] [org.gradle.internal.resources.AbstractTrackedResourceLock] Execution worker Thread 13: acquired lock on worker lease
2025-02-01T10:47:41.303-0500 [DEBUG] [org.gradle.internal.operations.DefaultBuildOperationRunner] Build operation 'Resolve mutations for task :dctmutils:assemble' started
2025-02-01T10:47:41.303-0500 [DEBUG] [org.gradle.execution.plan.DefaultFinalizedExecutionPlan] Cannot acquire project lock for node Resolve mutations for :dctmutils:compileTestJava
2025-02-01T10:47:41.303-0500 [DEBUG] [org.gradle.execution.plan.DefaultFinalizedExecutionPlan] Cannot acquire project lock for node Resolve mutations for :dctmutils:processTestResources
2025-02-01T10:47:41.303-0500 [DEBUG] [org.gradle.internal.resources.AbstractTrackedResourceLock] Execution worker Thread 13: released lock on worker lease
2025-02-01T10:47:41.303-0500 [DEBUG] [org.gradle.internal.operations.DefaultBuildOperationRunner] Completing Build operation 'Resolve mutations for task :dctmutils:assemble'
2025-02-01T10:47:41.303-0500 [DEBUG] [org.gradle.internal.operations.DefaultBuildOperationRunner] Build operation 'Resolve mutations for task :dctmutils:assemble' completed
2025-02-01T10:47:41.303-0500 [DEBUG] [org.gradle.internal.resources.AbstractTrackedResourceLock] Execution worker Thread 12: acquired lock on worker lease
2025-02-01T10:47:41.303-0500 [DEBUG] [org.gradle.internal.resources.AbstractTrackedResourceLock] Execution worker Thread 12: released lock on worker lease
2025-02-01T10:47:41.303-0500 [DEBUG] [org.gradle.internal.resources.AbstractTrackedResourceLock] Execution worker Thread 11: acquired lock on worker lease
2025-02-01T10:47:41.304-0500 [DEBUG] [org.gradle.internal.resources.AbstractTrackedResourceLock] Execution worker Thread 11: released lock on worker lease
2025-02-01T10:47:41.304-0500 [DEBUG] [org.gradle.internal.resources.AbstractTrackedResourceLock] Execution worker Thread 10: acquired lock on worker lease
2025-02-01T10:47:41.304-0500 [DEBUG] [org.gradle.internal.resources.AbstractTrackedResourceLock] Execution worker Thread 10: released lock on worker lease
2025-02-01T10:47:41.304-0500 [DEBUG] [org.gradle.internal.resources.AbstractTrackedResourceLock] Execution worker Thread 9: acquired lock on worker lease
2025-02-01T10:47:41.304-0500 [DEBUG] [org.gradle.internal.resources.AbstractTrackedResourceLock] Execution worker Thread 9: released lock on worker lease
2025-02-01T10:47:41.304-0500 [DEBUG] [org.gradle.internal.resources.AbstractTrackedResourceLock] Execution worker Thread 8: acquired lock on worker lease
2025-02-01T10:47:41.304-0500 [DEBUG] [org.gradle.internal.resources.AbstractTrackedResourceLock] Execution worker Thread 8: released lock on worker lease
2025-02-01T10:47:41.304-0500 [DEBUG] [org.gradle.internal.resources.AbstractTrackedResourceLock] Execution worker Thread 7: acquired lock on worker lease
2025-02-01T10:47:41.304-0500 [DEBUG] [org.gradle.internal.resources.AbstractTrackedResourceLock] Execution worker Thread 7: released lock on worker lease
2025-02-01T10:47:41.304-0500 [DEBUG] [org.gradle.internal.resources.AbstractTrackedResourceLock] Execution worker Thread 5: acquired lock on worker lease
2025-02-01T10:47:41.304-0500 [DEBUG] [org.gradle.internal.resources.AbstractTrackedResourceLock] Execution worker Thread 5: released lock on worker lease
2025-02-01T10:47:41.304-0500 [DEBUG] [org.gradle.internal.resources.AbstractTrackedResourceLock] Execution worker Thread 4: acquired lock on worker lease
2025-02-01T10:47:41.304-0500 [DEBUG] [org.gradle.internal.resources.AbstractTrackedResourceLock] Execution worker Thread 4: released lock on worker lease
2025-02-01T10:47:41.304-0500 [DEBUG] [org.gradle.internal.resources.AbstractTrackedResourceLock] Execution worker Thread 2: acquired lock on worker lease
2025-02-01T10:47:41.304-0500 [DEBUG] [org.gradle.internal.resources.AbstractTrackedResourceLock] Execution worker Thread 2: released lock on worker lease
2025-02-01T10:47:41.304-0500 [DEBUG] [org.gradle.internal.resources.AbstractTrackedResourceLock] Execution worker: acquired lock on worker lease
2025-02-01T10:47:41.304-0500 [DEBUG] [org.gradle.internal.resources.AbstractTrackedResourceLock] Execution worker: released lock on worker lease
2025-02-01T10:47:41.305-0500 [DEBUG] [org.gradle.internal.resources.AbstractTrackedResourceLock] Execution worker Thread 6: acquired lock on worker lease
2025-02-01T10:47:41.305-0500 [DEBUG] [org.gradle.internal.resources.AbstractTrackedResourceLock] Execution worker Thread 6: released lock on worker lease
2025-02-01T10:47:41.305-0500 [DEBUG] [org.gradle.internal.resources.AbstractTrackedResourceLock] Execution worker Thread 15: acquired lock on worker lease
2025-02-01T10:47:41.305-0500 [DEBUG] [org.gradle.internal.resources.AbstractTrackedResourceLock] Execution worker Thread 15: released lock on worker lease
2025-02-01T10:47:41.305-0500 [DEBUG] [org.gradle.internal.resources.AbstractTrackedResourceLock] Execution worker Thread 14: acquired lock on worker lease
2025-02-01T10:47:41.305-0500 [DEBUG] [org.gradle.internal.resources.AbstractTrackedResourceLock] Execution worker Thread 14: released lock on worker lease
2025-02-01T10:47:41.305-0500 [DEBUG] [org.gradle.internal.resources.AbstractTrackedResourceLock] included builds: acquired lock on worker lease
2025-02-01T10:47:41.305-0500 [DEBUG] [org.gradle.internal.resources.AbstractTrackedResourceLock] included builds: released lock on worker lease
2025-02-01T10:47:41.305-0500 [DEBUG] [org.gradle.execution.plan.DefaultFinalizedExecutionPlan] Node Resolve mutations for :dctmutils:assemble completed, executed: true
2025-02-01T10:47:41.305-0500 [DEBUG] [org.gradle.execution.plan.DefaultFinalizedExecutionPlan] Node Resolve mutations for :dctmutils:assemble finished executing
2025-02-01T10:47:41.305-0500 [DEBUG] [org.gradle.internal.resources.AbstractTrackedResourceLock] Execution worker Thread 3: released lock on state of build :
2025-02-01T10:47:41.305-0500 [DEBUG] [org.gradle.internal.resources.AbstractTrackedResourceLock] Execution worker Thread 3: released lock on task execution for build :
2025-02-01T10:47:41.305-0500 [DEBUG] [org.gradle.internal.resources.AbstractTrackedResourceLock] Execution worker Thread 13: acquired lock on worker lease
2025-02-01T10:47:41.305-0500 [DEBUG] [org.gradle.internal.resources.AbstractTrackedResourceLock] Execution worker Thread 13: acquired lock on state of build :
2025-02-01T10:47:41.305-0500 [DEBUG] [org.gradle.internal.resources.AbstractTrackedResourceLock] Execution worker Thread 13: acquired lock on task execution for build :
2025-02-01T10:47:41.306-0500 [INFO] [org.gradle.execution.plan.DefaultPlanExecutor] :dctmutils:assemble (Thread[Execution worker Thread 13,5,main]) started.
2025-02-01T10:47:41.306-0500 [DEBUG] [org.gradle.execution.plan.DefaultFinalizedExecutionPlan] Cannot acquire project lock for node Resolve mutations for :dctmutils:compileTestJava
2025-02-01T10:47:41.306-0500 [DEBUG] [org.gradle.internal.operations.DefaultBuildOperationRunner] Build operation 'Task :dctmutils:assemble' started
2025-02-01T10:47:41.306-0500 [DEBUG] [org.gradle.execution.plan.DefaultFinalizedExecutionPlan] Cannot acquire project lock for node Resolve mutations for :dctmutils:processTestResources
2025-02-01T10:47:41.306-0500 [DEBUG] [org.gradle.internal.resources.AbstractTrackedResourceLock] Execution worker Thread 3: released lock on worker lease
2025-02-01T10:47:41.306-0500 [DEBUG] [org.gradle.internal.resources.AbstractTrackedResourceLock] included builds: acquired lock on worker lease
2025-02-01T10:47:41.306-0500 [DEBUG] [org.gradle.internal.resources.AbstractTrackedResourceLock] included builds: released lock on worker lease
2025-02-01T10:47:41.306-0500 [DEBUG] [org.gradle.internal.resources.AbstractTrackedResourceLock] Execution worker Thread 14: acquired lock on worker lease
2025-02-01T10:47:41.306-0500 [DEBUG] [org.gradle.internal.resources.AbstractTrackedResourceLock] Execution worker Thread 14: released lock on worker lease
2025-02-01T10:47:41.306-0500 [LIFECYCLE] [class org.gradle.internal.buildevents.TaskExecutionLogger] 
2025-02-01T10:47:41.306-0500 [LIFECYCLE] [class org.gradle.internal.buildevents.TaskExecutionLogger] > Task :dctmutils:assemble UP-TO-DATE
2025-02-01T10:47:41.306-0500 [INFO] [org.gradle.api.internal.tasks.execution.SkipTaskWithNoActionsExecuter] Skipping task ':dctmutils:assemble' as it has no actions.
2025-02-01T10:47:41.306-0500 [DEBUG] [org.gradle.internal.resources.AbstractTrackedResourceLock] Execution worker Thread 15: acquired lock on worker lease
2025-02-01T10:47:41.306-0500 [DEBUG] [org.gradle.internal.resources.AbstractTrackedResourceLock] Execution worker Thread 15: released lock on worker lease
2025-02-01T10:47:41.306-0500 [DEBUG] [org.gradle.internal.operations.DefaultBuildOperationRunner] Completing Build operation 'Task :dctmutils:assemble'
2025-02-01T10:47:41.306-0500 [DEBUG] [org.gradle.internal.operations.DefaultBuildOperationRunner] Build operation 'Task :dctmutils:assemble' completed
2025-02-01T10:47:41.306-0500 [DEBUG] [org.gradle.internal.resources.AbstractTrackedResourceLock] Execution worker Thread 6: acquired lock on worker lease
2025-02-01T10:47:41.307-0500 [DEBUG] [org.gradle.internal.resources.AbstractTrackedResourceLock] Execution worker Thread 6: released lock on worker lease
2025-02-01T10:47:41.307-0500 [DEBUG] [org.gradle.internal.resources.AbstractTrackedResourceLock] Execution worker: acquired lock on worker lease
2025-02-01T10:47:41.307-0500 [DEBUG] [org.gradle.internal.resources.AbstractTrackedResourceLock] Execution worker: released lock on worker lease
2025-02-01T10:47:41.307-0500 [DEBUG] [org.gradle.internal.resources.AbstractTrackedResourceLock] Execution worker Thread 2: acquired lock on worker lease
2025-02-01T10:47:41.307-0500 [DEBUG] [org.gradle.internal.resources.AbstractTrackedResourceLock] Execution worker Thread 2: released lock on worker lease
2025-02-01T10:47:41.307-0500 [DEBUG] [org.gradle.internal.resources.AbstractTrackedResourceLock] Execution worker Thread 4: acquired lock on worker lease
2025-02-01T10:47:41.307-0500 [DEBUG] [org.gradle.internal.resources.AbstractTrackedResourceLock] Execution worker Thread 4: released lock on worker lease
2025-02-01T10:47:41.307-0500 [DEBUG] [org.gradle.internal.resources.AbstractTrackedResourceLock] Execution worker Thread 5: acquired lock on worker lease
2025-02-01T10:47:41.307-0500 [DEBUG] [org.gradle.internal.resources.AbstractTrackedResourceLock] Execution worker Thread 5: released lock on worker lease
2025-02-01T10:47:41.307-0500 [DEBUG] [org.gradle.internal.resources.AbstractTrackedResourceLock] Execution worker Thread 7: acquired lock on worker lease
2025-02-01T10:47:41.307-0500 [DEBUG] [org.gradle.internal.resources.AbstractTrackedResourceLock] Execution worker Thread 7: released lock on worker lease
2025-02-01T10:47:41.307-0500 [DEBUG] [org.gradle.internal.resources.AbstractTrackedResourceLock] Execution worker Thread 8: acquired lock on worker lease
2025-02-01T10:47:41.307-0500 [DEBUG] [org.gradle.internal.resources.AbstractTrackedResourceLock] Execution worker Thread 8: released lock on worker lease
2025-02-01T10:47:41.307-0500 [DEBUG] [org.gradle.internal.resources.AbstractTrackedResourceLock] Execution worker Thread 9: acquired lock on worker lease
2025-02-01T10:47:41.307-0500 [DEBUG] [org.gradle.internal.resources.AbstractTrackedResourceLock] Execution worker Thread 9: released lock on worker lease
2025-02-01T10:47:41.307-0500 [DEBUG] [org.gradle.internal.resources.AbstractTrackedResourceLock] Execution worker Thread 10: acquired lock on worker lease
2025-02-01T10:47:41.307-0500 [DEBUG] [org.gradle.internal.resources.AbstractTrackedResourceLock] Execution worker Thread 10: released lock on worker lease
2025-02-01T10:47:41.307-0500 [DEBUG] [org.gradle.internal.resources.AbstractTrackedResourceLock] Execution worker Thread 11: acquired lock on worker lease
2025-02-01T10:47:41.308-0500 [DEBUG] [org.gradle.internal.resources.AbstractTrackedResourceLock] Execution worker Thread 11: released lock on worker lease
2025-02-01T10:47:41.308-0500 [DEBUG] [org.gradle.internal.resources.AbstractTrackedResourceLock] Execution worker Thread 12: acquired lock on worker lease
2025-02-01T10:47:41.308-0500 [DEBUG] [org.gradle.internal.resources.AbstractTrackedResourceLock] Execution worker Thread 12: released lock on worker lease
2025-02-01T10:47:41.308-0500 [DEBUG] [org.gradle.execution.plan.DefaultFinalizedExecutionPlan] Node :dctmutils:assemble completed, executed: true
2025-02-01T10:47:41.308-0500 [DEBUG] [org.gradle.execution.plan.DefaultFinalizedExecutionPlan] Node :dctmutils:assemble finished executing
2025-02-01T10:47:41.308-0500 [DEBUG] [org.gradle.internal.resources.AbstractTrackedResourceLock] Execution worker Thread 13: released lock on state of build :
2025-02-01T10:47:41.308-0500 [DEBUG] [org.gradle.internal.resources.AbstractTrackedResourceLock] Execution worker Thread 13: released lock on task execution for build :
2025-02-01T10:47:41.308-0500 [DEBUG] [org.gradle.internal.resources.AbstractTrackedResourceLock] Execution worker Thread 13: acquired lock on state of build :
2025-02-01T10:47:41.308-0500 [DEBUG] [org.gradle.internal.resources.AbstractTrackedResourceLock] Execution worker Thread 13: acquired lock on task execution for build :
2025-02-01T10:47:41.308-0500 [DEBUG] [org.gradle.internal.resources.AbstractTrackedResourceLock] Execution worker Thread 3: acquired lock on worker lease
2025-02-01T10:47:41.308-0500 [INFO] [org.gradle.execution.plan.DefaultPlanExecutor] Resolve mutations for :dctmutils:compileTestJava (Thread[Execution worker Thread 13,5,main]) started.
2025-02-01T10:47:41.309-0500 [DEBUG] [org.gradle.execution.plan.DefaultFinalizedExecutionPlan] Cannot acquire project lock for node Resolve mutations for :dctmutils:processTestResources
2025-02-01T10:47:41.309-0500 [DEBUG] [org.gradle.internal.operations.DefaultBuildOperationRunner] Build operation 'Resolve mutations for task :dctmutils:compileTestJava' started
2025-02-01T10:47:41.309-0500 [DEBUG] [org.gradle.internal.resources.AbstractTrackedResourceLock] Execution worker Thread 3: released lock on worker lease
2025-02-01T10:47:41.309-0500 [DEBUG] [org.gradle.internal.resources.AbstractTrackedResourceLock] Execution worker Thread 12: acquired lock on worker lease
2025-02-01T10:47:41.309-0500 [DEBUG] [org.gradle.internal.resources.AbstractTrackedResourceLock] Execution worker Thread 12: released lock on worker lease
2025-02-01T10:47:41.309-0500 [DEBUG] [org.gradle.internal.resources.AbstractTrackedResourceLock] Execution worker Thread 11: acquired lock on worker lease
2025-02-01T10:47:41.309-0500 [DEBUG] [org.gradle.internal.resources.AbstractTrackedResourceLock] Execution worker Thread 11: released lock on worker lease
2025-02-01T10:47:41.309-0500 [DEBUG] [org.gradle.internal.resources.AbstractTrackedResourceLock] Execution worker Thread 10: acquired lock on worker lease
2025-02-01T10:47:41.309-0500 [DEBUG] [org.gradle.internal.resources.AbstractTrackedResourceLock] Execution worker Thread 10: released lock on worker lease
2025-02-01T10:47:41.309-0500 [DEBUG] [org.gradle.internal.resources.AbstractTrackedResourceLock] Execution worker Thread 9: acquired lock on worker lease
2025-02-01T10:47:41.309-0500 [DEBUG] [org.gradle.internal.resources.AbstractTrackedResourceLock] Execution worker Thread 9: released lock on worker lease
2025-02-01T10:47:41.309-0500 [DEBUG] [org.gradle.internal.resources.AbstractTrackedResourceLock] Execution worker Thread 8: acquired lock on worker lease
2025-02-01T10:47:41.309-0500 [DEBUG] [org.gradle.internal.resources.AbstractTrackedResourceLock] Execution worker Thread 8: released lock on worker lease
2025-02-01T10:47:41.309-0500 [DEBUG] [org.gradle.internal.resources.AbstractTrackedResourceLock] Execution worker Thread 7: acquired lock on worker lease
2025-02-01T10:47:41.309-0500 [DEBUG] [org.gradle.internal.resources.AbstractTrackedResourceLock] Execution worker Thread 7: released lock on worker lease
2025-02-01T10:47:41.310-0500 [DEBUG] [org.gradle.internal.resources.AbstractTrackedResourceLock] Execution worker Thread 5: acquired lock on worker lease
2025-02-01T10:47:41.310-0500 [DEBUG] [org.gradle.internal.resources.AbstractTrackedResourceLock] Execution worker Thread 5: released lock on worker lease
2025-02-01T10:47:41.310-0500 [DEBUG] [org.gradle.internal.operations.DefaultBuildOperationRunner] Completing Build operation 'Resolve mutations for task :dctmutils:compileTestJava'
2025-02-01T10:47:41.310-0500 [DEBUG] [org.gradle.internal.operations.DefaultBuildOperationRunner] Build operation 'Resolve mutations for task :dctmutils:compileTestJava' completed
2025-02-01T10:47:41.310-0500 [DEBUG] [org.gradle.internal.resources.AbstractTrackedResourceLock] Execution worker Thread 4: acquired lock on worker lease
2025-02-01T10:47:41.310-0500 [DEBUG] [org.gradle.internal.resources.AbstractTrackedResourceLock] Execution worker Thread 4: released lock on worker lease
2025-02-01T10:47:41.310-0500 [DEBUG] [org.gradle.internal.resources.AbstractTrackedResourceLock] Execution worker Thread 2: acquired lock on worker lease
2025-02-01T10:47:41.310-0500 [DEBUG] [org.gradle.internal.resources.AbstractTrackedResourceLock] Execution worker Thread 2: released lock on worker lease
2025-02-01T10:47:41.310-0500 [DEBUG] [org.gradle.internal.resources.AbstractTrackedResourceLock] Execution worker: acquired lock on worker lease
2025-02-01T10:47:41.310-0500 [DEBUG] [org.gradle.internal.resources.AbstractTrackedResourceLock] Execution worker: released lock on worker lease
2025-02-01T10:47:41.310-0500 [DEBUG] [org.gradle.internal.resources.AbstractTrackedResourceLock] Execution worker Thread 6: acquired lock on worker lease
2025-02-01T10:47:41.310-0500 [DEBUG] [org.gradle.internal.resources.AbstractTrackedResourceLock] Execution worker Thread 6: released lock on worker lease
2025-02-01T10:47:41.310-0500 [DEBUG] [org.gradle.internal.resources.AbstractTrackedResourceLock] Execution worker Thread 15: acquired lock on worker lease
2025-02-01T10:47:41.310-0500 [DEBUG] [org.gradle.internal.resources.AbstractTrackedResourceLock] Execution worker Thread 15: released lock on worker lease
2025-02-01T10:47:41.310-0500 [DEBUG] [org.gradle.internal.resources.AbstractTrackedResourceLock] Execution worker Thread 14: acquired lock on worker lease
2025-02-01T10:47:41.310-0500 [DEBUG] [org.gradle.internal.resources.AbstractTrackedResourceLock] Execution worker Thread 14: released lock on worker lease
2025-02-01T10:47:41.310-0500 [DEBUG] [org.gradle.internal.resources.AbstractTrackedResourceLock] included builds: acquired lock on worker lease
2025-02-01T10:47:41.311-0500 [DEBUG] [org.gradle.internal.resources.AbstractTrackedResourceLock] included builds: released lock on worker lease
2025-02-01T10:47:41.311-0500 [DEBUG] [org.gradle.execution.plan.DefaultFinalizedExecutionPlan] Node Resolve mutations for :dctmutils:compileTestJava completed, executed: true
2025-02-01T10:47:41.311-0500 [DEBUG] [org.gradle.execution.plan.DefaultFinalizedExecutionPlan] Node Resolve mutations for :dctmutils:compileTestJava finished executing
2025-02-01T10:47:41.311-0500 [DEBUG] [org.gradle.internal.resources.AbstractTrackedResourceLock] Execution worker Thread 13: released lock on state of build :
2025-02-01T10:47:41.311-0500 [DEBUG] [org.gradle.internal.resources.AbstractTrackedResourceLock] Execution worker Thread 13: released lock on task execution for build :
2025-02-01T10:47:41.311-0500 [DEBUG] [org.gradle.internal.resources.AbstractTrackedResourceLock] Execution worker Thread 13: acquired lock on state of build :
2025-02-01T10:47:41.311-0500 [DEBUG] [org.gradle.internal.resources.AbstractTrackedResourceLock] Execution worker Thread 13: acquired lock on task execution for build :
2025-02-01T10:47:41.311-0500 [DEBUG] [org.gradle.internal.resources.AbstractTrackedResourceLock] Execution worker Thread 3: acquired lock on worker lease
2025-02-01T10:47:41.311-0500 [DEBUG] [org.gradle.execution.plan.DefaultFinalizedExecutionPlan] Cannot acquire project lock for node Resolve mutations for :dctmutils:processTestResources
2025-02-01T10:47:41.311-0500 [DEBUG] [org.gradle.internal.resources.AbstractTrackedResourceLock] Execution worker Thread 3: released lock on worker lease
2025-02-01T10:47:41.311-0500 [INFO] [org.gradle.execution.plan.DefaultPlanExecutor] :dctmutils:compileTestJava (Thread[Execution worker Thread 13,5,main]) started.
2025-02-01T10:47:41.311-0500 [DEBUG] [org.gradle.internal.resources.AbstractTrackedResourceLock] included builds: acquired lock on worker lease
2025-02-01T10:47:41.312-0500 [DEBUG] [org.gradle.internal.resources.AbstractTrackedResourceLock] included builds: released lock on worker lease
2025-02-01T10:47:41.312-0500 [DEBUG] [org.gradle.internal.operations.DefaultBuildOperationRunner] Build operation 'Task :dctmutils:compileTestJava' started
2025-02-01T10:47:41.312-0500 [DEBUG] [org.gradle.internal.resources.AbstractTrackedResourceLock] Execution worker Thread 14: acquired lock on worker lease
2025-02-01T10:47:41.312-0500 [DEBUG] [org.gradle.internal.resources.AbstractTrackedResourceLock] Execution worker Thread 14: released lock on worker lease
2025-02-01T10:47:41.312-0500 [DEBUG] [org.gradle.internal.resources.AbstractTrackedResourceLock] Execution worker Thread 15: acquired lock on worker lease
2025-02-01T10:47:41.312-0500 [DEBUG] [org.gradle.internal.resources.AbstractTrackedResourceLock] Execution worker Thread 15: released lock on worker lease
2025-02-01T10:47:41.312-0500 [DEBUG] [org.gradle.internal.resources.AbstractTrackedResourceLock] Execution worker Thread 6: acquired lock on worker lease
2025-02-01T10:47:41.312-0500 [DEBUG] [org.gradle.internal.resources.AbstractTrackedResourceLock] Execution worker Thread 6: released lock on worker lease
2025-02-01T10:47:41.312-0500 [DEBUG] [org.gradle.internal.resources.AbstractTrackedResourceLock] Execution worker: acquired lock on worker lease
2025-02-01T10:47:41.312-0500 [DEBUG] [org.gradle.internal.resources.AbstractTrackedResourceLock] Execution worker: released lock on worker lease
2025-02-01T10:47:41.312-0500 [DEBUG] [org.gradle.internal.resources.AbstractTrackedResourceLock] Execution worker Thread 2: acquired lock on worker lease
2025-02-01T10:47:41.312-0500 [DEBUG] [org.gradle.internal.resources.AbstractTrackedResourceLock] Execution worker Thread 2: released lock on worker lease
2025-02-01T10:47:41.313-0500 [DEBUG] [org.gradle.internal.resources.AbstractTrackedResourceLock] Execution worker Thread 4: acquired lock on worker lease
2025-02-01T10:47:41.313-0500 [DEBUG] [org.gradle.internal.resources.AbstractTrackedResourceLock] Execution worker Thread 4: released lock on worker lease
2025-02-01T10:47:41.313-0500 [DEBUG] [org.gradle.internal.resources.AbstractTrackedResourceLock] Execution worker Thread 5: acquired lock on worker lease
2025-02-01T10:47:41.313-0500 [DEBUG] [org.gradle.internal.resources.AbstractTrackedResourceLock] Execution worker Thread 5: released lock on worker lease
2025-02-01T10:47:41.313-0500 [DEBUG] [org.gradle.internal.resources.AbstractTrackedResourceLock] Execution worker Thread 7: acquired lock on worker lease
2025-02-01T10:47:41.313-0500 [DEBUG] [org.gradle.internal.resources.AbstractTrackedResourceLock] Execution worker Thread 7: released lock on worker lease
2025-02-01T10:47:41.313-0500 [DEBUG] [org.gradle.internal.resources.AbstractTrackedResourceLock] Execution worker Thread 8: acquired lock on worker lease
2025-02-01T10:47:41.313-0500 [DEBUG] [org.gradle.internal.resources.AbstractTrackedResourceLock] Execution worker Thread 8: released lock on worker lease
2025-02-01T10:47:41.313-0500 [DEBUG] [org.gradle.internal.resources.AbstractTrackedResourceLock] Execution worker Thread 9: acquired lock on worker lease
2025-02-01T10:47:41.313-0500 [DEBUG] [org.gradle.internal.resources.AbstractTrackedResourceLock] Execution worker Thread 9: released lock on worker lease
2025-02-01T10:47:41.313-0500 [DEBUG] [org.gradle.internal.resources.AbstractTrackedResourceLock] Execution worker Thread 10: acquired lock on worker lease
2025-02-01T10:47:41.313-0500 [DEBUG] [org.gradle.internal.resources.AbstractTrackedResourceLock] Execution worker Thread 10: released lock on worker lease
2025-02-01T10:47:41.313-0500 [DEBUG] [org.gradle.internal.resources.AbstractTrackedResourceLock] Execution worker Thread 11: acquired lock on worker lease
2025-02-01T10:47:41.313-0500 [DEBUG] [org.gradle.internal.resources.AbstractTrackedResourceLock] Execution worker Thread 11: released lock on worker lease
2025-02-01T10:47:41.313-0500 [DEBUG] [org.gradle.internal.operations.DefaultBuildOperationRunner] Build operation 'Snapshot inputs and outputs before executing task ':dctmutils:compileTestJava'' started
2025-02-01T10:47:41.313-0500 [DEBUG] [org.gradle.internal.resources.AbstractTrackedResourceLock] Execution worker Thread 12: acquired lock on worker lease
2025-02-01T10:47:41.313-0500 [DEBUG] [org.gradle.internal.resources.AbstractTrackedResourceLock] Execution worker Thread 12: released lock on worker lease
2025-02-01T10:47:41.315-0500 [DEBUG] [org.gradle.internal.operations.DefaultBuildOperationRunner] Build operation 'Resolve dependencies of :dctmutils:testCompileClasspath' started
2025-02-01T10:47:41.344-0500 [DEBUG] [org.gradle.internal.operations.DefaultBuildOperationRunner] Completing Build operation 'Resolve dependencies of :dctmutils:testCompileClasspath'
2025-02-01T10:47:41.347-0500 [DEBUG] [org.gradle.internal.operations.DefaultBuildOperationRunner] Build operation 'Resolve files of :dctmutils:testCompileClasspath' started
2025-02-01T10:47:41.348-0500 [DEBUG] [org.gradle.internal.resources.AbstractTrackedResourceLock] Unconstrained build operations Thread 28: acquired lock on worker lease
2025-02-01T10:47:41.348-0500 [DEBUG] [org.gradle.internal.resources.AbstractTrackedResourceLock] Unconstrained build operations Thread 29: acquired lock on worker lease
2025-02-01T10:47:41.348-0500 [DEBUG] [org.gradle.internal.operations.DefaultBuildOperationRunner] Build operation 'Resolve junit-jupiter-params-5.9.1.jar (org.junit.jupiter:junit-jupiter-params:5.9.1)' started
2025-02-01T10:47:41.348-0500 [DEBUG] [org.gradle.internal.operations.DefaultBuildOperationRunner] Build operation 'Resolve junit-jupiter-api-5.9.1.jar (org.junit.jupiter:junit-jupiter-api:5.9.1)' started
2025-02-01T10:47:41.349-0500 [DEBUG] [org.gradle.internal.operations.DefaultBuildOperationRunner] Build operation 'Resolve junit-platform-commons-1.9.1.jar (org.junit.platform:junit-platform-commons:1.9.1)' started
2025-02-01T10:47:41.349-0500 [DEBUG] [org.gradle.internal.resources.AbstractTrackedResourceLock] Unconstrained build operations Thread 31: acquired lock on worker lease
2025-02-01T10:47:41.349-0500 [DEBUG] [org.gradle.internal.resources.AbstractTrackedResourceLock] Unconstrained build operations Thread 32: acquired lock on worker lease
2025-02-01T10:47:41.349-0500 [DEBUG] [org.gradle.internal.operations.DefaultBuildOperationRunner] Build operation 'Resolve opentest4j-1.2.0.jar (org.opentest4j:opentest4j:1.2.0)' started
2025-02-01T10:47:41.349-0500 [DEBUG] [org.gradle.internal.operations.DefaultBuildOperationRunner] Build operation 'Resolve apiguardian-api-1.1.2.jar (org.apiguardian:apiguardian-api:1.1.2)' started
2025-02-01T10:47:41.349-0500 [DEBUG] [org.gradle.internal.resources.AbstractTrackedResourceLock] Unconstrained build operations Thread 30: acquired lock on worker lease
2025-02-01T10:47:41.350-0500 [DEBUG] [org.gradle.internal.operations.DefaultBuildOperationRunner] Build operation 'Resolve junit-jupiter-5.9.1.jar (org.junit.jupiter:junit-jupiter:5.9.1)' started
2025-02-01T10:47:41.350-0500 [DEBUG] [org.gradle.internal.operations.DefaultBuildOperationRunner] Completing Build operation 'Resolve junit-jupiter-params-5.9.1.jar (org.junit.jupiter:junit-jupiter-params:5.9.1)'
2025-02-01T10:47:41.350-0500 [DEBUG] [org.gradle.internal.operations.DefaultBuildOperationRunner] Build operation 'Resolve junit-jupiter-params-5.9.1.jar (org.junit.jupiter:junit-jupiter-params:5.9.1)' completed
2025-02-01T10:47:41.350-0500 [DEBUG] [org.gradle.internal.operations.DefaultBuildOperationRunner] Completing Build operation 'Resolve junit-jupiter-api-5.9.1.jar (org.junit.jupiter:junit-jupiter-api:5.9.1)'
2025-02-01T10:47:41.350-0500 [DEBUG] [org.gradle.internal.operations.DefaultBuildOperationRunner] Build operation 'Resolve junit-jupiter-api-5.9.1.jar (org.junit.jupiter:junit-jupiter-api:5.9.1)' completed
2025-02-01T10:47:41.350-0500 [DEBUG] [org.gradle.internal.resources.AbstractTrackedResourceLock] Unconstrained build operations Thread 28: released lock on worker lease
2025-02-01T10:47:41.350-0500 [DEBUG] [org.gradle.internal.resources.AbstractTrackedResourceLock] Execution worker Thread 3: acquired lock on worker lease
2025-02-01T10:47:41.350-0500 [DEBUG] [org.gradle.internal.resources.AbstractTrackedResourceLock] Execution worker Thread 3: released lock on worker lease
2025-02-01T10:47:41.351-0500 [DEBUG] [org.gradle.internal.operations.DefaultBuildOperationRunner] Completing Build operation 'Resolve junit-platform-commons-1.9.1.jar (org.junit.platform:junit-platform-commons:1.9.1)'
2025-02-01T10:47:41.351-0500 [DEBUG] [org.gradle.internal.operations.DefaultBuildOperationRunner] Completing Build operation 'Resolve opentest4j-1.2.0.jar (org.opentest4j:opentest4j:1.2.0)'
2025-02-01T10:47:41.351-0500 [DEBUG] [org.gradle.internal.resources.AbstractTrackedResourceLock] Execution worker Thread 12: acquired lock on worker lease
2025-02-01T10:47:41.351-0500 [DEBUG] [org.gradle.internal.resources.AbstractTrackedResourceLock] Execution worker Thread 12: released lock on worker lease
2025-02-01T10:47:41.351-0500 [DEBUG] [org.gradle.internal.operations.DefaultBuildOperationRunner] Build operation 'Resolve opentest4j-1.2.0.jar (org.opentest4j:opentest4j:1.2.0)' completed
2025-02-01T10:47:41.351-0500 [DEBUG] [org.gradle.internal.resources.AbstractTrackedResourceLock] Execution worker Thread 11: acquired lock on worker lease
2025-02-01T10:47:41.351-0500 [DEBUG] [org.gradle.internal.operations.DefaultBuildOperationRunner] Completing Build operation 'Resolve apiguardian-api-1.1.2.jar (org.apiguardian:apiguardian-api:1.1.2)'
2025-02-01T10:47:41.351-0500 [DEBUG] [org.gradle.internal.operations.DefaultBuildOperationRunner] Build operation 'Resolve apiguardian-api-1.1.2.jar (org.apiguardian:apiguardian-api:1.1.2)' completed
2025-02-01T10:47:41.351-0500 [DEBUG] [org.gradle.internal.resources.AbstractTrackedResourceLock] Execution worker Thread 11: released lock on worker lease
2025-02-01T10:47:41.351-0500 [DEBUG] [org.gradle.internal.operations.DefaultBuildOperationRunner] Completing Build operation 'Resolve junit-jupiter-5.9.1.jar (org.junit.jupiter:junit-jupiter:5.9.1)'
2025-02-01T10:47:41.352-0500 [DEBUG] [org.gradle.internal.operations.DefaultBuildOperationRunner] Build operation 'Resolve junit-jupiter-5.9.1.jar (org.junit.jupiter:junit-jupiter:5.9.1)' completed
2025-02-01T10:47:41.351-0500 [DEBUG] [org.gradle.internal.resources.AbstractTrackedResourceLock] Execution worker Thread 10: acquired lock on worker lease
2025-02-01T10:47:41.352-0500 [DEBUG] [org.gradle.internal.resources.AbstractTrackedResourceLock] Execution worker Thread 10: released lock on worker lease
2025-02-01T10:47:41.352-0500 [DEBUG] [org.gradle.internal.resources.AbstractTrackedResourceLock] Execution worker Thread 9: acquired lock on worker lease
2025-02-01T10:47:41.352-0500 [DEBUG] [org.gradle.internal.resources.AbstractTrackedResourceLock] Execution worker Thread 9: released lock on worker lease
2025-02-01T10:47:41.352-0500 [DEBUG] [org.gradle.internal.resources.AbstractTrackedResourceLock] Execution worker Thread 8: acquired lock on worker lease
2025-02-01T10:47:41.352-0500 [DEBUG] [org.gradle.internal.resources.AbstractTrackedResourceLock] Execution worker Thread 8: released lock on worker lease
2025-02-01T10:47:41.352-0500 [DEBUG] [org.gradle.internal.resources.AbstractTrackedResourceLock] Execution worker Thread 7: acquired lock on worker lease
2025-02-01T10:47:41.352-0500 [DEBUG] [org.gradle.internal.resources.AbstractTrackedResourceLock] Execution worker Thread 7: released lock on worker lease
2025-02-01T10:47:41.352-0500 [DEBUG] [org.gradle.internal.resources.AbstractTrackedResourceLock] Execution worker Thread 5: acquired lock on worker lease
2025-02-01T10:47:41.352-0500 [DEBUG] [org.gradle.internal.resources.AbstractTrackedResourceLock] Execution worker Thread 5: released lock on worker lease
2025-02-01T10:47:41.352-0500 [DEBUG] [org.gradle.internal.resources.AbstractTrackedResourceLock] Execution worker Thread 4: acquired lock on worker lease
2025-02-01T10:47:41.352-0500 [DEBUG] [org.gradle.internal.resources.AbstractTrackedResourceLock] Execution worker Thread 4: released lock on worker lease
2025-02-01T10:47:41.352-0500 [DEBUG] [org.gradle.internal.resources.AbstractTrackedResourceLock] Execution worker Thread 2: acquired lock on worker lease
2025-02-01T10:47:41.352-0500 [DEBUG] [org.gradle.internal.resources.AbstractTrackedResourceLock] Execution worker Thread 2: released lock on worker lease
2025-02-01T10:47:41.352-0500 [DEBUG] [org.gradle.internal.resources.AbstractTrackedResourceLock] Execution worker: acquired lock on worker lease
2025-02-01T10:47:41.352-0500 [DEBUG] [org.gradle.internal.resources.AbstractTrackedResourceLock] Execution worker: released lock on worker lease
2025-02-01T10:47:41.352-0500 [DEBUG] [org.gradle.internal.resources.AbstractTrackedResourceLock] Execution worker Thread 6: acquired lock on worker lease
2025-02-01T10:47:41.353-0500 [DEBUG] [org.gradle.internal.resources.AbstractTrackedResourceLock] Execution worker Thread 6: released lock on worker lease
2025-02-01T10:47:41.353-0500 [DEBUG] [org.gradle.internal.resources.AbstractTrackedResourceLock] Execution worker Thread 15: acquired lock on worker lease
2025-02-01T10:47:41.353-0500 [DEBUG] [org.gradle.internal.resources.AbstractTrackedResourceLock] Execution worker Thread 15: released lock on worker lease
2025-02-01T10:47:41.353-0500 [DEBUG] [org.gradle.internal.resources.AbstractTrackedResourceLock] Execution worker Thread 14: acquired lock on worker lease
2025-02-01T10:47:41.353-0500 [DEBUG] [org.gradle.internal.resources.AbstractTrackedResourceLock] Execution worker Thread 14: released lock on worker lease
2025-02-01T10:47:41.353-0500 [DEBUG] [org.gradle.internal.resources.AbstractTrackedResourceLock] included builds: acquired lock on worker lease
2025-02-01T10:47:41.353-0500 [DEBUG] [org.gradle.internal.resources.AbstractTrackedResourceLock] included builds: released lock on worker lease
2025-02-01T10:47:41.353-0500 [DEBUG] [org.gradle.internal.resources.AbstractTrackedResourceLock] Unconstrained build operations Thread 29: released lock on worker lease
2025-02-01T10:47:41.353-0500 [DEBUG] [org.gradle.internal.resources.AbstractTrackedResourceLock] Execution worker Thread 3: acquired lock on worker lease
2025-02-01T10:47:41.353-0500 [DEBUG] [org.gradle.internal.resources.AbstractTrackedResourceLock] Execution worker Thread 3: released lock on worker lease
2025-02-01T10:47:41.353-0500 [DEBUG] [org.gradle.internal.resources.AbstractTrackedResourceLock] included builds: acquired lock on worker lease
2025-02-01T10:47:41.353-0500 [DEBUG] [org.gradle.internal.resources.AbstractTrackedResourceLock] included builds: released lock on worker lease
2025-02-01T10:47:41.353-0500 [DEBUG] [org.gradle.internal.resources.AbstractTrackedResourceLock] Execution worker Thread 14: acquired lock on worker lease
2025-02-01T10:47:41.353-0500 [DEBUG] [org.gradle.internal.resources.AbstractTrackedResourceLock] Execution worker Thread 14: released lock on worker lease
2025-02-01T10:47:41.353-0500 [DEBUG] [org.gradle.internal.resources.AbstractTrackedResourceLock] Execution worker Thread 15: acquired lock on worker lease
2025-02-01T10:47:41.353-0500 [DEBUG] [org.gradle.internal.resources.AbstractTrackedResourceLock] Execution worker Thread 15: released lock on worker lease
2025-02-01T10:47:41.354-0500 [DEBUG] [org.gradle.internal.resources.AbstractTrackedResourceLock] Execution worker Thread 6: acquired lock on worker lease
2025-02-01T10:47:41.354-0500 [DEBUG] [org.gradle.internal.resources.AbstractTrackedResourceLock] Execution worker Thread 6: released lock on worker lease
2025-02-01T10:47:41.354-0500 [DEBUG] [org.gradle.internal.resources.AbstractTrackedResourceLock] Execution worker: acquired lock on worker lease
2025-02-01T10:47:41.354-0500 [DEBUG] [org.gradle.internal.resources.AbstractTrackedResourceLock] Execution worker: released lock on worker lease
2025-02-01T10:47:41.354-0500 [DEBUG] [org.gradle.internal.resources.AbstractTrackedResourceLock] Execution worker Thread 2: acquired lock on worker lease
2025-02-01T10:47:41.354-0500 [DEBUG] [org.gradle.internal.resources.AbstractTrackedResourceLock] Execution worker Thread 2: released lock on worker lease
2025-02-01T10:47:41.354-0500 [DEBUG] [org.gradle.internal.resources.AbstractTrackedResourceLock] Execution worker Thread 4: acquired lock on worker lease
2025-02-01T10:47:41.354-0500 [DEBUG] [org.gradle.internal.resources.AbstractTrackedResourceLock] Execution worker Thread 4: released lock on worker lease
2025-02-01T10:47:41.354-0500 [DEBUG] [org.gradle.internal.resources.AbstractTrackedResourceLock] Execution worker Thread 5: acquired lock on worker lease
2025-02-01T10:47:41.354-0500 [DEBUG] [org.gradle.internal.resources.AbstractTrackedResourceLock] Execution worker Thread 5: released lock on worker lease
2025-02-01T10:47:41.354-0500 [DEBUG] [org.gradle.internal.resources.AbstractTrackedResourceLock] Execution worker Thread 7: acquired lock on worker lease
2025-02-01T10:47:41.354-0500 [DEBUG] [org.gradle.internal.resources.AbstractTrackedResourceLock] Execution worker Thread 7: released lock on worker lease
2025-02-01T10:47:41.354-0500 [DEBUG] [org.gradle.internal.resources.AbstractTrackedResourceLock] Execution worker Thread 8: acquired lock on worker lease
2025-02-01T10:47:41.354-0500 [DEBUG] [org.gradle.internal.resources.AbstractTrackedResourceLock] Execution worker Thread 8: released lock on worker lease
2025-02-01T10:47:41.354-0500 [DEBUG] [org.gradle.internal.resources.AbstractTrackedResourceLock] Execution worker Thread 9: acquired lock on worker lease
2025-02-01T10:47:41.354-0500 [DEBUG] [org.gradle.internal.resources.AbstractTrackedResourceLock] Execution worker Thread 9: released lock on worker lease
2025-02-01T10:47:41.354-0500 [DEBUG] [org.gradle.internal.resources.AbstractTrackedResourceLock] Execution worker Thread 10: acquired lock on worker lease
2025-02-01T10:47:41.355-0500 [DEBUG] [org.gradle.internal.resources.AbstractTrackedResourceLock] Execution worker Thread 10: released lock on worker lease
2025-02-01T10:47:41.355-0500 [DEBUG] [org.gradle.internal.resources.AbstractTrackedResourceLock] Execution worker Thread 11: acquired lock on worker lease
2025-02-01T10:47:41.355-0500 [DEBUG] [org.gradle.internal.resources.AbstractTrackedResourceLock] Execution worker Thread 11: released lock on worker lease
2025-02-01T10:47:41.355-0500 [DEBUG] [org.gradle.internal.resources.AbstractTrackedResourceLock] Execution worker Thread 12: acquired lock on worker lease
2025-02-01T10:47:41.355-0500 [DEBUG] [org.gradle.internal.resources.AbstractTrackedResourceLock] Execution worker Thread 12: released lock on worker lease
2025-02-01T10:47:41.355-0500 [DEBUG] [org.gradle.internal.resources.AbstractTrackedResourceLock] Unconstrained build operations Thread 30: released lock on worker lease
2025-02-01T10:47:41.355-0500 [DEBUG] [org.gradle.internal.resources.AbstractTrackedResourceLock] Unconstrained build operations Thread 32: released lock on worker lease
2025-02-01T10:47:41.355-0500 [DEBUG] [org.gradle.internal.resources.AbstractTrackedResourceLock] Unconstrained build operations Thread 31: released lock on worker lease
2025-02-01T10:47:41.355-0500 [DEBUG] [org.gradle.internal.resources.AbstractTrackedResourceLock] Execution worker Thread 12: acquired lock on worker lease
2025-02-01T10:47:41.355-0500 [DEBUG] [org.gradle.execution.plan.DefaultFinalizedExecutionPlan] Cannot acquire project lock for node Resolve mutations for :dctmutils:processTestResources
2025-02-01T10:47:41.355-0500 [DEBUG] [org.gradle.internal.resources.AbstractTrackedResourceLock] Execution worker Thread 12: released lock on worker lease
2025-02-01T10:47:41.355-0500 [DEBUG] [org.gradle.internal.resources.AbstractTrackedResourceLock] Execution worker Thread 11: acquired lock on worker lease
2025-02-01T10:47:41.355-0500 [DEBUG] [org.gradle.internal.resources.AbstractTrackedResourceLock] Execution worker Thread 11: released lock on worker lease
2025-02-01T10:47:41.355-0500 [DEBUG] [org.gradle.internal.resources.AbstractTrackedResourceLock] Execution worker Thread 10: acquired lock on worker lease
2025-02-01T10:47:41.356-0500 [DEBUG] [org.gradle.internal.resources.AbstractTrackedResourceLock] Execution worker Thread 10: released lock on worker lease
2025-02-01T10:47:41.356-0500 [DEBUG] [org.gradle.internal.resources.AbstractTrackedResourceLock] Execution worker Thread 9: acquired lock on worker lease
2025-02-01T10:47:41.356-0500 [DEBUG] [org.gradle.internal.resources.AbstractTrackedResourceLock] Execution worker Thread 9: released lock on worker lease
2025-02-01T10:47:41.356-0500 [DEBUG] [org.gradle.internal.resources.AbstractTrackedResourceLock] Execution worker Thread 8: acquired lock on worker lease
2025-02-01T10:47:41.356-0500 [DEBUG] [org.gradle.internal.resources.AbstractTrackedResourceLock] Execution worker Thread 8: released lock on worker lease
2025-02-01T10:47:41.356-0500 [DEBUG] [org.gradle.internal.resources.AbstractTrackedResourceLock] Execution worker Thread 7: acquired lock on worker lease
2025-02-01T10:47:41.356-0500 [DEBUG] [org.gradle.internal.resources.AbstractTrackedResourceLock] Execution worker Thread 7: released lock on worker lease
2025-02-01T10:47:41.356-0500 [DEBUG] [org.gradle.internal.resources.AbstractTrackedResourceLock] Execution worker Thread 5: acquired lock on worker lease
2025-02-01T10:47:41.356-0500 [DEBUG] [org.gradle.internal.resources.AbstractTrackedResourceLock] Execution worker Thread 5: released lock on worker lease
2025-02-01T10:47:41.356-0500 [DEBUG] [org.gradle.internal.resources.AbstractTrackedResourceLock] Execution worker Thread 4: acquired lock on worker lease
2025-02-01T10:47:41.356-0500 [DEBUG] [org.gradle.internal.resources.AbstractTrackedResourceLock] Execution worker Thread 4: released lock on worker lease
2025-02-01T10:47:41.356-0500 [DEBUG] [org.gradle.internal.resources.AbstractTrackedResourceLock] Execution worker Thread 2: acquired lock on worker lease
2025-02-01T10:47:41.356-0500 [DEBUG] [org.gradle.internal.resources.AbstractTrackedResourceLock] Execution worker Thread 2: released lock on worker lease
2025-02-01T10:47:41.356-0500 [DEBUG] [org.gradle.internal.resources.AbstractTrackedResourceLock] Execution worker: acquired lock on worker lease
2025-02-01T10:47:41.356-0500 [DEBUG] [org.gradle.internal.resources.AbstractTrackedResourceLock] Execution worker: released lock on worker lease
2025-02-01T10:47:41.357-0500 [DEBUG] [org.gradle.internal.resources.AbstractTrackedResourceLock] Execution worker Thread 6: acquired lock on worker lease
2025-02-01T10:47:41.357-0500 [DEBUG] [org.gradle.internal.resources.AbstractTrackedResourceLock] Execution worker Thread 6: released lock on worker lease
2025-02-01T10:47:41.357-0500 [DEBUG] [org.gradle.internal.resources.AbstractTrackedResourceLock] Execution worker Thread 15: acquired lock on worker lease
2025-02-01T10:47:41.357-0500 [DEBUG] [org.gradle.internal.resources.AbstractTrackedResourceLock] Execution worker Thread 15: released lock on worker lease
2025-02-01T10:47:41.357-0500 [DEBUG] [org.gradle.internal.resources.AbstractTrackedResourceLock] Execution worker Thread 14: acquired lock on worker lease
2025-02-01T10:47:41.357-0500 [DEBUG] [org.gradle.internal.resources.AbstractTrackedResourceLock] Execution worker Thread 14: released lock on worker lease
2025-02-01T10:47:41.357-0500 [DEBUG] [org.gradle.internal.resources.AbstractTrackedResourceLock] included builds: acquired lock on worker lease
2025-02-01T10:47:41.357-0500 [DEBUG] [org.gradle.internal.resources.AbstractTrackedResourceLock] included builds: released lock on worker lease
2025-02-01T10:47:41.357-0500 [DEBUG] [org.gradle.internal.resources.AbstractTrackedResourceLock] Execution worker Thread 3: acquired lock on worker lease
2025-02-01T10:47:41.357-0500 [DEBUG] [org.gradle.internal.resources.AbstractTrackedResourceLock] Execution worker Thread 3: released lock on worker lease
2025-02-01T10:47:41.357-0500 [DEBUG] [org.gradle.internal.operations.DefaultBuildOperationRunner] Completing Build operation 'Resolve files of :dctmutils:testCompileClasspath'
2025-02-01T10:47:41.358-0500 [DEBUG] [org.gradle.internal.operations.DefaultBuildOperationRunner] Build operation 'Resolve dependencies of :dctmutils:testAnnotationProcessor' started
2025-02-01T10:47:41.358-0500 [DEBUG] [org.gradle.internal.operations.DefaultBuildOperationRunner] Completing Build operation 'Resolve dependencies of :dctmutils:testAnnotationProcessor'
2025-02-01T10:47:41.358-0500 [DEBUG] [org.gradle.internal.operations.DefaultBuildOperationRunner] Completing Build operation 'Snapshot inputs and outputs before executing task ':dctmutils:compileTestJava''
2025-02-01T10:47:41.359-0500 [DEBUG] [org.gradle.internal.operations.DefaultBuildOperationRunner] Build operation 'Resolve files of :dctmutils:testCompileClasspath' started
2025-02-01T10:47:41.360-0500 [DEBUG] [org.gradle.internal.operations.DefaultBuildOperationRunner] Completing Build operation 'Resolve files of :dctmutils:testCompileClasspath'
2025-02-01T10:47:41.312-0500 [LIFECYCLE] [class org.gradle.internal.buildevents.TaskExecutionLogger] 
2025-02-01T10:47:41.312-0500 [LIFECYCLE] [class org.gradle.internal.buildevents.TaskExecutionLogger] > Task :dctmutils:compileTestJava UP-TO-DATE
2025-02-01T10:47:41.312-0500 [DEBUG] [org.gradle.api.internal.tasks.execution.ResolveTaskExecutionModeExecuter] Putting task artifact state for task ':dctmutils:compileTestJava' into context took 0.0 secs.
2025-02-01T10:47:41.314-0500 [DEBUG] [org.gradle.internal.execution.steps.CaptureStateBeforeExecutionStep] Implementation for task ':dctmutils:compileTestJava': org.gradle.api.tasks.compile.JavaCompile_Decorated@21f03edc25576a21abd02f15a6385d89
2025-02-01T10:47:41.314-0500 [DEBUG] [org.gradle.internal.execution.steps.CaptureStateBeforeExecutionStep] Additional implementations for task ':dctmutils:compileTestJava': [org.gradle.api.tasks.compile.JavaCompile_Decorated@21f03edc25576a21abd02f15a6385d89]
2025-02-01T10:47:41.317-0500 [DEBUG] [org.gradle.api.internal.artifacts.ivyservice.resolveengine.DefaultArtifactDependencyResolver] Resolving configuration ':dctmutils:testCompileClasspath'
2025-02-01T10:47:41.318-0500 [DEBUG] [org.gradle.api.internal.artifacts.ivyservice.modulecache.ResolvedArtifactCaches] Reusing in-memory cache for repo 'MavenRepo' [a8be1fe3b3911d3d3425fe720cf42835].
2025-02-01T10:47:41.318-0500 [DEBUG] [org.gradle.api.internal.artifacts.ivyservice.resolveengine.graph.builder.DependencyGraphBuilder] Visiting configuration java-dctmutils:dctmutils:unspecified(testCompileClasspath).
2025-02-01T10:47:41.320-0500 [DEBUG] [org.gradle.api.internal.artifacts.ivyservice.ivyresolve.RepositoryChainComponentMetaDataResolver] Attempting to resolve component for com.google.guava:guava:31.1-jre using repositories [MavenRepo]
2025-02-01T10:47:41.320-0500 [DEBUG] [org.gradle.api.internal.artifacts.ivyservice.ivyresolve.CachingModuleComponentRepository] Using cached module metadata for module 'com.google.guava:guava:31.1-jre' in 'MavenRepo'
2025-02-01T10:47:41.320-0500 [DEBUG] [org.gradle.api.internal.artifacts.ivyservice.ivyresolve.RepositoryChainComponentMetaDataResolver] Using com.google.guava:guava:31.1-jre from Maven repository 'MavenRepo'
2025-02-01T10:47:41.320-0500 [DEBUG] [org.gradle.api.internal.artifacts.ivyservice.ivyresolve.RepositoryChainComponentMetaDataResolver] Attempting to resolve component for net.sourceforge.argparse4j:argparse4j:0.9.0 using repositories [MavenRepo]
2025-02-01T10:47:41.320-0500 [DEBUG] [org.gradle.api.internal.artifacts.ivyservice.ivyresolve.CachingModuleComponentRepository] Using cached module metadata for module 'net.sourceforge.argparse4j:argparse4j:0.9.0' in 'MavenRepo'
2025-02-01T10:47:41.320-0500 [DEBUG] [org.gradle.api.internal.artifacts.ivyservice.ivyresolve.RepositoryChainComponentMetaDataResolver] Using net.sourceforge.argparse4j:argparse4j:0.9.0 from Maven repository 'MavenRepo'
2025-02-01T10:47:41.320-0500 [DEBUG] [org.gradle.api.internal.artifacts.ivyservice.ivyresolve.RepositoryChainComponentMetaDataResolver] Attempting to resolve component for commons-io:commons-io:2.18.0 using repositories [MavenRepo]
2025-02-01T10:47:41.320-0500 [DEBUG] [org.gradle.api.internal.artifacts.ivyservice.ivyresolve.CachingModuleComponentRepository] Using cached module metadata for module 'commons-io:commons-io:2.18.0' in 'MavenRepo'
2025-02-01T10:47:41.320-0500 [DEBUG] [org.gradle.api.internal.artifacts.ivyservice.ivyresolve.RepositoryChainComponentMetaDataResolver] Using commons-io:commons-io:2.18.0 from Maven repository 'MavenRepo'
2025-02-01T10:47:41.320-0500 [DEBUG] [org.gradle.api.internal.artifacts.ivyservice.ivyresolve.RepositoryChainComponentMetaDataResolver] Attempting to resolve component for org.jasypt:jasypt:1.9.3 using repositories [MavenRepo]
2025-02-01T10:47:41.320-0500 [DEBUG] [org.gradle.api.internal.artifacts.ivyservice.ivyresolve.CachingModuleComponentRepository] Using cached module metadata for module 'org.jasypt:jasypt:1.9.3' in 'MavenRepo'
2025-02-01T10:47:41.320-0500 [DEBUG] [org.gradle.api.internal.artifacts.ivyservice.ivyresolve.RepositoryChainComponentMetaDataResolver] Using org.jasypt:jasypt:1.9.3 from Maven repository 'MavenRepo'
2025-02-01T10:47:41.320-0500 [DEBUG] [org.gradle.api.internal.artifacts.ivyservice.ivyresolve.RepositoryChainComponentMetaDataResolver] Attempting to resolve component for com.github.oshi:oshi-core-java11:6.6.5 using repositories [MavenRepo]
2025-02-01T10:47:41.320-0500 [DEBUG] [org.gradle.api.internal.artifacts.ivyservice.ivyresolve.CachingModuleComponentRepository] Using cached module metadata for module 'com.github.oshi:oshi-core-java11:6.6.5' in 'MavenRepo'
2025-02-01T10:47:41.320-0500 [DEBUG] [org.gradle.api.internal.artifacts.ivyservice.ivyresolve.RepositoryChainComponentMetaDataResolver] Using com.github.oshi:oshi-core-java11:6.6.5 from Maven repository 'MavenRepo'
2025-02-01T10:47:41.320-0500 [DEBUG] [org.gradle.api.internal.artifacts.ivyservice.ivyresolve.RepositoryChainComponentMetaDataResolver] Attempting to resolve component for org.dizitart:nitrite-bom:4.3.0 using repositories [MavenRepo]
2025-02-01T10:47:41.321-0500 [DEBUG] [org.gradle.api.internal.artifacts.ivyservice.ivyresolve.CachingModuleComponentRepository] Using cached module metadata for module 'org.dizitart:nitrite-bom:4.3.0' in 'MavenRepo'
2025-02-01T10:47:41.321-0500 [DEBUG] [org.gradle.api.internal.artifacts.ivyservice.ivyresolve.RepositoryChainComponentMetaDataResolver] Using org.dizitart:nitrite-bom:4.3.0 from Maven repository 'MavenRepo'
2025-02-01T10:47:41.321-0500 [DEBUG] [org.gradle.api.internal.artifacts.ivyservice.ivyresolve.RepositoryChainComponentMetaDataResolver] Attempting to resolve component for org.dizitart:nitrite:4.3.0 using repositories [MavenRepo]
2025-02-01T10:47:41.321-0500 [DEBUG] [org.gradle.api.internal.artifacts.ivyservice.ivyresolve.CachingModuleComponentRepository] Using cached module metadata for module 'org.dizitart:nitrite:4.3.0' in 'MavenRepo'
2025-02-01T10:47:41.321-0500 [DEBUG] [org.gradle.api.internal.artifacts.ivyservice.ivyresolve.RepositoryChainComponentMetaDataResolver] Using org.dizitart:nitrite:4.3.0 from Maven repository 'MavenRepo'
2025-02-01T10:47:41.321-0500 [DEBUG] [org.gradle.api.internal.artifacts.ivyservice.ivyresolve.RepositoryChainComponentMetaDataResolver] Attempting to resolve component for org.dizitart:nitrite-jackson-mapper:4.3.0 using repositories [MavenRepo]
2025-02-01T10:47:41.321-0500 [DEBUG] [org.gradle.api.internal.artifacts.ivyservice.ivyresolve.CachingModuleComponentRepository] Using cached module metadata for module 'org.dizitart:nitrite-jackson-mapper:4.3.0' in 'MavenRepo'
2025-02-01T10:47:41.321-0500 [DEBUG] [org.gradle.api.internal.artifacts.ivyservice.ivyresolve.RepositoryChainComponentMetaDataResolver] Using org.dizitart:nitrite-jackson-mapper:4.3.0 from Maven repository 'MavenRepo'
2025-02-01T10:47:41.321-0500 [DEBUG] [org.gradle.api.internal.artifacts.ivyservice.ivyresolve.RepositoryChainComponentMetaDataResolver] Attempting to resolve component for org.dizitart:nitrite-mvstore-adapter:4.3.0 using repositories [MavenRepo]
2025-02-01T10:47:41.321-0500 [DEBUG] [org.gradle.api.internal.artifacts.ivyservice.ivyresolve.CachingModuleComponentRepository] Using cached module metadata for module 'org.dizitart:nitrite-mvstore-adapter:4.3.0' in 'MavenRepo'
2025-02-01T10:47:41.321-0500 [DEBUG] [org.gradle.api.internal.artifacts.ivyservice.ivyresolve.RepositoryChainComponentMetaDataResolver] Using org.dizitart:nitrite-mvstore-adapter:4.3.0 from Maven repository 'MavenRepo'
2025-02-01T10:47:41.321-0500 [DEBUG] [org.gradle.api.internal.artifacts.ivyservice.ivyresolve.RepositoryChainComponentMetaDataResolver] Attempting to resolve component for org.apache.commons:commons-csv:1.11.0 using repositories [MavenRepo]
2025-02-01T10:47:41.321-0500 [DEBUG] [org.gradle.api.internal.artifacts.ivyservice.ivyresolve.CachingModuleComponentRepository] Using cached module metadata for module 'org.apache.commons:commons-csv:1.11.0' in 'MavenRepo'
2025-02-01T10:47:41.321-0500 [DEBUG] [org.gradle.api.internal.artifacts.ivyservice.ivyresolve.RepositoryChainComponentMetaDataResolver] Using org.apache.commons:commons-csv:1.11.0 from Maven repository 'MavenRepo'
2025-02-01T10:47:41.321-0500 [DEBUG] [org.gradle.api.internal.artifacts.ivyservice.ivyresolve.RepositoryChainComponentMetaDataResolver] Attempting to resolve component for me.tongfei:progressbar:0.9.0 using repositories [MavenRepo]
2025-02-01T10:47:41.321-0500 [DEBUG] [org.gradle.api.internal.artifacts.ivyservice.ivyresolve.CachingModuleComponentRepository] Using cached module metadata for module 'me.tongfei:progressbar:0.9.0' in 'MavenRepo'
2025-02-01T10:47:41.321-0500 [DEBUG] [org.gradle.api.internal.artifacts.ivyservice.ivyresolve.RepositoryChainComponentMetaDataResolver] Using me.tongfei:progressbar:0.9.0 from Maven repository 'MavenRepo'
2025-02-01T10:47:41.321-0500 [DEBUG] [org.gradle.api.internal.artifacts.ivyservice.ivyresolve.RepositoryChainComponentMetaDataResolver] Attempting to resolve component for org.slf4j:slf4j-nop:2.0.16 using repositories [MavenRepo]
2025-02-01T10:47:41.321-0500 [DEBUG] [org.gradle.api.internal.artifacts.ivyservice.ivyresolve.CachingModuleComponentRepository] Using cached module metadata for module 'org.slf4j:slf4j-nop:2.0.16' in 'MavenRepo'
2025-02-01T10:47:41.321-0500 [DEBUG] [org.gradle.api.internal.artifacts.ivyservice.ivyresolve.RepositoryChainComponentMetaDataResolver] Using org.slf4j:slf4j-nop:2.0.16 from Maven repository 'MavenRepo'
2025-02-01T10:47:41.321-0500 [DEBUG] [org.gradle.api.internal.artifacts.ivyservice.ivyresolve.RepositoryChainComponentMetaDataResolver] Attempting to resolve component for org.apache.commons:commons-io:1.3.2 using repositories [MavenRepo]
2025-02-01T10:47:41.322-0500 [DEBUG] [org.gradle.api.internal.artifacts.ivyservice.ivyresolve.CachingModuleComponentRepository] Using cached module metadata for module 'org.apache.commons:commons-io:1.3.2' in 'MavenRepo'
2025-02-01T10:47:41.322-0500 [DEBUG] [org.gradle.api.internal.artifacts.ivyservice.ivyresolve.RepositoryChainComponentMetaDataResolver] Using org.apache.commons:commons-io:1.3.2 from Maven repository 'MavenRepo'
2025-02-01T10:47:41.322-0500 [DEBUG] [org.gradle.api.internal.artifacts.ivyservice.ivyresolve.RepositoryChainComponentMetaDataResolver] Attempting to resolve component for io.github.classgraph:classgraph:4.8.179 using repositories [MavenRepo]
2025-02-01T10:47:41.322-0500 [DEBUG] [org.gradle.api.internal.artifacts.ivyservice.ivyresolve.CachingModuleComponentRepository] Using cached module metadata for module 'io.github.classgraph:classgraph:4.8.179' in 'MavenRepo'
2025-02-01T10:47:41.322-0500 [DEBUG] [org.gradle.api.internal.artifacts.ivyservice.ivyresolve.RepositoryChainComponentMetaDataResolver] Using io.github.classgraph:classgraph:4.8.179 from Maven repository 'MavenRepo'
2025-02-01T10:47:41.322-0500 [DEBUG] [org.gradle.api.internal.artifacts.ivyservice.ivyresolve.RepositoryChainComponentMetaDataResolver] Attempting to resolve component for org.junit.jupiter:junit-jupiter:5.9.1 using repositories [MavenRepo]
2025-02-01T10:47:41.322-0500 [DEBUG] [org.gradle.api.internal.artifacts.ivyservice.ivyresolve.CachingModuleComponentRepository] Using cached module metadata for module 'org.junit.jupiter:junit-jupiter:5.9.1' in 'MavenRepo'
2025-02-01T10:47:41.322-0500 [DEBUG] [org.gradle.api.internal.artifacts.ivyservice.ivyresolve.RepositoryChainComponentMetaDataResolver] Using org.junit.jupiter:junit-jupiter:5.9.1 from Maven repository 'MavenRepo'
2025-02-01T10:47:41.322-0500 [DEBUG] [org.gradle.api.internal.artifacts.ivyservice.resolveengine.graph.builder.DependencyGraphBuilder] Visiting configuration com.google.guava:guava:31.1-jre(compile).
2025-02-01T10:47:41.322-0500 [DEBUG] [org.gradle.api.internal.artifacts.ivyservice.ivyresolve.RepositoryChainComponentMetaDataResolver] Attempting to resolve component for com.google.guava:failureaccess:1.0.1 using repositories [MavenRepo]
2025-02-01T10:47:41.322-0500 [DEBUG] [org.gradle.api.internal.artifacts.ivyservice.ivyresolve.CachingModuleComponentRepository] Using cached module metadata for module 'com.google.guava:failureaccess:1.0.1' in 'MavenRepo'
2025-02-01T10:47:41.322-0500 [DEBUG] [org.gradle.api.internal.artifacts.ivyservice.ivyresolve.RepositoryChainComponentMetaDataResolver] Using com.google.guava:failureaccess:1.0.1 from Maven repository 'MavenRepo'
2025-02-01T10:47:41.322-0500 [DEBUG] [org.gradle.api.internal.artifacts.ivyservice.ivyresolve.RepositoryChainComponentMetaDataResolver] Attempting to resolve component for com.google.guava:listenablefuture:9999.0-empty-to-avoid-conflict-with-guava using repositories [MavenRepo]
2025-02-01T10:47:41.322-0500 [DEBUG] [org.gradle.api.internal.artifacts.ivyservice.ivyresolve.CachingModuleComponentRepository] Using cached module metadata for module 'com.google.guava:listenablefuture:9999.0-empty-to-avoid-conflict-with-guava' in 'MavenRepo'
2025-02-01T10:47:41.322-0500 [DEBUG] [org.gradle.api.internal.artifacts.ivyservice.ivyresolve.RepositoryChainComponentMetaDataResolver] Using com.google.guava:listenablefuture:9999.0-empty-to-avoid-conflict-with-guava from Maven repository 'MavenRepo'
2025-02-01T10:47:41.322-0500 [DEBUG] [org.gradle.api.internal.artifacts.ivyservice.ivyresolve.RepositoryChainComponentMetaDataResolver] Attempting to resolve component for com.google.code.findbugs:jsr305:3.0.2 using repositories [MavenRepo]
2025-02-01T10:47:41.323-0500 [DEBUG] [org.gradle.api.internal.artifacts.ivyservice.ivyresolve.CachingModuleComponentRepository] Using cached module metadata for module 'com.google.code.findbugs:jsr305:3.0.2' in 'MavenRepo'
2025-02-01T10:47:41.323-0500 [DEBUG] [org.gradle.api.internal.artifacts.ivyservice.ivyresolve.RepositoryChainComponentMetaDataResolver] Using com.google.code.findbugs:jsr305:3.0.2 from Maven repository 'MavenRepo'
2025-02-01T10:47:41.323-0500 [DEBUG] [org.gradle.api.internal.artifacts.ivyservice.ivyresolve.RepositoryChainComponentMetaDataResolver] Attempting to resolve component for org.checkerframework:checker-qual:3.12.0 using repositories [MavenRepo]
2025-02-01T10:47:41.323-0500 [DEBUG] [org.gradle.api.internal.artifacts.ivyservice.ivyresolve.CachingModuleComponentRepository] Using cached module metadata for module 'org.checkerframework:checker-qual:3.12.0' in 'MavenRepo'
2025-02-01T10:47:41.323-0500 [DEBUG] [org.gradle.api.internal.artifacts.ivyservice.ivyresolve.RepositoryChainComponentMetaDataResolver] Using org.checkerframework:checker-qual:3.12.0 from Maven repository 'MavenRepo'
2025-02-01T10:47:41.323-0500 [DEBUG] [org.gradle.api.internal.artifacts.ivyservice.ivyresolve.RepositoryChainComponentMetaDataResolver] Attempting to resolve component for com.google.errorprone:error_prone_annotations:2.11.0 using repositories [MavenRepo]
2025-02-01T10:47:41.323-0500 [DEBUG] [org.gradle.api.internal.artifacts.ivyservice.ivyresolve.CachingModuleComponentRepository] Using cached module metadata for module 'com.google.errorprone:error_prone_annotations:2.11.0' in 'MavenRepo'
2025-02-01T10:47:41.323-0500 [DEBUG] [org.gradle.api.internal.artifacts.ivyservice.ivyresolve.RepositoryChainComponentMetaDataResolver] Using com.google.errorprone:error_prone_annotations:2.11.0 from Maven repository 'MavenRepo'
2025-02-01T10:47:41.323-0500 [DEBUG] [org.gradle.api.internal.artifacts.ivyservice.ivyresolve.RepositoryChainComponentMetaDataResolver] Attempting to resolve component for com.google.j2objc:j2objc-annotations:1.3 using repositories [MavenRepo]
2025-02-01T10:47:41.323-0500 [DEBUG] [org.gradle.api.internal.artifacts.ivyservice.ivyresolve.CachingModuleComponentRepository] Using cached module metadata for module 'com.google.j2objc:j2objc-annotations:1.3' in 'MavenRepo'
2025-02-01T10:47:41.323-0500 [DEBUG] [org.gradle.api.internal.artifacts.ivyservice.ivyresolve.RepositoryChainComponentMetaDataResolver] Using com.google.j2objc:j2objc-annotations:1.3 from Maven repository 'MavenRepo'
2025-02-01T10:47:41.323-0500 [DEBUG] [org.gradle.api.internal.artifacts.ivyservice.resolveengine.graph.builder.DependencyGraphBuilder] Visiting configuration net.sourceforge.argparse4j:argparse4j:0.9.0(compile).
2025-02-01T10:47:41.323-0500 [DEBUG] [org.gradle.api.internal.artifacts.ivyservice.resolveengine.graph.builder.DependencyGraphBuilder] Visiting configuration commons-io:commons-io:2.18.0(compile).
2025-02-01T10:47:41.323-0500 [DEBUG] [org.gradle.api.internal.artifacts.ivyservice.resolveengine.graph.builder.DependencyGraphBuilder] Visiting configuration org.jasypt:jasypt:1.9.3(compile).
2025-02-01T10:47:41.323-0500 [DEBUG] [org.gradle.api.internal.artifacts.ivyservice.resolveengine.graph.builder.DependencyGraphBuilder] Visiting configuration com.github.oshi:oshi-core-java11:6.6.5(compile).
2025-02-01T10:47:41.323-0500 [DEBUG] [org.gradle.api.internal.artifacts.ivyservice.ivyresolve.RepositoryChainComponentMetaDataResolver] Attempting to resolve component for net.java.dev.jna:jna-jpms:5.15.0 using repositories [MavenRepo]
2025-02-01T10:47:41.324-0500 [DEBUG] [org.gradle.api.internal.artifacts.ivyservice.ivyresolve.CachingModuleComponentRepository] Using cached module metadata for module 'net.java.dev.jna:jna-jpms:5.15.0' in 'MavenRepo'
2025-02-01T10:47:41.324-0500 [DEBUG] [org.gradle.api.internal.artifacts.ivyservice.ivyresolve.RepositoryChainComponentMetaDataResolver] Using net.java.dev.jna:jna-jpms:5.15.0 from Maven repository 'MavenRepo'
2025-02-01T10:47:41.324-0500 [DEBUG] [org.gradle.api.internal.artifacts.ivyservice.ivyresolve.RepositoryChainComponentMetaDataResolver] Attempting to resolve component for net.java.dev.jna:jna-platform-jpms:5.15.0 using repositories [MavenRepo]
2025-02-01T10:47:41.324-0500 [DEBUG] [org.gradle.api.internal.artifacts.ivyservice.ivyresolve.CachingModuleComponentRepository] Using cached module metadata for module 'net.java.dev.jna:jna-platform-jpms:5.15.0' in 'MavenRepo'
2025-02-01T10:47:41.324-0500 [DEBUG] [org.gradle.api.internal.artifacts.ivyservice.ivyresolve.RepositoryChainComponentMetaDataResolver] Using net.java.dev.jna:jna-platform-jpms:5.15.0 from Maven repository 'MavenRepo'
2025-02-01T10:47:41.324-0500 [DEBUG] [org.gradle.api.internal.artifacts.ivyservice.ivyresolve.RepositoryChainComponentMetaDataResolver] Attempting to resolve component for org.slf4j:slf4j-api:2.0.16 using repositories [MavenRepo]
2025-02-01T10:47:41.324-0500 [DEBUG] [org.gradle.api.internal.artifacts.ivyservice.ivyresolve.CachingModuleComponentRepository] Using cached module metadata for module 'org.slf4j:slf4j-api:2.0.16' in 'MavenRepo'
2025-02-01T10:47:41.324-0500 [DEBUG] [org.gradle.api.internal.artifacts.ivyservice.ivyresolve.RepositoryChainComponentMetaDataResolver] Using org.slf4j:slf4j-api:2.0.16 from Maven repository 'MavenRepo'
2025-02-01T10:47:41.324-0500 [DEBUG] [org.gradle.api.internal.artifacts.ivyservice.resolveengine.graph.builder.DependencyGraphBuilder] Visiting configuration org.dizitart:nitrite-bom:4.3.0(compile).
2025-02-01T10:47:41.324-0500 [DEBUG] [org.gradle.api.internal.artifacts.ivyservice.resolveengine.graph.builder.DependencyGraphBuilder] Visiting configuration org.dizitart:nitrite:4.3.0(compile).
2025-02-01T10:47:41.324-0500 [DEBUG] [org.gradle.api.internal.artifacts.ivyservice.ivyresolve.RepositoryChainComponentMetaDataResolver] Attempting to resolve component for commons-codec:commons-codec:1.17.0 using repositories [MavenRepo]
2025-02-01T10:47:41.324-0500 [DEBUG] [org.gradle.api.internal.artifacts.ivyservice.ivyresolve.CachingModuleComponentRepository] Using cached module metadata for module 'commons-codec:commons-codec:1.17.0' in 'MavenRepo'
2025-02-01T10:47:41.324-0500 [DEBUG] [org.gradle.api.internal.artifacts.ivyservice.ivyresolve.RepositoryChainComponentMetaDataResolver] Using commons-codec:commons-codec:1.17.0 from Maven repository 'MavenRepo'
2025-02-01T10:47:41.325-0500 [DEBUG] [org.gradle.api.internal.artifacts.ivyservice.resolveengine.graph.builder.DependencyGraphBuilder] Visiting configuration org.dizitart:nitrite-jackson-mapper:4.3.0(compile).
2025-02-01T10:47:41.325-0500 [DEBUG] [org.gradle.api.internal.artifacts.ivyservice.ivyresolve.RepositoryChainComponentMetaDataResolver] Attempting to resolve component for com.fasterxml.jackson.core:jackson-databind:2.17.1 using repositories [MavenRepo]
2025-02-01T10:47:41.325-0500 [DEBUG] [org.gradle.api.internal.artifacts.ivyservice.ivyresolve.CachingModuleComponentRepository] Using cached module metadata for module 'com.fasterxml.jackson.core:jackson-databind:2.17.1' in 'MavenRepo'
2025-02-01T10:47:41.325-0500 [DEBUG] [org.gradle.api.internal.artifacts.ivyservice.ivyresolve.RepositoryChainComponentMetaDataResolver] Using com.fasterxml.jackson.core:jackson-databind:2.17.1 from Maven repository 'MavenRepo'
2025-02-01T10:47:41.325-0500 [DEBUG] [org.gradle.api.internal.artifacts.ivyservice.resolveengine.graph.builder.DependencyGraphBuilder] Visiting configuration org.dizitart:nitrite-mvstore-adapter:4.3.0(compile).
2025-02-01T10:47:41.325-0500 [DEBUG] [org.gradle.api.internal.artifacts.ivyservice.ivyresolve.RepositoryChainComponentMetaDataResolver] Attempting to resolve component for com.h2database:h2-mvstore:2.2.224 using repositories [MavenRepo]
2025-02-01T10:47:41.325-0500 [DEBUG] [org.gradle.api.internal.artifacts.ivyservice.ivyresolve.CachingModuleComponentRepository] Using cached module metadata for module 'com.h2database:h2-mvstore:2.2.224' in 'MavenRepo'
2025-02-01T10:47:41.325-0500 [DEBUG] [org.gradle.api.internal.artifacts.ivyservice.ivyresolve.RepositoryChainComponentMetaDataResolver] Using com.h2database:h2-mvstore:2.2.224 from Maven repository 'MavenRepo'
2025-02-01T10:47:41.325-0500 [DEBUG] [org.gradle.api.internal.artifacts.ivyservice.resolveengine.graph.builder.DependencyGraphBuilder] Visiting configuration org.apache.commons:commons-csv:1.11.0(compile).
2025-02-01T10:47:41.325-0500 [DEBUG] [org.gradle.api.internal.artifacts.ivyservice.resolveengine.graph.builder.DependencyGraphBuilder] Visiting configuration me.tongfei:progressbar:0.9.0(compile).
2025-02-01T10:47:41.325-0500 [DEBUG] [org.gradle.api.internal.artifacts.ivyservice.ivyresolve.RepositoryChainComponentMetaDataResolver] Attempting to resolve component for org.jline:jline:3.16.0 using repositories [MavenRepo]
2025-02-01T10:47:41.325-0500 [DEBUG] [org.gradle.api.internal.artifacts.ivyservice.ivyresolve.CachingModuleComponentRepository] Using cached module metadata for module 'org.jline:jline:3.16.0' in 'MavenRepo'
2025-02-01T10:47:41.325-0500 [DEBUG] [org.gradle.api.internal.artifacts.ivyservice.ivyresolve.RepositoryChainComponentMetaDataResolver] Using org.jline:jline:3.16.0 from Maven repository 'MavenRepo'
2025-02-01T10:47:41.325-0500 [DEBUG] [org.gradle.api.internal.artifacts.ivyservice.resolveengine.graph.builder.DependencyGraphBuilder] Visiting configuration org.slf4j:slf4j-nop:2.0.16(compile).
2025-02-01T10:47:41.326-0500 [DEBUG] [org.gradle.api.internal.artifacts.ivyservice.resolveengine.graph.builder.DependencyGraphBuilder] Visiting configuration org.apache.commons:commons-io:1.3.2(compile).
2025-02-01T10:47:41.326-0500 [DEBUG] [org.gradle.api.internal.artifacts.ivyservice.resolveengine.graph.builder.DependencyGraphBuilder] Visiting configuration io.github.classgraph:classgraph:4.8.179(compile).
2025-02-01T10:47:41.326-0500 [DEBUG] [org.gradle.api.internal.artifacts.ivyservice.resolveengine.graph.builder.DependencyGraphBuilder] Visiting configuration org.junit.jupiter:junit-jupiter:5.9.1(apiElements).
2025-02-01T10:47:41.327-0500 [DEBUG] [org.gradle.api.internal.artifacts.ivyservice.ivyresolve.RepositoryChainComponentMetaDataResolver] Attempting to resolve component for org.junit:junit-bom:5.9.1 using repositories [MavenRepo]
2025-02-01T10:47:41.327-0500 [DEBUG] [org.gradle.api.internal.artifacts.ivyservice.ivyresolve.CachingModuleComponentRepository] Using cached module metadata for module 'org.junit:junit-bom:5.9.1' in 'MavenRepo'
2025-02-01T10:47:41.327-0500 [DEBUG] [org.gradle.api.internal.artifacts.ivyservice.ivyresolve.RepositoryChainComponentMetaDataResolver] Using org.junit:junit-bom:5.9.1 from Maven repository 'MavenRepo'
2025-02-01T10:47:41.327-0500 [DEBUG] [org.gradle.internal.component.model.LoggingAttributeMatchingExplanationBuilder] Candidate org.junit:junit-bom:5.9.1 variant apiElements doesn't have attribute org.gradle.dependency.bundling
2025-02-01T10:47:41.327-0500 [DEBUG] [org.gradle.internal.component.model.LoggingAttributeMatchingExplanationBuilder] Candidate org.junit:junit-bom:5.9.1 variant apiElements doesn't have attribute org.gradle.jvm.environment
2025-02-01T10:47:41.327-0500 [DEBUG] [org.gradle.internal.component.model.LoggingAttributeMatchingExplanationBuilder] Candidate org.junit:junit-bom:5.9.1 variant apiElements doesn't have attribute org.gradle.libraryelements
2025-02-01T10:47:41.327-0500 [DEBUG] [org.gradle.internal.component.model.LoggingAttributeMatchingExplanationBuilder] Candidate org.junit:junit-bom:5.9.1 variant apiElements doesn't have attribute org.gradle.jvm.version
2025-02-01T10:47:41.327-0500 [DEBUG] [org.gradle.internal.component.model.LoggingAttributeMatchingExplanationBuilder] Candidate org.junit:junit-bom:5.9.1 variant runtimeElements doesn't have attribute org.gradle.dependency.bundling
2025-02-01T10:47:41.327-0500 [DEBUG] [org.gradle.internal.component.model.LoggingAttributeMatchingExplanationBuilder] Candidate org.junit:junit-bom:5.9.1 variant runtimeElements doesn't have attribute org.gradle.jvm.environment
2025-02-01T10:47:41.328-0500 [DEBUG] [org.gradle.internal.component.model.LoggingAttributeMatchingExplanationBuilder] Candidate org.junit:junit-bom:5.9.1 variant runtimeElements doesn't have attribute org.gradle.libraryelements
2025-02-01T10:47:41.328-0500 [DEBUG] [org.gradle.internal.component.model.LoggingAttributeMatchingExplanationBuilder] Candidate org.junit:junit-bom:5.9.1 variant runtimeElements doesn't have attribute org.gradle.jvm.version
2025-02-01T10:47:41.328-0500 [DEBUG] [org.gradle.internal.component.model.LoggingAttributeMatchingExplanationBuilder] Candidate org.junit:junit-bom:5.9.1 variant enforcedApiElements attribute org.gradle.category value {org.gradle.category=enforced-platform} doesn't requested value platform
2025-02-01T10:47:41.328-0500 [DEBUG] [org.gradle.internal.component.model.LoggingAttributeMatchingExplanationBuilder] Candidate org.junit:junit-bom:5.9.1 variant enforcedRuntimeElements attribute org.gradle.category value {org.gradle.category=enforced-platform} doesn't requested value platform
2025-02-01T10:47:41.328-0500 [DEBUG] [org.gradle.internal.component.model.ComponentAttributeMatcher] Selected matches [org.junit:junit-bom:5.9.1 variant apiElements] from candidates [org.junit:junit-bom:5.9.1 variant apiElements, org.junit:junit-bom:5.9.1 variant runtimeElements, org.junit:junit-bom:5.9.1 variant enforcedApiElements, org.junit:junit-bom:5.9.1 variant enforcedRuntimeElements] for {org.gradle.category=platform, org.gradle.dependency.bundling=external, org.gradle.jvm.environment=standard-jvm, org.gradle.jvm.version=11, org.gradle.libraryelements=classes, org.gradle.usage=java-api}
2025-02-01T10:47:41.330-0500 [DEBUG] [org.gradle.api.internal.artifacts.ivyservice.ivyresolve.RepositoryChainComponentMetaDataResolver] Attempting to resolve component for org.junit.jupiter:junit-jupiter-api:5.9.1 using repositories [MavenRepo]
2025-02-01T10:47:41.330-0500 [DEBUG] [org.gradle.api.internal.artifacts.ivyservice.ivyresolve.CachingModuleComponentRepository] Using cached module metadata for module 'org.junit.jupiter:junit-jupiter-api:5.9.1' in 'MavenRepo'
2025-02-01T10:47:41.330-0500 [DEBUG] [org.gradle.api.internal.artifacts.ivyservice.ivyresolve.RepositoryChainComponentMetaDataResolver] Using org.junit.jupiter:junit-jupiter-api:5.9.1 from Maven repository 'MavenRepo'
2025-02-01T10:47:41.330-0500 [DEBUG] [org.gradle.internal.component.model.LoggingAttributeMatchingExplanationBuilder] Candidate org.junit.jupiter:junit-jupiter-api:5.9.1 variant javadocElements attribute org.gradle.category value {org.gradle.category=documentation} doesn't requested value library
2025-02-01T10:47:41.331-0500 [DEBUG] [org.gradle.internal.component.model.LoggingAttributeMatchingExplanationBuilder] Candidate org.junit.jupiter:junit-jupiter-api:5.9.1 variant sourcesElements attribute org.gradle.category value {org.gradle.category=documentation} doesn't requested value library
2025-02-01T10:47:41.331-0500 [DEBUG] [org.gradle.internal.component.model.ComponentAttributeMatcher] Selected matches [org.junit.jupiter:junit-jupiter-api:5.9.1 variant apiElements] from candidates [org.junit.jupiter:junit-jupiter-api:5.9.1 variant apiElements, org.junit.jupiter:junit-jupiter-api:5.9.1 variant runtimeElements, org.junit.jupiter:junit-jupiter-api:5.9.1 variant javadocElements, org.junit.jupiter:junit-jupiter-api:5.9.1 variant sourcesElements] for {org.gradle.category=library, org.gradle.dependency.bundling=external, org.gradle.jvm.environment=standard-jvm, org.gradle.jvm.version=11, org.gradle.libraryelements=classes, org.gradle.usage=java-api}
2025-02-01T10:47:41.331-0500 [DEBUG] [org.gradle.api.internal.artifacts.ivyservice.ivyresolve.RepositoryChainComponentMetaDataResolver] Attempting to resolve component for org.junit.jupiter:junit-jupiter-params:5.9.1 using repositories [MavenRepo]
2025-02-01T10:47:41.331-0500 [DEBUG] [org.gradle.api.internal.artifacts.ivyservice.ivyresolve.CachingModuleComponentRepository] Using cached module metadata for module 'org.junit.jupiter:junit-jupiter-params:5.9.1' in 'MavenRepo'
2025-02-01T10:47:41.331-0500 [DEBUG] [org.gradle.api.internal.artifacts.ivyservice.ivyresolve.RepositoryChainComponentMetaDataResolver] Using org.junit.jupiter:junit-jupiter-params:5.9.1 from Maven repository 'MavenRepo'
2025-02-01T10:47:41.331-0500 [DEBUG] [org.gradle.internal.component.model.LoggingAttributeMatchingExplanationBuilder] Candidate org.junit.jupiter:junit-jupiter-params:5.9.1 variant javadocElements attribute org.gradle.category value {org.gradle.category=documentation} doesn't requested value library
2025-02-01T10:47:41.331-0500 [DEBUG] [org.gradle.internal.component.model.LoggingAttributeMatchingExplanationBuilder] Candidate org.junit.jupiter:junit-jupiter-params:5.9.1 variant sourcesElements attribute org.gradle.category value {org.gradle.category=documentation} doesn't requested value library
2025-02-01T10:47:41.332-0500 [DEBUG] [org.gradle.internal.component.model.LoggingAttributeMatchingExplanationBuilder] Candidate org.junit.jupiter:junit-jupiter-params:5.9.1 variant shadowRuntimeElements doesn't have attribute org.gradle.jvm.environment
2025-02-01T10:47:41.332-0500 [DEBUG] [org.gradle.internal.component.model.LoggingAttributeMatchingExplanationBuilder] Candidate org.junit.jupiter:junit-jupiter-params:5.9.1 variant shadowRuntimeElements doesn't have attribute org.gradle.jvm.version
2025-02-01T10:47:41.332-0500 [DEBUG] [org.gradle.internal.component.model.ComponentAttributeMatcher] Selected matches [org.junit.jupiter:junit-jupiter-params:5.9.1 variant apiElements] from candidates [org.junit.jupiter:junit-jupiter-params:5.9.1 variant apiElements, org.junit.jupiter:junit-jupiter-params:5.9.1 variant runtimeElements, org.junit.jupiter:junit-jupiter-params:5.9.1 variant javadocElements, org.junit.jupiter:junit-jupiter-params:5.9.1 variant sourcesElements, org.junit.jupiter:junit-jupiter-params:5.9.1 variant shadowRuntimeElements] for {org.gradle.category=library, org.gradle.dependency.bundling=external, org.gradle.jvm.environment=standard-jvm, org.gradle.jvm.version=11, org.gradle.libraryelements=classes, org.gradle.usage=java-api}
2025-02-01T10:47:41.332-0500 [DEBUG] [org.gradle.api.internal.artifacts.ivyservice.resolveengine.graph.builder.DependencyGraphBuilder] Visiting configuration com.google.guava:failureaccess:1.0.1(compile).
2025-02-01T10:47:41.332-0500 [DEBUG] [org.gradle.api.internal.artifacts.ivyservice.resolveengine.graph.builder.DependencyGraphBuilder] Visiting configuration com.google.guava:listenablefuture:9999.0-empty-to-avoid-conflict-with-guava(compile).
2025-02-01T10:47:41.332-0500 [DEBUG] [org.gradle.api.internal.artifacts.ivyservice.resolveengine.graph.builder.DependencyGraphBuilder] Visiting configuration com.google.code.findbugs:jsr305:3.0.2(compile).
2025-02-01T10:47:41.332-0500 [DEBUG] [org.gradle.api.internal.artifacts.ivyservice.resolveengine.graph.builder.DependencyGraphBuilder] Visiting configuration org.checkerframework:checker-qual:3.12.0(apiElements).
2025-02-01T10:47:41.332-0500 [DEBUG] [org.gradle.api.internal.artifacts.ivyservice.resolveengine.graph.builder.DependencyGraphBuilder] Visiting configuration com.google.errorprone:error_prone_annotations:2.11.0(compile).
2025-02-01T10:47:41.332-0500 [DEBUG] [org.gradle.api.internal.artifacts.ivyservice.resolveengine.graph.builder.DependencyGraphBuilder] Visiting configuration com.google.j2objc:j2objc-annotations:1.3(compile).
2025-02-01T10:47:41.332-0500 [DEBUG] [org.gradle.api.internal.artifacts.ivyservice.resolveengine.graph.builder.DependencyGraphBuilder] Visiting configuration net.java.dev.jna:jna-jpms:5.15.0(compile).
2025-02-01T10:47:41.332-0500 [DEBUG] [org.gradle.api.internal.artifacts.ivyservice.resolveengine.graph.builder.DependencyGraphBuilder] Visiting configuration net.java.dev.jna:jna-platform-jpms:5.15.0(compile).
2025-02-01T10:47:41.332-0500 [DEBUG] [org.gradle.api.internal.artifacts.ivyservice.resolveengine.graph.builder.DependencyGraphBuilder] Visiting configuration org.slf4j:slf4j-api:2.0.16(compile).
2025-02-01T10:47:41.332-0500 [DEBUG] [org.gradle.api.internal.artifacts.ivyservice.resolveengine.graph.builder.DependencyGraphBuilder] Visiting configuration org.jasypt:jasypt:1.9.3(compile).
2025-02-01T10:47:41.332-0500 [DEBUG] [org.gradle.api.internal.artifacts.ivyservice.resolveengine.graph.builder.NodeState] Changed edges for org.jasypt:jasypt:1.9.3(compile) selects same versions as previous traversal. ignoring
2025-02-01T10:47:41.333-0500 [DEBUG] [org.gradle.api.internal.artifacts.ivyservice.resolveengine.graph.builder.DependencyGraphBuilder] Visiting configuration commons-codec:commons-codec:1.17.0(compile).
2025-02-01T10:47:41.333-0500 [DEBUG] [org.gradle.api.internal.artifacts.ivyservice.resolveengine.graph.builder.DependencyGraphBuilder] Visiting configuration org.dizitart:nitrite:4.3.0(compile).
2025-02-01T10:47:41.333-0500 [DEBUG] [org.gradle.api.internal.artifacts.ivyservice.resolveengine.graph.builder.NodeState] Changed edges for org.dizitart:nitrite:4.3.0(compile) selects same versions as previous traversal. ignoring
2025-02-01T10:47:41.333-0500 [DEBUG] [org.gradle.api.internal.artifacts.ivyservice.resolveengine.graph.builder.DependencyGraphBuilder] Visiting configuration com.fasterxml.jackson.core:jackson-databind:2.17.1(apiElements).
2025-02-01T10:47:41.333-0500 [DEBUG] [org.gradle.api.internal.artifacts.ivyservice.ivyresolve.RepositoryChainComponentMetaDataResolver] Attempting to resolve component for com.fasterxml.jackson:jackson-bom:2.17.1 using repositories [MavenRepo]
2025-02-01T10:47:41.333-0500 [DEBUG] [org.gradle.api.internal.artifacts.ivyservice.ivyresolve.CachingModuleComponentRepository] Using cached module metadata for module 'com.fasterxml.jackson:jackson-bom:2.17.1' in 'MavenRepo'
2025-02-01T10:47:41.333-0500 [DEBUG] [org.gradle.api.internal.artifacts.ivyservice.ivyresolve.RepositoryChainComponentMetaDataResolver] Using com.fasterxml.jackson:jackson-bom:2.17.1 from Maven repository 'MavenRepo'
2025-02-01T10:47:41.333-0500 [DEBUG] [org.gradle.api.internal.artifacts.ivyservice.ivyresolve.RepositoryChainComponentMetaDataResolver] Attempting to resolve component for com.fasterxml.jackson.core:jackson-annotations:2.17.1 using repositories [MavenRepo]
2025-02-01T10:47:41.333-0500 [DEBUG] [org.gradle.api.internal.artifacts.ivyservice.ivyresolve.CachingModuleComponentRepository] Using cached module metadata for module 'com.fasterxml.jackson.core:jackson-annotations:2.17.1' in 'MavenRepo'
2025-02-01T10:47:41.333-0500 [DEBUG] [org.gradle.api.internal.artifacts.ivyservice.ivyresolve.RepositoryChainComponentMetaDataResolver] Using com.fasterxml.jackson.core:jackson-annotations:2.17.1 from Maven repository 'MavenRepo'
2025-02-01T10:47:41.333-0500 [DEBUG] [org.gradle.api.internal.artifacts.ivyservice.ivyresolve.RepositoryChainComponentMetaDataResolver] Attempting to resolve component for com.fasterxml.jackson.core:jackson-core:2.17.1 using repositories [MavenRepo]
2025-02-01T10:47:41.334-0500 [DEBUG] [org.gradle.api.internal.artifacts.ivyservice.ivyresolve.CachingModuleComponentRepository] Using cached module metadata for module 'com.fasterxml.jackson.core:jackson-core:2.17.1' in 'MavenRepo'
2025-02-01T10:47:41.334-0500 [DEBUG] [org.gradle.api.internal.artifacts.ivyservice.ivyresolve.RepositoryChainComponentMetaDataResolver] Using com.fasterxml.jackson.core:jackson-core:2.17.1 from Maven repository 'MavenRepo'
2025-02-01T10:47:41.334-0500 [DEBUG] [org.gradle.api.internal.artifacts.ivyservice.resolveengine.graph.builder.DependencyGraphBuilder] Visiting configuration com.h2database:h2-mvstore:2.2.224(compile).
2025-02-01T10:47:41.334-0500 [DEBUG] [org.gradle.api.internal.artifacts.ivyservice.resolveengine.graph.builder.DependencyGraphBuilder] Visiting configuration commons-io:commons-io:2.18.0(compile).
2025-02-01T10:47:41.334-0500 [DEBUG] [org.gradle.api.internal.artifacts.ivyservice.resolveengine.graph.builder.NodeState] Changed edges for commons-io:commons-io:2.18.0(compile) selects same versions as previous traversal. ignoring
2025-02-01T10:47:41.334-0500 [DEBUG] [org.gradle.api.internal.artifacts.ivyservice.resolveengine.graph.builder.DependencyGraphBuilder] Visiting configuration org.jline:jline:3.16.0(compile).
2025-02-01T10:47:41.334-0500 [DEBUG] [org.gradle.api.internal.artifacts.ivyservice.resolveengine.graph.builder.DependencyGraphBuilder] Visiting configuration org.junit:junit-bom:5.9.1(apiElements).
2025-02-01T10:47:41.334-0500 [DEBUG] [org.gradle.api.internal.artifacts.ivyservice.resolveengine.graph.builder.DependencyGraphBuilder] Visiting configuration org.junit.jupiter:junit-jupiter-api:5.9.1(apiElements).
2025-02-01T10:47:41.336-0500 [DEBUG] [org.gradle.api.internal.artifacts.ivyservice.ivyresolve.RepositoryChainComponentMetaDataResolver] Attempting to resolve component for org.opentest4j:opentest4j:1.2.0 using repositories [MavenRepo]
2025-02-01T10:47:41.337-0500 [DEBUG] [org.gradle.api.internal.artifacts.ivyservice.ivyresolve.CachingModuleComponentRepository] Using cached module metadata for module 'org.opentest4j:opentest4j:1.2.0' in 'MavenRepo'
2025-02-01T10:47:41.337-0500 [DEBUG] [org.gradle.api.internal.artifacts.ivyservice.ivyresolve.RepositoryChainComponentMetaDataResolver] Using org.opentest4j:opentest4j:1.2.0 from Maven repository 'MavenRepo'
2025-02-01T10:47:41.337-0500 [DEBUG] [org.gradle.api.internal.artifacts.ivyservice.ivyresolve.RepositoryChainComponentMetaDataResolver] Attempting to resolve component for org.apiguardian:apiguardian-api:1.1.2 using repositories [MavenRepo]
2025-02-01T10:47:41.337-0500 [DEBUG] [org.gradle.api.internal.artifacts.ivyservice.ivyresolve.CachingModuleComponentRepository] Using cached module metadata for module 'org.apiguardian:apiguardian-api:1.1.2' in 'MavenRepo'
2025-02-01T10:47:41.337-0500 [DEBUG] [org.gradle.api.internal.artifacts.ivyservice.ivyresolve.RepositoryChainComponentMetaDataResolver] Using org.apiguardian:apiguardian-api:1.1.2 from Maven repository 'MavenRepo'
2025-02-01T10:47:41.337-0500 [DEBUG] [org.gradle.internal.component.model.LoggingAttributeMatchingExplanationBuilder] Candidate org.apiguardian:apiguardian-api:1.1.2 variant apiElements doesn't have attribute org.gradle.jvm.environment
2025-02-01T10:47:41.337-0500 [DEBUG] [org.gradle.internal.component.model.LoggingAttributeMatchingExplanationBuilder] Candidate org.apiguardian:apiguardian-api:1.1.2 variant runtimeElements doesn't have attribute org.gradle.jvm.environment
2025-02-01T10:47:41.337-0500 [DEBUG] [org.gradle.internal.component.model.LoggingAttributeMatchingExplanationBuilder] Candidate org.apiguardian:apiguardian-api:1.1.2 variant javadocElements attribute org.gradle.category value {org.gradle.category=documentation} doesn't requested value library
2025-02-01T10:47:41.337-0500 [DEBUG] [org.gradle.internal.component.model.LoggingAttributeMatchingExplanationBuilder] Candidate org.apiguardian:apiguardian-api:1.1.2 variant sourcesElements attribute org.gradle.category value {org.gradle.category=documentation} doesn't requested value library
2025-02-01T10:47:41.338-0500 [DEBUG] [org.gradle.internal.component.model.ComponentAttributeMatcher] Selected matches [org.apiguardian:apiguardian-api:1.1.2 variant apiElements] from candidates [org.apiguardian:apiguardian-api:1.1.2 variant apiElements, org.apiguardian:apiguardian-api:1.1.2 variant runtimeElements, org.apiguardian:apiguardian-api:1.1.2 variant javadocElements, org.apiguardian:apiguardian-api:1.1.2 variant sourcesElements] for {org.gradle.category=library, org.gradle.dependency.bundling=external, org.gradle.jvm.environment=standard-jvm, org.gradle.jvm.version=11, org.gradle.libraryelements=classes, org.gradle.usage=java-api}
2025-02-01T10:47:41.338-0500 [DEBUG] [org.gradle.api.internal.artifacts.ivyservice.resolveengine.graph.builder.DependencyGraphBuilder] Visiting configuration org.junit:junit-bom:5.9.1(apiElements).
2025-02-01T10:47:41.339-0500 [DEBUG] [org.gradle.api.internal.artifacts.ivyservice.ivyresolve.RepositoryChainComponentMetaDataResolver] Attempting to resolve component for org.junit.platform:junit-platform-commons:1.9.1 using repositories [MavenRepo]
2025-02-01T10:47:41.339-0500 [DEBUG] [org.gradle.api.internal.artifacts.ivyservice.ivyresolve.CachingModuleComponentRepository] Using cached module metadata for module 'org.junit.platform:junit-platform-commons:1.9.1' in 'MavenRepo'
2025-02-01T10:47:41.339-0500 [DEBUG] [org.gradle.api.internal.artifacts.ivyservice.ivyresolve.RepositoryChainComponentMetaDataResolver] Using org.junit.platform:junit-platform-commons:1.9.1 from Maven repository 'MavenRepo'
2025-02-01T10:47:41.339-0500 [DEBUG] [org.gradle.api.internal.artifacts.ivyservice.resolveengine.graph.builder.DependencyGraphBuilder] Visiting configuration org.junit.jupiter:junit-jupiter-params:5.9.1(apiElements).
2025-02-01T10:47:41.340-0500 [DEBUG] [org.gradle.api.internal.artifacts.ivyservice.resolveengine.graph.builder.DependencyGraphBuilder] Visiting configuration net.java.dev.jna:jna-jpms:5.15.0(compile).
2025-02-01T10:47:41.340-0500 [DEBUG] [org.gradle.api.internal.artifacts.ivyservice.resolveengine.graph.builder.NodeState] Changed edges for net.java.dev.jna:jna-jpms:5.15.0(compile) selects same versions as previous traversal. ignoring
2025-02-01T10:47:41.340-0500 [DEBUG] [org.gradle.api.internal.artifacts.ivyservice.resolveengine.graph.builder.DependencyGraphBuilder] Visiting configuration com.fasterxml.jackson:jackson-bom:2.17.1(platform-compile).
2025-02-01T10:47:41.340-0500 [DEBUG] [org.gradle.api.internal.artifacts.ivyservice.resolveengine.graph.builder.DependencyGraphBuilder] Visiting configuration com.fasterxml.jackson.core:jackson-annotations:2.17.1(apiElements).
2025-02-01T10:47:41.340-0500 [DEBUG] [org.gradle.api.internal.artifacts.ivyservice.resolveengine.graph.builder.DependencyGraphBuilder] Visiting configuration com.fasterxml.jackson.core:jackson-core:2.17.1(apiElements).
2025-02-01T10:47:41.340-0500 [DEBUG] [org.gradle.api.internal.artifacts.ivyservice.resolveengine.graph.builder.DependencyGraphBuilder] Visiting configuration org.junit.jupiter:junit-jupiter:5.9.1(apiElements).
2025-02-01T10:47:41.340-0500 [DEBUG] [org.gradle.api.internal.artifacts.ivyservice.resolveengine.graph.builder.NodeState] Changed edges for org.junit.jupiter:junit-jupiter:5.9.1(apiElements) selects same versions as previous traversal. ignoring
2025-02-01T10:47:41.340-0500 [DEBUG] [org.gradle.api.internal.artifacts.ivyservice.resolveengine.graph.builder.DependencyGraphBuilder] Visiting configuration org.opentest4j:opentest4j:1.2.0(compile).
2025-02-01T10:47:41.340-0500 [DEBUG] [org.gradle.api.internal.artifacts.ivyservice.resolveengine.graph.builder.DependencyGraphBuilder] Visiting configuration org.apiguardian:apiguardian-api:1.1.2(apiElements).
2025-02-01T10:47:41.340-0500 [DEBUG] [org.gradle.api.internal.artifacts.ivyservice.resolveengine.graph.builder.DependencyGraphBuilder] Visiting configuration org.junit.platform:junit-platform-commons:1.9.1(apiElements).
2025-02-01T10:47:41.340-0500 [DEBUG] [org.gradle.api.internal.artifacts.ivyservice.resolveengine.graph.builder.DependencyGraphBuilder] Visiting configuration org.junit:junit-bom:5.9.1(apiElements).
2025-02-01T10:47:41.340-0500 [DEBUG] [org.gradle.api.internal.artifacts.ivyservice.resolveengine.graph.builder.NodeState] Changed edges for org.junit:junit-bom:5.9.1(apiElements) selects same versions as previous traversal. ignoring
2025-02-01T10:47:41.341-0500 [DEBUG] [org.gradle.api.internal.artifacts.ivyservice.resolveengine.graph.builder.DependencyGraphBuilder] Visiting configuration org.junit.jupiter:junit-jupiter-api:5.9.1(apiElements).
2025-02-01T10:47:41.341-0500 [DEBUG] [org.gradle.api.internal.artifacts.ivyservice.resolveengine.graph.builder.NodeState] Changed edges for org.junit.jupiter:junit-jupiter-api:5.9.1(apiElements) selects same versions as previous traversal. ignoring
2025-02-01T10:47:41.341-0500 [DEBUG] [org.gradle.api.internal.artifacts.ivyservice.resolveengine.graph.builder.DependencyGraphBuilder] Visiting configuration com.fasterxml.jackson.core:jackson-databind:2.17.1(apiElements).
2025-02-01T10:47:41.341-0500 [DEBUG] [org.gradle.api.internal.artifacts.ivyservice.resolveengine.graph.builder.NodeState] Changed edges for com.fasterxml.jackson.core:jackson-databind:2.17.1(apiElements) selects same versions as previous traversal. ignoring
2025-02-01T10:47:41.341-0500 [DEBUG] [org.gradle.api.internal.artifacts.ivyservice.resolveengine.graph.builder.DependencyGraphBuilder] Visiting configuration com.fasterxml.jackson:jackson-bom:2.17.1(platform-compile).
2025-02-01T10:47:41.341-0500 [DEBUG] [org.gradle.api.internal.artifacts.ivyservice.resolveengine.graph.builder.NodeState] Changed edges for com.fasterxml.jackson:jackson-bom:2.17.1(platform-compile) selects same versions as previous traversal. ignoring
2025-02-01T10:47:41.341-0500 [DEBUG] [org.gradle.api.internal.artifacts.ivyservice.resolveengine.graph.builder.DependencyGraphBuilder] Visiting configuration org.apiguardian:apiguardian-api:1.1.2(apiElements).
2025-02-01T10:47:41.341-0500 [DEBUG] [org.gradle.api.internal.artifacts.ivyservice.resolveengine.graph.builder.NodeState] Changed edges for org.apiguardian:apiguardian-api:1.1.2(apiElements) selects same versions as previous traversal. ignoring
2025-02-01T10:47:41.343-0500 [DEBUG] [org.gradle.api.internal.artifacts.ivyservice.resolveengine.oldresult.TransientConfigurationResultsBuilder] Flushing resolved configuration data in Binary store in C:\Users\johns\.gradle\.tmp\gradle2187517725356270399.bin. Wrote root 2.
2025-02-01T10:47:41.344-0500 [DEBUG] [org.gradle.internal.operations.DefaultBuildOperationRunner] Build operation 'Resolve dependencies of :dctmutils:testCompileClasspath' completed
2025-02-01T10:47:41.344-0500 [DEBUG] [org.gradle.internal.component.model.LoggingAttributeMatchingExplanationBuilder] Selected match com.google.guava:guava:31.1-jre configuration compile from candidates [com.google.guava:guava:31.1-jre configuration compile] for {org.gradle.category=library, org.gradle.dependency.bundling=external, org.gradle.jvm.environment=standard-jvm, org.gradle.jvm.version=11, org.gradle.libraryelements=classes, org.gradle.usage=java-api}
2025-02-01T10:47:41.344-0500 [DEBUG] [org.gradle.internal.component.model.LoggingAttributeMatchingExplanationBuilder] Selected match net.sourceforge.argparse4j:argparse4j:0.9.0 configuration compile from candidates [net.sourceforge.argparse4j:argparse4j:0.9.0 configuration compile] for {org.gradle.category=library, org.gradle.dependency.bundling=external, org.gradle.jvm.environment=standard-jvm, org.gradle.jvm.version=11, org.gradle.libraryelements=classes, org.gradle.usage=java-api}
2025-02-01T10:47:41.344-0500 [DEBUG] [org.gradle.internal.component.model.LoggingAttributeMatchingExplanationBuilder] Selected match org.apache.commons:commons-csv:1.11.0 configuration compile from candidates [org.apache.commons:commons-csv:1.11.0 configuration compile] for {org.gradle.category=library, org.gradle.dependency.bundling=external, org.gradle.jvm.environment=standard-jvm, org.gradle.jvm.version=11, org.gradle.libraryelements=classes, org.gradle.usage=java-api}
2025-02-01T10:47:41.344-0500 [DEBUG] [org.gradle.internal.component.model.LoggingAttributeMatchingExplanationBuilder] Selected match org.apache.commons:commons-io:1.3.2 configuration compile from candidates [org.apache.commons:commons-io:1.3.2 configuration compile] for {org.gradle.category=library, org.gradle.dependency.bundling=external, org.gradle.jvm.environment=standard-jvm, org.gradle.jvm.version=11, org.gradle.libraryelements=classes, org.gradle.usage=java-api}
2025-02-01T10:47:41.344-0500 [DEBUG] [org.gradle.internal.component.model.LoggingAttributeMatchingExplanationBuilder] Selected match commons-io:commons-io:2.18.0 configuration compile from candidates [commons-io:commons-io:2.18.0 configuration compile] for {org.gradle.category=library, org.gradle.dependency.bundling=external, org.gradle.jvm.environment=standard-jvm, org.gradle.jvm.version=11, org.gradle.libraryelements=classes, org.gradle.usage=java-api}
2025-02-01T10:47:41.344-0500 [DEBUG] [org.gradle.internal.component.model.LoggingAttributeMatchingExplanationBuilder] Selected match org.dizitart:nitrite-jackson-mapper:4.3.0 configuration compile from candidates [org.dizitart:nitrite-jackson-mapper:4.3.0 configuration compile] for {org.gradle.category=library, org.gradle.dependency.bundling=external, org.gradle.jvm.environment=standard-jvm, org.gradle.jvm.version=11, org.gradle.libraryelements=classes, org.gradle.usage=java-api}
2025-02-01T10:47:41.344-0500 [DEBUG] [org.gradle.internal.component.model.LoggingAttributeMatchingExplanationBuilder] Selected match org.dizitart:nitrite-mvstore-adapter:4.3.0 configuration compile from candidates [org.dizitart:nitrite-mvstore-adapter:4.3.0 configuration compile] for {org.gradle.category=library, org.gradle.dependency.bundling=external, org.gradle.jvm.environment=standard-jvm, org.gradle.jvm.version=11, org.gradle.libraryelements=classes, org.gradle.usage=java-api}
2025-02-01T10:47:41.344-0500 [DEBUG] [org.gradle.internal.component.model.LoggingAttributeMatchingExplanationBuilder] Selected match org.dizitart:nitrite:4.3.0 configuration compile from candidates [org.dizitart:nitrite:4.3.0 configuration compile] for {org.gradle.category=library, org.gradle.dependency.bundling=external, org.gradle.jvm.environment=standard-jvm, org.gradle.jvm.version=11, org.gradle.libraryelements=classes, org.gradle.usage=java-api}
2025-02-01T10:47:41.345-0500 [DEBUG] [org.gradle.internal.component.model.LoggingAttributeMatchingExplanationBuilder] Selected match org.jasypt:jasypt:1.9.3 configuration compile from candidates [org.jasypt:jasypt:1.9.3 configuration compile] for {org.gradle.category=library, org.gradle.dependency.bundling=external, org.gradle.jvm.environment=standard-jvm, org.gradle.jvm.version=11, org.gradle.libraryelements=classes, org.gradle.usage=java-api}
2025-02-01T10:47:41.345-0500 [DEBUG] [org.gradle.internal.component.model.LoggingAttributeMatchingExplanationBuilder] Selected match com.github.oshi:oshi-core-java11:6.6.5 configuration compile from candidates [com.github.oshi:oshi-core-java11:6.6.5 configuration compile] for {org.gradle.category=library, org.gradle.dependency.bundling=external, org.gradle.jvm.environment=standard-jvm, org.gradle.jvm.version=11, org.gradle.libraryelements=classes, org.gradle.usage=java-api}
2025-02-01T10:47:41.345-0500 [DEBUG] [org.gradle.internal.component.model.LoggingAttributeMatchingExplanationBuilder] Selected match org.dizitart:nitrite-bom:4.3.0 configuration compile from candidates [org.dizitart:nitrite-bom:4.3.0 configuration compile] for {org.gradle.category=library, org.gradle.dependency.bundling=external, org.gradle.jvm.environment=standard-jvm, org.gradle.jvm.version=11, org.gradle.libraryelements=classes, org.gradle.usage=java-api}
2025-02-01T10:47:41.345-0500 [DEBUG] [org.gradle.internal.component.model.LoggingAttributeMatchingExplanationBuilder] Selected match me.tongfei:progressbar:0.9.0 configuration compile from candidates [me.tongfei:progressbar:0.9.0 configuration compile] for {org.gradle.category=library, org.gradle.dependency.bundling=external, org.gradle.jvm.environment=standard-jvm, org.gradle.jvm.version=11, org.gradle.libraryelements=classes, org.gradle.usage=java-api}
2025-02-01T10:47:41.345-0500 [DEBUG] [org.gradle.internal.component.model.LoggingAttributeMatchingExplanationBuilder] Selected match org.slf4j:slf4j-nop:2.0.16 configuration compile from candidates [org.slf4j:slf4j-nop:2.0.16 configuration compile] for {org.gradle.category=library, org.gradle.dependency.bundling=external, org.gradle.jvm.environment=standard-jvm, org.gradle.jvm.version=11, org.gradle.libraryelements=classes, org.gradle.usage=java-api}
2025-02-01T10:47:41.345-0500 [DEBUG] [org.gradle.internal.component.model.LoggingAttributeMatchingExplanationBuilder] Selected match io.github.classgraph:classgraph:4.8.179 configuration compile from candidates [io.github.classgraph:classgraph:4.8.179 configuration compile] for {org.gradle.category=library, org.gradle.dependency.bundling=external, org.gradle.jvm.environment=standard-jvm, org.gradle.jvm.version=11, org.gradle.libraryelements=classes, org.gradle.usage=java-api}
2025-02-01T10:47:41.345-0500 [DEBUG] [org.gradle.internal.component.model.LoggingAttributeMatchingExplanationBuilder] Selected match org.junit.jupiter:junit-jupiter-params:5.9.1 variant apiElements from candidates [org.junit.jupiter:junit-jupiter-params:5.9.1 variant apiElements] for {org.gradle.category=library, org.gradle.dependency.bundling=external, org.gradle.jvm.environment=standard-jvm, org.gradle.jvm.version=11, org.gradle.libraryelements=classes, org.gradle.usage=java-api}
2025-02-01T10:47:41.345-0500 [DEBUG] [org.gradle.internal.component.model.LoggingAttributeMatchingExplanationBuilder] Selected match org.junit.jupiter:junit-jupiter-api:5.9.1 variant apiElements from candidates [org.junit.jupiter:junit-jupiter-api:5.9.1 variant apiElements] for {org.gradle.category=library, org.gradle.dependency.bundling=external, org.gradle.jvm.environment=standard-jvm, org.gradle.jvm.version=11, org.gradle.libraryelements=classes, org.gradle.usage=java-api}
2025-02-01T10:47:41.345-0500 [DEBUG] [org.gradle.internal.component.model.LoggingAttributeMatchingExplanationBuilder] Selected match org.junit.platform:junit-platform-commons:1.9.1 variant apiElements from candidates [org.junit.platform:junit-platform-commons:1.9.1 variant apiElements] for {org.gradle.category=library, org.gradle.dependency.bundling=external, org.gradle.jvm.environment=standard-jvm, org.gradle.jvm.version=11, org.gradle.libraryelements=classes, org.gradle.usage=java-api}
2025-02-01T10:47:41.345-0500 [DEBUG] [org.gradle.internal.component.model.LoggingAttributeMatchingExplanationBuilder] Selected match org.junit:junit-bom:5.9.1 variant apiElements from candidates [org.junit:junit-bom:5.9.1 variant apiElements] for {org.gradle.category=platform, org.gradle.dependency.bundling=external, org.gradle.jvm.environment=standard-jvm, org.gradle.jvm.version=11, org.gradle.libraryelements=classes, org.gradle.usage=java-api}
2025-02-01T10:47:41.345-0500 [DEBUG] [org.gradle.internal.component.model.LoggingAttributeMatchingExplanationBuilder] Selected match org.junit.jupiter:junit-jupiter:5.9.1 variant apiElements from candidates [org.junit.jupiter:junit-jupiter:5.9.1 variant apiElements] for {org.gradle.category=library, org.gradle.dependency.bundling=external, org.gradle.jvm.environment=standard-jvm, org.gradle.jvm.version=11, org.gradle.libraryelements=classes, org.gradle.usage=java-api}
2025-02-01T10:47:41.345-0500 [DEBUG] [org.gradle.internal.component.model.LoggingAttributeMatchingExplanationBuilder] Selected match com.google.guava:failureaccess:1.0.1 configuration compile from candidates [com.google.guava:failureaccess:1.0.1 configuration compile] for {org.gradle.category=library, org.gradle.dependency.bundling=external, org.gradle.jvm.environment=standard-jvm, org.gradle.jvm.version=11, org.gradle.libraryelements=classes, org.gradle.usage=java-api}
2025-02-01T10:47:41.345-0500 [DEBUG] [org.gradle.internal.component.model.LoggingAttributeMatchingExplanationBuilder] Selected match com.google.guava:listenablefuture:9999.0-empty-to-avoid-conflict-with-guava configuration compile from candidates [com.google.guava:listenablefuture:9999.0-empty-to-avoid-conflict-with-guava configuration compile] for {org.gradle.category=library, org.gradle.dependency.bundling=external, org.gradle.jvm.environment=standard-jvm, org.gradle.jvm.version=11, org.gradle.libraryelements=classes, org.gradle.usage=java-api}
2025-02-01T10:47:41.345-0500 [DEBUG] [org.gradle.internal.component.model.LoggingAttributeMatchingExplanationBuilder] Selected match com.google.code.findbugs:jsr305:3.0.2 configuration compile from candidates [com.google.code.findbugs:jsr305:3.0.2 configuration compile] for {org.gradle.category=library, org.gradle.dependency.bundling=external, org.gradle.jvm.environment=standard-jvm, org.gradle.jvm.version=11, org.gradle.libraryelements=classes, org.gradle.usage=java-api}
2025-02-01T10:47:41.346-0500 [DEBUG] [org.gradle.internal.component.model.LoggingAttributeMatchingExplanationBuilder] Selected match org.checkerframework:checker-qual:3.12.0 variant apiElements from candidates [org.checkerframework:checker-qual:3.12.0 variant apiElements] for {org.gradle.category=library, org.gradle.dependency.bundling=external, org.gradle.jvm.environment=standard-jvm, org.gradle.jvm.version=11, org.gradle.libraryelements=classes, org.gradle.usage=java-api}
2025-02-01T10:47:41.346-0500 [DEBUG] [org.gradle.internal.component.model.LoggingAttributeMatchingExplanationBuilder] Selected match com.google.errorprone:error_prone_annotations:2.11.0 configuration compile from candidates [com.google.errorprone:error_prone_annotations:2.11.0 configuration compile] for {org.gradle.category=library, org.gradle.dependency.bundling=external, org.gradle.jvm.environment=standard-jvm, org.gradle.jvm.version=11, org.gradle.libraryelements=classes, org.gradle.usage=java-api}
2025-02-01T10:47:41.346-0500 [DEBUG] [org.gradle.internal.component.model.LoggingAttributeMatchingExplanationBuilder] Selected match com.google.j2objc:j2objc-annotations:1.3 configuration compile from candidates [com.google.j2objc:j2objc-annotations:1.3 configuration compile] for {org.gradle.category=library, org.gradle.dependency.bundling=external, org.gradle.jvm.environment=standard-jvm, org.gradle.jvm.version=11, org.gradle.libraryelements=classes, org.gradle.usage=java-api}
2025-02-01T10:47:41.346-0500 [DEBUG] [org.gradle.internal.component.model.LoggingAttributeMatchingExplanationBuilder] Selected match net.java.dev.jna:jna-platform-jpms:5.15.0 configuration compile from candidates [net.java.dev.jna:jna-platform-jpms:5.15.0 configuration compile] for {org.gradle.category=library, org.gradle.dependency.bundling=external, org.gradle.jvm.environment=standard-jvm, org.gradle.jvm.version=11, org.gradle.libraryelements=classes, org.gradle.usage=java-api}
2025-02-01T10:47:41.346-0500 [DEBUG] [org.gradle.internal.component.model.LoggingAttributeMatchingExplanationBuilder] Selected match net.java.dev.jna:jna-jpms:5.15.0 configuration compile from candidates [net.java.dev.jna:jna-jpms:5.15.0 configuration compile] for {org.gradle.category=library, org.gradle.dependency.bundling=external, org.gradle.jvm.environment=standard-jvm, org.gradle.jvm.version=11, org.gradle.libraryelements=classes, org.gradle.usage=java-api}
2025-02-01T10:47:41.346-0500 [DEBUG] [org.gradle.internal.component.model.LoggingAttributeMatchingExplanationBuilder] Selected match org.slf4j:slf4j-api:2.0.16 configuration compile from candidates [org.slf4j:slf4j-api:2.0.16 configuration compile] for {org.gradle.category=library, org.gradle.dependency.bundling=external, org.gradle.jvm.environment=standard-jvm, org.gradle.jvm.version=11, org.gradle.libraryelements=classes, org.gradle.usage=java-api}
2025-02-01T10:47:41.346-0500 [DEBUG] [org.gradle.internal.component.model.LoggingAttributeMatchingExplanationBuilder] Selected match commons-codec:commons-codec:1.17.0 configuration compile from candidates [commons-codec:commons-codec:1.17.0 configuration compile] for {org.gradle.category=library, org.gradle.dependency.bundling=external, org.gradle.jvm.environment=standard-jvm, org.gradle.jvm.version=11, org.gradle.libraryelements=classes, org.gradle.usage=java-api}
2025-02-01T10:47:41.346-0500 [DEBUG] [org.gradle.internal.component.model.LoggingAttributeMatchingExplanationBuilder] Selected match com.fasterxml.jackson.core:jackson-annotations:2.17.1 variant apiElements from candidates [com.fasterxml.jackson.core:jackson-annotations:2.17.1 variant apiElements] for {org.gradle.category=library, org.gradle.dependency.bundling=external, org.gradle.jvm.environment=standard-jvm, org.gradle.jvm.version=11, org.gradle.libraryelements=classes, org.gradle.usage=java-api}
2025-02-01T10:47:41.346-0500 [DEBUG] [org.gradle.internal.component.model.LoggingAttributeMatchingExplanationBuilder] Selected match com.fasterxml.jackson.core:jackson-core:2.17.1 variant apiElements from candidates [com.fasterxml.jackson.core:jackson-core:2.17.1 variant apiElements] for {org.gradle.category=library, org.gradle.dependency.bundling=external, org.gradle.jvm.environment=standard-jvm, org.gradle.jvm.version=11, org.gradle.libraryelements=classes, org.gradle.usage=java-api}
2025-02-01T10:47:41.346-0500 [DEBUG] [org.gradle.internal.component.model.LoggingAttributeMatchingExplanationBuilder] Selected match com.fasterxml.jackson:jackson-bom:2.17.1 configuration platform-compile from candidates [com.fasterxml.jackson:jackson-bom:2.17.1 configuration platform-compile] for {org.gradle.category=platform, org.gradle.dependency.bundling=external, org.gradle.jvm.environment=standard-jvm, org.gradle.jvm.version=11, org.gradle.libraryelements=classes, org.gradle.usage=java-api}
2025-02-01T10:47:41.347-0500 [DEBUG] [org.gradle.internal.component.model.LoggingAttributeMatchingExplanationBuilder] Selected match com.fasterxml.jackson.core:jackson-databind:2.17.1 variant apiElements from candidates [com.fasterxml.jackson.core:jackson-databind:2.17.1 variant apiElements] for {org.gradle.category=library, org.gradle.dependency.bundling=external, org.gradle.jvm.environment=standard-jvm, org.gradle.jvm.version=11, org.gradle.libraryelements=classes, org.gradle.usage=java-api}
2025-02-01T10:47:41.347-0500 [DEBUG] [org.gradle.internal.component.model.LoggingAttributeMatchingExplanationBuilder] Selected match com.h2database:h2-mvstore:2.2.224 configuration compile from candidates [com.h2database:h2-mvstore:2.2.224 configuration compile] for {org.gradle.category=library, org.gradle.dependency.bundling=external, org.gradle.jvm.environment=standard-jvm, org.gradle.jvm.version=11, org.gradle.libraryelements=classes, org.gradle.usage=java-api}
2025-02-01T10:47:41.347-0500 [DEBUG] [org.gradle.internal.component.model.LoggingAttributeMatchingExplanationBuilder] Selected match org.jline:jline:3.16.0 configuration compile from candidates [org.jline:jline:3.16.0 configuration compile] for {org.gradle.category=library, org.gradle.dependency.bundling=external, org.gradle.jvm.environment=standard-jvm, org.gradle.jvm.version=11, org.gradle.libraryelements=classes, org.gradle.usage=java-api}
2025-02-01T10:47:41.347-0500 [DEBUG] [org.gradle.internal.component.model.LoggingAttributeMatchingExplanationBuilder] Selected match org.opentest4j:opentest4j:1.2.0 configuration compile from candidates [org.opentest4j:opentest4j:1.2.0 configuration compile] for {org.gradle.category=library, org.gradle.dependency.bundling=external, org.gradle.jvm.environment=standard-jvm, org.gradle.jvm.version=11, org.gradle.libraryelements=classes, org.gradle.usage=java-api}
2025-02-01T10:47:41.347-0500 [DEBUG] [org.gradle.internal.component.model.LoggingAttributeMatchingExplanationBuilder] Selected match org.apiguardian:apiguardian-api:1.1.2 variant apiElements from candidates [org.apiguardian:apiguardian-api:1.1.2 variant apiElements] for {org.gradle.category=library, org.gradle.dependency.bundling=external, org.gradle.jvm.environment=standard-jvm, org.gradle.jvm.version=11, org.gradle.libraryelements=classes, org.gradle.usage=java-api}
2025-02-01T10:47:41.349-0500 [DEBUG] [org.gradle.api.internal.artifacts.ivyservice.ivyresolve.CachingModuleComponentRepository] Found artifact 'org.gradle.internal.component.external.model.UrlBackedArtifactMetadata@440d3a2b' in resolver cache: C:\Users\johns\.gradle\caches\modules-2\files-2.1\org.junit.jupiter\junit-jupiter-params\5.9.1\ffcd1013edaeee112be11fcddeb38882d79238de\junit-jupiter-params-5.9.1.jar
2025-02-01T10:47:41.350-0500 [DEBUG] [org.gradle.api.internal.artifacts.ivyservice.ivyresolve.CachingModuleComponentRepository] Found artifact 'org.gradle.internal.component.external.model.UrlBackedArtifactMetadata@6a1a1bb8' in resolver cache: C:\Users\johns\.gradle\caches\modules-2\files-2.1\org.junit.jupiter\junit-jupiter-api\5.9.1\7bb53fbc0173e9f6a9d21d58297af94b1f2f9ce1\junit-jupiter-api-5.9.1.jar
2025-02-01T10:47:41.350-0500 [DEBUG] [org.gradle.api.internal.artifacts.ivyservice.ivyresolve.CachingModuleComponentRepository] Found artifact 'org.gradle.internal.component.external.model.UrlBackedArtifactMetadata@7fd3734' in resolver cache: C:\Users\johns\.gradle\caches\modules-2\files-2.1\org.junit.platform\junit-platform-commons\1.9.1\3145f821b5cd10abcdc5f925baa5fffa6f1b628f\junit-platform-commons-1.9.1.jar
2025-02-01T10:47:41.350-0500 [DEBUG] [org.gradle.api.internal.artifacts.ivyservice.ivyresolve.CachingModuleComponentRepository] Found artifact 'opentest4j-1.2.0.jar (org.opentest4j:opentest4j:1.2.0)' in resolver cache: C:\Users\johns\.gradle\caches\modules-2\files-2.1\org.opentest4j\opentest4j\1.2.0\28c11eb91f9b6d8e200631d46e20a7f407f2a046\opentest4j-1.2.0.jar
2025-02-01T10:47:41.351-0500 [DEBUG] [org.gradle.internal.operations.DefaultBuildOperationRunner] Build operation 'Resolve junit-platform-commons-1.9.1.jar (org.junit.platform:junit-platform-commons:1.9.1)' completed
2025-02-01T10:47:41.351-0500 [DEBUG] [org.gradle.api.internal.artifacts.ivyservice.ivyresolve.CachingModuleComponentRepository] Found artifact 'org.gradle.internal.component.external.model.UrlBackedArtifactMetadata@4463e645' in resolver cache: C:\Users\johns\.gradle\caches\modules-2\files-2.1\org.apiguardian\apiguardian-api\1.1.2\a231e0d844d2721b0fa1b238006d15c6ded6842a\apiguardian-api-1.1.2.jar
2025-02-01T10:47:41.351-0500 [DEBUG] [org.gradle.api.internal.artifacts.ivyservice.ivyresolve.CachingModuleComponentRepository] Found artifact 'org.gradle.internal.component.external.model.UrlBackedArtifactMetadata@402845d7' in resolver cache: C:\Users\johns\.gradle\caches\modules-2\files-2.1\org.junit.jupiter\junit-jupiter\5.9.1\9274d3757e224bc02eae367bd481062a263c150b\junit-jupiter-5.9.1.jar
2025-02-01T10:47:41.355-0500 [DEBUG] [org.gradle.internal.resources.AbstractTrackedResourceLock] Execution worker Thread 13: released lock on state of build :
2025-02-01T10:47:41.355-0500 [DEBUG] [org.gradle.internal.resources.AbstractTrackedResourceLock] Execution worker Thread 13: released lock on worker lease
2025-02-01T10:47:41.357-0500 [DEBUG] [org.gradle.internal.resources.AbstractTrackedResourceLock] Execution worker Thread 13: acquired lock on state of build :
2025-02-01T10:47:41.357-0500 [DEBUG] [org.gradle.internal.resources.AbstractTrackedResourceLock] Execution worker Thread 13: acquired lock on worker lease
2025-02-01T10:47:41.357-0500 [DEBUG] [org.gradle.internal.operations.DefaultBuildOperationRunner] Build operation 'Resolve files of :dctmutils:testCompileClasspath' completed
2025-02-01T10:47:41.358-0500 [DEBUG] [org.gradle.internal.operations.DefaultBuildOperationRunner] Build operation 'Resolve dependencies of :dctmutils:testAnnotationProcessor' completed
2025-02-01T10:47:41.358-0500 [DEBUG] [org.gradle.internal.operations.DefaultBuildOperationRunner] Build operation 'Snapshot inputs and outputs before executing task ':dctmutils:compileTestJava'' completed
2025-02-01T10:47:41.360-0500 [DEBUG] [org.gradle.internal.operations.DefaultBuildOperationRunner] Build operation 'Resolve files of :dctmutils:testCompileClasspath' completed
2025-02-01T10:47:41.361-0500 [INFO] [org.gradle.internal.execution.steps.ResolveCachingStateStep] Caching disabled for task ':dctmutils:compileTestJava' because:
  Build cache is disabled
2025-02-01T10:47:41.362-0500 [DEBUG] [org.gradle.internal.execution.steps.SkipUpToDateStep] Determining if task ':dctmutils:compileTestJava' is up-to-date
2025-02-01T10:47:41.362-0500 [INFO] [org.gradle.internal.execution.steps.SkipUpToDateStep] Skipping task ':dctmutils:compileTestJava' as it is up-to-date.
2025-02-01T10:47:41.362-0500 [DEBUG] [org.gradle.api.internal.tasks.execution.ResolveTaskExecutionModeExecuter] Removed task artifact state for task ':dctmutils:compileTestJava' from context.
2025-02-01T10:47:41.362-0500 [DEBUG] [org.gradle.internal.operations.DefaultBuildOperationRunner] Completing Build operation 'Task :dctmutils:compileTestJava'
2025-02-01T10:47:41.362-0500 [DEBUG] [org.gradle.internal.operations.DefaultBuildOperationRunner] Build operation 'Task :dctmutils:compileTestJava' completed
2025-02-01T10:47:41.362-0500 [DEBUG] [org.gradle.execution.plan.DefaultFinalizedExecutionPlan] Node :dctmutils:compileTestJava completed, executed: true
2025-02-01T10:47:41.362-0500 [DEBUG] [org.gradle.execution.plan.DefaultFinalizedExecutionPlan] Node :dctmutils:compileTestJava finished executing
2025-02-01T10:47:41.362-0500 [DEBUG] [org.gradle.internal.resources.AbstractTrackedResourceLock] Execution worker Thread 13: released lock on state of build :
2025-02-01T10:47:41.362-0500 [DEBUG] [org.gradle.internal.resources.AbstractTrackedResourceLock] Execution worker Thread 13: released lock on task execution for build :
2025-02-01T10:47:41.362-0500 [DEBUG] [org.gradle.internal.resources.AbstractTrackedResourceLock] Execution worker Thread 13: acquired lock on state of build :
2025-02-01T10:47:41.363-0500 [DEBUG] [org.gradle.internal.resources.AbstractTrackedResourceLock] Execution worker Thread 13: acquired lock on task execution for build :
2025-02-01T10:47:41.363-0500 [DEBUG] [org.gradle.internal.resources.AbstractTrackedResourceLock] Execution worker Thread 12: acquired lock on worker lease
2025-02-01T10:47:41.363-0500 [DEBUG] [org.gradle.internal.resources.AbstractTrackedResourceLock] Execution worker Thread 12: released lock on worker lease
2025-02-01T10:47:41.363-0500 [INFO] [org.gradle.execution.plan.DefaultPlanExecutor] Resolve mutations for :dctmutils:processTestResources (Thread[Execution worker Thread 13,5,main]) started.
2025-02-01T10:47:41.363-0500 [DEBUG] [org.gradle.internal.resources.AbstractTrackedResourceLock] Execution worker Thread 3: acquired lock on worker lease
2025-02-01T10:47:41.363-0500 [DEBUG] [org.gradle.internal.operations.DefaultBuildOperationRunner] Build operation 'Resolve mutations for task :dctmutils:processTestResources' started
2025-02-01T10:47:41.363-0500 [DEBUG] [org.gradle.internal.resources.AbstractTrackedResourceLock] Execution worker Thread 3: released lock on worker lease
2025-02-01T10:47:41.363-0500 [DEBUG] [org.gradle.internal.resources.AbstractTrackedResourceLock] included builds: acquired lock on worker lease
2025-02-01T10:47:41.363-0500 [DEBUG] [org.gradle.internal.resources.AbstractTrackedResourceLock] included builds: released lock on worker lease
2025-02-01T10:47:41.363-0500 [DEBUG] [org.gradle.internal.resources.AbstractTrackedResourceLock] Execution worker Thread 14: acquired lock on worker lease
2025-02-01T10:47:41.363-0500 [DEBUG] [org.gradle.internal.resources.AbstractTrackedResourceLock] Execution worker Thread 14: released lock on worker lease
2025-02-01T10:47:41.364-0500 [DEBUG] [org.gradle.internal.operations.DefaultBuildOperationRunner] Completing Build operation 'Resolve mutations for task :dctmutils:processTestResources'
2025-02-01T10:47:41.364-0500 [DEBUG] [org.gradle.internal.operations.DefaultBuildOperationRunner] Build operation 'Resolve mutations for task :dctmutils:processTestResources' completed
2025-02-01T10:47:41.364-0500 [DEBUG] [org.gradle.internal.resources.AbstractTrackedResourceLock] Execution worker Thread 15: acquired lock on worker lease
2025-02-01T10:47:41.364-0500 [DEBUG] [org.gradle.internal.resources.AbstractTrackedResourceLock] Execution worker Thread 15: released lock on worker lease
2025-02-01T10:47:41.364-0500 [DEBUG] [org.gradle.internal.resources.AbstractTrackedResourceLock] Execution worker Thread 6: acquired lock on worker lease
2025-02-01T10:47:41.364-0500 [DEBUG] [org.gradle.internal.resources.AbstractTrackedResourceLock] Execution worker Thread 6: released lock on worker lease
2025-02-01T10:47:41.364-0500 [DEBUG] [org.gradle.internal.resources.AbstractTrackedResourceLock] Execution worker: acquired lock on worker lease
2025-02-01T10:47:41.364-0500 [DEBUG] [org.gradle.internal.resources.AbstractTrackedResourceLock] Execution worker: released lock on worker lease
2025-02-01T10:47:41.364-0500 [DEBUG] [org.gradle.internal.resources.AbstractTrackedResourceLock] Execution worker Thread 2: acquired lock on worker lease
2025-02-01T10:47:41.364-0500 [DEBUG] [org.gradle.internal.resources.AbstractTrackedResourceLock] Execution worker Thread 2: released lock on worker lease
2025-02-01T10:47:41.364-0500 [DEBUG] [org.gradle.internal.resources.AbstractTrackedResourceLock] Execution worker Thread 4: acquired lock on worker lease
2025-02-01T10:47:41.364-0500 [DEBUG] [org.gradle.internal.resources.AbstractTrackedResourceLock] Execution worker Thread 4: released lock on worker lease
2025-02-01T10:47:41.364-0500 [DEBUG] [org.gradle.internal.resources.AbstractTrackedResourceLock] Execution worker Thread 5: acquired lock on worker lease
2025-02-01T10:47:41.364-0500 [DEBUG] [org.gradle.internal.resources.AbstractTrackedResourceLock] Execution worker Thread 5: released lock on worker lease
2025-02-01T10:47:41.364-0500 [DEBUG] [org.gradle.internal.resources.AbstractTrackedResourceLock] Execution worker Thread 7: acquired lock on worker lease
2025-02-01T10:47:41.364-0500 [DEBUG] [org.gradle.internal.resources.AbstractTrackedResourceLock] Execution worker Thread 7: released lock on worker lease
2025-02-01T10:47:41.365-0500 [DEBUG] [org.gradle.internal.resources.AbstractTrackedResourceLock] Execution worker Thread 8: acquired lock on worker lease
2025-02-01T10:47:41.365-0500 [DEBUG] [org.gradle.internal.resources.AbstractTrackedResourceLock] Execution worker Thread 8: released lock on worker lease
2025-02-01T10:47:41.365-0500 [DEBUG] [org.gradle.internal.resources.AbstractTrackedResourceLock] Execution worker Thread 9: acquired lock on worker lease
2025-02-01T10:47:41.365-0500 [DEBUG] [org.gradle.internal.resources.AbstractTrackedResourceLock] Execution worker Thread 9: released lock on worker lease
2025-02-01T10:47:41.365-0500 [DEBUG] [org.gradle.internal.resources.AbstractTrackedResourceLock] Execution worker Thread 10: acquired lock on worker lease
2025-02-01T10:47:41.365-0500 [DEBUG] [org.gradle.internal.resources.AbstractTrackedResourceLock] Execution worker Thread 10: released lock on worker lease
2025-02-01T10:47:41.365-0500 [DEBUG] [org.gradle.internal.resources.AbstractTrackedResourceLock] Execution worker Thread 11: acquired lock on worker lease
2025-02-01T10:47:41.365-0500 [DEBUG] [org.gradle.internal.resources.AbstractTrackedResourceLock] Execution worker Thread 11: released lock on worker lease
2025-02-01T10:47:41.365-0500 [DEBUG] [org.gradle.execution.plan.DefaultFinalizedExecutionPlan] Node Resolve mutations for :dctmutils:processTestResources completed, executed: true
2025-02-01T10:47:41.365-0500 [DEBUG] [org.gradle.execution.plan.DefaultFinalizedExecutionPlan] Node Resolve mutations for :dctmutils:processTestResources finished executing
2025-02-01T10:47:41.365-0500 [DEBUG] [org.gradle.internal.resources.AbstractTrackedResourceLock] Execution worker Thread 13: released lock on state of build :
2025-02-01T10:47:41.365-0500 [DEBUG] [org.gradle.internal.resources.AbstractTrackedResourceLock] Execution worker Thread 13: released lock on task execution for build :
2025-02-01T10:47:41.365-0500 [DEBUG] [org.gradle.internal.resources.AbstractTrackedResourceLock] Execution worker Thread 13: acquired lock on state of build :
2025-02-01T10:47:41.365-0500 [DEBUG] [org.gradle.internal.resources.AbstractTrackedResourceLock] Execution worker Thread 13: acquired lock on task execution for build :
2025-02-01T10:47:41.366-0500 [INFO] [org.gradle.execution.plan.DefaultPlanExecutor] :dctmutils:processTestResources (Thread[Execution worker Thread 13,5,main]) started.
2025-02-01T10:47:41.366-0500 [DEBUG] [org.gradle.internal.resources.AbstractTrackedResourceLock] Execution worker Thread 12: acquired lock on worker lease
2025-02-01T10:47:41.366-0500 [DEBUG] [org.gradle.internal.resources.AbstractTrackedResourceLock] Execution worker Thread 12: released lock on worker lease
2025-02-01T10:47:41.366-0500 [DEBUG] [org.gradle.internal.operations.DefaultBuildOperationRunner] Build operation 'Task :dctmutils:processTestResources' started
2025-02-01T10:47:41.366-0500 [DEBUG] [org.gradle.internal.resources.AbstractTrackedResourceLock] Execution worker Thread 11: acquired lock on worker lease
2025-02-01T10:47:41.366-0500 [DEBUG] [org.gradle.internal.resources.AbstractTrackedResourceLock] Execution worker Thread 11: released lock on worker lease
2025-02-01T10:47:41.366-0500 [DEBUG] [org.gradle.internal.resources.AbstractTrackedResourceLock] Execution worker Thread 10: acquired lock on worker lease
2025-02-01T10:47:41.366-0500 [DEBUG] [org.gradle.internal.resources.AbstractTrackedResourceLock] Execution worker Thread 10: released lock on worker lease
2025-02-01T10:47:41.366-0500 [DEBUG] [org.gradle.internal.resources.AbstractTrackedResourceLock] Execution worker Thread 9: acquired lock on worker lease
2025-02-01T10:47:41.366-0500 [DEBUG] [org.gradle.internal.resources.AbstractTrackedResourceLock] Execution worker Thread 9: released lock on worker lease
2025-02-01T10:47:41.367-0500 [DEBUG] [org.gradle.internal.resources.AbstractTrackedResourceLock] Execution worker Thread 8: acquired lock on worker lease
2025-02-01T10:47:41.367-0500 [DEBUG] [org.gradle.internal.resources.AbstractTrackedResourceLock] Execution worker Thread 8: released lock on worker lease
2025-02-01T10:47:41.367-0500 [DEBUG] [org.gradle.internal.resources.AbstractTrackedResourceLock] Execution worker Thread 7: acquired lock on worker lease
2025-02-01T10:47:41.367-0500 [DEBUG] [org.gradle.internal.resources.AbstractTrackedResourceLock] Execution worker Thread 7: released lock on worker lease
2025-02-01T10:47:41.367-0500 [DEBUG] [org.gradle.internal.resources.AbstractTrackedResourceLock] Execution worker Thread 5: acquired lock on worker lease
2025-02-01T10:47:41.367-0500 [DEBUG] [org.gradle.internal.resources.AbstractTrackedResourceLock] Execution worker Thread 5: released lock on worker lease
2025-02-01T10:47:41.367-0500 [DEBUG] [org.gradle.internal.resources.AbstractTrackedResourceLock] Execution worker Thread 4: acquired lock on worker lease
2025-02-01T10:47:41.367-0500 [DEBUG] [org.gradle.internal.resources.AbstractTrackedResourceLock] Execution worker Thread 4: released lock on worker lease
2025-02-01T10:47:41.367-0500 [DEBUG] [org.gradle.internal.resources.AbstractTrackedResourceLock] Execution worker Thread 2: acquired lock on worker lease
2025-02-01T10:47:41.367-0500 [DEBUG] [org.gradle.internal.resources.AbstractTrackedResourceLock] Execution worker Thread 2: released lock on worker lease
2025-02-01T10:47:41.367-0500 [DEBUG] [org.gradle.internal.resources.AbstractTrackedResourceLock] Execution worker: acquired lock on worker lease
2025-02-01T10:47:41.367-0500 [DEBUG] [org.gradle.internal.resources.AbstractTrackedResourceLock] Execution worker: released lock on worker lease
2025-02-01T10:47:41.367-0500 [DEBUG] [org.gradle.internal.resources.AbstractTrackedResourceLock] Execution worker Thread 6: acquired lock on worker lease
2025-02-01T10:47:41.367-0500 [DEBUG] [org.gradle.internal.resources.AbstractTrackedResourceLock] Execution worker Thread 6: released lock on worker lease
2025-02-01T10:47:41.367-0500 [DEBUG] [org.gradle.internal.resources.AbstractTrackedResourceLock] Execution worker Thread 15: acquired lock on worker lease
2025-02-01T10:47:41.367-0500 [DEBUG] [org.gradle.internal.resources.AbstractTrackedResourceLock] Execution worker Thread 15: released lock on worker lease
2025-02-01T10:47:41.368-0500 [DEBUG] [org.gradle.internal.operations.DefaultBuildOperationRunner] Build operation 'Snapshot inputs and outputs before executing task ':dctmutils:processTestResources'' started
2025-02-01T10:47:41.368-0500 [DEBUG] [org.gradle.internal.resources.AbstractTrackedResourceLock] Execution worker Thread 14: acquired lock on worker lease
2025-02-01T10:47:41.368-0500 [DEBUG] [org.gradle.internal.resources.AbstractTrackedResourceLock] Execution worker Thread 14: released lock on worker lease
2025-02-01T10:47:41.368-0500 [DEBUG] [org.gradle.internal.resources.AbstractTrackedResourceLock] included builds: acquired lock on worker lease
2025-02-01T10:47:41.368-0500 [DEBUG] [org.gradle.internal.resources.AbstractTrackedResourceLock] included builds: released lock on worker lease
2025-02-01T10:47:41.368-0500 [DEBUG] [org.gradle.internal.resources.AbstractTrackedResourceLock] Execution worker Thread 3: acquired lock on worker lease
2025-02-01T10:47:41.368-0500 [DEBUG] [org.gradle.internal.resources.AbstractTrackedResourceLock] Execution worker Thread 3: released lock on worker lease
2025-02-01T10:47:41.368-0500 [DEBUG] [org.gradle.internal.operations.DefaultBuildOperationRunner] Completing Build operation 'Snapshot inputs and outputs before executing task ':dctmutils:processTestResources''
2025-02-01T10:47:41.366-0500 [LIFECYCLE] [class org.gradle.internal.buildevents.TaskExecutionLogger] 
2025-02-01T10:47:41.366-0500 [LIFECYCLE] [class org.gradle.internal.buildevents.TaskExecutionLogger] > Task :dctmutils:processTestResources UP-TO-DATE
2025-02-01T10:47:41.366-0500 [DEBUG] [org.gradle.api.internal.tasks.execution.ResolveTaskExecutionModeExecuter] Putting task artifact state for task ':dctmutils:processTestResources' into context took 0.0 secs.
2025-02-01T10:47:41.368-0500 [DEBUG] [org.gradle.internal.execution.steps.CaptureStateBeforeExecutionStep] Implementation for task ':dctmutils:processTestResources': org.gradle.language.jvm.tasks.ProcessResources_Decorated@21f03edc25576a21abd02f15a6385d89
2025-02-01T10:47:41.368-0500 [DEBUG] [org.gradle.internal.execution.steps.CaptureStateBeforeExecutionStep] Additional implementations for task ':dctmutils:processTestResources': [org.gradle.language.jvm.tasks.ProcessResources_Decorated@d3b34346a3b7d2dbf572e61398761ca8]
2025-02-01T10:47:41.368-0500 [DEBUG] [org.gradle.internal.operations.DefaultBuildOperationRunner] Build operation 'Snapshot inputs and outputs before executing task ':dctmutils:processTestResources'' completed
2025-02-01T10:47:41.369-0500 [INFO] [org.gradle.internal.execution.steps.ResolveCachingStateStep] Caching disabled for task ':dctmutils:processTestResources' because:
  Build cache is disabled
2025-02-01T10:47:41.370-0500 [DEBUG] [org.gradle.internal.execution.steps.SkipUpToDateStep] Determining if task ':dctmutils:processTestResources' is up-to-date
2025-02-01T10:47:41.370-0500 [INFO] [org.gradle.internal.execution.steps.SkipUpToDateStep] Skipping task ':dctmutils:processTestResources' as it is up-to-date.
2025-02-01T10:47:41.370-0500 [DEBUG] [org.gradle.api.internal.tasks.execution.ResolveTaskExecutionModeExecuter] Removed task artifact state for task ':dctmutils:processTestResources' from context.
2025-02-01T10:47:41.370-0500 [DEBUG] [org.gradle.internal.operations.DefaultBuildOperationRunner] Completing Build operation 'Task :dctmutils:processTestResources'
2025-02-01T10:47:41.370-0500 [DEBUG] [org.gradle.internal.operations.DefaultBuildOperationRunner] Build operation 'Task :dctmutils:processTestResources' completed
2025-02-01T10:47:41.370-0500 [DEBUG] [org.gradle.execution.plan.DefaultFinalizedExecutionPlan] Node :dctmutils:processTestResources completed, executed: true
2025-02-01T10:47:41.370-0500 [DEBUG] [org.gradle.execution.plan.DefaultFinalizedExecutionPlan] Node :dctmutils:processTestResources finished executing
2025-02-01T10:47:41.370-0500 [DEBUG] [org.gradle.internal.resources.AbstractTrackedResourceLock] Execution worker Thread 13: released lock on state of build :
2025-02-01T10:47:41.370-0500 [DEBUG] [org.gradle.internal.resources.AbstractTrackedResourceLock] Execution worker Thread 13: released lock on task execution for build :
2025-02-01T10:47:41.371-0500 [DEBUG] [org.gradle.internal.resources.AbstractTrackedResourceLock] Execution worker Thread 13: acquired lock on state of build :
2025-02-01T10:47:41.371-0500 [DEBUG] [org.gradle.internal.resources.AbstractTrackedResourceLock] Execution worker Thread 13: acquired lock on task execution for build :
2025-02-01T10:47:41.371-0500 [DEBUG] [org.gradle.internal.resources.AbstractTrackedResourceLock] Execution worker Thread 12: acquired lock on worker lease
2025-02-01T10:47:41.371-0500 [DEBUG] [org.gradle.internal.resources.AbstractTrackedResourceLock] Execution worker Thread 12: released lock on worker lease
2025-02-01T10:47:41.371-0500 [INFO] [org.gradle.execution.plan.DefaultPlanExecutor] Resolve mutations for :dctmutils:testClasses (Thread[Execution worker Thread 13,5,main]) started.
2025-02-01T10:47:41.371-0500 [DEBUG] [org.gradle.internal.resources.AbstractTrackedResourceLock] Execution worker Thread 3: acquired lock on worker lease
2025-02-01T10:47:41.371-0500 [DEBUG] [org.gradle.internal.resources.AbstractTrackedResourceLock] Execution worker Thread 3: released lock on worker lease
2025-02-01T10:47:41.371-0500 [DEBUG] [org.gradle.internal.operations.DefaultBuildOperationRunner] Build operation 'Resolve mutations for task :dctmutils:testClasses' started
2025-02-01T10:47:41.371-0500 [DEBUG] [org.gradle.internal.resources.AbstractTrackedResourceLock] included builds: acquired lock on worker lease
2025-02-01T10:47:41.371-0500 [DEBUG] [org.gradle.internal.resources.AbstractTrackedResourceLock] included builds: released lock on worker lease
2025-02-01T10:47:41.371-0500 [DEBUG] [org.gradle.internal.resources.AbstractTrackedResourceLock] Execution worker Thread 14: acquired lock on worker lease
2025-02-01T10:47:41.371-0500 [DEBUG] [org.gradle.internal.resources.AbstractTrackedResourceLock] Execution worker Thread 14: released lock on worker lease
2025-02-01T10:47:41.371-0500 [DEBUG] [org.gradle.internal.resources.AbstractTrackedResourceLock] Execution worker Thread 15: acquired lock on worker lease
2025-02-01T10:47:41.371-0500 [DEBUG] [org.gradle.internal.resources.AbstractTrackedResourceLock] Execution worker Thread 15: released lock on worker lease
2025-02-01T10:47:41.371-0500 [DEBUG] [org.gradle.internal.operations.DefaultBuildOperationRunner] Completing Build operation 'Resolve mutations for task :dctmutils:testClasses'
2025-02-01T10:47:41.372-0500 [DEBUG] [org.gradle.internal.operations.DefaultBuildOperationRunner] Build operation 'Resolve mutations for task :dctmutils:testClasses' completed
2025-02-01T10:47:41.372-0500 [DEBUG] [org.gradle.internal.resources.AbstractTrackedResourceLock] Execution worker Thread 6: acquired lock on worker lease
2025-02-01T10:47:41.372-0500 [DEBUG] [org.gradle.internal.resources.AbstractTrackedResourceLock] Execution worker Thread 6: released lock on worker lease
2025-02-01T10:47:41.372-0500 [DEBUG] [org.gradle.internal.resources.AbstractTrackedResourceLock] Execution worker: acquired lock on worker lease
2025-02-01T10:47:41.372-0500 [DEBUG] [org.gradle.internal.resources.AbstractTrackedResourceLock] Execution worker: released lock on worker lease
2025-02-01T10:47:41.372-0500 [DEBUG] [org.gradle.internal.resources.AbstractTrackedResourceLock] Execution worker Thread 2: acquired lock on worker lease
2025-02-01T10:47:41.372-0500 [DEBUG] [org.gradle.internal.resources.AbstractTrackedResourceLock] Execution worker Thread 2: released lock on worker lease
2025-02-01T10:47:41.372-0500 [DEBUG] [org.gradle.internal.resources.AbstractTrackedResourceLock] Execution worker Thread 4: acquired lock on worker lease
2025-02-01T10:47:41.372-0500 [DEBUG] [org.gradle.internal.resources.AbstractTrackedResourceLock] Execution worker Thread 4: released lock on worker lease
2025-02-01T10:47:41.372-0500 [DEBUG] [org.gradle.internal.resources.AbstractTrackedResourceLock] Execution worker Thread 5: acquired lock on worker lease
2025-02-01T10:47:41.372-0500 [DEBUG] [org.gradle.internal.resources.AbstractTrackedResourceLock] Execution worker Thread 5: released lock on worker lease
2025-02-01T10:47:41.372-0500 [DEBUG] [org.gradle.internal.resources.AbstractTrackedResourceLock] Execution worker Thread 7: acquired lock on worker lease
2025-02-01T10:47:41.372-0500 [DEBUG] [org.gradle.internal.resources.AbstractTrackedResourceLock] Execution worker Thread 7: released lock on worker lease
2025-02-01T10:47:41.372-0500 [DEBUG] [org.gradle.internal.resources.AbstractTrackedResourceLock] Execution worker Thread 8: acquired lock on worker lease
2025-02-01T10:47:41.373-0500 [DEBUG] [org.gradle.internal.resources.AbstractTrackedResourceLock] Execution worker Thread 8: released lock on worker lease
2025-02-01T10:47:41.373-0500 [DEBUG] [org.gradle.internal.resources.AbstractTrackedResourceLock] Execution worker Thread 9: acquired lock on worker lease
2025-02-01T10:47:41.373-0500 [DEBUG] [org.gradle.internal.resources.AbstractTrackedResourceLock] Execution worker Thread 9: released lock on worker lease
2025-02-01T10:47:41.373-0500 [DEBUG] [org.gradle.internal.resources.AbstractTrackedResourceLock] Execution worker Thread 10: acquired lock on worker lease
2025-02-01T10:47:41.373-0500 [DEBUG] [org.gradle.internal.resources.AbstractTrackedResourceLock] Execution worker Thread 10: released lock on worker lease
2025-02-01T10:47:41.373-0500 [DEBUG] [org.gradle.internal.resources.AbstractTrackedResourceLock] Execution worker Thread 11: acquired lock on worker lease
2025-02-01T10:47:41.373-0500 [DEBUG] [org.gradle.internal.resources.AbstractTrackedResourceLock] Execution worker Thread 11: released lock on worker lease
2025-02-01T10:47:41.373-0500 [DEBUG] [org.gradle.execution.plan.DefaultFinalizedExecutionPlan] Node Resolve mutations for :dctmutils:testClasses completed, executed: true
2025-02-01T10:47:41.373-0500 [DEBUG] [org.gradle.execution.plan.DefaultFinalizedExecutionPlan] Node Resolve mutations for :dctmutils:testClasses finished executing
2025-02-01T10:47:41.373-0500 [DEBUG] [org.gradle.internal.resources.AbstractTrackedResourceLock] Execution worker Thread 13: released lock on state of build :
2025-02-01T10:47:41.373-0500 [DEBUG] [org.gradle.internal.resources.AbstractTrackedResourceLock] Execution worker Thread 13: released lock on task execution for build :
2025-02-01T10:47:41.373-0500 [DEBUG] [org.gradle.internal.resources.AbstractTrackedResourceLock] Execution worker Thread 13: acquired lock on state of build :
2025-02-01T10:47:41.373-0500 [DEBUG] [org.gradle.internal.resources.AbstractTrackedResourceLock] Execution worker Thread 13: acquired lock on task execution for build :
2025-02-01T10:47:41.374-0500 [DEBUG] [org.gradle.internal.resources.AbstractTrackedResourceLock] Execution worker Thread 12: acquired lock on worker lease
2025-02-01T10:47:41.374-0500 [DEBUG] [org.gradle.internal.resources.AbstractTrackedResourceLock] Execution worker Thread 12: released lock on worker lease
2025-02-01T10:47:41.374-0500 [INFO] [org.gradle.execution.plan.DefaultPlanExecutor] :dctmutils:testClasses (Thread[Execution worker Thread 13,5,main]) started.
2025-02-01T10:47:41.374-0500 [DEBUG] [org.gradle.internal.resources.AbstractTrackedResourceLock] Execution worker Thread 11: acquired lock on worker lease
2025-02-01T10:47:41.374-0500 [DEBUG] [org.gradle.internal.operations.DefaultBuildOperationRunner] Build operation 'Task :dctmutils:testClasses' started
2025-02-01T10:47:41.374-0500 [DEBUG] [org.gradle.internal.resources.AbstractTrackedResourceLock] Execution worker Thread 11: released lock on worker lease
2025-02-01T10:47:41.374-0500 [DEBUG] [org.gradle.internal.resources.AbstractTrackedResourceLock] Execution worker Thread 10: acquired lock on worker lease
2025-02-01T10:47:41.374-0500 [DEBUG] [org.gradle.internal.resources.AbstractTrackedResourceLock] Execution worker Thread 10: released lock on worker lease
2025-02-01T10:47:41.374-0500 [DEBUG] [org.gradle.internal.resources.AbstractTrackedResourceLock] Execution worker Thread 9: acquired lock on worker lease
2025-02-01T10:47:41.374-0500 [DEBUG] [org.gradle.internal.resources.AbstractTrackedResourceLock] Execution worker Thread 9: released lock on worker lease
2025-02-01T10:47:41.374-0500 [DEBUG] [org.gradle.internal.resources.AbstractTrackedResourceLock] Execution worker Thread 8: acquired lock on worker lease
2025-02-01T10:47:41.374-0500 [DEBUG] [org.gradle.internal.resources.AbstractTrackedResourceLock] Execution worker Thread 8: released lock on worker lease
2025-02-01T10:47:41.374-0500 [LIFECYCLE] [class org.gradle.internal.buildevents.TaskExecutionLogger] 
2025-02-01T10:47:41.374-0500 [LIFECYCLE] [class org.gradle.internal.buildevents.TaskExecutionLogger] > Task :dctmutils:testClasses UP-TO-DATE
2025-02-01T10:47:41.374-0500 [INFO] [org.gradle.api.internal.tasks.execution.SkipTaskWithNoActionsExecuter] Skipping task ':dctmutils:testClasses' as it has no actions.
2025-02-01T10:47:41.375-0500 [DEBUG] [org.gradle.internal.resources.AbstractTrackedResourceLock] Execution worker Thread 7: acquired lock on worker lease
2025-02-01T10:47:41.375-0500 [DEBUG] [org.gradle.internal.resources.AbstractTrackedResourceLock] Execution worker Thread 7: released lock on worker lease
2025-02-01T10:47:41.375-0500 [DEBUG] [org.gradle.internal.operations.DefaultBuildOperationRunner] Completing Build operation 'Task :dctmutils:testClasses'
2025-02-01T10:47:41.375-0500 [DEBUG] [org.gradle.internal.operations.DefaultBuildOperationRunner] Build operation 'Task :dctmutils:testClasses' completed
2025-02-01T10:47:41.375-0500 [DEBUG] [org.gradle.internal.resources.AbstractTrackedResourceLock] Execution worker Thread 5: acquired lock on worker lease
2025-02-01T10:47:41.375-0500 [DEBUG] [org.gradle.internal.resources.AbstractTrackedResourceLock] Execution worker Thread 5: released lock on worker lease
2025-02-01T10:47:41.375-0500 [DEBUG] [org.gradle.internal.resources.AbstractTrackedResourceLock] Execution worker Thread 4: acquired lock on worker lease
2025-02-01T10:47:41.375-0500 [DEBUG] [org.gradle.internal.resources.AbstractTrackedResourceLock] Execution worker Thread 4: released lock on worker lease
2025-02-01T10:47:41.375-0500 [DEBUG] [org.gradle.internal.resources.AbstractTrackedResourceLock] Execution worker Thread 2: acquired lock on worker lease
2025-02-01T10:47:41.375-0500 [DEBUG] [org.gradle.internal.resources.AbstractTrackedResourceLock] Execution worker Thread 2: released lock on worker lease
2025-02-01T10:47:41.375-0500 [DEBUG] [org.gradle.internal.resources.AbstractTrackedResourceLock] Execution worker: acquired lock on worker lease
2025-02-01T10:47:41.375-0500 [DEBUG] [org.gradle.internal.resources.AbstractTrackedResourceLock] Execution worker: released lock on worker lease
2025-02-01T10:47:41.375-0500 [DEBUG] [org.gradle.internal.resources.AbstractTrackedResourceLock] Execution worker Thread 6: acquired lock on worker lease
2025-02-01T10:47:41.375-0500 [DEBUG] [org.gradle.internal.resources.AbstractTrackedResourceLock] Execution worker Thread 6: released lock on worker lease
2025-02-01T10:47:41.375-0500 [DEBUG] [org.gradle.internal.resources.AbstractTrackedResourceLock] Execution worker Thread 15: acquired lock on worker lease
2025-02-01T10:47:41.375-0500 [DEBUG] [org.gradle.internal.resources.AbstractTrackedResourceLock] Execution worker Thread 15: released lock on worker lease
2025-02-01T10:47:41.376-0500 [DEBUG] [org.gradle.internal.resources.AbstractTrackedResourceLock] Execution worker Thread 14: acquired lock on worker lease
2025-02-01T10:47:41.376-0500 [DEBUG] [org.gradle.internal.resources.AbstractTrackedResourceLock] Execution worker Thread 14: released lock on worker lease
2025-02-01T10:47:41.376-0500 [DEBUG] [org.gradle.internal.resources.AbstractTrackedResourceLock] included builds: acquired lock on worker lease
2025-02-01T10:47:41.376-0500 [DEBUG] [org.gradle.internal.resources.AbstractTrackedResourceLock] included builds: released lock on worker lease
2025-02-01T10:47:41.376-0500 [DEBUG] [org.gradle.internal.resources.AbstractTrackedResourceLock] Execution worker Thread 3: acquired lock on worker lease
2025-02-01T10:47:41.376-0500 [DEBUG] [org.gradle.internal.resources.AbstractTrackedResourceLock] Execution worker Thread 3: released lock on worker lease
2025-02-01T10:47:41.376-0500 [DEBUG] [org.gradle.execution.plan.DefaultFinalizedExecutionPlan] Node :dctmutils:testClasses completed, executed: true
2025-02-01T10:47:41.376-0500 [DEBUG] [org.gradle.execution.plan.DefaultFinalizedExecutionPlan] Node :dctmutils:testClasses finished executing
2025-02-01T10:47:41.376-0500 [DEBUG] [org.gradle.internal.resources.AbstractTrackedResourceLock] Execution worker Thread 13: released lock on state of build :
2025-02-01T10:47:41.376-0500 [DEBUG] [org.gradle.internal.resources.AbstractTrackedResourceLock] Execution worker Thread 13: released lock on task execution for build :
2025-02-01T10:47:41.376-0500 [DEBUG] [org.gradle.internal.resources.AbstractTrackedResourceLock] Execution worker Thread 13: acquired lock on state of build :
2025-02-01T10:47:41.376-0500 [DEBUG] [org.gradle.internal.resources.AbstractTrackedResourceLock] Execution worker Thread 13: acquired lock on task execution for build :
2025-02-01T10:47:41.376-0500 [INFO] [org.gradle.execution.plan.DefaultPlanExecutor] Resolve mutations for :dctmutils:test (Thread[Execution worker Thread 13,5,main]) started.
2025-02-01T10:47:41.376-0500 [DEBUG] [org.gradle.internal.resources.AbstractTrackedResourceLock] Execution worker Thread 12: acquired lock on worker lease
2025-02-01T10:47:41.377-0500 [DEBUG] [org.gradle.internal.resources.AbstractTrackedResourceLock] Execution worker Thread 12: released lock on worker lease
2025-02-01T10:47:41.377-0500 [DEBUG] [org.gradle.internal.operations.DefaultBuildOperationRunner] Build operation 'Resolve mutations for task :dctmutils:test' started
2025-02-01T10:47:41.377-0500 [DEBUG] [org.gradle.internal.resources.AbstractTrackedResourceLock] Execution worker Thread 3: acquired lock on worker lease
2025-02-01T10:47:41.377-0500 [DEBUG] [org.gradle.internal.resources.AbstractTrackedResourceLock] Execution worker Thread 3: released lock on worker lease
2025-02-01T10:47:41.377-0500 [DEBUG] [org.gradle.internal.resources.AbstractTrackedResourceLock] included builds: acquired lock on worker lease
2025-02-01T10:47:41.377-0500 [DEBUG] [org.gradle.internal.resources.AbstractTrackedResourceLock] included builds: released lock on worker lease
2025-02-01T10:47:41.377-0500 [DEBUG] [org.gradle.internal.resources.AbstractTrackedResourceLock] Execution worker Thread 14: acquired lock on worker lease
2025-02-01T10:47:41.377-0500 [DEBUG] [org.gradle.internal.resources.AbstractTrackedResourceLock] Execution worker Thread 14: released lock on worker lease
2025-02-01T10:47:41.377-0500 [DEBUG] [org.gradle.internal.resources.AbstractTrackedResourceLock] Execution worker Thread 15: acquired lock on worker lease
2025-02-01T10:47:41.377-0500 [DEBUG] [org.gradle.internal.resources.AbstractTrackedResourceLock] Execution worker Thread 15: released lock on worker lease
2025-02-01T10:47:41.378-0500 [DEBUG] [org.gradle.internal.resources.AbstractTrackedResourceLock] Execution worker Thread 6: acquired lock on worker lease
2025-02-01T10:47:41.378-0500 [DEBUG] [org.gradle.internal.resources.AbstractTrackedResourceLock] Execution worker Thread 6: released lock on worker lease
2025-02-01T10:47:41.378-0500 [DEBUG] [org.gradle.internal.resources.AbstractTrackedResourceLock] Execution worker: acquired lock on worker lease
2025-02-01T10:47:41.378-0500 [DEBUG] [org.gradle.internal.resources.AbstractTrackedResourceLock] Execution worker: released lock on worker lease
2025-02-01T10:47:41.378-0500 [DEBUG] [org.gradle.internal.resources.AbstractTrackedResourceLock] Execution worker Thread 2: acquired lock on worker lease
2025-02-01T10:47:41.378-0500 [DEBUG] [org.gradle.internal.resources.AbstractTrackedResourceLock] Execution worker Thread 2: released lock on worker lease
2025-02-01T10:47:41.378-0500 [DEBUG] [org.gradle.internal.resources.AbstractTrackedResourceLock] Execution worker Thread 4: acquired lock on worker lease
2025-02-01T10:47:41.378-0500 [DEBUG] [org.gradle.internal.resources.AbstractTrackedResourceLock] Execution worker Thread 4: released lock on worker lease
2025-02-01T10:47:41.378-0500 [DEBUG] [org.gradle.internal.operations.DefaultBuildOperationRunner] Completing Build operation 'Resolve mutations for task :dctmutils:test'
2025-02-01T10:47:41.378-0500 [DEBUG] [org.gradle.internal.operations.DefaultBuildOperationRunner] Build operation 'Resolve mutations for task :dctmutils:test' completed
2025-02-01T10:47:41.378-0500 [DEBUG] [org.gradle.internal.resources.AbstractTrackedResourceLock] Execution worker Thread 5: acquired lock on worker lease
2025-02-01T10:47:41.378-0500 [DEBUG] [org.gradle.internal.resources.AbstractTrackedResourceLock] Execution worker Thread 5: released lock on worker lease
2025-02-01T10:47:41.379-0500 [DEBUG] [org.gradle.internal.resources.AbstractTrackedResourceLock] Execution worker Thread 7: acquired lock on worker lease
2025-02-01T10:47:41.379-0500 [DEBUG] [org.gradle.internal.resources.AbstractTrackedResourceLock] Execution worker Thread 7: released lock on worker lease
2025-02-01T10:47:41.379-0500 [DEBUG] [org.gradle.internal.resources.AbstractTrackedResourceLock] Execution worker Thread 8: acquired lock on worker lease
2025-02-01T10:47:41.379-0500 [DEBUG] [org.gradle.internal.resources.AbstractTrackedResourceLock] Execution worker Thread 8: released lock on worker lease
2025-02-01T10:47:41.379-0500 [DEBUG] [org.gradle.internal.resources.AbstractTrackedResourceLock] Execution worker Thread 9: acquired lock on worker lease
2025-02-01T10:47:41.379-0500 [DEBUG] [org.gradle.internal.resources.AbstractTrackedResourceLock] Execution worker Thread 9: released lock on worker lease
2025-02-01T10:47:41.379-0500 [DEBUG] [org.gradle.internal.resources.AbstractTrackedResourceLock] Execution worker Thread 10: acquired lock on worker lease
2025-02-01T10:47:41.379-0500 [DEBUG] [org.gradle.internal.resources.AbstractTrackedResourceLock] Execution worker Thread 10: released lock on worker lease
2025-02-01T10:47:41.379-0500 [DEBUG] [org.gradle.internal.resources.AbstractTrackedResourceLock] Execution worker Thread 11: acquired lock on worker lease
2025-02-01T10:47:41.379-0500 [DEBUG] [org.gradle.internal.resources.AbstractTrackedResourceLock] Execution worker Thread 11: released lock on worker lease
2025-02-01T10:47:41.379-0500 [DEBUG] [org.gradle.execution.plan.DefaultFinalizedExecutionPlan] Node Resolve mutations for :dctmutils:test completed, executed: true
2025-02-01T10:47:41.379-0500 [DEBUG] [org.gradle.execution.plan.DefaultFinalizedExecutionPlan] Node Resolve mutations for :dctmutils:test finished executing
2025-02-01T10:47:41.379-0500 [DEBUG] [org.gradle.internal.resources.AbstractTrackedResourceLock] Execution worker Thread 13: released lock on state of build :
2025-02-01T10:47:41.380-0500 [DEBUG] [org.gradle.internal.resources.AbstractTrackedResourceLock] Execution worker Thread 13: released lock on task execution for build :
2025-02-01T10:47:41.380-0500 [DEBUG] [org.gradle.internal.resources.AbstractTrackedResourceLock] Execution worker Thread 13: acquired lock on state of build :
2025-02-01T10:47:41.380-0500 [DEBUG] [org.gradle.internal.resources.AbstractTrackedResourceLock] Execution worker Thread 13: acquired lock on task execution for build :
2025-02-01T10:47:41.380-0500 [INFO] [org.gradle.execution.plan.DefaultPlanExecutor] :dctmutils:test (Thread[Execution worker Thread 13,5,main]) started.
2025-02-01T10:47:41.380-0500 [DEBUG] [org.gradle.internal.resources.AbstractTrackedResourceLock] Execution worker Thread 12: acquired lock on worker lease
2025-02-01T10:47:41.380-0500 [DEBUG] [org.gradle.internal.operations.DefaultBuildOperationRunner] Build operation 'Task :dctmutils:test' started
2025-02-01T10:47:41.380-0500 [DEBUG] [org.gradle.internal.resources.AbstractTrackedResourceLock] Execution worker Thread 12: released lock on worker lease
2025-02-01T10:47:41.381-0500 [DEBUG] [org.gradle.internal.resources.AbstractTrackedResourceLock] Execution worker Thread 11: acquired lock on worker lease
2025-02-01T10:47:41.381-0500 [DEBUG] [org.gradle.internal.resources.AbstractTrackedResourceLock] Execution worker Thread 11: released lock on worker lease
2025-02-01T10:47:41.381-0500 [DEBUG] [org.gradle.internal.resources.AbstractTrackedResourceLock] Execution worker Thread 10: acquired lock on worker lease
2025-02-01T10:47:41.381-0500 [DEBUG] [org.gradle.internal.resources.AbstractTrackedResourceLock] Execution worker Thread 10: released lock on worker lease
2025-02-01T10:47:41.381-0500 [DEBUG] [org.gradle.internal.resources.AbstractTrackedResourceLock] Execution worker Thread 9: acquired lock on worker lease
2025-02-01T10:47:41.381-0500 [DEBUG] [org.gradle.internal.resources.AbstractTrackedResourceLock] Execution worker Thread 9: released lock on worker lease
2025-02-01T10:47:41.381-0500 [DEBUG] [org.gradle.internal.resources.AbstractTrackedResourceLock] Execution worker Thread 8: acquired lock on worker lease
2025-02-01T10:47:41.381-0500 [DEBUG] [org.gradle.internal.resources.AbstractTrackedResourceLock] Execution worker Thread 8: released lock on worker lease
2025-02-01T10:47:41.382-0500 [DEBUG] [org.gradle.internal.resources.AbstractTrackedResourceLock] Execution worker Thread 7: acquired lock on worker lease
2025-02-01T10:47:41.382-0500 [DEBUG] [org.gradle.internal.resources.AbstractTrackedResourceLock] Execution worker Thread 7: released lock on worker lease
2025-02-01T10:47:41.382-0500 [DEBUG] [org.gradle.internal.resources.AbstractTrackedResourceLock] Execution worker Thread 5: acquired lock on worker lease
2025-02-01T10:47:41.382-0500 [DEBUG] [org.gradle.internal.resources.AbstractTrackedResourceLock] Execution worker Thread 5: released lock on worker lease
2025-02-01T10:47:41.382-0500 [DEBUG] [org.gradle.internal.operations.DefaultBuildOperationRunner] Build operation 'Snapshot inputs and outputs before executing task ':dctmutils:test'' started
2025-02-01T10:47:41.382-0500 [DEBUG] [org.gradle.internal.resources.AbstractTrackedResourceLock] Execution worker Thread 4: acquired lock on worker lease
2025-02-01T10:47:41.382-0500 [DEBUG] [org.gradle.internal.resources.AbstractTrackedResourceLock] Execution worker Thread 4: released lock on worker lease
2025-02-01T10:47:41.382-0500 [DEBUG] [org.gradle.internal.resources.AbstractTrackedResourceLock] Execution worker Thread 2: acquired lock on worker lease
2025-02-01T10:47:41.382-0500 [DEBUG] [org.gradle.internal.resources.AbstractTrackedResourceLock] Execution worker Thread 2: released lock on worker lease
2025-02-01T10:47:41.382-0500 [DEBUG] [org.gradle.internal.resources.AbstractTrackedResourceLock] Execution worker: acquired lock on worker lease
2025-02-01T10:47:41.382-0500 [DEBUG] [org.gradle.internal.resources.AbstractTrackedResourceLock] Execution worker: released lock on worker lease
2025-02-01T10:47:41.383-0500 [DEBUG] [org.gradle.internal.resources.AbstractTrackedResourceLock] Execution worker Thread 6: acquired lock on worker lease
2025-02-01T10:47:41.383-0500 [DEBUG] [org.gradle.internal.resources.AbstractTrackedResourceLock] Execution worker Thread 6: released lock on worker lease
2025-02-01T10:47:41.383-0500 [DEBUG] [org.gradle.internal.resources.AbstractTrackedResourceLock] Execution worker Thread 15: acquired lock on worker lease
2025-02-01T10:47:41.383-0500 [DEBUG] [org.gradle.internal.resources.AbstractTrackedResourceLock] Execution worker Thread 15: released lock on worker lease
2025-02-01T10:47:41.383-0500 [DEBUG] [org.gradle.internal.resources.AbstractTrackedResourceLock] Execution worker Thread 14: acquired lock on worker lease
2025-02-01T10:47:41.383-0500 [DEBUG] [org.gradle.internal.resources.AbstractTrackedResourceLock] Execution worker Thread 14: released lock on worker lease
2025-02-01T10:47:41.383-0500 [DEBUG] [org.gradle.internal.resources.AbstractTrackedResourceLock] included builds: acquired lock on worker lease
2025-02-01T10:47:41.383-0500 [DEBUG] [org.gradle.internal.resources.AbstractTrackedResourceLock] included builds: released lock on worker lease
2025-02-01T10:47:41.383-0500 [DEBUG] [org.gradle.internal.resources.AbstractTrackedResourceLock] Execution worker Thread 3: acquired lock on worker lease
2025-02-01T10:47:41.384-0500 [DEBUG] [org.gradle.internal.resources.AbstractTrackedResourceLock] Execution worker Thread 3: released lock on worker lease
2025-02-01T10:47:41.384-0500 [DEBUG] [org.gradle.internal.operations.DefaultBuildOperationRunner] Build operation 'Resolve dependencies of :dctmutils:testRuntimeClasspath' started
2025-02-01T10:47:41.405-0500 [DEBUG] [org.gradle.internal.operations.DefaultBuildOperationRunner] Completing Build operation 'Resolve dependencies of :dctmutils:testRuntimeClasspath'
2025-02-01T10:47:41.407-0500 [DEBUG] [org.gradle.internal.operations.DefaultBuildOperationRunner] Build operation 'Resolve files of :dctmutils:testRuntimeClasspath' started
2025-02-01T10:47:41.408-0500 [DEBUG] [org.gradle.internal.operations.DefaultBuildOperationRunner] Build operation 'Resolve junit-platform-engine-1.9.1.jar (org.junit.platform:junit-platform-engine:1.9.1)' started
2025-02-01T10:47:41.408-0500 [DEBUG] [org.gradle.internal.resources.AbstractTrackedResourceLock] Unconstrained build operations Thread 34: acquired lock on worker lease
2025-02-01T10:47:41.409-0500 [DEBUG] [org.gradle.internal.operations.DefaultBuildOperationRunner] Build operation 'Resolve junit-jupiter-engine-5.9.1.jar (org.junit.jupiter:junit-jupiter-engine:5.9.1)' started
2025-02-01T10:47:41.410-0500 [DEBUG] [org.gradle.internal.operations.DefaultBuildOperationRunner] Completing Build operation 'Resolve junit-platform-engine-1.9.1.jar (org.junit.platform:junit-platform-engine:1.9.1)'
2025-02-01T10:47:41.410-0500 [DEBUG] [org.gradle.internal.operations.DefaultBuildOperationRunner] Completing Build operation 'Resolve junit-jupiter-engine-5.9.1.jar (org.junit.jupiter:junit-jupiter-engine:5.9.1)'
2025-02-01T10:47:41.410-0500 [DEBUG] [org.gradle.internal.operations.DefaultBuildOperationRunner] Build operation 'Resolve junit-jupiter-engine-5.9.1.jar (org.junit.jupiter:junit-jupiter-engine:5.9.1)' completed
2025-02-01T10:47:41.410-0500 [DEBUG] [org.gradle.internal.resources.AbstractTrackedResourceLock] Execution worker Thread 12: acquired lock on worker lease
2025-02-01T10:47:41.410-0500 [DEBUG] [org.gradle.internal.resources.AbstractTrackedResourceLock] Execution worker Thread 12: released lock on worker lease
2025-02-01T10:47:41.410-0500 [DEBUG] [org.gradle.internal.resources.AbstractTrackedResourceLock] Unconstrained build operations Thread 34: released lock on worker lease
2025-02-01T10:47:41.411-0500 [DEBUG] [org.gradle.internal.resources.AbstractTrackedResourceLock] Execution worker Thread 3: acquired lock on worker lease
2025-02-01T10:47:41.411-0500 [DEBUG] [org.gradle.internal.resources.AbstractTrackedResourceLock] Execution worker Thread 3: released lock on worker lease
2025-02-01T10:47:41.411-0500 [DEBUG] [org.gradle.internal.resources.AbstractTrackedResourceLock] included builds: acquired lock on worker lease
2025-02-01T10:47:41.411-0500 [DEBUG] [org.gradle.internal.resources.AbstractTrackedResourceLock] included builds: released lock on worker lease
2025-02-01T10:47:41.411-0500 [DEBUG] [org.gradle.internal.resources.AbstractTrackedResourceLock] Execution worker Thread 14: acquired lock on worker lease
2025-02-01T10:47:41.411-0500 [DEBUG] [org.gradle.internal.resources.AbstractTrackedResourceLock] Execution worker Thread 14: released lock on worker lease
2025-02-01T10:47:41.411-0500 [DEBUG] [org.gradle.internal.resources.AbstractTrackedResourceLock] Execution worker Thread 15: acquired lock on worker lease
2025-02-01T10:47:41.411-0500 [DEBUG] [org.gradle.internal.resources.AbstractTrackedResourceLock] Execution worker Thread 15: released lock on worker lease
2025-02-01T10:47:41.411-0500 [DEBUG] [org.gradle.internal.resources.AbstractTrackedResourceLock] Execution worker Thread 6: acquired lock on worker lease
2025-02-01T10:47:41.411-0500 [DEBUG] [org.gradle.internal.resources.AbstractTrackedResourceLock] Execution worker Thread 6: released lock on worker lease
2025-02-01T10:47:41.411-0500 [DEBUG] [org.gradle.internal.resources.AbstractTrackedResourceLock] Execution worker: acquired lock on worker lease
2025-02-01T10:47:41.411-0500 [DEBUG] [org.gradle.internal.resources.AbstractTrackedResourceLock] Execution worker: released lock on worker lease
2025-02-01T10:47:41.411-0500 [DEBUG] [org.gradle.internal.resources.AbstractTrackedResourceLock] Execution worker Thread 2: acquired lock on worker lease
2025-02-01T10:47:41.412-0500 [DEBUG] [org.gradle.internal.resources.AbstractTrackedResourceLock] Execution worker Thread 2: released lock on worker lease
2025-02-01T10:47:41.412-0500 [DEBUG] [org.gradle.internal.resources.AbstractTrackedResourceLock] Execution worker Thread 4: acquired lock on worker lease
2025-02-01T10:47:41.412-0500 [DEBUG] [org.gradle.internal.resources.AbstractTrackedResourceLock] Execution worker Thread 4: released lock on worker lease
2025-02-01T10:47:41.412-0500 [DEBUG] [org.gradle.internal.resources.AbstractTrackedResourceLock] Execution worker Thread 5: acquired lock on worker lease
2025-02-01T10:47:41.412-0500 [DEBUG] [org.gradle.internal.resources.AbstractTrackedResourceLock] Execution worker Thread 5: released lock on worker lease
2025-02-01T10:47:41.412-0500 [DEBUG] [org.gradle.internal.resources.AbstractTrackedResourceLock] Execution worker Thread 7: acquired lock on worker lease
2025-02-01T10:47:41.412-0500 [DEBUG] [org.gradle.internal.resources.AbstractTrackedResourceLock] Execution worker Thread 7: released lock on worker lease
2025-02-01T10:47:41.412-0500 [DEBUG] [org.gradle.internal.resources.AbstractTrackedResourceLock] Execution worker Thread 8: acquired lock on worker lease
2025-02-01T10:47:41.412-0500 [DEBUG] [org.gradle.internal.resources.AbstractTrackedResourceLock] Execution worker Thread 8: released lock on worker lease
2025-02-01T10:47:41.412-0500 [DEBUG] [org.gradle.internal.resources.AbstractTrackedResourceLock] Execution worker Thread 9: acquired lock on worker lease
2025-02-01T10:47:41.412-0500 [DEBUG] [org.gradle.internal.resources.AbstractTrackedResourceLock] Execution worker Thread 9: released lock on worker lease
2025-02-01T10:47:41.412-0500 [DEBUG] [org.gradle.internal.resources.AbstractTrackedResourceLock] Execution worker Thread 10: acquired lock on worker lease
2025-02-01T10:47:41.412-0500 [DEBUG] [org.gradle.internal.resources.AbstractTrackedResourceLock] Execution worker Thread 10: released lock on worker lease
2025-02-01T10:47:41.412-0500 [DEBUG] [org.gradle.internal.resources.AbstractTrackedResourceLock] Execution worker Thread 11: acquired lock on worker lease
2025-02-01T10:47:41.412-0500 [DEBUG] [org.gradle.internal.resources.AbstractTrackedResourceLock] Execution worker Thread 11: released lock on worker lease
2025-02-01T10:47:41.413-0500 [DEBUG] [org.gradle.internal.resources.AbstractTrackedResourceLock] Execution worker Thread 12: acquired lock on worker lease
2025-02-01T10:47:41.413-0500 [DEBUG] [org.gradle.internal.resources.AbstractTrackedResourceLock] Execution worker Thread 12: released lock on worker lease
2025-02-01T10:47:41.413-0500 [DEBUG] [org.gradle.internal.operations.DefaultBuildOperationRunner] Completing Build operation 'Resolve files of :dctmutils:testRuntimeClasspath'
2025-02-01T10:47:41.413-0500 [DEBUG] [org.gradle.internal.operations.DefaultBuildOperationRunner] Completing Build operation 'Snapshot inputs and outputs before executing task ':dctmutils:test''
2025-02-01T10:47:41.414-0500 [DEBUG] [org.gradle.internal.operations.DefaultBuildOperationRunner] Build operation 'Resolve files of :dctmutils:testRuntimeClasspath' started
2025-02-01T10:47:41.415-0500 [DEBUG] [org.gradle.internal.operations.DefaultBuildOperationRunner] Completing Build operation 'Resolve files of :dctmutils:testRuntimeClasspath'
2025-02-01T10:47:41.417-0500 [DEBUG] [org.gradle.internal.operations.DefaultBuildOperationRunner] Build operation 'Executing task ':dctmutils:test'' started
2025-02-01T10:47:41.417-0500 [DEBUG] [org.gradle.internal.operations.DefaultBuildOperationRunner] Build operation 'Execute executeTests for :dctmutils:test' started
2025-02-01T10:47:41.426-0500 [DEBUG] [org.gradle.internal.operations.DefaultBuildOperationRunner] Build operation 'Resolve files of :dctmutils:testRuntimeClasspath' started
2025-02-01T10:47:41.427-0500 [DEBUG] [org.gradle.internal.operations.DefaultBuildOperationRunner] Completing Build operation 'Resolve files of :dctmutils:testRuntimeClasspath'
2025-02-01T10:47:41.432-0500 [DEBUG] [org.gradle.internal.resources.AbstractTrackedResourceLock] Execution worker Thread 3: acquired lock on worker lease
2025-02-01T10:47:41.432-0500 [DEBUG] [org.gradle.internal.resources.AbstractTrackedResourceLock] Execution worker Thread 3: released lock on worker lease
2025-02-01T10:47:41.432-0500 [DEBUG] [org.gradle.internal.resources.AbstractTrackedResourceLock] Execution worker Thread 12: acquired lock on worker lease
2025-02-01T10:47:41.432-0500 [DEBUG] [org.gradle.internal.resources.AbstractTrackedResourceLock] Execution worker Thread 12: released lock on worker lease
2025-02-01T10:47:41.432-0500 [DEBUG] [org.gradle.internal.resources.AbstractTrackedResourceLock] Execution worker Thread 11: acquired lock on worker lease
2025-02-01T10:47:41.432-0500 [DEBUG] [org.gradle.internal.resources.AbstractTrackedResourceLock] Execution worker Thread 11: released lock on worker lease
2025-02-01T10:47:41.432-0500 [DEBUG] [org.gradle.internal.resources.AbstractTrackedResourceLock] Execution worker Thread 10: acquired lock on worker lease
2025-02-01T10:47:41.432-0500 [DEBUG] [org.gradle.internal.resources.AbstractTrackedResourceLock] Execution worker Thread 10: released lock on worker lease
2025-02-01T10:47:41.432-0500 [DEBUG] [org.gradle.internal.resources.AbstractTrackedResourceLock] Execution worker Thread 9: acquired lock on worker lease
2025-02-01T10:47:41.432-0500 [DEBUG] [org.gradle.internal.resources.AbstractTrackedResourceLock] Execution worker Thread 9: released lock on worker lease
2025-02-01T10:47:41.432-0500 [DEBUG] [org.gradle.internal.resources.AbstractTrackedResourceLock] Execution worker Thread 8: acquired lock on worker lease
2025-02-01T10:47:41.432-0500 [DEBUG] [org.gradle.internal.resources.AbstractTrackedResourceLock] Execution worker Thread 8: released lock on worker lease
2025-02-01T10:47:41.432-0500 [DEBUG] [org.gradle.internal.resources.AbstractTrackedResourceLock] Execution worker Thread 7: acquired lock on worker lease
2025-02-01T10:47:41.433-0500 [DEBUG] [org.gradle.internal.resources.AbstractTrackedResourceLock] Execution worker Thread 7: released lock on worker lease
2025-02-01T10:47:41.433-0500 [DEBUG] [org.gradle.internal.resources.AbstractTrackedResourceLock] Execution worker Thread 5: acquired lock on worker lease
2025-02-01T10:47:41.433-0500 [DEBUG] [org.gradle.internal.resources.AbstractTrackedResourceLock] Execution worker Thread 5: released lock on worker lease
2025-02-01T10:47:41.433-0500 [DEBUG] [org.gradle.internal.resources.AbstractTrackedResourceLock] Execution worker Thread 4: acquired lock on worker lease
2025-02-01T10:47:41.433-0500 [DEBUG] [org.gradle.internal.resources.AbstractTrackedResourceLock] Execution worker Thread 4: released lock on worker lease
2025-02-01T10:47:41.433-0500 [DEBUG] [org.gradle.internal.resources.AbstractTrackedResourceLock] Execution worker Thread 2: acquired lock on worker lease
2025-02-01T10:47:41.433-0500 [DEBUG] [org.gradle.internal.resources.AbstractTrackedResourceLock] Execution worker Thread 2: released lock on worker lease
2025-02-01T10:47:41.433-0500 [DEBUG] [org.gradle.internal.resources.AbstractTrackedResourceLock] Execution worker: acquired lock on worker lease
2025-02-01T10:47:41.433-0500 [DEBUG] [org.gradle.internal.resources.AbstractTrackedResourceLock] Execution worker: released lock on worker lease
2025-02-01T10:47:41.433-0500 [DEBUG] [org.gradle.internal.resources.AbstractTrackedResourceLock] Execution worker Thread 6: acquired lock on worker lease
2025-02-01T10:47:41.433-0500 [DEBUG] [org.gradle.internal.resources.AbstractTrackedResourceLock] Execution worker Thread 6: released lock on worker lease
2025-02-01T10:47:41.433-0500 [DEBUG] [org.gradle.internal.resources.AbstractTrackedResourceLock] Execution worker Thread 15: acquired lock on worker lease
2025-02-01T10:47:41.433-0500 [DEBUG] [org.gradle.internal.resources.AbstractTrackedResourceLock] Execution worker Thread 15: released lock on worker lease
2025-02-01T10:47:41.433-0500 [DEBUG] [org.gradle.internal.resources.AbstractTrackedResourceLock] Execution worker Thread 14: acquired lock on worker lease
2025-02-01T10:47:41.433-0500 [DEBUG] [org.gradle.internal.resources.AbstractTrackedResourceLock] Execution worker Thread 14: released lock on worker lease
2025-02-01T10:47:41.434-0500 [DEBUG] [org.gradle.internal.resources.AbstractTrackedResourceLock] included builds: acquired lock on worker lease
2025-02-01T10:47:41.434-0500 [DEBUG] [org.gradle.internal.resources.AbstractTrackedResourceLock] included builds: released lock on worker lease
2025-02-01T10:47:41.861-0500 [DEBUG] [org.gradle.internal.remote.internal.inet.TcpIncomingConnector] Accepted connection from /127.0.0.1:49924 to /127.0.0.1:49923.
2025-02-01T10:47:41.861-0500 [DEBUG] [org.gradle.process.internal.worker.DefaultWorkerProcess] Received connection org.gradle.internal.remote.internal.hub.MessageHubBackedObjectConnection@ac672fb from Gradle Test Executor 5
2025-02-01T10:47:41.883-0500 [DEBUG] [org.gradle.process.internal.worker.child.ActionExecutionWorker] Starting Gradle Test Executor 5.
2025-02-01T10:47:41.884-0500 [INFO] [org.gradle.api.internal.tasks.testing.worker.TestWorker] Gradle Test Executor 5 started executing tests.
2025-02-01T10:47:42.161-0500 [DEBUG] [org.gradle.api.internal.tasks.testing.junit.AbstractJUnitTestClassProcessor] Executing test class net.koeppster.dctm.utils.UtilsTest
2025-02-01T10:47:42.162-0500 [DEBUG] [org.gradle.api.internal.tasks.testing.junit.AbstractJUnitTestClassProcessor] Executing test class net.koeppster.NoExitSecurityManager$ExitException
2025-02-01T10:47:42.164-0500 [DEBUG] [org.gradle.api.internal.tasks.testing.junit.AbstractJUnitTestClassProcessor] Executing test class net.koeppster.NoExitSecurityManager
2025-02-01T10:47:42.464-0500 [INFO] [org.gradle.api.internal.tasks.testing.worker.TestWorker] Gradle Test Executor 5 finished executing tests.
2025-02-01T10:47:42.465-0500 [DEBUG] [org.gradle.process.internal.worker.child.ActionExecutionWorker] Completed Gradle Test Executor 5.
2025-02-01T10:47:42.519-0500 [DEBUG] [org.gradle.internal.resources.AbstractTrackedResourceLock] Execution worker Thread 3: acquired lock on worker lease
2025-02-01T10:47:42.519-0500 [DEBUG] [org.gradle.internal.resources.AbstractTrackedResourceLock] Execution worker Thread 3: released lock on worker lease
2025-02-01T10:47:42.519-0500 [DEBUG] [org.gradle.internal.resources.AbstractTrackedResourceLock] included builds: acquired lock on worker lease
2025-02-01T10:47:42.519-0500 [DEBUG] [org.gradle.internal.resources.AbstractTrackedResourceLock] included builds: released lock on worker lease
2025-02-01T10:47:42.519-0500 [DEBUG] [org.gradle.internal.resources.AbstractTrackedResourceLock] Execution worker Thread 14: acquired lock on worker lease
2025-02-01T10:47:42.519-0500 [DEBUG] [org.gradle.internal.resources.AbstractTrackedResourceLock] Execution worker Thread 14: released lock on worker lease
2025-02-01T10:47:42.519-0500 [DEBUG] [org.gradle.internal.resources.AbstractTrackedResourceLock] Execution worker Thread 15: acquired lock on worker lease
2025-02-01T10:47:42.519-0500 [DEBUG] [org.gradle.internal.resources.AbstractTrackedResourceLock] Execution worker Thread 15: released lock on worker lease
2025-02-01T10:47:42.519-0500 [DEBUG] [org.gradle.internal.resources.AbstractTrackedResourceLock] Execution worker Thread 6: acquired lock on worker lease
2025-02-01T10:47:42.519-0500 [DEBUG] [org.gradle.internal.resources.AbstractTrackedResourceLock] Execution worker Thread 6: released lock on worker lease
2025-02-01T10:47:42.519-0500 [DEBUG] [org.gradle.internal.resources.AbstractTrackedResourceLock] Execution worker: acquired lock on worker lease
2025-02-01T10:47:42.519-0500 [DEBUG] [org.gradle.internal.resources.AbstractTrackedResourceLock] Execution worker: released lock on worker lease
2025-02-01T10:47:42.519-0500 [DEBUG] [org.gradle.internal.resources.AbstractTrackedResourceLock] Execution worker Thread 2: acquired lock on worker lease
2025-02-01T10:47:42.519-0500 [DEBUG] [org.gradle.internal.resources.AbstractTrackedResourceLock] Execution worker Thread 2: released lock on worker lease
2025-02-01T10:47:42.520-0500 [DEBUG] [org.gradle.internal.resources.AbstractTrackedResourceLock] Execution worker Thread 4: acquired lock on worker lease
2025-02-01T10:47:42.520-0500 [DEBUG] [org.gradle.internal.resources.AbstractTrackedResourceLock] Execution worker Thread 4: released lock on worker lease
2025-02-01T10:47:42.520-0500 [DEBUG] [org.gradle.internal.resources.AbstractTrackedResourceLock] Execution worker Thread 5: acquired lock on worker lease
2025-02-01T10:47:42.520-0500 [DEBUG] [org.gradle.internal.resources.AbstractTrackedResourceLock] Execution worker Thread 5: released lock on worker lease
2025-02-01T10:47:42.520-0500 [DEBUG] [org.gradle.internal.resources.AbstractTrackedResourceLock] Execution worker Thread 7: acquired lock on worker lease
2025-02-01T10:47:42.520-0500 [DEBUG] [org.gradle.internal.resources.AbstractTrackedResourceLock] Execution worker Thread 7: released lock on worker lease
2025-02-01T10:47:42.520-0500 [DEBUG] [org.gradle.internal.resources.AbstractTrackedResourceLock] Execution worker Thread 8: acquired lock on worker lease
2025-02-01T10:47:42.520-0500 [DEBUG] [org.gradle.internal.resources.AbstractTrackedResourceLock] Execution worker Thread 8: released lock on worker lease
2025-02-01T10:47:42.520-0500 [DEBUG] [org.gradle.internal.resources.AbstractTrackedResourceLock] Execution worker Thread 9: acquired lock on worker lease
2025-02-01T10:47:42.520-0500 [DEBUG] [org.gradle.internal.resources.AbstractTrackedResourceLock] Execution worker Thread 9: released lock on worker lease
2025-02-01T10:47:42.520-0500 [DEBUG] [org.gradle.internal.resources.AbstractTrackedResourceLock] Execution worker Thread 10: acquired lock on worker lease
2025-02-01T10:47:42.520-0500 [DEBUG] [org.gradle.internal.resources.AbstractTrackedResourceLock] Execution worker Thread 10: released lock on worker lease
2025-02-01T10:47:42.520-0500 [DEBUG] [org.gradle.internal.resources.AbstractTrackedResourceLock] Execution worker Thread 11: acquired lock on worker lease
2025-02-01T10:47:42.520-0500 [DEBUG] [org.gradle.internal.resources.AbstractTrackedResourceLock] Execution worker Thread 11: released lock on worker lease
2025-02-01T10:47:42.520-0500 [DEBUG] [org.gradle.internal.resources.AbstractTrackedResourceLock] Execution worker Thread 12: acquired lock on worker lease
2025-02-01T10:47:42.520-0500 [DEBUG] [org.gradle.internal.resources.AbstractTrackedResourceLock] Execution worker Thread 12: released lock on worker lease
2025-02-01T10:47:42.524-0500 [DEBUG] [org.gradle.internal.operations.DefaultBuildOperationRunner] Build operation 'Delete old JUnit XML results' started
2025-02-01T10:47:42.525-0500 [DEBUG] [org.gradle.internal.operations.DefaultBuildOperationRunner] Completing Build operation 'Delete old JUnit XML results'
2025-02-01T10:47:42.525-0500 [DEBUG] [org.gradle.internal.operations.DefaultBuildOperationRunner] Build operation 'Generate junit XML test report for net.koeppster.dctm.utils.UtilsTest' started
2025-02-01T10:47:42.527-0500 [DEBUG] [org.gradle.internal.operations.DefaultBuildOperationRunner] Completing Build operation 'Generate junit XML test report for net.koeppster.dctm.utils.UtilsTest'
2025-02-01T10:47:42.527-0500 [DEBUG] [org.gradle.internal.operations.DefaultBuildOperationRunner] Build operation 'Delete old HTML results' started
2025-02-01T10:47:42.529-0500 [DEBUG] [org.gradle.internal.operations.DefaultBuildOperationRunner] Completing Build operation 'Delete old HTML results'
2025-02-01T10:47:42.530-0500 [DEBUG] [org.gradle.internal.operations.DefaultBuildOperationRunner] Build operation 'Generate HTML test report for Test Summary' started
2025-02-01T10:47:42.530-0500 [DEBUG] [org.gradle.internal.resources.AbstractTrackedResourceLock] Build operations Thread 2: acquired lock on worker lease
2025-02-01T10:47:42.530-0500 [DEBUG] [org.gradle.internal.operations.DefaultBuildOperationRunner] Build operation 'Generate HTML test report for Package net.koeppster.dctm.utils' started
2025-02-01T10:47:42.530-0500 [DEBUG] [org.gradle.internal.resources.AbstractTrackedResourceLock] Build operations Thread 3: acquired lock on worker lease
2025-02-01T10:47:42.531-0500 [DEBUG] [org.gradle.internal.operations.DefaultBuildOperationRunner] Build operation 'Generate HTML test report for UtilsTest' started
2025-02-01T10:47:42.531-0500 [DEBUG] [org.gradle.internal.operations.DefaultBuildOperationRunner] Completing Build operation 'Generate HTML test report for Test Summary'
2025-02-01T10:47:42.532-0500 [DEBUG] [org.gradle.internal.resources.AbstractTrackedResourceLock] Execution worker Thread 3: acquired lock on worker lease
2025-02-01T10:47:42.532-0500 [DEBUG] [org.gradle.internal.resources.AbstractTrackedResourceLock] Execution worker Thread 3: released lock on worker lease
2025-02-01T10:47:42.532-0500 [DEBUG] [org.gradle.internal.resources.AbstractTrackedResourceLock] Execution worker Thread 12: acquired lock on worker lease
2025-02-01T10:47:42.532-0500 [DEBUG] [org.gradle.internal.resources.AbstractTrackedResourceLock] Execution worker Thread 12: released lock on worker lease
2025-02-01T10:47:42.532-0500 [DEBUG] [org.gradle.internal.operations.DefaultBuildOperationRunner] Completing Build operation 'Generate HTML test report for Package net.koeppster.dctm.utils'
2025-02-01T10:47:42.532-0500 [DEBUG] [org.gradle.internal.operations.DefaultBuildOperationRunner] Build operation 'Generate HTML test report for Package net.koeppster.dctm.utils' completed
2025-02-01T10:47:42.532-0500 [DEBUG] [org.gradle.internal.resources.AbstractTrackedResourceLock] Execution worker Thread 11: acquired lock on worker lease
2025-02-01T10:47:42.532-0500 [DEBUG] [org.gradle.internal.resources.AbstractTrackedResourceLock] Execution worker Thread 11: released lock on worker lease
2025-02-01T10:47:42.533-0500 [DEBUG] [org.gradle.internal.resources.AbstractTrackedResourceLock] Execution worker Thread 10: acquired lock on worker lease
2025-02-01T10:47:42.533-0500 [DEBUG] [org.gradle.internal.resources.AbstractTrackedResourceLock] Execution worker Thread 10: released lock on worker lease
2025-02-01T10:47:42.533-0500 [DEBUG] [org.gradle.internal.resources.AbstractTrackedResourceLock] Execution worker Thread 9: acquired lock on worker lease
2025-02-01T10:47:42.533-0500 [DEBUG] [org.gradle.internal.resources.AbstractTrackedResourceLock] Execution worker Thread 9: released lock on worker lease
2025-02-01T10:47:42.533-0500 [DEBUG] [org.gradle.internal.resources.AbstractTrackedResourceLock] Execution worker Thread 8: acquired lock on worker lease
2025-02-01T10:47:42.533-0500 [DEBUG] [org.gradle.internal.resources.AbstractTrackedResourceLock] Execution worker Thread 8: released lock on worker lease
2025-02-01T10:47:42.533-0500 [DEBUG] [org.gradle.internal.resources.AbstractTrackedResourceLock] Execution worker Thread 7: acquired lock on worker lease
2025-02-01T10:47:42.533-0500 [DEBUG] [org.gradle.internal.resources.AbstractTrackedResourceLock] Execution worker Thread 7: released lock on worker lease
2025-02-01T10:47:42.533-0500 [DEBUG] [org.gradle.internal.resources.AbstractTrackedResourceLock] Execution worker Thread 5: acquired lock on worker lease
2025-02-01T10:47:42.533-0500 [DEBUG] [org.gradle.internal.resources.AbstractTrackedResourceLock] Execution worker Thread 5: released lock on worker lease
2025-02-01T10:47:42.533-0500 [DEBUG] [org.gradle.internal.resources.AbstractTrackedResourceLock] Execution worker Thread 4: acquired lock on worker lease
2025-02-01T10:47:42.533-0500 [DEBUG] [org.gradle.internal.resources.AbstractTrackedResourceLock] Execution worker Thread 4: released lock on worker lease
2025-02-01T10:47:42.533-0500 [DEBUG] [org.gradle.internal.resources.AbstractTrackedResourceLock] Execution worker Thread 2: acquired lock on worker lease
2025-02-01T10:47:42.533-0500 [DEBUG] [org.gradle.internal.resources.AbstractTrackedResourceLock] Execution worker Thread 2: released lock on worker lease
2025-02-01T10:47:42.533-0500 [DEBUG] [org.gradle.internal.resources.AbstractTrackedResourceLock] Execution worker: acquired lock on worker lease
2025-02-01T10:47:42.533-0500 [DEBUG] [org.gradle.internal.resources.AbstractTrackedResourceLock] Execution worker: released lock on worker lease
2025-02-01T10:47:42.534-0500 [DEBUG] [org.gradle.internal.resources.AbstractTrackedResourceLock] Execution worker Thread 6: acquired lock on worker lease
2025-02-01T10:47:42.534-0500 [DEBUG] [org.gradle.internal.resources.AbstractTrackedResourceLock] Execution worker Thread 6: released lock on worker lease
2025-02-01T10:47:42.534-0500 [DEBUG] [org.gradle.internal.resources.AbstractTrackedResourceLock] Execution worker Thread 15: acquired lock on worker lease
2025-02-01T10:47:42.534-0500 [DEBUG] [org.gradle.internal.resources.AbstractTrackedResourceLock] Execution worker Thread 15: released lock on worker lease
2025-02-01T10:47:42.534-0500 [DEBUG] [org.gradle.internal.resources.AbstractTrackedResourceLock] Execution worker Thread 14: acquired lock on worker lease
2025-02-01T10:47:42.534-0500 [DEBUG] [org.gradle.internal.resources.AbstractTrackedResourceLock] Execution worker Thread 14: released lock on worker lease
2025-02-01T10:47:42.534-0500 [DEBUG] [org.gradle.internal.resources.AbstractTrackedResourceLock] included builds: acquired lock on worker lease
2025-02-01T10:47:42.534-0500 [DEBUG] [org.gradle.internal.resources.AbstractTrackedResourceLock] included builds: released lock on worker lease
2025-02-01T10:47:42.534-0500 [DEBUG] [org.gradle.internal.resources.AbstractTrackedResourceLock] Build operations Thread 2: released lock on worker lease
2025-02-01T10:47:42.534-0500 [DEBUG] [org.gradle.internal.operations.DefaultBuildOperationRunner] Completing Build operation 'Generate HTML test report for UtilsTest'
2025-02-01T10:47:42.534-0500 [DEBUG] [org.gradle.internal.operations.DefaultBuildOperationRunner] Build operation 'Generate HTML test report for UtilsTest' completed
2025-02-01T10:47:42.534-0500 [DEBUG] [org.gradle.internal.resources.AbstractTrackedResourceLock] Execution worker Thread 3: acquired lock on worker lease
2025-02-01T10:47:42.534-0500 [DEBUG] [org.gradle.internal.resources.AbstractTrackedResourceLock] Execution worker Thread 3: released lock on worker lease
2025-02-01T10:47:42.534-0500 [DEBUG] [org.gradle.internal.resources.AbstractTrackedResourceLock] Build operations Thread 3: released lock on worker lease
2025-02-01T10:47:42.535-0500 [DEBUG] [org.gradle.internal.resources.AbstractTrackedResourceLock] included builds: acquired lock on worker lease
2025-02-01T10:47:42.535-0500 [DEBUG] [org.gradle.internal.resources.AbstractTrackedResourceLock] included builds: released lock on worker lease
2025-02-01T10:47:42.535-0500 [DEBUG] [org.gradle.internal.resources.AbstractTrackedResourceLock] Execution worker Thread 14: acquired lock on worker lease
2025-02-01T10:47:42.535-0500 [DEBUG] [org.gradle.internal.resources.AbstractTrackedResourceLock] Execution worker Thread 14: released lock on worker lease
2025-02-01T10:47:42.535-0500 [DEBUG] [org.gradle.internal.resources.AbstractTrackedResourceLock] Execution worker Thread 15: acquired lock on worker lease
2025-02-01T10:47:42.535-0500 [DEBUG] [org.gradle.internal.resources.AbstractTrackedResourceLock] Execution worker Thread 15: released lock on worker lease
2025-02-01T10:47:42.535-0500 [DEBUG] [org.gradle.internal.resources.AbstractTrackedResourceLock] Execution worker Thread 6: acquired lock on worker lease
2025-02-01T10:47:42.535-0500 [DEBUG] [org.gradle.internal.resources.AbstractTrackedResourceLock] Execution worker Thread 6: released lock on worker lease
2025-02-01T10:47:42.535-0500 [DEBUG] [org.gradle.internal.resources.AbstractTrackedResourceLock] Execution worker: acquired lock on worker lease
2025-02-01T10:47:42.535-0500 [DEBUG] [org.gradle.internal.resources.AbstractTrackedResourceLock] Execution worker: released lock on worker lease
2025-02-01T10:47:42.535-0500 [DEBUG] [org.gradle.internal.resources.AbstractTrackedResourceLock] Execution worker Thread 2: acquired lock on worker lease
2025-02-01T10:47:42.535-0500 [DEBUG] [org.gradle.internal.resources.AbstractTrackedResourceLock] Execution worker Thread 2: released lock on worker lease
2025-02-01T10:47:42.535-0500 [DEBUG] [org.gradle.internal.resources.AbstractTrackedResourceLock] Execution worker Thread 4: acquired lock on worker lease
2025-02-01T10:47:42.535-0500 [DEBUG] [org.gradle.internal.resources.AbstractTrackedResourceLock] Execution worker Thread 4: released lock on worker lease
2025-02-01T10:47:42.535-0500 [DEBUG] [org.gradle.internal.resources.AbstractTrackedResourceLock] Execution worker Thread 5: acquired lock on worker lease
2025-02-01T10:47:42.536-0500 [DEBUG] [org.gradle.internal.resources.AbstractTrackedResourceLock] Execution worker Thread 5: released lock on worker lease
2025-02-01T10:47:42.536-0500 [DEBUG] [org.gradle.internal.resources.AbstractTrackedResourceLock] Execution worker Thread 7: acquired lock on worker lease
2025-02-01T10:47:42.536-0500 [DEBUG] [org.gradle.internal.resources.AbstractTrackedResourceLock] Execution worker Thread 7: released lock on worker lease
2025-02-01T10:47:42.536-0500 [DEBUG] [org.gradle.internal.resources.AbstractTrackedResourceLock] Execution worker Thread 8: acquired lock on worker lease
2025-02-01T10:47:42.536-0500 [DEBUG] [org.gradle.internal.resources.AbstractTrackedResourceLock] Execution worker Thread 8: released lock on worker lease
2025-02-01T10:47:42.536-0500 [DEBUG] [org.gradle.internal.resources.AbstractTrackedResourceLock] Execution worker Thread 9: acquired lock on worker lease
2025-02-01T10:47:42.536-0500 [DEBUG] [org.gradle.internal.resources.AbstractTrackedResourceLock] Execution worker Thread 9: released lock on worker lease
2025-02-01T10:47:42.536-0500 [DEBUG] [org.gradle.internal.resources.AbstractTrackedResourceLock] Execution worker Thread 10: acquired lock on worker lease
2025-02-01T10:47:42.536-0500 [DEBUG] [org.gradle.internal.resources.AbstractTrackedResourceLock] Execution worker Thread 10: released lock on worker lease
2025-02-01T10:47:42.536-0500 [DEBUG] [org.gradle.internal.resources.AbstractTrackedResourceLock] Execution worker Thread 11: acquired lock on worker lease
2025-02-01T10:47:42.536-0500 [DEBUG] [org.gradle.internal.resources.AbstractTrackedResourceLock] Execution worker Thread 11: released lock on worker lease
2025-02-01T10:47:42.536-0500 [DEBUG] [org.gradle.internal.resources.AbstractTrackedResourceLock] Execution worker Thread 12: acquired lock on worker lease
2025-02-01T10:47:42.536-0500 [DEBUG] [org.gradle.internal.resources.AbstractTrackedResourceLock] Execution worker Thread 12: released lock on worker lease
2025-02-01T10:47:42.536-0500 [DEBUG] [org.gradle.internal.resources.AbstractTrackedResourceLock] Execution worker Thread 3: acquired lock on worker lease
2025-02-01T10:47:42.537-0500 [DEBUG] [org.gradle.internal.resources.AbstractTrackedResourceLock] Execution worker Thread 3: released lock on worker lease
2025-02-01T10:47:42.537-0500 [DEBUG] [org.gradle.internal.operations.DefaultBuildOperationRunner] Completing Build operation 'Execute executeTests for :dctmutils:test'
2025-02-01T10:47:42.537-0500 [DEBUG] [org.gradle.internal.operations.DefaultBuildOperationRunner] Completing Build operation 'Executing task ':dctmutils:test''
2025-02-01T10:47:42.537-0500 [DEBUG] [org.gradle.internal.operations.DefaultBuildOperationRunner] Build operation 'Snapshot outputs after executing task ':dctmutils:test'' started
2025-02-01T10:47:42.538-0500 [DEBUG] [org.gradle.cache.internal.btree.BTreePersistentIndexedCache] Opening cache fileHashes.bin (C:\Users\johns\projects\java-dctmutils\.gradle\8.0.2\fileHashes\fileHashes.bin)
2025-02-01T10:47:42.542-0500 [DEBUG] [org.gradle.internal.operations.DefaultBuildOperationRunner] Completing Build operation 'Snapshot outputs after executing task ':dctmutils:test''
2025-02-01T10:47:42.543-0500 [DEBUG] [org.gradle.cache.internal.btree.BTreePersistentIndexedCache] Opening cache outputFiles.bin (C:\Users\johns\projects\java-dctmutils\.gradle\buildOutputCleanup\outputFiles.bin)
2025-02-01T10:47:41.381-0500 [LIFECYCLE] [class org.gradle.internal.buildevents.TaskExecutionLogger] 
2025-02-01T10:47:41.381-0500 [LIFECYCLE] [class org.gradle.internal.buildevents.TaskExecutionLogger] > Task :dctmutils:test FAILED
2025-02-01T10:47:41.381-0500 [DEBUG] [org.gradle.api.internal.tasks.execution.ResolveTaskExecutionModeExecuter] Putting task artifact state for task ':dctmutils:test' into context took 0.0 secs.
2025-02-01T10:47:41.382-0500 [DEBUG] [org.gradle.internal.execution.steps.CaptureStateBeforeExecutionStep] Implementation for task ':dctmutils:test': org.gradle.api.tasks.testing.Test_Decorated@21f03edc25576a21abd02f15a6385d89
2025-02-01T10:47:41.383-0500 [DEBUG] [org.gradle.internal.execution.steps.CaptureStateBeforeExecutionStep] Additional implementations for task ':dctmutils:test': [org.gradle.api.tasks.testing.Test_Decorated@21f03edc25576a21abd02f15a6385d89]
2025-02-01T10:47:41.385-0500 [DEBUG] [org.gradle.api.internal.artifacts.ivyservice.resolveengine.DefaultArtifactDependencyResolver] Resolving configuration ':dctmutils:testRuntimeClasspath'
2025-02-01T10:47:41.385-0500 [DEBUG] [org.gradle.api.internal.artifacts.ivyservice.modulecache.ResolvedArtifactCaches] Reusing in-memory cache for repo 'MavenRepo' [a8be1fe3b3911d3d3425fe720cf42835].
2025-02-01T10:47:41.386-0500 [DEBUG] [org.gradle.api.internal.artifacts.ivyservice.resolveengine.graph.builder.DependencyGraphBuilder] Visiting configuration java-dctmutils:dctmutils:unspecified(testRuntimeClasspath).
2025-02-01T10:47:41.386-0500 [DEBUG] [org.gradle.api.internal.artifacts.ivyservice.ivyresolve.RepositoryChainComponentMetaDataResolver] Attempting to resolve component for com.google.guava:guava:31.1-jre using repositories [MavenRepo]
2025-02-01T10:47:41.386-0500 [DEBUG] [org.gradle.api.internal.artifacts.ivyservice.ivyresolve.CachingModuleComponentRepository] Using cached module metadata for module 'com.google.guava:guava:31.1-jre' in 'MavenRepo'
2025-02-01T10:47:41.386-0500 [DEBUG] [org.gradle.api.internal.artifacts.ivyservice.ivyresolve.RepositoryChainComponentMetaDataResolver] Using com.google.guava:guava:31.1-jre from Maven repository 'MavenRepo'
2025-02-01T10:47:41.386-0500 [DEBUG] [org.gradle.api.internal.artifacts.ivyservice.ivyresolve.RepositoryChainComponentMetaDataResolver] Attempting to resolve component for net.sourceforge.argparse4j:argparse4j:0.9.0 using repositories [MavenRepo]
2025-02-01T10:47:41.386-0500 [DEBUG] [org.gradle.api.internal.artifacts.ivyservice.ivyresolve.CachingModuleComponentRepository] Using cached module metadata for module 'net.sourceforge.argparse4j:argparse4j:0.9.0' in 'MavenRepo'
2025-02-01T10:47:41.386-0500 [DEBUG] [org.gradle.api.internal.artifacts.ivyservice.ivyresolve.RepositoryChainComponentMetaDataResolver] Using net.sourceforge.argparse4j:argparse4j:0.9.0 from Maven repository 'MavenRepo'
2025-02-01T10:47:41.386-0500 [DEBUG] [org.gradle.api.internal.artifacts.ivyservice.ivyresolve.RepositoryChainComponentMetaDataResolver] Attempting to resolve component for commons-io:commons-io:2.18.0 using repositories [MavenRepo]
2025-02-01T10:47:41.386-0500 [DEBUG] [org.gradle.api.internal.artifacts.ivyservice.ivyresolve.CachingModuleComponentRepository] Using cached module metadata for module 'commons-io:commons-io:2.18.0' in 'MavenRepo'
2025-02-01T10:47:41.386-0500 [DEBUG] [org.gradle.api.internal.artifacts.ivyservice.ivyresolve.RepositoryChainComponentMetaDataResolver] Using commons-io:commons-io:2.18.0 from Maven repository 'MavenRepo'
2025-02-01T10:47:41.387-0500 [DEBUG] [org.gradle.api.internal.artifacts.ivyservice.ivyresolve.RepositoryChainComponentMetaDataResolver] Attempting to resolve component for org.jasypt:jasypt:1.9.3 using repositories [MavenRepo]
2025-02-01T10:47:41.387-0500 [DEBUG] [org.gradle.api.internal.artifacts.ivyservice.ivyresolve.CachingModuleComponentRepository] Using cached module metadata for module 'org.jasypt:jasypt:1.9.3' in 'MavenRepo'
2025-02-01T10:47:41.387-0500 [DEBUG] [org.gradle.api.internal.artifacts.ivyservice.ivyresolve.RepositoryChainComponentMetaDataResolver] Using org.jasypt:jasypt:1.9.3 from Maven repository 'MavenRepo'
2025-02-01T10:47:41.387-0500 [DEBUG] [org.gradle.api.internal.artifacts.ivyservice.ivyresolve.RepositoryChainComponentMetaDataResolver] Attempting to resolve component for com.github.oshi:oshi-core-java11:6.6.5 using repositories [MavenRepo]
2025-02-01T10:47:41.387-0500 [DEBUG] [org.gradle.api.internal.artifacts.ivyservice.ivyresolve.CachingModuleComponentRepository] Using cached module metadata for module 'com.github.oshi:oshi-core-java11:6.6.5' in 'MavenRepo'
2025-02-01T10:47:41.387-0500 [DEBUG] [org.gradle.api.internal.artifacts.ivyservice.ivyresolve.RepositoryChainComponentMetaDataResolver] Using com.github.oshi:oshi-core-java11:6.6.5 from Maven repository 'MavenRepo'
2025-02-01T10:47:41.387-0500 [DEBUG] [org.gradle.api.internal.artifacts.ivyservice.ivyresolve.RepositoryChainComponentMetaDataResolver] Attempting to resolve component for org.dizitart:nitrite-bom:4.3.0 using repositories [MavenRepo]
2025-02-01T10:47:41.387-0500 [DEBUG] [org.gradle.api.internal.artifacts.ivyservice.ivyresolve.CachingModuleComponentRepository] Using cached module metadata for module 'org.dizitart:nitrite-bom:4.3.0' in 'MavenRepo'
2025-02-01T10:47:41.387-0500 [DEBUG] [org.gradle.api.internal.artifacts.ivyservice.ivyresolve.RepositoryChainComponentMetaDataResolver] Using org.dizitart:nitrite-bom:4.3.0 from Maven repository 'MavenRepo'
2025-02-01T10:47:41.387-0500 [DEBUG] [org.gradle.api.internal.artifacts.ivyservice.ivyresolve.RepositoryChainComponentMetaDataResolver] Attempting to resolve component for org.dizitart:nitrite:4.3.0 using repositories [MavenRepo]
2025-02-01T10:47:41.387-0500 [DEBUG] [org.gradle.api.internal.artifacts.ivyservice.ivyresolve.CachingModuleComponentRepository] Using cached module metadata for module 'org.dizitart:nitrite:4.3.0' in 'MavenRepo'
2025-02-01T10:47:41.387-0500 [DEBUG] [org.gradle.api.internal.artifacts.ivyservice.ivyresolve.RepositoryChainComponentMetaDataResolver] Using org.dizitart:nitrite:4.3.0 from Maven repository 'MavenRepo'
2025-02-01T10:47:41.387-0500 [DEBUG] [org.gradle.api.internal.artifacts.ivyservice.ivyresolve.RepositoryChainComponentMetaDataResolver] Attempting to resolve component for org.dizitart:nitrite-jackson-mapper:4.3.0 using repositories [MavenRepo]
2025-02-01T10:47:41.387-0500 [DEBUG] [org.gradle.api.internal.artifacts.ivyservice.ivyresolve.CachingModuleComponentRepository] Using cached module metadata for module 'org.dizitart:nitrite-jackson-mapper:4.3.0' in 'MavenRepo'
2025-02-01T10:47:41.387-0500 [DEBUG] [org.gradle.api.internal.artifacts.ivyservice.ivyresolve.RepositoryChainComponentMetaDataResolver] Using org.dizitart:nitrite-jackson-mapper:4.3.0 from Maven repository 'MavenRepo'
2025-02-01T10:47:41.387-0500 [DEBUG] [org.gradle.api.internal.artifacts.ivyservice.ivyresolve.RepositoryChainComponentMetaDataResolver] Attempting to resolve component for org.dizitart:nitrite-mvstore-adapter:4.3.0 using repositories [MavenRepo]
2025-02-01T10:47:41.387-0500 [DEBUG] [org.gradle.api.internal.artifacts.ivyservice.ivyresolve.CachingModuleComponentRepository] Using cached module metadata for module 'org.dizitart:nitrite-mvstore-adapter:4.3.0' in 'MavenRepo'
2025-02-01T10:47:41.387-0500 [DEBUG] [org.gradle.api.internal.artifacts.ivyservice.ivyresolve.RepositoryChainComponentMetaDataResolver] Using org.dizitart:nitrite-mvstore-adapter:4.3.0 from Maven repository 'MavenRepo'
2025-02-01T10:47:41.387-0500 [DEBUG] [org.gradle.api.internal.artifacts.ivyservice.ivyresolve.RepositoryChainComponentMetaDataResolver] Attempting to resolve component for org.apache.commons:commons-csv:1.11.0 using repositories [MavenRepo]
2025-02-01T10:47:41.388-0500 [DEBUG] [org.gradle.api.internal.artifacts.ivyservice.ivyresolve.CachingModuleComponentRepository] Using cached module metadata for module 'org.apache.commons:commons-csv:1.11.0' in 'MavenRepo'
2025-02-01T10:47:41.388-0500 [DEBUG] [org.gradle.api.internal.artifacts.ivyservice.ivyresolve.RepositoryChainComponentMetaDataResolver] Using org.apache.commons:commons-csv:1.11.0 from Maven repository 'MavenRepo'
2025-02-01T10:47:41.388-0500 [DEBUG] [org.gradle.api.internal.artifacts.ivyservice.ivyresolve.RepositoryChainComponentMetaDataResolver] Attempting to resolve component for me.tongfei:progressbar:0.9.0 using repositories [MavenRepo]
2025-02-01T10:47:41.388-0500 [DEBUG] [org.gradle.api.internal.artifacts.ivyservice.ivyresolve.CachingModuleComponentRepository] Using cached module metadata for module 'me.tongfei:progressbar:0.9.0' in 'MavenRepo'
2025-02-01T10:47:41.388-0500 [DEBUG] [org.gradle.api.internal.artifacts.ivyservice.ivyresolve.RepositoryChainComponentMetaDataResolver] Using me.tongfei:progressbar:0.9.0 from Maven repository 'MavenRepo'
2025-02-01T10:47:41.388-0500 [DEBUG] [org.gradle.api.internal.artifacts.ivyservice.ivyresolve.RepositoryChainComponentMetaDataResolver] Attempting to resolve component for org.slf4j:slf4j-nop:2.0.16 using repositories [MavenRepo]
2025-02-01T10:47:41.388-0500 [DEBUG] [org.gradle.api.internal.artifacts.ivyservice.ivyresolve.CachingModuleComponentRepository] Using cached module metadata for module 'org.slf4j:slf4j-nop:2.0.16' in 'MavenRepo'
2025-02-01T10:47:41.388-0500 [DEBUG] [org.gradle.api.internal.artifacts.ivyservice.ivyresolve.RepositoryChainComponentMetaDataResolver] Using org.slf4j:slf4j-nop:2.0.16 from Maven repository 'MavenRepo'
2025-02-01T10:47:41.388-0500 [DEBUG] [org.gradle.api.internal.artifacts.ivyservice.ivyresolve.RepositoryChainComponentMetaDataResolver] Attempting to resolve component for org.apache.commons:commons-io:1.3.2 using repositories [MavenRepo]
2025-02-01T10:47:41.388-0500 [DEBUG] [org.gradle.api.internal.artifacts.ivyservice.ivyresolve.CachingModuleComponentRepository] Using cached module metadata for module 'org.apache.commons:commons-io:1.3.2' in 'MavenRepo'
2025-02-01T10:47:41.388-0500 [DEBUG] [org.gradle.api.internal.artifacts.ivyservice.ivyresolve.RepositoryChainComponentMetaDataResolver] Using org.apache.commons:commons-io:1.3.2 from Maven repository 'MavenRepo'
2025-02-01T10:47:41.388-0500 [DEBUG] [org.gradle.api.internal.artifacts.ivyservice.ivyresolve.RepositoryChainComponentMetaDataResolver] Attempting to resolve component for io.github.classgraph:classgraph:4.8.179 using repositories [MavenRepo]
2025-02-01T10:47:41.388-0500 [DEBUG] [org.gradle.api.internal.artifacts.ivyservice.ivyresolve.CachingModuleComponentRepository] Using cached module metadata for module 'io.github.classgraph:classgraph:4.8.179' in 'MavenRepo'
2025-02-01T10:47:41.388-0500 [DEBUG] [org.gradle.api.internal.artifacts.ivyservice.ivyresolve.RepositoryChainComponentMetaDataResolver] Using io.github.classgraph:classgraph:4.8.179 from Maven repository 'MavenRepo'
2025-02-01T10:47:41.388-0500 [DEBUG] [org.gradle.api.internal.artifacts.ivyservice.ivyresolve.RepositoryChainComponentMetaDataResolver] Attempting to resolve component for org.junit.jupiter:junit-jupiter:5.9.1 using repositories [MavenRepo]
2025-02-01T10:47:41.388-0500 [DEBUG] [org.gradle.api.internal.artifacts.ivyservice.ivyresolve.CachingModuleComponentRepository] Using cached module metadata for module 'org.junit.jupiter:junit-jupiter:5.9.1' in 'MavenRepo'
2025-02-01T10:47:41.388-0500 [DEBUG] [org.gradle.api.internal.artifacts.ivyservice.ivyresolve.RepositoryChainComponentMetaDataResolver] Using org.junit.jupiter:junit-jupiter:5.9.1 from Maven repository 'MavenRepo'
2025-02-01T10:47:41.389-0500 [DEBUG] [org.gradle.api.internal.artifacts.ivyservice.resolveengine.graph.builder.DependencyGraphBuilder] Visiting configuration com.google.guava:guava:31.1-jre(runtime).
2025-02-01T10:47:41.389-0500 [DEBUG] [org.gradle.api.internal.artifacts.ivyservice.ivyresolve.RepositoryChainComponentMetaDataResolver] Attempting to resolve component for com.google.guava:failureaccess:1.0.1 using repositories [MavenRepo]
2025-02-01T10:47:41.389-0500 [DEBUG] [org.gradle.api.internal.artifacts.ivyservice.ivyresolve.CachingModuleComponentRepository] Using cached module metadata for module 'com.google.guava:failureaccess:1.0.1' in 'MavenRepo'
2025-02-01T10:47:41.389-0500 [DEBUG] [org.gradle.api.internal.artifacts.ivyservice.ivyresolve.RepositoryChainComponentMetaDataResolver] Using com.google.guava:failureaccess:1.0.1 from Maven repository 'MavenRepo'
2025-02-01T10:47:41.389-0500 [DEBUG] [org.gradle.api.internal.artifacts.ivyservice.ivyresolve.RepositoryChainComponentMetaDataResolver] Attempting to resolve component for com.google.guava:listenablefuture:9999.0-empty-to-avoid-conflict-with-guava using repositories [MavenRepo]
2025-02-01T10:47:41.389-0500 [DEBUG] [org.gradle.api.internal.artifacts.ivyservice.ivyresolve.CachingModuleComponentRepository] Using cached module metadata for module 'com.google.guava:listenablefuture:9999.0-empty-to-avoid-conflict-with-guava' in 'MavenRepo'
2025-02-01T10:47:41.389-0500 [DEBUG] [org.gradle.api.internal.artifacts.ivyservice.ivyresolve.RepositoryChainComponentMetaDataResolver] Using com.google.guava:listenablefuture:9999.0-empty-to-avoid-conflict-with-guava from Maven repository 'MavenRepo'
2025-02-01T10:47:41.389-0500 [DEBUG] [org.gradle.api.internal.artifacts.ivyservice.ivyresolve.RepositoryChainComponentMetaDataResolver] Attempting to resolve component for com.google.code.findbugs:jsr305:3.0.2 using repositories [MavenRepo]
2025-02-01T10:47:41.389-0500 [DEBUG] [org.gradle.api.internal.artifacts.ivyservice.ivyresolve.CachingModuleComponentRepository] Using cached module metadata for module 'com.google.code.findbugs:jsr305:3.0.2' in 'MavenRepo'
2025-02-01T10:47:41.389-0500 [DEBUG] [org.gradle.api.internal.artifacts.ivyservice.ivyresolve.RepositoryChainComponentMetaDataResolver] Using com.google.code.findbugs:jsr305:3.0.2 from Maven repository 'MavenRepo'
2025-02-01T10:47:41.390-0500 [DEBUG] [org.gradle.api.internal.artifacts.ivyservice.ivyresolve.RepositoryChainComponentMetaDataResolver] Attempting to resolve component for org.checkerframework:checker-qual:3.12.0 using repositories [MavenRepo]
2025-02-01T10:47:41.390-0500 [DEBUG] [org.gradle.api.internal.artifacts.ivyservice.ivyresolve.CachingModuleComponentRepository] Using cached module metadata for module 'org.checkerframework:checker-qual:3.12.0' in 'MavenRepo'
2025-02-01T10:47:41.390-0500 [DEBUG] [org.gradle.api.internal.artifacts.ivyservice.ivyresolve.RepositoryChainComponentMetaDataResolver] Using org.checkerframework:checker-qual:3.12.0 from Maven repository 'MavenRepo'
2025-02-01T10:47:41.390-0500 [DEBUG] [org.gradle.api.internal.artifacts.ivyservice.ivyresolve.RepositoryChainComponentMetaDataResolver] Attempting to resolve component for com.google.errorprone:error_prone_annotations:2.11.0 using repositories [MavenRepo]
2025-02-01T10:47:41.390-0500 [DEBUG] [org.gradle.api.internal.artifacts.ivyservice.ivyresolve.CachingModuleComponentRepository] Using cached module metadata for module 'com.google.errorprone:error_prone_annotations:2.11.0' in 'MavenRepo'
2025-02-01T10:47:41.390-0500 [DEBUG] [org.gradle.api.internal.artifacts.ivyservice.ivyresolve.RepositoryChainComponentMetaDataResolver] Using com.google.errorprone:error_prone_annotations:2.11.0 from Maven repository 'MavenRepo'
2025-02-01T10:47:41.390-0500 [DEBUG] [org.gradle.api.internal.artifacts.ivyservice.ivyresolve.RepositoryChainComponentMetaDataResolver] Attempting to resolve component for com.google.j2objc:j2objc-annotations:1.3 using repositories [MavenRepo]
2025-02-01T10:47:41.390-0500 [DEBUG] [org.gradle.api.internal.artifacts.ivyservice.ivyresolve.CachingModuleComponentRepository] Using cached module metadata for module 'com.google.j2objc:j2objc-annotations:1.3' in 'MavenRepo'
2025-02-01T10:47:41.390-0500 [DEBUG] [org.gradle.api.internal.artifacts.ivyservice.ivyresolve.RepositoryChainComponentMetaDataResolver] Using com.google.j2objc:j2objc-annotations:1.3 from Maven repository 'MavenRepo'
2025-02-01T10:47:41.390-0500 [DEBUG] [org.gradle.api.internal.artifacts.ivyservice.resolveengine.graph.builder.DependencyGraphBuilder] Visiting configuration net.sourceforge.argparse4j:argparse4j:0.9.0(runtime).
2025-02-01T10:47:41.390-0500 [DEBUG] [org.gradle.api.internal.artifacts.ivyservice.resolveengine.graph.builder.DependencyGraphBuilder] Visiting configuration commons-io:commons-io:2.18.0(runtime).
2025-02-01T10:47:41.390-0500 [DEBUG] [org.gradle.api.internal.artifacts.ivyservice.resolveengine.graph.builder.DependencyGraphBuilder] Visiting configuration org.jasypt:jasypt:1.9.3(runtime).
2025-02-01T10:47:41.390-0500 [DEBUG] [org.gradle.api.internal.artifacts.ivyservice.resolveengine.graph.builder.DependencyGraphBuilder] Visiting configuration com.github.oshi:oshi-core-java11:6.6.5(runtime).
2025-02-01T10:47:41.390-0500 [DEBUG] [org.gradle.api.internal.artifacts.ivyservice.ivyresolve.RepositoryChainComponentMetaDataResolver] Attempting to resolve component for net.java.dev.jna:jna-jpms:5.15.0 using repositories [MavenRepo]
2025-02-01T10:47:41.391-0500 [DEBUG] [org.gradle.api.internal.artifacts.ivyservice.ivyresolve.CachingModuleComponentRepository] Using cached module metadata for module 'net.java.dev.jna:jna-jpms:5.15.0' in 'MavenRepo'
2025-02-01T10:47:41.391-0500 [DEBUG] [org.gradle.api.internal.artifacts.ivyservice.ivyresolve.RepositoryChainComponentMetaDataResolver] Using net.java.dev.jna:jna-jpms:5.15.0 from Maven repository 'MavenRepo'
2025-02-01T10:47:41.391-0500 [DEBUG] [org.gradle.api.internal.artifacts.ivyservice.ivyresolve.RepositoryChainComponentMetaDataResolver] Attempting to resolve component for net.java.dev.jna:jna-platform-jpms:5.15.0 using repositories [MavenRepo]
2025-02-01T10:47:41.391-0500 [DEBUG] [org.gradle.api.internal.artifacts.ivyservice.ivyresolve.CachingModuleComponentRepository] Using cached module metadata for module 'net.java.dev.jna:jna-platform-jpms:5.15.0' in 'MavenRepo'
2025-02-01T10:47:41.391-0500 [DEBUG] [org.gradle.api.internal.artifacts.ivyservice.ivyresolve.RepositoryChainComponentMetaDataResolver] Using net.java.dev.jna:jna-platform-jpms:5.15.0 from Maven repository 'MavenRepo'
2025-02-01T10:47:41.391-0500 [DEBUG] [org.gradle.api.internal.artifacts.ivyservice.ivyresolve.RepositoryChainComponentMetaDataResolver] Attempting to resolve component for org.slf4j:slf4j-api:2.0.16 using repositories [MavenRepo]
2025-02-01T10:47:41.391-0500 [DEBUG] [org.gradle.api.internal.artifacts.ivyservice.ivyresolve.CachingModuleComponentRepository] Using cached module metadata for module 'org.slf4j:slf4j-api:2.0.16' in 'MavenRepo'
2025-02-01T10:47:41.391-0500 [DEBUG] [org.gradle.api.internal.artifacts.ivyservice.ivyresolve.RepositoryChainComponentMetaDataResolver] Using org.slf4j:slf4j-api:2.0.16 from Maven repository 'MavenRepo'
2025-02-01T10:47:41.391-0500 [DEBUG] [org.gradle.api.internal.artifacts.ivyservice.resolveengine.graph.builder.DependencyGraphBuilder] Visiting configuration org.dizitart:nitrite-bom:4.3.0(runtime).
2025-02-01T10:47:41.391-0500 [DEBUG] [org.gradle.api.internal.artifacts.ivyservice.resolveengine.graph.builder.DependencyGraphBuilder] Visiting configuration org.dizitart:nitrite:4.3.0(runtime).
2025-02-01T10:47:41.391-0500 [DEBUG] [org.gradle.api.internal.artifacts.ivyservice.ivyresolve.RepositoryChainComponentMetaDataResolver] Attempting to resolve component for commons-codec:commons-codec:1.17.0 using repositories [MavenRepo]
2025-02-01T10:47:41.392-0500 [DEBUG] [org.gradle.api.internal.artifacts.ivyservice.ivyresolve.CachingModuleComponentRepository] Using cached module metadata for module 'commons-codec:commons-codec:1.17.0' in 'MavenRepo'
2025-02-01T10:47:41.392-0500 [DEBUG] [org.gradle.api.internal.artifacts.ivyservice.ivyresolve.RepositoryChainComponentMetaDataResolver] Using commons-codec:commons-codec:1.17.0 from Maven repository 'MavenRepo'
2025-02-01T10:47:41.392-0500 [DEBUG] [org.gradle.api.internal.artifacts.ivyservice.resolveengine.graph.builder.DependencyGraphBuilder] Visiting configuration org.dizitart:nitrite-jackson-mapper:4.3.0(runtime).
2025-02-01T10:47:41.392-0500 [DEBUG] [org.gradle.api.internal.artifacts.ivyservice.ivyresolve.RepositoryChainComponentMetaDataResolver] Attempting to resolve component for com.fasterxml.jackson.core:jackson-databind:2.17.1 using repositories [MavenRepo]
2025-02-01T10:47:41.392-0500 [DEBUG] [org.gradle.api.internal.artifacts.ivyservice.ivyresolve.CachingModuleComponentRepository] Using cached module metadata for module 'com.fasterxml.jackson.core:jackson-databind:2.17.1' in 'MavenRepo'
2025-02-01T10:47:41.392-0500 [DEBUG] [org.gradle.api.internal.artifacts.ivyservice.ivyresolve.RepositoryChainComponentMetaDataResolver] Using com.fasterxml.jackson.core:jackson-databind:2.17.1 from Maven repository 'MavenRepo'
2025-02-01T10:47:41.392-0500 [DEBUG] [org.gradle.api.internal.artifacts.ivyservice.resolveengine.graph.builder.DependencyGraphBuilder] Visiting configuration org.dizitart:nitrite-mvstore-adapter:4.3.0(runtime).
2025-02-01T10:47:41.393-0500 [DEBUG] [org.gradle.api.internal.artifacts.ivyservice.ivyresolve.RepositoryChainComponentMetaDataResolver] Attempting to resolve component for com.h2database:h2-mvstore:2.2.224 using repositories [MavenRepo]
2025-02-01T10:47:41.393-0500 [DEBUG] [org.gradle.api.internal.artifacts.ivyservice.ivyresolve.CachingModuleComponentRepository] Using cached module metadata for module 'com.h2database:h2-mvstore:2.2.224' in 'MavenRepo'
2025-02-01T10:47:41.393-0500 [DEBUG] [org.gradle.api.internal.artifacts.ivyservice.ivyresolve.RepositoryChainComponentMetaDataResolver] Using com.h2database:h2-mvstore:2.2.224 from Maven repository 'MavenRepo'
2025-02-01T10:47:41.393-0500 [DEBUG] [org.gradle.api.internal.artifacts.ivyservice.resolveengine.graph.builder.DependencyGraphBuilder] Visiting configuration org.apache.commons:commons-csv:1.11.0(runtime).
2025-02-01T10:47:41.393-0500 [DEBUG] [org.gradle.api.internal.artifacts.ivyservice.resolveengine.graph.builder.DependencyGraphBuilder] Visiting configuration me.tongfei:progressbar:0.9.0(runtime).
2025-02-01T10:47:41.393-0500 [DEBUG] [org.gradle.api.internal.artifacts.ivyservice.ivyresolve.RepositoryChainComponentMetaDataResolver] Attempting to resolve component for org.jline:jline:3.16.0 using repositories [MavenRepo]
2025-02-01T10:47:41.393-0500 [DEBUG] [org.gradle.api.internal.artifacts.ivyservice.ivyresolve.CachingModuleComponentRepository] Using cached module metadata for module 'org.jline:jline:3.16.0' in 'MavenRepo'
2025-02-01T10:47:41.393-0500 [DEBUG] [org.gradle.api.internal.artifacts.ivyservice.ivyresolve.RepositoryChainComponentMetaDataResolver] Using org.jline:jline:3.16.0 from Maven repository 'MavenRepo'
2025-02-01T10:47:41.393-0500 [DEBUG] [org.gradle.api.internal.artifacts.ivyservice.resolveengine.graph.builder.DependencyGraphBuilder] Visiting configuration org.slf4j:slf4j-nop:2.0.16(runtime).
2025-02-01T10:47:41.394-0500 [DEBUG] [org.gradle.api.internal.artifacts.ivyservice.resolveengine.graph.builder.DependencyGraphBuilder] Visiting configuration org.apache.commons:commons-io:1.3.2(runtime).
2025-02-01T10:47:41.394-0500 [DEBUG] [org.gradle.api.internal.artifacts.ivyservice.resolveengine.graph.builder.DependencyGraphBuilder] Visiting configuration io.github.classgraph:classgraph:4.8.179(runtime).
2025-02-01T10:47:41.394-0500 [DEBUG] [org.gradle.api.internal.artifacts.ivyservice.resolveengine.graph.builder.DependencyGraphBuilder] Visiting configuration org.junit.jupiter:junit-jupiter:5.9.1(runtimeElements).
2025-02-01T10:47:41.394-0500 [DEBUG] [org.gradle.api.internal.artifacts.ivyservice.ivyresolve.RepositoryChainComponentMetaDataResolver] Attempting to resolve component for org.junit:junit-bom:5.9.1 using repositories [MavenRepo]
2025-02-01T10:47:41.394-0500 [DEBUG] [org.gradle.api.internal.artifacts.ivyservice.ivyresolve.CachingModuleComponentRepository] Using cached module metadata for module 'org.junit:junit-bom:5.9.1' in 'MavenRepo'
2025-02-01T10:47:41.394-0500 [DEBUG] [org.gradle.api.internal.artifacts.ivyservice.ivyresolve.RepositoryChainComponentMetaDataResolver] Using org.junit:junit-bom:5.9.1 from Maven repository 'MavenRepo'
2025-02-01T10:47:41.394-0500 [DEBUG] [org.gradle.internal.component.model.LoggingAttributeMatchingExplanationBuilder] Candidate org.junit:junit-bom:5.9.1 variant apiElements attribute org.gradle.usage value {org.gradle.category=platform, org.gradle.usage=java-api} doesn't requested value java-runtime
2025-02-01T10:47:41.394-0500 [DEBUG] [org.gradle.internal.component.model.LoggingAttributeMatchingExplanationBuilder] Candidate org.junit:junit-bom:5.9.1 variant runtimeElements doesn't have attribute org.gradle.libraryelements
2025-02-01T10:47:41.395-0500 [DEBUG] [org.gradle.internal.component.model.LoggingAttributeMatchingExplanationBuilder] Candidate org.junit:junit-bom:5.9.1 variant runtimeElements doesn't have attribute org.gradle.dependency.bundling
2025-02-01T10:47:41.395-0500 [DEBUG] [org.gradle.internal.component.model.LoggingAttributeMatchingExplanationBuilder] Candidate org.junit:junit-bom:5.9.1 variant runtimeElements doesn't have attribute org.gradle.jvm.environment
2025-02-01T10:47:41.395-0500 [DEBUG] [org.gradle.internal.component.model.LoggingAttributeMatchingExplanationBuilder] Candidate org.junit:junit-bom:5.9.1 variant runtimeElements doesn't have attribute org.gradle.jvm.version
2025-02-01T10:47:41.395-0500 [DEBUG] [org.gradle.internal.component.model.LoggingAttributeMatchingExplanationBuilder] Candidate org.junit:junit-bom:5.9.1 variant enforcedApiElements attribute org.gradle.category value {org.gradle.category=enforced-platform} doesn't requested value platform
2025-02-01T10:47:41.395-0500 [DEBUG] [org.gradle.internal.component.model.LoggingAttributeMatchingExplanationBuilder] Candidate org.junit:junit-bom:5.9.1 variant enforcedRuntimeElements attribute org.gradle.category value {org.gradle.category=enforced-platform} doesn't requested value platform
2025-02-01T10:47:41.395-0500 [DEBUG] [org.gradle.internal.component.model.ComponentAttributeMatcher] Selected matches [org.junit:junit-bom:5.9.1 variant runtimeElements] from candidates [org.junit:junit-bom:5.9.1 variant apiElements, org.junit:junit-bom:5.9.1 variant runtimeElements, org.junit:junit-bom:5.9.1 variant enforcedApiElements, org.junit:junit-bom:5.9.1 variant enforcedRuntimeElements] for {org.gradle.category=platform, org.gradle.dependency.bundling=external, org.gradle.jvm.environment=standard-jvm, org.gradle.jvm.version=11, org.gradle.libraryelements=jar, org.gradle.usage=java-runtime}
2025-02-01T10:47:41.396-0500 [DEBUG] [org.gradle.api.internal.artifacts.ivyservice.ivyresolve.RepositoryChainComponentMetaDataResolver] Attempting to resolve component for org.junit.jupiter:junit-jupiter-api:5.9.1 using repositories [MavenRepo]
2025-02-01T10:47:41.396-0500 [DEBUG] [org.gradle.api.internal.artifacts.ivyservice.ivyresolve.CachingModuleComponentRepository] Using cached module metadata for module 'org.junit.jupiter:junit-jupiter-api:5.9.1' in 'MavenRepo'
2025-02-01T10:47:41.396-0500 [DEBUG] [org.gradle.api.internal.artifacts.ivyservice.ivyresolve.RepositoryChainComponentMetaDataResolver] Using org.junit.jupiter:junit-jupiter-api:5.9.1 from Maven repository 'MavenRepo'
2025-02-01T10:47:41.396-0500 [DEBUG] [org.gradle.internal.component.model.LoggingAttributeMatchingExplanationBuilder] Candidate org.junit.jupiter:junit-jupiter-api:5.9.1 variant apiElements attribute org.gradle.usage value {org.gradle.category=library, org.gradle.dependency.bundling=external, org.gradle.jvm.environment=standard-jvm, org.gradle.jvm.version=8, org.gradle.libraryelements=jar, org.gradle.usage=java-api} doesn't requested value java-runtime
2025-02-01T10:47:41.396-0500 [DEBUG] [org.gradle.internal.component.model.LoggingAttributeMatchingExplanationBuilder] Candidate org.junit.jupiter:junit-jupiter-api:5.9.1 variant javadocElements attribute org.gradle.category value {org.gradle.category=documentation} doesn't requested value library
2025-02-01T10:47:41.396-0500 [DEBUG] [org.gradle.internal.component.model.LoggingAttributeMatchingExplanationBuilder] Candidate org.junit.jupiter:junit-jupiter-api:5.9.1 variant sourcesElements attribute org.gradle.category value {org.gradle.category=documentation} doesn't requested value library
2025-02-01T10:47:41.396-0500 [DEBUG] [org.gradle.internal.component.model.ComponentAttributeMatcher] Selected matches [org.junit.jupiter:junit-jupiter-api:5.9.1 variant runtimeElements] from candidates [org.junit.jupiter:junit-jupiter-api:5.9.1 variant apiElements, org.junit.jupiter:junit-jupiter-api:5.9.1 variant runtimeElements, org.junit.jupiter:junit-jupiter-api:5.9.1 variant javadocElements, org.junit.jupiter:junit-jupiter-api:5.9.1 variant sourcesElements] for {org.gradle.category=library, org.gradle.dependency.bundling=external, org.gradle.jvm.environment=standard-jvm, org.gradle.jvm.version=11, org.gradle.libraryelements=jar, org.gradle.usage=java-runtime}
2025-02-01T10:47:41.396-0500 [DEBUG] [org.gradle.api.internal.artifacts.ivyservice.ivyresolve.RepositoryChainComponentMetaDataResolver] Attempting to resolve component for org.junit.jupiter:junit-jupiter-params:5.9.1 using repositories [MavenRepo]
2025-02-01T10:47:41.396-0500 [DEBUG] [org.gradle.api.internal.artifacts.ivyservice.ivyresolve.CachingModuleComponentRepository] Using cached module metadata for module 'org.junit.jupiter:junit-jupiter-params:5.9.1' in 'MavenRepo'
2025-02-01T10:47:41.397-0500 [DEBUG] [org.gradle.api.internal.artifacts.ivyservice.ivyresolve.RepositoryChainComponentMetaDataResolver] Using org.junit.jupiter:junit-jupiter-params:5.9.1 from Maven repository 'MavenRepo'
2025-02-01T10:47:41.397-0500 [DEBUG] [org.gradle.internal.component.model.LoggingAttributeMatchingExplanationBuilder] Candidate org.junit.jupiter:junit-jupiter-params:5.9.1 variant apiElements attribute org.gradle.usage value {org.gradle.category=library, org.gradle.dependency.bundling=external, org.gradle.jvm.environment=standard-jvm, org.gradle.jvm.version=8, org.gradle.libraryelements=jar, org.gradle.usage=java-api} doesn't requested value java-runtime
2025-02-01T10:47:41.397-0500 [DEBUG] [org.gradle.internal.component.model.LoggingAttributeMatchingExplanationBuilder] Candidate org.junit.jupiter:junit-jupiter-params:5.9.1 variant javadocElements attribute org.gradle.category value {org.gradle.category=documentation} doesn't requested value library
2025-02-01T10:47:41.397-0500 [DEBUG] [org.gradle.internal.component.model.LoggingAttributeMatchingExplanationBuilder] Candidate org.junit.jupiter:junit-jupiter-params:5.9.1 variant sourcesElements attribute org.gradle.category value {org.gradle.category=documentation} doesn't requested value library
2025-02-01T10:47:41.397-0500 [DEBUG] [org.gradle.internal.component.model.LoggingAttributeMatchingExplanationBuilder] Candidate org.junit.jupiter:junit-jupiter-params:5.9.1 variant shadowRuntimeElements doesn't have attribute org.gradle.jvm.environment
2025-02-01T10:47:41.397-0500 [DEBUG] [org.gradle.internal.component.model.LoggingAttributeMatchingExplanationBuilder] Candidate org.junit.jupiter:junit-jupiter-params:5.9.1 variant shadowRuntimeElements doesn't have attribute org.gradle.jvm.version
2025-02-01T10:47:41.397-0500 [DEBUG] [org.gradle.internal.component.model.LoggingAttributeMatchingExplanationBuilder] Candidate org.junit.jupiter:junit-jupiter-params:5.9.1 variant runtimeElements selected because its attributes are a superset of all other candidate attributes
2025-02-01T10:47:41.397-0500 [DEBUG] [org.gradle.internal.component.model.ComponentAttributeMatcher] Selected matches [org.junit.jupiter:junit-jupiter-params:5.9.1 variant runtimeElements] from candidates [org.junit.jupiter:junit-jupiter-params:5.9.1 variant apiElements, org.junit.jupiter:junit-jupiter-params:5.9.1 variant runtimeElements, org.junit.jupiter:junit-jupiter-params:5.9.1 variant javadocElements, org.junit.jupiter:junit-jupiter-params:5.9.1 variant sourcesElements, org.junit.jupiter:junit-jupiter-params:5.9.1 variant shadowRuntimeElements] for {org.gradle.category=library, org.gradle.dependency.bundling=external, org.gradle.jvm.environment=standard-jvm, org.gradle.jvm.version=11, org.gradle.libraryelements=jar, org.gradle.usage=java-runtime}
2025-02-01T10:47:41.397-0500 [DEBUG] [org.gradle.api.internal.artifacts.ivyservice.ivyresolve.RepositoryChainComponentMetaDataResolver] Attempting to resolve component for org.junit.jupiter:junit-jupiter-engine:5.9.1 using repositories [MavenRepo]
2025-02-01T10:47:41.397-0500 [DEBUG] [org.gradle.api.internal.artifacts.ivyservice.ivyresolve.CachingModuleComponentRepository] Using cached module metadata for module 'org.junit.jupiter:junit-jupiter-engine:5.9.1' in 'MavenRepo'
2025-02-01T10:47:41.397-0500 [DEBUG] [org.gradle.api.internal.artifacts.ivyservice.ivyresolve.RepositoryChainComponentMetaDataResolver] Using org.junit.jupiter:junit-jupiter-engine:5.9.1 from Maven repository 'MavenRepo'
2025-02-01T10:47:41.397-0500 [DEBUG] [org.gradle.api.internal.artifacts.ivyservice.resolveengine.graph.builder.DependencyGraphBuilder] Visiting configuration com.google.guava:failureaccess:1.0.1(runtime).
2025-02-01T10:47:41.397-0500 [DEBUG] [org.gradle.api.internal.artifacts.ivyservice.resolveengine.graph.builder.DependencyGraphBuilder] Visiting configuration com.google.guava:listenablefuture:9999.0-empty-to-avoid-conflict-with-guava(runtime).
2025-02-01T10:47:41.397-0500 [DEBUG] [org.gradle.api.internal.artifacts.ivyservice.resolveengine.graph.builder.DependencyGraphBuilder] Visiting configuration com.google.code.findbugs:jsr305:3.0.2(runtime).
2025-02-01T10:47:41.397-0500 [DEBUG] [org.gradle.api.internal.artifacts.ivyservice.resolveengine.graph.builder.DependencyGraphBuilder] Visiting configuration org.checkerframework:checker-qual:3.12.0(runtimeElements).
2025-02-01T10:47:41.397-0500 [DEBUG] [org.gradle.api.internal.artifacts.ivyservice.resolveengine.graph.builder.DependencyGraphBuilder] Visiting configuration com.google.errorprone:error_prone_annotations:2.11.0(runtime).
2025-02-01T10:47:41.397-0500 [DEBUG] [org.gradle.api.internal.artifacts.ivyservice.resolveengine.graph.builder.DependencyGraphBuilder] Visiting configuration com.google.j2objc:j2objc-annotations:1.3(runtime).
2025-02-01T10:47:41.397-0500 [DEBUG] [org.gradle.api.internal.artifacts.ivyservice.resolveengine.graph.builder.DependencyGraphBuilder] Visiting configuration net.java.dev.jna:jna-jpms:5.15.0(runtime).
2025-02-01T10:47:41.397-0500 [DEBUG] [org.gradle.api.internal.artifacts.ivyservice.resolveengine.graph.builder.DependencyGraphBuilder] Visiting configuration net.java.dev.jna:jna-platform-jpms:5.15.0(runtime).
2025-02-01T10:47:41.398-0500 [DEBUG] [org.gradle.api.internal.artifacts.ivyservice.resolveengine.graph.builder.DependencyGraphBuilder] Visiting configuration org.slf4j:slf4j-api:2.0.16(runtime).
2025-02-01T10:47:41.398-0500 [DEBUG] [org.gradle.api.internal.artifacts.ivyservice.resolveengine.graph.builder.DependencyGraphBuilder] Visiting configuration org.jasypt:jasypt:1.9.3(runtime).
2025-02-01T10:47:41.398-0500 [DEBUG] [org.gradle.api.internal.artifacts.ivyservice.resolveengine.graph.builder.NodeState] Changed edges for org.jasypt:jasypt:1.9.3(runtime) selects same versions as previous traversal. ignoring
2025-02-01T10:47:41.398-0500 [DEBUG] [org.gradle.api.internal.artifacts.ivyservice.resolveengine.graph.builder.DependencyGraphBuilder] Visiting configuration commons-codec:commons-codec:1.17.0(runtime).
2025-02-01T10:47:41.398-0500 [DEBUG] [org.gradle.api.internal.artifacts.ivyservice.resolveengine.graph.builder.DependencyGraphBuilder] Visiting configuration org.dizitart:nitrite:4.3.0(runtime).
2025-02-01T10:47:41.398-0500 [DEBUG] [org.gradle.api.internal.artifacts.ivyservice.resolveengine.graph.builder.NodeState] Changed edges for org.dizitart:nitrite:4.3.0(runtime) selects same versions as previous traversal. ignoring
2025-02-01T10:47:41.398-0500 [DEBUG] [org.gradle.api.internal.artifacts.ivyservice.resolveengine.graph.builder.DependencyGraphBuilder] Visiting configuration com.fasterxml.jackson.core:jackson-databind:2.17.1(runtimeElements).
2025-02-01T10:47:41.398-0500 [DEBUG] [org.gradle.api.internal.artifacts.ivyservice.ivyresolve.RepositoryChainComponentMetaDataResolver] Attempting to resolve component for com.fasterxml.jackson:jackson-bom:2.17.1 using repositories [MavenRepo]
2025-02-01T10:47:41.398-0500 [DEBUG] [org.gradle.api.internal.artifacts.ivyservice.ivyresolve.CachingModuleComponentRepository] Using cached module metadata for module 'com.fasterxml.jackson:jackson-bom:2.17.1' in 'MavenRepo'
2025-02-01T10:47:41.398-0500 [DEBUG] [org.gradle.api.internal.artifacts.ivyservice.ivyresolve.RepositoryChainComponentMetaDataResolver] Using com.fasterxml.jackson:jackson-bom:2.17.1 from Maven repository 'MavenRepo'
2025-02-01T10:47:41.398-0500 [DEBUG] [org.gradle.api.internal.artifacts.ivyservice.ivyresolve.RepositoryChainComponentMetaDataResolver] Attempting to resolve component for com.fasterxml.jackson.core:jackson-annotations:2.17.1 using repositories [MavenRepo]
2025-02-01T10:47:41.398-0500 [DEBUG] [org.gradle.api.internal.artifacts.ivyservice.ivyresolve.CachingModuleComponentRepository] Using cached module metadata for module 'com.fasterxml.jackson.core:jackson-annotations:2.17.1' in 'MavenRepo'
2025-02-01T10:47:41.398-0500 [DEBUG] [org.gradle.api.internal.artifacts.ivyservice.ivyresolve.RepositoryChainComponentMetaDataResolver] Using com.fasterxml.jackson.core:jackson-annotations:2.17.1 from Maven repository 'MavenRepo'
2025-02-01T10:47:41.398-0500 [DEBUG] [org.gradle.api.internal.artifacts.ivyservice.ivyresolve.RepositoryChainComponentMetaDataResolver] Attempting to resolve component for com.fasterxml.jackson.core:jackson-core:2.17.1 using repositories [MavenRepo]
2025-02-01T10:47:41.399-0500 [DEBUG] [org.gradle.api.internal.artifacts.ivyservice.ivyresolve.CachingModuleComponentRepository] Using cached module metadata for module 'com.fasterxml.jackson.core:jackson-core:2.17.1' in 'MavenRepo'
2025-02-01T10:47:41.399-0500 [DEBUG] [org.gradle.api.internal.artifacts.ivyservice.ivyresolve.RepositoryChainComponentMetaDataResolver] Using com.fasterxml.jackson.core:jackson-core:2.17.1 from Maven repository 'MavenRepo'
2025-02-01T10:47:41.399-0500 [DEBUG] [org.gradle.api.internal.artifacts.ivyservice.resolveengine.graph.builder.DependencyGraphBuilder] Visiting configuration com.h2database:h2-mvstore:2.2.224(runtime).
2025-02-01T10:47:41.399-0500 [DEBUG] [org.gradle.api.internal.artifacts.ivyservice.resolveengine.graph.builder.DependencyGraphBuilder] Visiting configuration commons-io:commons-io:2.18.0(runtime).
2025-02-01T10:47:41.399-0500 [DEBUG] [org.gradle.api.internal.artifacts.ivyservice.resolveengine.graph.builder.NodeState] Changed edges for commons-io:commons-io:2.18.0(runtime) selects same versions as previous traversal. ignoring
2025-02-01T10:47:41.399-0500 [DEBUG] [org.gradle.api.internal.artifacts.ivyservice.resolveengine.graph.builder.DependencyGraphBuilder] Visiting configuration org.jline:jline:3.16.0(runtime).
2025-02-01T10:47:41.399-0500 [DEBUG] [org.gradle.api.internal.artifacts.ivyservice.resolveengine.graph.builder.DependencyGraphBuilder] Visiting configuration org.junit:junit-bom:5.9.1(runtimeElements).
2025-02-01T10:47:41.399-0500 [DEBUG] [org.gradle.api.internal.artifacts.ivyservice.resolveengine.graph.builder.DependencyGraphBuilder] Visiting configuration org.junit.jupiter:junit-jupiter-api:5.9.1(runtimeElements).
2025-02-01T10:47:41.399-0500 [DEBUG] [org.gradle.api.internal.artifacts.ivyservice.ivyresolve.RepositoryChainComponentMetaDataResolver] Attempting to resolve component for org.opentest4j:opentest4j:1.2.0 using repositories [MavenRepo]
2025-02-01T10:47:41.399-0500 [DEBUG] [org.gradle.api.internal.artifacts.ivyservice.ivyresolve.CachingModuleComponentRepository] Using cached module metadata for module 'org.opentest4j:opentest4j:1.2.0' in 'MavenRepo'
2025-02-01T10:47:41.399-0500 [DEBUG] [org.gradle.api.internal.artifacts.ivyservice.ivyresolve.RepositoryChainComponentMetaDataResolver] Using org.opentest4j:opentest4j:1.2.0 from Maven repository 'MavenRepo'
2025-02-01T10:47:41.400-0500 [DEBUG] [org.gradle.api.internal.artifacts.ivyservice.resolveengine.graph.builder.DependencyGraphBuilder] Visiting configuration org.junit:junit-bom:5.9.1(runtimeElements).
2025-02-01T10:47:41.400-0500 [DEBUG] [org.gradle.api.internal.artifacts.ivyservice.ivyresolve.RepositoryChainComponentMetaDataResolver] Attempting to resolve component for org.junit.platform:junit-platform-commons:1.9.1 using repositories [MavenRepo]
2025-02-01T10:47:41.400-0500 [DEBUG] [org.gradle.api.internal.artifacts.ivyservice.ivyresolve.CachingModuleComponentRepository] Using cached module metadata for module 'org.junit.platform:junit-platform-commons:1.9.1' in 'MavenRepo'
2025-02-01T10:47:41.400-0500 [DEBUG] [org.gradle.api.internal.artifacts.ivyservice.ivyresolve.RepositoryChainComponentMetaDataResolver] Using org.junit.platform:junit-platform-commons:1.9.1 from Maven repository 'MavenRepo'
2025-02-01T10:47:41.400-0500 [DEBUG] [org.gradle.api.internal.artifacts.ivyservice.resolveengine.graph.builder.DependencyGraphBuilder] Visiting configuration org.junit.jupiter:junit-jupiter-params:5.9.1(runtimeElements).
2025-02-01T10:47:41.400-0500 [DEBUG] [org.gradle.api.internal.artifacts.ivyservice.resolveengine.graph.builder.DependencyGraphBuilder] Visiting configuration org.junit.jupiter:junit-jupiter-engine:5.9.1(runtimeElements).
2025-02-01T10:47:41.400-0500 [DEBUG] [org.gradle.api.internal.artifacts.ivyservice.resolveengine.graph.builder.DependencyGraphBuilder] Visiting configuration net.java.dev.jna:jna-jpms:5.15.0(runtime).
2025-02-01T10:47:41.400-0500 [DEBUG] [org.gradle.api.internal.artifacts.ivyservice.resolveengine.graph.builder.NodeState] Changed edges for net.java.dev.jna:jna-jpms:5.15.0(runtime) selects same versions as previous traversal. ignoring
2025-02-01T10:47:41.400-0500 [DEBUG] [org.gradle.api.internal.artifacts.ivyservice.resolveengine.graph.builder.DependencyGraphBuilder] Visiting configuration com.fasterxml.jackson:jackson-bom:2.17.1(platform-runtime).
2025-02-01T10:47:41.401-0500 [DEBUG] [org.gradle.api.internal.artifacts.ivyservice.resolveengine.graph.builder.DependencyGraphBuilder] Visiting configuration com.fasterxml.jackson.core:jackson-annotations:2.17.1(runtimeElements).
2025-02-01T10:47:41.401-0500 [DEBUG] [org.gradle.api.internal.artifacts.ivyservice.resolveengine.graph.builder.DependencyGraphBuilder] Visiting configuration com.fasterxml.jackson.core:jackson-core:2.17.1(runtimeElements).
2025-02-01T10:47:41.401-0500 [DEBUG] [org.gradle.api.internal.artifacts.ivyservice.resolveengine.graph.builder.DependencyGraphBuilder] Visiting configuration org.junit.jupiter:junit-jupiter:5.9.1(runtimeElements).
2025-02-01T10:47:41.401-0500 [DEBUG] [org.gradle.api.internal.artifacts.ivyservice.resolveengine.graph.builder.NodeState] Changed edges for org.junit.jupiter:junit-jupiter:5.9.1(runtimeElements) selects same versions as previous traversal. ignoring
2025-02-01T10:47:41.401-0500 [DEBUG] [org.gradle.api.internal.artifacts.ivyservice.resolveengine.graph.builder.DependencyGraphBuilder] Visiting configuration org.opentest4j:opentest4j:1.2.0(runtime).
2025-02-01T10:47:41.401-0500 [DEBUG] [org.gradle.api.internal.artifacts.ivyservice.resolveengine.graph.builder.DependencyGraphBuilder] Visiting configuration org.junit.platform:junit-platform-commons:1.9.1(runtimeElements).
2025-02-01T10:47:41.401-0500 [DEBUG] [org.gradle.api.internal.artifacts.ivyservice.resolveengine.graph.builder.DependencyGraphBuilder] Visiting configuration org.junit:junit-bom:5.9.1(runtimeElements).
2025-02-01T10:47:41.402-0500 [DEBUG] [org.gradle.api.internal.artifacts.ivyservice.ivyresolve.RepositoryChainComponentMetaDataResolver] Attempting to resolve component for org.junit.platform:junit-platform-engine:1.9.1 using repositories [MavenRepo]
2025-02-01T10:47:41.402-0500 [DEBUG] [org.gradle.api.internal.artifacts.ivyservice.ivyresolve.CachingModuleComponentRepository] Using cached module metadata for module 'org.junit.platform:junit-platform-engine:1.9.1' in 'MavenRepo'
2025-02-01T10:47:41.402-0500 [DEBUG] [org.gradle.api.internal.artifacts.ivyservice.ivyresolve.RepositoryChainComponentMetaDataResolver] Using org.junit.platform:junit-platform-engine:1.9.1 from Maven repository 'MavenRepo'
2025-02-01T10:47:41.402-0500 [DEBUG] [org.gradle.api.internal.artifacts.ivyservice.resolveengine.graph.builder.DependencyGraphBuilder] Visiting configuration org.junit.jupiter:junit-jupiter-api:5.9.1(runtimeElements).
2025-02-01T10:47:41.402-0500 [DEBUG] [org.gradle.api.internal.artifacts.ivyservice.resolveengine.graph.builder.NodeState] Changed edges for org.junit.jupiter:junit-jupiter-api:5.9.1(runtimeElements) selects same versions as previous traversal. ignoring
2025-02-01T10:47:41.402-0500 [DEBUG] [org.gradle.api.internal.artifacts.ivyservice.resolveengine.graph.builder.DependencyGraphBuilder] Visiting configuration com.fasterxml.jackson.core:jackson-databind:2.17.1(runtimeElements).
2025-02-01T10:47:41.403-0500 [DEBUG] [org.gradle.api.internal.artifacts.ivyservice.resolveengine.graph.builder.NodeState] Changed edges for com.fasterxml.jackson.core:jackson-databind:2.17.1(runtimeElements) selects same versions as previous traversal. ignoring
2025-02-01T10:47:41.403-0500 [DEBUG] [org.gradle.api.internal.artifacts.ivyservice.resolveengine.graph.builder.DependencyGraphBuilder] Visiting configuration com.fasterxml.jackson:jackson-bom:2.17.1(platform-runtime).
2025-02-01T10:47:41.403-0500 [DEBUG] [org.gradle.api.internal.artifacts.ivyservice.resolveengine.graph.builder.NodeState] Changed edges for com.fasterxml.jackson:jackson-bom:2.17.1(platform-runtime) selects same versions as previous traversal. ignoring
2025-02-01T10:47:41.403-0500 [DEBUG] [org.gradle.api.internal.artifacts.ivyservice.resolveengine.graph.builder.DependencyGraphBuilder] Visiting configuration org.junit.platform:junit-platform-engine:1.9.1(runtimeElements).
2025-02-01T10:47:41.403-0500 [DEBUG] [org.gradle.api.internal.artifacts.ivyservice.resolveengine.graph.builder.DependencyGraphBuilder] Visiting configuration org.junit:junit-bom:5.9.1(runtimeElements).
2025-02-01T10:47:41.403-0500 [DEBUG] [org.gradle.api.internal.artifacts.ivyservice.resolveengine.graph.builder.NodeState] Changed edges for org.junit:junit-bom:5.9.1(runtimeElements) selects same versions as previous traversal. ignoring
2025-02-01T10:47:41.403-0500 [DEBUG] [org.gradle.api.internal.artifacts.ivyservice.resolveengine.graph.builder.DependencyGraphBuilder] Visiting configuration org.opentest4j:opentest4j:1.2.0(runtime).
2025-02-01T10:47:41.403-0500 [DEBUG] [org.gradle.api.internal.artifacts.ivyservice.resolveengine.graph.builder.NodeState] Changed edges for org.opentest4j:opentest4j:1.2.0(runtime) selects same versions as previous traversal. ignoring
2025-02-01T10:47:41.403-0500 [DEBUG] [org.gradle.api.internal.artifacts.ivyservice.resolveengine.graph.builder.DependencyGraphBuilder] Visiting configuration org.junit.platform:junit-platform-commons:1.9.1(runtimeElements).
2025-02-01T10:47:41.403-0500 [DEBUG] [org.gradle.api.internal.artifacts.ivyservice.resolveengine.graph.builder.NodeState] Changed edges for org.junit.platform:junit-platform-commons:1.9.1(runtimeElements) selects same versions as previous traversal. ignoring
2025-02-01T10:47:41.404-0500 [DEBUG] [org.gradle.api.internal.artifacts.ivyservice.resolveengine.oldresult.TransientConfigurationResultsBuilder] Flushing resolved configuration data in Binary store in C:\Users\johns\.gradle\.tmp\gradle2187517725356270399.bin. Wrote root 2.
2025-02-01T10:47:41.405-0500 [DEBUG] [org.gradle.internal.operations.DefaultBuildOperationRunner] Build operation 'Resolve dependencies of :dctmutils:testRuntimeClasspath' completed
2025-02-01T10:47:41.405-0500 [DEBUG] [org.gradle.internal.component.model.LoggingAttributeMatchingExplanationBuilder] Selected match com.google.guava:guava:31.1-jre configuration runtime from candidates [com.google.guava:guava:31.1-jre configuration runtime] for {org.gradle.category=library, org.gradle.dependency.bundling=external, org.gradle.jvm.environment=standard-jvm, org.gradle.jvm.version=11, org.gradle.libraryelements=jar, org.gradle.usage=java-runtime}
2025-02-01T10:47:41.405-0500 [DEBUG] [org.gradle.internal.component.model.LoggingAttributeMatchingExplanationBuilder] Selected match net.sourceforge.argparse4j:argparse4j:0.9.0 configuration runtime from candidates [net.sourceforge.argparse4j:argparse4j:0.9.0 configuration runtime] for {org.gradle.category=library, org.gradle.dependency.bundling=external, org.gradle.jvm.environment=standard-jvm, org.gradle.jvm.version=11, org.gradle.libraryelements=jar, org.gradle.usage=java-runtime}
2025-02-01T10:47:41.405-0500 [DEBUG] [org.gradle.internal.component.model.LoggingAttributeMatchingExplanationBuilder] Selected match org.apache.commons:commons-csv:1.11.0 configuration runtime from candidates [org.apache.commons:commons-csv:1.11.0 configuration runtime] for {org.gradle.category=library, org.gradle.dependency.bundling=external, org.gradle.jvm.environment=standard-jvm, org.gradle.jvm.version=11, org.gradle.libraryelements=jar, org.gradle.usage=java-runtime}
2025-02-01T10:47:41.405-0500 [DEBUG] [org.gradle.internal.component.model.LoggingAttributeMatchingExplanationBuilder] Selected match org.apache.commons:commons-io:1.3.2 configuration runtime from candidates [org.apache.commons:commons-io:1.3.2 configuration runtime] for {org.gradle.category=library, org.gradle.dependency.bundling=external, org.gradle.jvm.environment=standard-jvm, org.gradle.jvm.version=11, org.gradle.libraryelements=jar, org.gradle.usage=java-runtime}
2025-02-01T10:47:41.405-0500 [DEBUG] [org.gradle.internal.component.model.LoggingAttributeMatchingExplanationBuilder] Selected match commons-io:commons-io:2.18.0 configuration runtime from candidates [commons-io:commons-io:2.18.0 configuration runtime] for {org.gradle.category=library, org.gradle.dependency.bundling=external, org.gradle.jvm.environment=standard-jvm, org.gradle.jvm.version=11, org.gradle.libraryelements=jar, org.gradle.usage=java-runtime}
2025-02-01T10:47:41.405-0500 [DEBUG] [org.gradle.internal.component.model.LoggingAttributeMatchingExplanationBuilder] Selected match org.dizitart:nitrite-jackson-mapper:4.3.0 configuration runtime from candidates [org.dizitart:nitrite-jackson-mapper:4.3.0 configuration runtime] for {org.gradle.category=library, org.gradle.dependency.bundling=external, org.gradle.jvm.environment=standard-jvm, org.gradle.jvm.version=11, org.gradle.libraryelements=jar, org.gradle.usage=java-runtime}
2025-02-01T10:47:41.405-0500 [DEBUG] [org.gradle.internal.component.model.LoggingAttributeMatchingExplanationBuilder] Selected match org.dizitart:nitrite-mvstore-adapter:4.3.0 configuration runtime from candidates [org.dizitart:nitrite-mvstore-adapter:4.3.0 configuration runtime] for {org.gradle.category=library, org.gradle.dependency.bundling=external, org.gradle.jvm.environment=standard-jvm, org.gradle.jvm.version=11, org.gradle.libraryelements=jar, org.gradle.usage=java-runtime}
2025-02-01T10:47:41.405-0500 [DEBUG] [org.gradle.internal.component.model.LoggingAttributeMatchingExplanationBuilder] Selected match org.dizitart:nitrite:4.3.0 configuration runtime from candidates [org.dizitart:nitrite:4.3.0 configuration runtime] for {org.gradle.category=library, org.gradle.dependency.bundling=external, org.gradle.jvm.environment=standard-jvm, org.gradle.jvm.version=11, org.gradle.libraryelements=jar, org.gradle.usage=java-runtime}
2025-02-01T10:47:41.405-0500 [DEBUG] [org.gradle.internal.component.model.LoggingAttributeMatchingExplanationBuilder] Selected match org.jasypt:jasypt:1.9.3 configuration runtime from candidates [org.jasypt:jasypt:1.9.3 configuration runtime] for {org.gradle.category=library, org.gradle.dependency.bundling=external, org.gradle.jvm.environment=standard-jvm, org.gradle.jvm.version=11, org.gradle.libraryelements=jar, org.gradle.usage=java-runtime}
2025-02-01T10:47:41.405-0500 [DEBUG] [org.gradle.internal.component.model.LoggingAttributeMatchingExplanationBuilder] Selected match com.github.oshi:oshi-core-java11:6.6.5 configuration runtime from candidates [com.github.oshi:oshi-core-java11:6.6.5 configuration runtime] for {org.gradle.category=library, org.gradle.dependency.bundling=external, org.gradle.jvm.environment=standard-jvm, org.gradle.jvm.version=11, org.gradle.libraryelements=jar, org.gradle.usage=java-runtime}
2025-02-01T10:47:41.405-0500 [DEBUG] [org.gradle.internal.component.model.LoggingAttributeMatchingExplanationBuilder] Selected match org.dizitart:nitrite-bom:4.3.0 configuration runtime from candidates [org.dizitart:nitrite-bom:4.3.0 configuration runtime] for {org.gradle.category=library, org.gradle.dependency.bundling=external, org.gradle.jvm.environment=standard-jvm, org.gradle.jvm.version=11, org.gradle.libraryelements=jar, org.gradle.usage=java-runtime}
2025-02-01T10:47:41.406-0500 [DEBUG] [org.gradle.internal.component.model.LoggingAttributeMatchingExplanationBuilder] Selected match me.tongfei:progressbar:0.9.0 configuration runtime from candidates [me.tongfei:progressbar:0.9.0 configuration runtime] for {org.gradle.category=library, org.gradle.dependency.bundling=external, org.gradle.jvm.environment=standard-jvm, org.gradle.jvm.version=11, org.gradle.libraryelements=jar, org.gradle.usage=java-runtime}
2025-02-01T10:47:41.406-0500 [DEBUG] [org.gradle.internal.component.model.LoggingAttributeMatchingExplanationBuilder] Selected match org.slf4j:slf4j-nop:2.0.16 configuration runtime from candidates [org.slf4j:slf4j-nop:2.0.16 configuration runtime] for {org.gradle.category=library, org.gradle.dependency.bundling=external, org.gradle.jvm.environment=standard-jvm, org.gradle.jvm.version=11, org.gradle.libraryelements=jar, org.gradle.usage=java-runtime}
2025-02-01T10:47:41.406-0500 [DEBUG] [org.gradle.internal.component.model.LoggingAttributeMatchingExplanationBuilder] Selected match io.github.classgraph:classgraph:4.8.179 configuration runtime from candidates [io.github.classgraph:classgraph:4.8.179 configuration runtime] for {org.gradle.category=library, org.gradle.dependency.bundling=external, org.gradle.jvm.environment=standard-jvm, org.gradle.jvm.version=11, org.gradle.libraryelements=jar, org.gradle.usage=java-runtime}
2025-02-01T10:47:41.406-0500 [DEBUG] [org.gradle.internal.component.model.LoggingAttributeMatchingExplanationBuilder] Selected match org.junit.jupiter:junit-jupiter-params:5.9.1 variant runtimeElements from candidates [org.junit.jupiter:junit-jupiter-params:5.9.1 variant runtimeElements] for {org.gradle.category=library, org.gradle.dependency.bundling=external, org.gradle.jvm.environment=standard-jvm, org.gradle.jvm.version=11, org.gradle.libraryelements=jar, org.gradle.usage=java-runtime}
2025-02-01T10:47:41.406-0500 [DEBUG] [org.gradle.internal.component.model.LoggingAttributeMatchingExplanationBuilder] Selected match org.junit.jupiter:junit-jupiter-engine:5.9.1 variant runtimeElements from candidates [org.junit.jupiter:junit-jupiter-engine:5.9.1 variant runtimeElements] for {org.gradle.category=library, org.gradle.dependency.bundling=external, org.gradle.jvm.environment=standard-jvm, org.gradle.jvm.version=11, org.gradle.libraryelements=jar, org.gradle.usage=java-runtime}
2025-02-01T10:47:41.406-0500 [DEBUG] [org.gradle.internal.component.model.LoggingAttributeMatchingExplanationBuilder] Selected match org.junit.jupiter:junit-jupiter-api:5.9.1 variant runtimeElements from candidates [org.junit.jupiter:junit-jupiter-api:5.9.1 variant runtimeElements] for {org.gradle.category=library, org.gradle.dependency.bundling=external, org.gradle.jvm.environment=standard-jvm, org.gradle.jvm.version=11, org.gradle.libraryelements=jar, org.gradle.usage=java-runtime}
2025-02-01T10:47:41.406-0500 [DEBUG] [org.gradle.internal.component.model.LoggingAttributeMatchingExplanationBuilder] Selected match org.junit.platform:junit-platform-engine:1.9.1 variant runtimeElements from candidates [org.junit.platform:junit-platform-engine:1.9.1 variant runtimeElements] for {org.gradle.category=library, org.gradle.dependency.bundling=external, org.gradle.jvm.environment=standard-jvm, org.gradle.jvm.version=11, org.gradle.libraryelements=jar, org.gradle.usage=java-runtime}
2025-02-01T10:47:41.406-0500 [DEBUG] [org.gradle.internal.component.model.LoggingAttributeMatchingExplanationBuilder] Selected match org.junit.platform:junit-platform-commons:1.9.1 variant runtimeElements from candidates [org.junit.platform:junit-platform-commons:1.9.1 variant runtimeElements] for {org.gradle.category=library, org.gradle.dependency.bundling=external, org.gradle.jvm.environment=standard-jvm, org.gradle.jvm.version=11, org.gradle.libraryelements=jar, org.gradle.usage=java-runtime}
2025-02-01T10:47:41.406-0500 [DEBUG] [org.gradle.internal.component.model.LoggingAttributeMatchingExplanationBuilder] Selected match org.junit:junit-bom:5.9.1 variant runtimeElements from candidates [org.junit:junit-bom:5.9.1 variant runtimeElements] for {org.gradle.category=platform, org.gradle.dependency.bundling=external, org.gradle.jvm.environment=standard-jvm, org.gradle.jvm.version=11, org.gradle.libraryelements=jar, org.gradle.usage=java-runtime}
2025-02-01T10:47:41.406-0500 [DEBUG] [org.gradle.internal.component.model.LoggingAttributeMatchingExplanationBuilder] Selected match org.junit.jupiter:junit-jupiter:5.9.1 variant runtimeElements from candidates [org.junit.jupiter:junit-jupiter:5.9.1 variant runtimeElements] for {org.gradle.category=library, org.gradle.dependency.bundling=external, org.gradle.jvm.environment=standard-jvm, org.gradle.jvm.version=11, org.gradle.libraryelements=jar, org.gradle.usage=java-runtime}
2025-02-01T10:47:41.406-0500 [DEBUG] [org.gradle.internal.component.model.LoggingAttributeMatchingExplanationBuilder] Selected match com.google.guava:failureaccess:1.0.1 configuration runtime from candidates [com.google.guava:failureaccess:1.0.1 configuration runtime] for {org.gradle.category=library, org.gradle.dependency.bundling=external, org.gradle.jvm.environment=standard-jvm, org.gradle.jvm.version=11, org.gradle.libraryelements=jar, org.gradle.usage=java-runtime}
2025-02-01T10:47:41.406-0500 [DEBUG] [org.gradle.internal.component.model.LoggingAttributeMatchingExplanationBuilder] Selected match com.google.guava:listenablefuture:9999.0-empty-to-avoid-conflict-with-guava configuration runtime from candidates [com.google.guava:listenablefuture:9999.0-empty-to-avoid-conflict-with-guava configuration runtime] for {org.gradle.category=library, org.gradle.dependency.bundling=external, org.gradle.jvm.environment=standard-jvm, org.gradle.jvm.version=11, org.gradle.libraryelements=jar, org.gradle.usage=java-runtime}
2025-02-01T10:47:41.406-0500 [DEBUG] [org.gradle.internal.component.model.LoggingAttributeMatchingExplanationBuilder] Selected match com.google.code.findbugs:jsr305:3.0.2 configuration runtime from candidates [com.google.code.findbugs:jsr305:3.0.2 configuration runtime] for {org.gradle.category=library, org.gradle.dependency.bundling=external, org.gradle.jvm.environment=standard-jvm, org.gradle.jvm.version=11, org.gradle.libraryelements=jar, org.gradle.usage=java-runtime}
2025-02-01T10:47:41.406-0500 [DEBUG] [org.gradle.internal.component.model.LoggingAttributeMatchingExplanationBuilder] Selected match org.checkerframework:checker-qual:3.12.0 variant runtimeElements from candidates [org.checkerframework:checker-qual:3.12.0 variant runtimeElements] for {org.gradle.category=library, org.gradle.dependency.bundling=external, org.gradle.jvm.environment=standard-jvm, org.gradle.jvm.version=11, org.gradle.libraryelements=jar, org.gradle.usage=java-runtime}
2025-02-01T10:47:41.406-0500 [DEBUG] [org.gradle.internal.component.model.LoggingAttributeMatchingExplanationBuilder] Selected match com.google.errorprone:error_prone_annotations:2.11.0 configuration runtime from candidates [com.google.errorprone:error_prone_annotations:2.11.0 configuration runtime] for {org.gradle.category=library, org.gradle.dependency.bundling=external, org.gradle.jvm.environment=standard-jvm, org.gradle.jvm.version=11, org.gradle.libraryelements=jar, org.gradle.usage=java-runtime}
2025-02-01T10:47:41.406-0500 [DEBUG] [org.gradle.internal.component.model.LoggingAttributeMatchingExplanationBuilder] Selected match com.google.j2objc:j2objc-annotations:1.3 configuration runtime from candidates [com.google.j2objc:j2objc-annotations:1.3 configuration runtime] for {org.gradle.category=library, org.gradle.dependency.bundling=external, org.gradle.jvm.environment=standard-jvm, org.gradle.jvm.version=11, org.gradle.libraryelements=jar, org.gradle.usage=java-runtime}
2025-02-01T10:47:41.406-0500 [DEBUG] [org.gradle.internal.component.model.LoggingAttributeMatchingExplanationBuilder] Selected match net.java.dev.jna:jna-platform-jpms:5.15.0 configuration runtime from candidates [net.java.dev.jna:jna-platform-jpms:5.15.0 configuration runtime] for {org.gradle.category=library, org.gradle.dependency.bundling=external, org.gradle.jvm.environment=standard-jvm, org.gradle.jvm.version=11, org.gradle.libraryelements=jar, org.gradle.usage=java-runtime}
2025-02-01T10:47:41.407-0500 [DEBUG] [org.gradle.internal.component.model.LoggingAttributeMatchingExplanationBuilder] Selected match net.java.dev.jna:jna-jpms:5.15.0 configuration runtime from candidates [net.java.dev.jna:jna-jpms:5.15.0 configuration runtime] for {org.gradle.category=library, org.gradle.dependency.bundling=external, org.gradle.jvm.environment=standard-jvm, org.gradle.jvm.version=11, org.gradle.libraryelements=jar, org.gradle.usage=java-runtime}
2025-02-01T10:47:41.407-0500 [DEBUG] [org.gradle.internal.component.model.LoggingAttributeMatchingExplanationBuilder] Selected match org.slf4j:slf4j-api:2.0.16 configuration runtime from candidates [org.slf4j:slf4j-api:2.0.16 configuration runtime] for {org.gradle.category=library, org.gradle.dependency.bundling=external, org.gradle.jvm.environment=standard-jvm, org.gradle.jvm.version=11, org.gradle.libraryelements=jar, org.gradle.usage=java-runtime}
2025-02-01T10:47:41.407-0500 [DEBUG] [org.gradle.internal.component.model.LoggingAttributeMatchingExplanationBuilder] Selected match commons-codec:commons-codec:1.17.0 configuration runtime from candidates [commons-codec:commons-codec:1.17.0 configuration runtime] for {org.gradle.category=library, org.gradle.dependency.bundling=external, org.gradle.jvm.environment=standard-jvm, org.gradle.jvm.version=11, org.gradle.libraryelements=jar, org.gradle.usage=java-runtime}
2025-02-01T10:47:41.407-0500 [DEBUG] [org.gradle.internal.component.model.LoggingAttributeMatchingExplanationBuilder] Selected match com.fasterxml.jackson.core:jackson-annotations:2.17.1 variant runtimeElements from candidates [com.fasterxml.jackson.core:jackson-annotations:2.17.1 variant runtimeElements] for {org.gradle.category=library, org.gradle.dependency.bundling=external, org.gradle.jvm.environment=standard-jvm, org.gradle.jvm.version=11, org.gradle.libraryelements=jar, org.gradle.usage=java-runtime}
2025-02-01T10:47:41.407-0500 [DEBUG] [org.gradle.internal.component.model.LoggingAttributeMatchingExplanationBuilder] Selected match com.fasterxml.jackson.core:jackson-core:2.17.1 variant runtimeElements from candidates [com.fasterxml.jackson.core:jackson-core:2.17.1 variant runtimeElements] for {org.gradle.category=library, org.gradle.dependency.bundling=external, org.gradle.jvm.environment=standard-jvm, org.gradle.jvm.version=11, org.gradle.libraryelements=jar, org.gradle.usage=java-runtime}
2025-02-01T10:47:41.407-0500 [DEBUG] [org.gradle.internal.component.model.LoggingAttributeMatchingExplanationBuilder] Selected match com.fasterxml.jackson:jackson-bom:2.17.1 configuration platform-runtime from candidates [com.fasterxml.jackson:jackson-bom:2.17.1 configuration platform-runtime] for {org.gradle.category=platform, org.gradle.dependency.bundling=external, org.gradle.jvm.environment=standard-jvm, org.gradle.jvm.version=11, org.gradle.libraryelements=jar, org.gradle.usage=java-runtime}
2025-02-01T10:47:41.407-0500 [DEBUG] [org.gradle.internal.component.model.LoggingAttributeMatchingExplanationBuilder] Selected match com.fasterxml.jackson.core:jackson-databind:2.17.1 variant runtimeElements from candidates [com.fasterxml.jackson.core:jackson-databind:2.17.1 variant runtimeElements] for {org.gradle.category=library, org.gradle.dependency.bundling=external, org.gradle.jvm.environment=standard-jvm, org.gradle.jvm.version=11, org.gradle.libraryelements=jar, org.gradle.usage=java-runtime}
2025-02-01T10:47:41.407-0500 [DEBUG] [org.gradle.internal.component.model.LoggingAttributeMatchingExplanationBuilder] Selected match com.h2database:h2-mvstore:2.2.224 configuration runtime from candidates [com.h2database:h2-mvstore:2.2.224 configuration runtime] for {org.gradle.category=library, org.gradle.dependency.bundling=external, org.gradle.jvm.environment=standard-jvm, org.gradle.jvm.version=11, org.gradle.libraryelements=jar, org.gradle.usage=java-runtime}
2025-02-01T10:47:41.407-0500 [DEBUG] [org.gradle.internal.component.model.LoggingAttributeMatchingExplanationBuilder] Selected match org.jline:jline:3.16.0 configuration runtime from candidates [org.jline:jline:3.16.0 configuration runtime] for {org.gradle.category=library, org.gradle.dependency.bundling=external, org.gradle.jvm.environment=standard-jvm, org.gradle.jvm.version=11, org.gradle.libraryelements=jar, org.gradle.usage=java-runtime}
2025-02-01T10:47:41.407-0500 [DEBUG] [org.gradle.internal.component.model.LoggingAttributeMatchingExplanationBuilder] Selected match org.opentest4j:opentest4j:1.2.0 configuration runtime from candidates [org.opentest4j:opentest4j:1.2.0 configuration runtime] for {org.gradle.category=library, org.gradle.dependency.bundling=external, org.gradle.jvm.environment=standard-jvm, org.gradle.jvm.version=11, org.gradle.libraryelements=jar, org.gradle.usage=java-runtime}
2025-02-01T10:47:41.409-0500 [DEBUG] [org.gradle.api.internal.artifacts.ivyservice.ivyresolve.CachingModuleComponentRepository] Found artifact 'org.gradle.internal.component.external.model.UrlBackedArtifactMetadata@6fbe7608' in resolver cache: C:\Users\johns\.gradle\caches\modules-2\files-2.1\org.junit.platform\junit-platform-engine\1.9.1\83591e5089d6cea5f324aa3ecca9b19d5a275803\junit-platform-engine-1.9.1.jar
2025-02-01T10:47:41.410-0500 [DEBUG] [org.gradle.internal.operations.DefaultBuildOperationRunner] Build operation 'Resolve junit-platform-engine-1.9.1.jar (org.junit.platform:junit-platform-engine:1.9.1)' completed
2025-02-01T10:47:41.410-0500 [DEBUG] [org.gradle.api.internal.artifacts.ivyservice.ivyresolve.CachingModuleComponentRepository] Found artifact 'org.gradle.internal.component.external.model.UrlBackedArtifactMetadata@204fc4dd' in resolver cache: C:\Users\johns\.gradle\caches\modules-2\files-2.1\org.junit.jupiter\junit-jupiter-engine\5.9.1\1bf771097bde296c3ab174861954e8aafaaf2e94\junit-jupiter-engine-5.9.1.jar
2025-02-01T10:47:41.410-0500 [DEBUG] [org.gradle.internal.resources.AbstractTrackedResourceLock] Execution worker Thread 13: released lock on state of build :
2025-02-01T10:47:41.410-0500 [DEBUG] [org.gradle.internal.resources.AbstractTrackedResourceLock] Execution worker Thread 13: released lock on worker lease
2025-02-01T10:47:41.413-0500 [DEBUG] [org.gradle.internal.resources.AbstractTrackedResourceLock] Execution worker Thread 13: acquired lock on state of build :
2025-02-01T10:47:41.413-0500 [DEBUG] [org.gradle.internal.resources.AbstractTrackedResourceLock] Execution worker Thread 13: acquired lock on worker lease
2025-02-01T10:47:41.413-0500 [DEBUG] [org.gradle.internal.operations.DefaultBuildOperationRunner] Build operation 'Resolve files of :dctmutils:testRuntimeClasspath' completed
2025-02-01T10:47:41.413-0500 [DEBUG] [org.gradle.internal.operations.DefaultBuildOperationRunner] Build operation 'Snapshot inputs and outputs before executing task ':dctmutils:test'' completed
2025-02-01T10:47:41.415-0500 [DEBUG] [org.gradle.internal.operations.DefaultBuildOperationRunner] Build operation 'Resolve files of :dctmutils:testRuntimeClasspath' completed
2025-02-01T10:47:41.415-0500 [INFO] [org.gradle.internal.execution.steps.ResolveCachingStateStep] Caching disabled for task ':dctmutils:test' because:
  Build cache is disabled
2025-02-01T10:47:41.415-0500 [DEBUG] [org.gradle.internal.execution.steps.SkipUpToDateStep] Determining if task ':dctmutils:test' is up-to-date
2025-02-01T10:47:41.416-0500 [INFO] [org.gradle.internal.execution.steps.SkipUpToDateStep] Task ':dctmutils:test' is not up-to-date because:
  Task has failed previously.
2025-02-01T10:47:41.416-0500 [DEBUG] [org.gradle.internal.vfs.impl.AbstractVirtualFileSystem] Invalidating VFS paths: [C:\Users\johns\projects\java-dctmutils\dctmutils\build\test-results\test\binary, C:\Users\johns\projects\java-dctmutils\dctmutils\build\reports\tests\test, C:\Users\johns\projects\java-dctmutils\dctmutils\build\test-results\test]
2025-02-01T10:47:41.416-0500 [DEBUG] [org.gradle.internal.execution.steps.CreateOutputsStep] Ensuring directory exists for property binaryResultsDirectory at C:\Users\johns\projects\java-dctmutils\dctmutils\build\test-results\test\binary
2025-02-01T10:47:41.417-0500 [DEBUG] [org.gradle.internal.execution.steps.CreateOutputsStep] Ensuring directory exists for property reports.enabledReports.html.outputLocation at C:\Users\johns\projects\java-dctmutils\dctmutils\build\reports\tests\test
2025-02-01T10:47:41.417-0500 [DEBUG] [org.gradle.internal.execution.steps.CreateOutputsStep] Ensuring directory exists for property reports.enabledReports.junitXml.outputLocation at C:\Users\johns\projects\java-dctmutils\dctmutils\build\test-results\test
2025-02-01T10:47:41.417-0500 [DEBUG] [org.gradle.api.internal.tasks.execution.TaskExecution] Executing actions for task ':dctmutils:test'.
2025-02-01T10:47:41.420-0500 [DEBUG] [org.gradle.internal.file.impl.DefaultDeleter] Deleting C:\Users\johns\projects\java-dctmutils\dctmutils\build\test-results\test\binary
2025-02-01T10:47:41.427-0500 [DEBUG] [org.gradle.internal.operations.DefaultBuildOperationRunner] Build operation 'Resolve files of :dctmutils:testRuntimeClasspath' completed
2025-02-01T10:47:41.427-0500 [DEBUG] [org.gradle.api.internal.tasks.testing.detection.ForkedTestClasspathFactory] Loaded additional modules from the Gradle distribution: junit-platform-engine,junit-platform-launcher,junit-platform-commons
2025-02-01T10:47:41.428-0500 [DEBUG] [TestEventLogger] 
2025-02-01T10:47:41.429-0500 [DEBUG] [TestEventLogger] Gradle Test Run :dctmutils:test STARTED
2025-02-01T10:47:41.431-0500 [DEBUG] [org.gradle.internal.resources.AbstractTrackedResourceLock] Execution worker Thread 13: released lock on state of build :
2025-02-01T10:47:41.432-0500 [DEBUG] [org.gradle.internal.resources.AbstractTrackedResourceLock] Execution worker Thread 13: released lock on worker lease
2025-02-01T10:47:41.433-0500 [DEBUG] [org.gradle.internal.resources.AbstractTrackedResourceLock] Dispatch org.gradle.api.internal.tasks.testing.processors.RestartEveryNTestClassProcessor@1b89ea3: acquired lock on worker lease
2025-02-01T10:47:41.449-0500 [DEBUG] [org.gradle.internal.remote.internal.inet.TcpIncomingConnector] Listening on [76b2662e-fba4-4155-8d69-180cf9416c4e port:49923, addresses:[localhost/127.0.0.1]].
2025-02-01T10:47:41.450-0500 [DEBUG] [org.gradle.process.internal.worker.DefaultWorkerProcessBuilder] Creating Gradle Test Executor 5
2025-02-01T10:47:41.450-0500 [DEBUG] [org.gradle.process.internal.worker.DefaultWorkerProcessBuilder] Using application classpath [C:\Users\johns\projects\java-dctmutils\dctmutils\build\classes\java\test, C:\Users\johns\projects\java-dctmutils\dctmutils\build\resources\test, C:\Users\johns\projects\java-dctmutils\dctmutils\build\classes\java\main, C:\Users\johns\projects\java-dctmutils\dctmutils\build\resources\main, C:\Users\johns\.gradle\caches\modules-2\files-2.1\com.google.guava\guava\31.1-jre\60458f877d055d0c9114d9e1a2efb737b4bc282c\guava-31.1-jre.jar, C:\Users\johns\.gradle\caches\modules-2\files-2.1\net.sourceforge.argparse4j\argparse4j\0.9.0\485aaa44f9bfdc787da898828cdc71d6577a86d\argparse4j-0.9.0.jar, C:\Users\johns\.gradle\caches\modules-2\files-2.1\org.apache.commons\commons-csv\1.11.0\8f2dc805097da534612128b7cdf491a5a76752bf\commons-csv-1.11.0.jar, C:\Users\johns\.gradle\caches\modules-2\files-2.1\commons-io\commons-io\2.18.0\44084ef756763795b31c578403dd028ff4a22950\commons-io-2.18.0.jar, C:\Users\johns\.gradle\caches\modules-2\files-2.1\org.dizitart\nitrite-jackson-mapper\4.3.0\bc8663b0942f8234839b06ec45ca19f2528b7a75\nitrite-jackson-mapper-4.3.0.jar, C:\Users\johns\.gradle\caches\modules-2\files-2.1\org.dizitart\nitrite-mvstore-adapter\4.3.0\ab58e354f7d58600e74dbe9c7ba3ab51b8775814\nitrite-mvstore-adapter-4.3.0.jar, C:\Users\johns\.gradle\caches\modules-2\files-2.1\org.dizitart\nitrite\4.3.0\ac9ffb7f8ff8234438d542f2a4a88f9025cb997\nitrite-4.3.0.jar, C:\Users\johns\.gradle\caches\modules-2\files-2.1\org.jasypt\jasypt\1.9.3\d99ef9540f51c617f2a293b460f025d2ee563dd\jasypt-1.9.3.jar, C:\Users\johns\.gradle\caches\modules-2\files-2.1\com.github.oshi\oshi-core-java11\6.6.5\32e519a295c30291d7763d509289c6606707b758\oshi-core-java11-6.6.5.jar, C:\Users\johns\.gradle\caches\modules-2\files-2.1\me.tongfei\progressbar\0.9.0\c6aeadcb91987495adb4796d526f2c157c78d29b\progressbar-0.9.0.jar, C:\Users\johns\.gradle\caches\modules-2\files-2.1\org.slf4j\slf4j-nop\2.0.16\d8d657e5b08dfbad70758fc8c47c58372272e08c\slf4j-nop-2.0.16.jar, C:\Users\johns\.gradle\caches\modules-2\files-2.1\io.github.classgraph\classgraph\4.8.179\f159dd8bbbf381c4006c1f675ec4e648c8317f32\classgraph-4.8.179.jar, C:\Users\johns\.gradle\caches\modules-2\files-2.1\org.junit.jupiter\junit-jupiter-params\5.9.1\ffcd1013edaeee112be11fcddeb38882d79238de\junit-jupiter-params-5.9.1.jar, C:\Users\johns\.gradle\caches\modules-2\files-2.1\org.junit.jupiter\junit-jupiter-engine\5.9.1\1bf771097bde296c3ab174861954e8aafaaf2e94\junit-jupiter-engine-5.9.1.jar, C:\Users\johns\.gradle\caches\modules-2\files-2.1\org.junit.jupiter\junit-jupiter-api\5.9.1\7bb53fbc0173e9f6a9d21d58297af94b1f2f9ce1\junit-jupiter-api-5.9.1.jar, C:\Users\johns\.gradle\caches\modules-2\files-2.1\org.junit.platform\junit-platform-engine\1.9.1\83591e5089d6cea5f324aa3ecca9b19d5a275803\junit-platform-engine-1.9.1.jar, C:\Users\johns\.gradle\caches\modules-2\files-2.1\org.junit.platform\junit-platform-commons\1.9.1\3145f821b5cd10abcdc5f925baa5fffa6f1b628f\junit-platform-commons-1.9.1.jar, C:\Users\johns\.gradle\caches\modules-2\files-2.1\org.junit.jupiter\junit-jupiter\5.9.1\9274d3757e224bc02eae367bd481062a263c150b\junit-jupiter-5.9.1.jar, C:\Users\johns\.gradle\caches\modules-2\files-2.1\com.google.guava\failureaccess\1.0.1\1dcf1de382a0bf95a3d8b0849546c88bac1292c9\failureaccess-1.0.1.jar, C:\Users\johns\.gradle\caches\modules-2\files-2.1\com.google.guava\listenablefuture\9999.0-empty-to-avoid-conflict-with-guava\b421526c5f297295adef1c886e5246c39d4ac629\listenablefuture-9999.0-empty-to-avoid-conflict-with-guava.jar, C:\Users\johns\.gradle\caches\modules-2\files-2.1\com.google.code.findbugs\jsr305\3.0.2\25ea2e8b0c338a877313bd4672d3fe056ea78f0d\jsr305-3.0.2.jar, C:\Users\johns\.gradle\caches\modules-2\files-2.1\org.checkerframework\checker-qual\3.12.0\d5692f0526415fcc6de94bb5bfbd3afd9dd3b3e5\checker-qual-3.12.0.jar, C:\Users\johns\.gradle\caches\modules-2\files-2.1\com.google.errorprone\error_prone_annotations\2.11.0\c5a0ace696d3f8b1c1d8cc036d8c03cc0cbe6b69\error_prone_annotations-2.11.0.jar, C:\Users\johns\.gradle\caches\modules-2\files-2.1\com.google.j2objc\j2objc-annotations\1.3\ba035118bc8bac37d7eff77700720999acd9986d\j2objc-annotations-1.3.jar, C:\Users\johns\.gradle\caches\modules-2\files-2.1\net.java.dev.jna\jna-platform-jpms\5.15.0\9093c678070f1b1edd7f5e27db01649f9f9e18f1\jna-platform-jpms-5.15.0.jar, C:\Users\johns\.gradle\caches\modules-2\files-2.1\net.java.dev.jna\jna-jpms\5.15.0\b0f59539bbe010a75b1a9759a67521692bf65d78\jna-jpms-5.15.0.jar, C:\Users\johns\.gradle\caches\modules-2\files-2.1\org.slf4j\slf4j-api\2.0.16\172931663a09a1fa515567af5fbef00897d3c04\slf4j-api-2.0.16.jar, C:\Users\johns\.gradle\caches\modules-2\files-2.1\commons-codec\commons-codec\1.17.0\dbe8eef6e14460e73da07f7b11bf994d6626355\commons-codec-1.17.0.jar, C:\Users\johns\.gradle\caches\modules-2\files-2.1\com.fasterxml.jackson.core\jackson-annotations\2.17.1\fca7ef6192c9ad05d07bc50da991bf937a84af3a\jackson-annotations-2.17.1.jar, C:\Users\johns\.gradle\caches\modules-2\files-2.1\com.fasterxml.jackson.core\jackson-core\2.17.1\5e52a11644cd59a28ef79f02bddc2cc3bab45edb\jackson-core-2.17.1.jar, C:\Users\johns\.gradle\caches\modules-2\files-2.1\com.fasterxml.jackson.core\jackson-databind\2.17.1\524dcbcccdde7d45a679dfc333e4763feb09079\jackson-databind-2.17.1.jar, C:\Users\johns\.gradle\caches\modules-2\files-2.1\com.h2database\h2-mvstore\2.2.224\169ad02c508ff473d279c17827176600694da1b7\h2-mvstore-2.2.224.jar, C:\Users\johns\.gradle\caches\modules-2\files-2.1\org.jline\jline\3.16.0\81804b76b1b307d7b134757e228154e3291f3206\jline-3.16.0.jar, C:\Users\johns\.gradle\caches\modules-2\files-2.1\org.opentest4j\opentest4j\1.2.0\28c11eb91f9b6d8e200631d46e20a7f407f2a046\opentest4j-1.2.0.jar, C:\Users\johns\.gradle\wrapper\dists\gradle-8.0.2-bin\25jlreiuz6u3xu2phlpa2vv4m\gradle-8.0.2\lib\plugins\junit-platform-engine-1.8.2.jar, C:\Users\johns\.gradle\wrapper\dists\gradle-8.0.2-bin\25jlreiuz6u3xu2phlpa2vv4m\gradle-8.0.2\lib\plugins\junit-platform-launcher-1.8.2.jar, C:\Users\johns\.gradle\wrapper\dists\gradle-8.0.2-bin\25jlreiuz6u3xu2phlpa2vv4m\gradle-8.0.2\lib\plugins\junit-platform-commons-1.8.2.jar]
2025-02-01T10:47:41.450-0500 [DEBUG] [org.gradle.process.internal.worker.DefaultWorkerProcessBuilder] Using application module path []
2025-02-01T10:47:41.450-0500 [DEBUG] [org.gradle.process.internal.worker.DefaultWorkerProcessBuilder] Using implementation classpath [file:/C:/Users/johns/.gradle/wrapper/dists/gradle-8.0.2-bin/25jlreiuz6u3xu2phlpa2vv4m/gradle-8.0.2/lib/gradle-core-api-8.0.2.jar, file:/C:/Users/johns/.gradle/wrapper/dists/gradle-8.0.2-bin/25jlreiuz6u3xu2phlpa2vv4m/gradle-8.0.2/lib/gradle-worker-processes-8.0.2.jar, file:/C:/Users/johns/.gradle/wrapper/dists/gradle-8.0.2-bin/25jlreiuz6u3xu2phlpa2vv4m/gradle-8.0.2/lib/gradle-core-8.0.2.jar, file:/C:/Users/johns/.gradle/wrapper/dists/gradle-8.0.2-bin/25jlreiuz6u3xu2phlpa2vv4m/gradle-8.0.2/lib/gradle-logging-8.0.2.jar, file:/C:/Users/johns/.gradle/wrapper/dists/gradle-8.0.2-bin/25jlreiuz6u3xu2phlpa2vv4m/gradle-8.0.2/lib/gradle-logging-api-8.0.2.jar, file:/C:/Users/johns/.gradle/wrapper/dists/gradle-8.0.2-bin/25jlreiuz6u3xu2phlpa2vv4m/gradle-8.0.2/lib/gradle-messaging-8.0.2.jar, file:/C:/Users/johns/.gradle/wrapper/dists/gradle-8.0.2-bin/25jlreiuz6u3xu2phlpa2vv4m/gradle-8.0.2/lib/gradle-files-8.0.2.jar, file:/C:/Users/johns/.gradle/wrapper/dists/gradle-8.0.2-bin/25jlreiuz6u3xu2phlpa2vv4m/gradle-8.0.2/lib/gradle-file-temp-8.0.2.jar, file:/C:/Users/johns/.gradle/wrapper/dists/gradle-8.0.2-bin/25jlreiuz6u3xu2phlpa2vv4m/gradle-8.0.2/lib/gradle-hashing-8.0.2.jar, file:/C:/Users/johns/.gradle/wrapper/dists/gradle-8.0.2-bin/25jlreiuz6u3xu2phlpa2vv4m/gradle-8.0.2/lib/gradle-base-services-8.0.2.jar, file:/C:/Users/johns/.gradle/wrapper/dists/gradle-8.0.2-bin/25jlreiuz6u3xu2phlpa2vv4m/gradle-8.0.2/lib/gradle-enterprise-logging-8.0.2.jar, file:/C:/Users/johns/.gradle/wrapper/dists/gradle-8.0.2-bin/25jlreiuz6u3xu2phlpa2vv4m/gradle-8.0.2/lib/gradle-enterprise-workers-8.0.2.jar, file:/C:/Users/johns/.gradle/wrapper/dists/gradle-8.0.2-bin/25jlreiuz6u3xu2phlpa2vv4m/gradle-8.0.2/lib/gradle-cli-8.0.2.jar, file:/C:/Users/johns/.gradle/wrapper/dists/gradle-8.0.2-bin/25jlreiuz6u3xu2phlpa2vv4m/gradle-8.0.2/lib/gradle-native-8.0.2.jar, file:/C:/Users/johns/.gradle/wrapper/dists/gradle-8.0.2-bin/25jlreiuz6u3xu2phlpa2vv4m/gradle-8.0.2/lib/plugins/gradle-testing-base-8.0.2.jar, file:/C:/Users/johns/.gradle/wrapper/dists/gradle-8.0.2-bin/25jlreiuz6u3xu2phlpa2vv4m/gradle-8.0.2/lib/plugins/gradle-testing-jvm-infrastructure-8.0.2.jar, file:/C:/Users/johns/.gradle/wrapper/dists/gradle-8.0.2-bin/25jlreiuz6u3xu2phlpa2vv4m/gradle-8.0.2/lib/plugins/gradle-testing-junit-platform-8.0.2.jar, file:/C:/Users/johns/.gradle/wrapper/dists/gradle-8.0.2-bin/25jlreiuz6u3xu2phlpa2vv4m/gradle-8.0.2/lib/gradle-process-services-8.0.2.jar, file:/C:/Users/johns/.gradle/wrapper/dists/gradle-8.0.2-bin/25jlreiuz6u3xu2phlpa2vv4m/gradle-8.0.2/lib/gradle-build-operations-8.0.2.jar, file:/C:/Users/johns/.gradle/wrapper/dists/gradle-8.0.2-bin/25jlreiuz6u3xu2phlpa2vv4m/gradle-8.0.2/lib/slf4j-api-1.7.30.jar, file:/C:/Users/johns/.gradle/wrapper/dists/gradle-8.0.2-bin/25jlreiuz6u3xu2phlpa2vv4m/gradle-8.0.2/lib/jul-to-slf4j-1.7.30.jar, file:/C:/Users/johns/.gradle/wrapper/dists/gradle-8.0.2-bin/25jlreiuz6u3xu2phlpa2vv4m/gradle-8.0.2/lib/native-platform-0.22-milestone-24.jar, file:/C:/Users/johns/.gradle/wrapper/dists/gradle-8.0.2-bin/25jlreiuz6u3xu2phlpa2vv4m/gradle-8.0.2/lib/kryo-2.24.0.jar, file:/C:/Users/johns/.gradle/wrapper/dists/gradle-8.0.2-bin/25jlreiuz6u3xu2phlpa2vv4m/gradle-8.0.2/lib/commons-lang-2.6.jar, file:/C:/Users/johns/.gradle/wrapper/dists/gradle-8.0.2-bin/25jlreiuz6u3xu2phlpa2vv4m/gradle-8.0.2/lib/javax.inject-1.jar]
2025-02-01T10:47:41.450-0500 [DEBUG] [org.gradle.process.internal.worker.DefaultWorkerProcessBuilder] Using implementation module path []
2025-02-01T10:47:41.451-0500 [DEBUG] [org.gradle.process.internal.worker.child.WorkerProcessClassPathProvider] Using worker process classpath: [C:\Users\johns\.gradle\caches\8.0.2\workerMain\gradle-worker.jar]
2025-02-01T10:47:41.455-0500 [INFO] [org.gradle.process.internal.DefaultExecHandle] Starting process 'Gradle Test Executor 5'. Working directory: C:\Users\johns\projects\java-dctmutils\dctmutils\test Command: C:\Program Files\Java\jdk-11\bin\java.exe -Dorg.gradle.internal.worker.tmpdir=C:\Users\johns\projects\java-dctmutils\dctmutils\build\tmp\test\work -Dorg.gradle.native=false @C:\Users\johns\.gradle\.tmp\gradle-worker-classpath12697915608017547461txt -Xmx512m -Dfile.encoding=windows-1252 -Duser.country=US -Duser.language=en -Duser.variant -ea worker.org.gradle.process.internal.worker.GradleWorkerMain 'Gradle Test Executor 5'
2025-02-01T10:47:41.455-0500 [DEBUG] [org.gradle.process.internal.DefaultExecHandle] Changing state to: STARTING
2025-02-01T10:47:41.456-0500 [DEBUG] [org.gradle.process.internal.DefaultExecHandle] Waiting until process started: Gradle Test Executor 5.
2025-02-01T10:47:41.463-0500 [DEBUG] [org.gradle.process.internal.DefaultExecHandle] Changing state to: STARTED
2025-02-01T10:47:41.464-0500 [DEBUG] [org.gradle.process.internal.ExecHandleRunner] waiting until streams are handled...
2025-02-01T10:47:41.464-0500 [INFO] [org.gradle.process.internal.DefaultExecHandle] Successfully started process 'Gradle Test Executor 5'
2025-02-01T10:47:42.105-0500 [DEBUG] [TestEventLogger] 
2025-02-01T10:47:42.105-0500 [DEBUG] [TestEventLogger] Gradle Test Executor 5 STARTED
2025-02-01T10:47:42.381-0500 [DEBUG] [TestEventLogger] 
2025-02-01T10:47:42.382-0500 [DEBUG] [TestEventLogger] UtilsTest STARTED
2025-02-01T10:47:42.406-0500 [DEBUG] [TestEventLogger] 
2025-02-01T10:47:42.406-0500 [DEBUG] [TestEventLogger] UtilsTest > checkPrintMapCmd() STARTED
2025-02-01T10:47:42.480-0500 [DEBUG] [TestEventLogger] 
2025-02-01T10:47:42.480-0500 [DEBUG] [TestEventLogger] UtilsTest > checkPrintMapCmd() FAILED
2025-02-01T10:47:42.480-0500 [DEBUG] [TestEventLogger]     org.opentest4j.AssertionFailedError: Must call System.exit(int) ==> Unexpected exception type thrown, expected: <net.koeppster.NoExitSecurityManager.ExitException> but was: <java.lang.NoClassDefFoundError>
2025-02-01T10:47:42.480-0500 [DEBUG] [TestEventLogger]         at app//org.junit.jupiter.api.AssertionFailureBuilder.build(AssertionFailureBuilder.java:151)
2025-02-01T10:47:42.480-0500 [DEBUG] [TestEventLogger]         at app//org.junit.jupiter.api.AssertThrows.assertThrows(AssertThrows.java:67)
2025-02-01T10:47:42.480-0500 [DEBUG] [TestEventLogger]         at app//org.junit.jupiter.api.AssertThrows.assertThrows(AssertThrows.java:39)
2025-02-01T10:47:42.480-0500 [DEBUG] [TestEventLogger]         at app//org.junit.jupiter.api.Assertions.assertThrows(Assertions.java:3099)
2025-02-01T10:47:42.480-0500 [DEBUG] [TestEventLogger]         at app//net.koeppster.dctm.utils.UtilsTest.checkPrintMapCmd(UtilsTest.java:131)
2025-02-01T10:47:42.480-0500 [DEBUG] [TestEventLogger]         at java.base@11.0.24/jdk.internal.reflect.NativeMethodAccessorImpl.invoke0(Native Method)
2025-02-01T10:47:42.480-0500 [DEBUG] [TestEventLogger]         at java.base@11.0.24/jdk.internal.reflect.NativeMethodAccessorImpl.invoke(NativeMethodAccessorImpl.java:62)
2025-02-01T10:47:42.480-0500 [DEBUG] [TestEventLogger]         at java.base@11.0.24/jdk.internal.reflect.DelegatingMethodAccessorImpl.invoke(DelegatingMethodAccessorImpl.java:43)
2025-02-01T10:47:42.480-0500 [DEBUG] [TestEventLogger]         at java.base@11.0.24/java.lang.reflect.Method.invoke(Method.java:566)
2025-02-01T10:47:42.480-0500 [DEBUG] [TestEventLogger]         at app//org.junit.platform.commons.util.ReflectionUtils.invokeMethod(ReflectionUtils.java:727)
2025-02-01T10:47:42.480-0500 [DEBUG] [TestEventLogger]         at app//org.junit.jupiter.engine.execution.MethodInvocation.proceed(MethodInvocation.java:60)
2025-02-01T10:47:42.481-0500 [DEBUG] [TestEventLogger]         at app//org.junit.jupiter.engine.execution.InvocationInterceptorChain$ValidatingInvocation.proceed(InvocationInterceptorChain.java:131)
2025-02-01T10:47:42.481-0500 [DEBUG] [TestEventLogger]         at app//org.junit.jupiter.engine.extension.TimeoutExtension.intercept(TimeoutExtension.java:156)
2025-02-01T10:47:42.481-0500 [DEBUG] [TestEventLogger]         at app//org.junit.jupiter.engine.extension.TimeoutExtension.interceptTestableMethod(TimeoutExtension.java:147)
2025-02-01T10:47:42.481-0500 [DEBUG] [TestEventLogger]         at app//org.junit.jupiter.engine.extension.TimeoutExtension.interceptTestMethod(TimeoutExtension.java:86)
2025-02-01T10:47:42.481-0500 [DEBUG] [TestEventLogger]         at app//org.junit.jupiter.engine.execution.InterceptingExecutableInvoker$ReflectiveInterceptorCall.lambda$ofVoidMethod$0(InterceptingExecutableInvoker.java:103)
2025-02-01T10:47:42.481-0500 [DEBUG] [TestEventLogger]         at app//org.junit.jupiter.engine.execution.InterceptingExecutableInvoker.lambda$invoke$0(InterceptingExecutableInvoker.java:93)
2025-02-01T10:47:42.481-0500 [DEBUG] [TestEventLogger]         at app//org.junit.jupiter.engine.execution.InvocationInterceptorChain$InterceptedInvocation.proceed(InvocationInterceptorChain.java:106)
2025-02-01T10:47:42.481-0500 [DEBUG] [TestEventLogger]         at app//org.junit.jupiter.engine.execution.InvocationInterceptorChain.proceed(InvocationInterceptorChain.java:64)
2025-02-01T10:47:42.481-0500 [DEBUG] [TestEventLogger]         at app//org.junit.jupiter.engine.execution.InvocationInterceptorChain.chainAndInvoke(InvocationInterceptorChain.java:45)
2025-02-01T10:47:42.481-0500 [DEBUG] [TestEventLogger]         at app//org.junit.jupiter.engine.execution.InvocationInterceptorChain.invoke(InvocationInterceptorChain.java:37)
2025-02-01T10:47:42.481-0500 [DEBUG] [TestEventLogger]         at app//org.junit.jupiter.engine.execution.InterceptingExecutableInvoker.invoke(InterceptingExecutableInvoker.java:92)
2025-02-01T10:47:42.481-0500 [DEBUG] [TestEventLogger]         at app//org.junit.jupiter.engine.execution.InterceptingExecutableInvoker.invoke(InterceptingExecutableInvoker.java:86)
2025-02-01T10:47:42.481-0500 [DEBUG] [TestEventLogger]         at app//org.junit.jupiter.engine.descriptor.TestMethodTestDescriptor.lambda$invokeTestMethod$7(TestMethodTestDescriptor.java:217)
2025-02-01T10:47:42.481-0500 [DEBUG] [TestEventLogger]         at app//org.junit.platform.engine.support.hierarchical.ThrowableCollector.execute(ThrowableCollector.java:73)
2025-02-01T10:47:42.481-0500 [DEBUG] [TestEventLogger]         at app//org.junit.jupiter.engine.descriptor.TestMethodTestDescriptor.invokeTestMethod(TestMethodTestDescriptor.java:213)
2025-02-01T10:47:42.481-0500 [DEBUG] [TestEventLogger]         at app//org.junit.jupiter.engine.descriptor.TestMethodTestDescriptor.execute(TestMethodTestDescriptor.java:138)
2025-02-01T10:47:42.481-0500 [DEBUG] [TestEventLogger]         at app//org.junit.jupiter.engine.descriptor.TestMethodTestDescriptor.execute(TestMethodTestDescriptor.java:68)
2025-02-01T10:47:42.481-0500 [DEBUG] [TestEventLogger]         at app//org.junit.platform.engine.support.hierarchical.NodeTestTask.lambda$executeRecursively$6(NodeTestTask.java:151)
2025-02-01T10:47:42.481-0500 [DEBUG] [TestEventLogger]         at app//org.junit.platform.engine.support.hierarchical.ThrowableCollector.execute(ThrowableCollector.java:73)
2025-02-01T10:47:42.481-0500 [DEBUG] [TestEventLogger]         at app//org.junit.platform.engine.support.hierarchical.NodeTestTask.lambda$executeRecursively$8(NodeTestTask.java:141)
2025-02-01T10:47:42.481-0500 [DEBUG] [TestEventLogger]         at app//org.junit.platform.engine.support.hierarchical.Node.around(Node.java:137)
2025-02-01T10:47:42.481-0500 [DEBUG] [TestEventLogger]         at app//org.junit.platform.engine.support.hierarchical.NodeTestTask.lambda$executeRecursively$9(NodeTestTask.java:139)
2025-02-01T10:47:42.481-0500 [DEBUG] [TestEventLogger]         at app//org.junit.platform.engine.support.hierarchical.ThrowableCollector.execute(ThrowableCollector.java:73)
2025-02-01T10:47:42.481-0500 [DEBUG] [TestEventLogger]         at app//org.junit.platform.engine.support.hierarchical.NodeTestTask.executeRecursively(NodeTestTask.java:138)
2025-02-01T10:47:42.481-0500 [DEBUG] [TestEventLogger]         at app//org.junit.platform.engine.support.hierarchical.NodeTestTask.execute(NodeTestTask.java:95)
2025-02-01T10:47:42.481-0500 [DEBUG] [TestEventLogger]         at java.base@11.0.24/java.util.ArrayList.forEach(ArrayList.java:1541)
2025-02-01T10:47:42.481-0500 [DEBUG] [TestEventLogger]         at app//org.junit.platform.engine.support.hierarchical.SameThreadHierarchicalTestExecutorService.invokeAll(SameThreadHierarchicalTestExecutorService.java:41)
2025-02-01T10:47:42.481-0500 [DEBUG] [TestEventLogger]         at app//org.junit.platform.engine.support.hierarchical.NodeTestTask.lambda$executeRecursively$6(NodeTestTask.java:155)
2025-02-01T10:47:42.481-0500 [DEBUG] [TestEventLogger]         at app//org.junit.platform.engine.support.hierarchical.ThrowableCollector.execute(ThrowableCollector.java:73)
2025-02-01T10:47:42.482-0500 [DEBUG] [TestEventLogger]         at app//org.junit.platform.engine.support.hierarchical.NodeTestTask.lambda$executeRecursively$8(NodeTestTask.java:141)
2025-02-01T10:47:42.482-0500 [DEBUG] [TestEventLogger]         at app//org.junit.platform.engine.support.hierarchical.Node.around(Node.java:137)
2025-02-01T10:47:42.482-0500 [DEBUG] [TestEventLogger]         at app//org.junit.platform.engine.support.hierarchical.NodeTestTask.lambda$executeRecursively$9(NodeTestTask.java:139)
2025-02-01T10:47:42.482-0500 [DEBUG] [TestEventLogger]         at app//org.junit.platform.engine.support.hierarchical.ThrowableCollector.execute(ThrowableCollector.java:73)
2025-02-01T10:47:42.482-0500 [DEBUG] [TestEventLogger]         at app//org.junit.platform.engine.support.hierarchical.NodeTestTask.executeRecursively(NodeTestTask.java:138)
2025-02-01T10:47:42.482-0500 [DEBUG] [TestEventLogger]         at app//org.junit.platform.engine.support.hierarchical.NodeTestTask.execute(NodeTestTask.java:95)
2025-02-01T10:47:42.482-0500 [DEBUG] [TestEventLogger]         at java.base@11.0.24/java.util.ArrayList.forEach(ArrayList.java:1541)
2025-02-01T10:47:42.482-0500 [DEBUG] [TestEventLogger]         at app//org.junit.platform.engine.support.hierarchical.SameThreadHierarchicalTestExecutorService.invokeAll(SameThreadHierarchicalTestExecutorService.java:41)
2025-02-01T10:47:42.482-0500 [DEBUG] [TestEventLogger]         at app//org.junit.platform.engine.support.hierarchical.NodeTestTask.lambda$executeRecursively$6(NodeTestTask.java:155)
2025-02-01T10:47:42.482-0500 [DEBUG] [TestEventLogger]         at app//org.junit.platform.engine.support.hierarchical.ThrowableCollector.execute(ThrowableCollector.java:73)
2025-02-01T10:47:42.482-0500 [DEBUG] [TestEventLogger]         at app//org.junit.platform.engine.support.hierarchical.NodeTestTask.lambda$executeRecursively$8(NodeTestTask.java:141)
2025-02-01T10:47:42.482-0500 [DEBUG] [TestEventLogger]         at app//org.junit.platform.engine.support.hierarchical.Node.around(Node.java:137)
2025-02-01T10:47:42.482-0500 [DEBUG] [TestEventLogger]         at app//org.junit.platform.engine.support.hierarchical.NodeTestTask.lambda$executeRecursively$9(NodeTestTask.java:139)
2025-02-01T10:47:42.482-0500 [DEBUG] [TestEventLogger]         at app//org.junit.platform.engine.support.hierarchical.ThrowableCollector.execute(ThrowableCollector.java:73)
2025-02-01T10:47:42.482-0500 [DEBUG] [TestEventLogger]         at app//org.junit.platform.engine.support.hierarchical.NodeTestTask.executeRecursively(NodeTestTask.java:138)
2025-02-01T10:47:42.482-0500 [DEBUG] [TestEventLogger]         at app//org.junit.platform.engine.support.hierarchical.NodeTestTask.execute(NodeTestTask.java:95)
2025-02-01T10:47:42.482-0500 [DEBUG] [TestEventLogger]         at app//org.junit.platform.engine.support.hierarchical.SameThreadHierarchicalTestExecutorService.submit(SameThreadHierarchicalTestExecutorService.java:35)
2025-02-01T10:47:42.482-0500 [DEBUG] [TestEventLogger]         at app//org.junit.platform.engine.support.hierarchical.HierarchicalTestExecutor.execute(HierarchicalTestExecutor.java:57)
2025-02-01T10:47:42.482-0500 [DEBUG] [TestEventLogger]         at app//org.junit.platform.engine.support.hierarchical.HierarchicalTestEngine.execute(HierarchicalTestEngine.java:54)
2025-02-01T10:47:42.482-0500 [DEBUG] [TestEventLogger]         at app//org.junit.platform.launcher.core.EngineExecutionOrchestrator.execute(EngineExecutionOrchestrator.java:107)
2025-02-01T10:47:42.482-0500 [DEBUG] [TestEventLogger]         at app//org.junit.platform.launcher.core.EngineExecutionOrchestrator.execute(EngineExecutionOrchestrator.java:88)
2025-02-01T10:47:42.482-0500 [DEBUG] [TestEventLogger]         at app//org.junit.platform.launcher.core.EngineExecutionOrchestrator.lambda$execute$0(EngineExecutionOrchestrator.java:54)
2025-02-01T10:47:42.482-0500 [DEBUG] [TestEventLogger]         at app//org.junit.platform.launcher.core.EngineExecutionOrchestrator.withInterceptedStreams(EngineExecutionOrchestrator.java:67)
2025-02-01T10:47:42.482-0500 [DEBUG] [TestEventLogger]         at app//org.junit.platform.launcher.core.EngineExecutionOrchestrator.execute(EngineExecutionOrchestrator.java:52)
2025-02-01T10:47:42.482-0500 [DEBUG] [TestEventLogger]         at app//org.junit.platform.launcher.core.DefaultLauncher.execute(DefaultLauncher.java:114)
2025-02-01T10:47:42.482-0500 [DEBUG] [TestEventLogger]         at app//org.junit.platform.launcher.core.DefaultLauncher.execute(DefaultLauncher.java:86)
2025-02-01T10:47:42.482-0500 [DEBUG] [TestEventLogger]         at app//org.junit.platform.launcher.core.DefaultLauncherSession$DelegatingLauncher.execute(DefaultLauncherSession.java:86)
2025-02-01T10:47:42.482-0500 [DEBUG] [TestEventLogger]         at org.gradle.api.internal.tasks.testing.junitplatform.JUnitPlatformTestClassProcessor$CollectAllTestClassesExecutor.processAllTestClasses(JUnitPlatformTestClassProcessor.java:110)
2025-02-01T10:47:42.482-0500 [DEBUG] [TestEventLogger]         at org.gradle.api.internal.tasks.testing.junitplatform.JUnitPlatformTestClassProcessor$CollectAllTestClassesExecutor.access$000(JUnitPlatformTestClassProcessor.java:90)
2025-02-01T10:47:42.483-0500 [DEBUG] [TestEventLogger]         at org.gradle.api.internal.tasks.testing.junitplatform.JUnitPlatformTestClassProcessor.stop(JUnitPlatformTestClassProcessor.java:85)
2025-02-01T10:47:42.483-0500 [DEBUG] [TestEventLogger]         at org.gradle.api.internal.tasks.testing.SuiteTestClassProcessor.stop(SuiteTestClassProcessor.java:62)
2025-02-01T10:47:42.483-0500 [DEBUG] [TestEventLogger]         at java.base@11.0.24/jdk.internal.reflect.NativeMethodAccessorImpl.invoke0(Native Method)
2025-02-01T10:47:42.483-0500 [DEBUG] [TestEventLogger]         at java.base@11.0.24/jdk.internal.reflect.NativeMethodAccessorImpl.invoke(NativeMethodAccessorImpl.java:62)
2025-02-01T10:47:42.483-0500 [DEBUG] [TestEventLogger]         at java.base@11.0.24/jdk.internal.reflect.DelegatingMethodAccessorImpl.invoke(DelegatingMethodAccessorImpl.java:43)
2025-02-01T10:47:42.483-0500 [DEBUG] [TestEventLogger]         at java.base@11.0.24/java.lang.reflect.Method.invoke(Method.java:566)
2025-02-01T10:47:42.483-0500 [DEBUG] [TestEventLogger]         at org.gradle.internal.dispatch.ReflectionDispatch.dispatch(ReflectionDispatch.java:36)
2025-02-01T10:47:42.483-0500 [DEBUG] [TestEventLogger]         at org.gradle.internal.dispatch.ReflectionDispatch.dispatch(ReflectionDispatch.java:24)
2025-02-01T10:47:42.483-0500 [DEBUG] [TestEventLogger]         at org.gradle.internal.dispatch.ContextClassLoaderDispatch.dispatch(ContextClassLoaderDispatch.java:33)
2025-02-01T10:47:42.483-0500 [DEBUG] [TestEventLogger]         at org.gradle.internal.dispatch.ProxyDispatchAdapter$DispatchingInvocationHandler.invoke(ProxyDispatchAdapter.java:94)
2025-02-01T10:47:42.483-0500 [DEBUG] [TestEventLogger]         at com.sun.proxy.$Proxy2.stop(Unknown Source)
2025-02-01T10:47:42.483-0500 [DEBUG] [TestEventLogger]         at org.gradle.api.internal.tasks.testing.worker.TestWorker$3.run(TestWorker.java:193)
2025-02-01T10:47:42.483-0500 [DEBUG] [TestEventLogger]         at org.gradle.api.internal.tasks.testing.worker.TestWorker.executeAndMaintainThreadName(TestWorker.java:129)
2025-02-01T10:47:42.483-0500 [DEBUG] [TestEventLogger]         at org.gradle.api.internal.tasks.testing.worker.TestWorker.execute(TestWorker.java:100)
2025-02-01T10:47:42.483-0500 [DEBUG] [TestEventLogger]         at org.gradle.api.internal.tasks.testing.worker.TestWorker.execute(TestWorker.java:60)
2025-02-01T10:47:42.483-0500 [DEBUG] [TestEventLogger]         at org.gradle.process.internal.worker.child.ActionExecutionWorker.execute(ActionExecutionWorker.java:56)
2025-02-01T10:47:42.483-0500 [DEBUG] [TestEventLogger]         at org.gradle.process.internal.worker.child.SystemApplicationClassLoaderWorker.call(SystemApplicationClassLoaderWorker.java:113)
2025-02-01T10:47:42.483-0500 [DEBUG] [TestEventLogger]         at org.gradle.process.internal.worker.child.SystemApplicationClassLoaderWorker.call(SystemApplicationClassLoaderWorker.java:65)
2025-02-01T10:47:42.483-0500 [DEBUG] [TestEventLogger]         at app//worker.org.gradle.process.internal.worker.GradleWorkerMain.run(GradleWorkerMain.java:69)
2025-02-01T10:47:42.483-0500 [DEBUG] [TestEventLogger]         at app//worker.org.gradle.process.internal.worker.GradleWorkerMain.main(GradleWorkerMain.java:74)
2025-02-01T10:47:42.483-0500 [DEBUG] [TestEventLogger] 
2025-02-01T10:47:42.483-0500 [DEBUG] [TestEventLogger]         Caused by:
2025-02-01T10:47:42.483-0500 [DEBUG] [TestEventLogger]         java.lang.NoClassDefFoundError: com/documentum/fc/common/DfLogger
2025-02-01T10:47:42.483-0500 [DEBUG] [TestEventLogger]             at net.koeppster.dctm.utils.Utils.main(Utils.java:40)
2025-02-01T10:47:42.483-0500 [DEBUG] [TestEventLogger]             at net.koeppster.dctm.utils.UtilsTest.lambda$checkPrintMapCmd$7(UtilsTest.java:132)
2025-02-01T10:47:42.483-0500 [DEBUG] [TestEventLogger]             at org.junit.jupiter.api.AssertThrows.assertThrows(AssertThrows.java:53)
2025-02-01T10:47:42.483-0500 [DEBUG] [TestEventLogger]             ... 87 more
2025-02-01T10:47:42.483-0500 [DEBUG] [TestEventLogger] 
2025-02-01T10:47:42.483-0500 [DEBUG] [TestEventLogger]             Caused by:
2025-02-01T10:47:42.483-0500 [DEBUG] [TestEventLogger]             java.lang.ClassNotFoundException: com.documentum.fc.common.DfLogger
2025-02-01T10:47:42.483-0500 [DEBUG] [TestEventLogger]                 at java.base/jdk.internal.loader.BuiltinClassLoader.loadClass(BuiltinClassLoader.java:581)
2025-02-01T10:47:42.484-0500 [DEBUG] [TestEventLogger]                 at java.base/jdk.internal.loader.ClassLoaders$AppClassLoader.loadClass(ClassLoaders.java:178)
2025-02-01T10:47:42.484-0500 [DEBUG] [TestEventLogger]                 at java.base/java.lang.ClassLoader.loadClass(ClassLoader.java:526)
2025-02-01T10:47:42.484-0500 [DEBUG] [TestEventLogger]                 ... 90 more
2025-02-01T10:47:42.484-0500 [DEBUG] [TestEventLogger] 
2025-02-01T10:47:42.484-0500 [DEBUG] [TestEventLogger] UtilsTest > checkPingDocbaseCmd() STARTED
2025-02-01T10:47:42.484-0500 [DEBUG] [TestEventLogger] 
2025-02-01T10:47:42.485-0500 [DEBUG] [TestEventLogger] UtilsTest > checkPingDocbaseCmd() FAILED
2025-02-01T10:47:42.485-0500 [DEBUG] [TestEventLogger]     org.opentest4j.AssertionFailedError: Must call System.exit(int) ==> Unexpected exception type thrown, expected: <net.koeppster.NoExitSecurityManager.ExitException> but was: <java.lang.NoClassDefFoundError>
2025-02-01T10:47:42.485-0500 [DEBUG] [TestEventLogger]         at app//org.junit.jupiter.api.AssertionFailureBuilder.build(AssertionFailureBuilder.java:151)
2025-02-01T10:47:42.485-0500 [DEBUG] [TestEventLogger]         at app//org.junit.jupiter.api.AssertThrows.assertThrows(AssertThrows.java:67)
2025-02-01T10:47:42.485-0500 [DEBUG] [TestEventLogger]         at app//org.junit.jupiter.api.AssertThrows.assertThrows(AssertThrows.java:39)
2025-02-01T10:47:42.485-0500 [DEBUG] [TestEventLogger]         at app//org.junit.jupiter.api.Assertions.assertThrows(Assertions.java:3099)
2025-02-01T10:47:42.485-0500 [DEBUG] [TestEventLogger]         at app//net.koeppster.dctm.utils.UtilsTest.checkPingDocbaseCmd(UtilsTest.java:90)
2025-02-01T10:47:42.485-0500 [DEBUG] [TestEventLogger]         at java.base@11.0.24/jdk.internal.reflect.NativeMethodAccessorImpl.invoke0(Native Method)
2025-02-01T10:47:42.485-0500 [DEBUG] [TestEventLogger]         at java.base@11.0.24/jdk.internal.reflect.NativeMethodAccessorImpl.invoke(NativeMethodAccessorImpl.java:62)
2025-02-01T10:47:42.485-0500 [DEBUG] [TestEventLogger]         at java.base@11.0.24/jdk.internal.reflect.DelegatingMethodAccessorImpl.invoke(DelegatingMethodAccessorImpl.java:43)
2025-02-01T10:47:42.485-0500 [DEBUG] [TestEventLogger]         at java.base@11.0.24/java.lang.reflect.Method.invoke(Method.java:566)
2025-02-01T10:47:42.485-0500 [DEBUG] [TestEventLogger]         at app//org.junit.platform.commons.util.ReflectionUtils.invokeMethod(ReflectionUtils.java:727)
2025-02-01T10:47:42.485-0500 [DEBUG] [TestEventLogger]         at app//org.junit.jupiter.engine.execution.MethodInvocation.proceed(MethodInvocation.java:60)
2025-02-01T10:47:42.485-0500 [DEBUG] [TestEventLogger]         at app//org.junit.jupiter.engine.execution.InvocationInterceptorChain$ValidatingInvocation.proceed(InvocationInterceptorChain.java:131)
2025-02-01T10:47:42.485-0500 [DEBUG] [TestEventLogger]         at app//org.junit.jupiter.engine.extension.TimeoutExtension.intercept(TimeoutExtension.java:156)
2025-02-01T10:47:42.485-0500 [DEBUG] [TestEventLogger]         at app//org.junit.jupiter.engine.extension.TimeoutExtension.interceptTestableMethod(TimeoutExtension.java:147)
2025-02-01T10:47:42.485-0500 [DEBUG] [TestEventLogger]         at app//org.junit.jupiter.engine.extension.TimeoutExtension.interceptTestMethod(TimeoutExtension.java:86)
2025-02-01T10:47:42.485-0500 [DEBUG] [TestEventLogger]         at app//org.junit.jupiter.engine.execution.InterceptingExecutableInvoker$ReflectiveInterceptorCall.lambda$ofVoidMethod$0(InterceptingExecutableInvoker.java:103)
2025-02-01T10:47:42.486-0500 [DEBUG] [TestEventLogger]         at app//org.junit.jupiter.engine.execution.InterceptingExecutableInvoker.lambda$invoke$0(InterceptingExecutableInvoker.java:93)
2025-02-01T10:47:42.486-0500 [DEBUG] [TestEventLogger]         at app//org.junit.jupiter.engine.execution.InvocationInterceptorChain$InterceptedInvocation.proceed(InvocationInterceptorChain.java:106)
2025-02-01T10:47:42.486-0500 [DEBUG] [TestEventLogger]         at app//org.junit.jupiter.engine.execution.InvocationInterceptorChain.proceed(InvocationInterceptorChain.java:64)
2025-02-01T10:47:42.486-0500 [DEBUG] [TestEventLogger]         at app//org.junit.jupiter.engine.execution.InvocationInterceptorChain.chainAndInvoke(InvocationInterceptorChain.java:45)
2025-02-01T10:47:42.486-0500 [DEBUG] [TestEventLogger]         at app//org.junit.jupiter.engine.execution.InvocationInterceptorChain.invoke(InvocationInterceptorChain.java:37)
2025-02-01T10:47:42.486-0500 [DEBUG] [TestEventLogger]         at app//org.junit.jupiter.engine.execution.InterceptingExecutableInvoker.invoke(InterceptingExecutableInvoker.java:92)
2025-02-01T10:47:42.486-0500 [DEBUG] [TestEventLogger]         at app//org.junit.jupiter.engine.execution.InterceptingExecutableInvoker.invoke(InterceptingExecutableInvoker.java:86)
2025-02-01T10:47:42.486-0500 [DEBUG] [TestEventLogger]         at app//org.junit.jupiter.engine.descriptor.TestMethodTestDescriptor.lambda$invokeTestMethod$7(TestMethodTestDescriptor.java:217)
2025-02-01T10:47:42.486-0500 [DEBUG] [TestEventLogger]         at app//org.junit.platform.engine.support.hierarchical.ThrowableCollector.execute(ThrowableCollector.java:73)
2025-02-01T10:47:42.486-0500 [DEBUG] [TestEventLogger]         at app//org.junit.jupiter.engine.descriptor.TestMethodTestDescriptor.invokeTestMethod(TestMethodTestDescriptor.java:213)
2025-02-01T10:47:42.486-0500 [DEBUG] [TestEventLogger]         at app//org.junit.jupiter.engine.descriptor.TestMethodTestDescriptor.execute(TestMethodTestDescriptor.java:138)
2025-02-01T10:47:42.486-0500 [DEBUG] [TestEventLogger]         at app//org.junit.jupiter.engine.descriptor.TestMethodTestDescriptor.execute(TestMethodTestDescriptor.java:68)
2025-02-01T10:47:42.486-0500 [DEBUG] [TestEventLogger]         at app//org.junit.platform.engine.support.hierarchical.NodeTestTask.lambda$executeRecursively$6(NodeTestTask.java:151)
2025-02-01T10:47:42.486-0500 [DEBUG] [TestEventLogger]         at app//org.junit.platform.engine.support.hierarchical.ThrowableCollector.execute(ThrowableCollector.java:73)
2025-02-01T10:47:42.486-0500 [DEBUG] [TestEventLogger]         at app//org.junit.platform.engine.support.hierarchical.NodeTestTask.lambda$executeRecursively$8(NodeTestTask.java:141)
2025-02-01T10:47:42.486-0500 [DEBUG] [TestEventLogger]         at app//org.junit.platform.engine.support.hierarchical.Node.around(Node.java:137)
2025-02-01T10:47:42.486-0500 [DEBUG] [TestEventLogger]         at app//org.junit.platform.engine.support.hierarchical.NodeTestTask.lambda$executeRecursively$9(NodeTestTask.java:139)
2025-02-01T10:47:42.486-0500 [DEBUG] [TestEventLogger]         at app//org.junit.platform.engine.support.hierarchical.ThrowableCollector.execute(ThrowableCollector.java:73)
2025-02-01T10:47:42.486-0500 [DEBUG] [TestEventLogger]         at app//org.junit.platform.engine.support.hierarchical.NodeTestTask.executeRecursively(NodeTestTask.java:138)
2025-02-01T10:47:42.486-0500 [DEBUG] [TestEventLogger]         at app//org.junit.platform.engine.support.hierarchical.NodeTestTask.execute(NodeTestTask.java:95)
2025-02-01T10:47:42.486-0500 [DEBUG] [TestEventLogger]         at java.base@11.0.24/java.util.ArrayList.forEach(ArrayList.java:1541)
2025-02-01T10:47:42.487-0500 [DEBUG] [TestEventLogger]         at app//org.junit.platform.engine.support.hierarchical.SameThreadHierarchicalTestExecutorService.invokeAll(SameThreadHierarchicalTestExecutorService.java:41)
2025-02-01T10:47:42.487-0500 [DEBUG] [TestEventLogger]         at app//org.junit.platform.engine.support.hierarchical.NodeTestTask.lambda$executeRecursively$6(NodeTestTask.java:155)
2025-02-01T10:47:42.487-0500 [DEBUG] [TestEventLogger]         at app//org.junit.platform.engine.support.hierarchical.ThrowableCollector.execute(ThrowableCollector.java:73)
2025-02-01T10:47:42.487-0500 [DEBUG] [TestEventLogger]         at app//org.junit.platform.engine.support.hierarchical.NodeTestTask.lambda$executeRecursively$8(NodeTestTask.java:141)
2025-02-01T10:47:42.487-0500 [DEBUG] [TestEventLogger]         at app//org.junit.platform.engine.support.hierarchical.Node.around(Node.java:137)
2025-02-01T10:47:42.487-0500 [DEBUG] [TestEventLogger]         at app//org.junit.platform.engine.support.hierarchical.NodeTestTask.lambda$executeRecursively$9(NodeTestTask.java:139)
2025-02-01T10:47:42.487-0500 [DEBUG] [TestEventLogger]         at app//org.junit.platform.engine.support.hierarchical.ThrowableCollector.execute(ThrowableCollector.java:73)
2025-02-01T10:47:42.487-0500 [DEBUG] [TestEventLogger]         at app//org.junit.platform.engine.support.hierarchical.NodeTestTask.executeRecursively(NodeTestTask.java:138)
2025-02-01T10:47:42.487-0500 [DEBUG] [TestEventLogger]         at app//org.junit.platform.engine.support.hierarchical.NodeTestTask.execute(NodeTestTask.java:95)
2025-02-01T10:47:42.487-0500 [DEBUG] [TestEventLogger]         at java.base@11.0.24/java.util.ArrayList.forEach(ArrayList.java:1541)
2025-02-01T10:47:42.487-0500 [DEBUG] [TestEventLogger]         at app//org.junit.platform.engine.support.hierarchical.SameThreadHierarchicalTestExecutorService.invokeAll(SameThreadHierarchicalTestExecutorService.java:41)
2025-02-01T10:47:42.487-0500 [DEBUG] [TestEventLogger]         at app//org.junit.platform.engine.support.hierarchical.NodeTestTask.lambda$executeRecursively$6(NodeTestTask.java:155)
2025-02-01T10:47:42.487-0500 [DEBUG] [TestEventLogger]         at app//org.junit.platform.engine.support.hierarchical.ThrowableCollector.execute(ThrowableCollector.java:73)
2025-02-01T10:47:42.487-0500 [DEBUG] [TestEventLogger]         at app//org.junit.platform.engine.support.hierarchical.NodeTestTask.lambda$executeRecursively$8(NodeTestTask.java:141)
2025-02-01T10:47:42.487-0500 [DEBUG] [TestEventLogger]         at app//org.junit.platform.engine.support.hierarchical.Node.around(Node.java:137)
2025-02-01T10:47:42.487-0500 [DEBUG] [TestEventLogger]         at app//org.junit.platform.engine.support.hierarchical.NodeTestTask.lambda$executeRecursively$9(NodeTestTask.java:139)
2025-02-01T10:47:42.487-0500 [DEBUG] [TestEventLogger]         at app//org.junit.platform.engine.support.hierarchical.ThrowableCollector.execute(ThrowableCollector.java:73)
2025-02-01T10:47:42.487-0500 [DEBUG] [TestEventLogger]         at app//org.junit.platform.engine.support.hierarchical.NodeTestTask.executeRecursively(NodeTestTask.java:138)
2025-02-01T10:47:42.487-0500 [DEBUG] [TestEventLogger]         at app//org.junit.platform.engine.support.hierarchical.NodeTestTask.execute(NodeTestTask.java:95)
2025-02-01T10:47:42.487-0500 [DEBUG] [TestEventLogger]         at app//org.junit.platform.engine.support.hierarchical.SameThreadHierarchicalTestExecutorService.submit(SameThreadHierarchicalTestExecutorService.java:35)
2025-02-01T10:47:42.487-0500 [DEBUG] [TestEventLogger]         at app//org.junit.platform.engine.support.hierarchical.HierarchicalTestExecutor.execute(HierarchicalTestExecutor.java:57)
2025-02-01T10:47:42.487-0500 [DEBUG] [TestEventLogger]         at app//org.junit.platform.engine.support.hierarchical.HierarchicalTestEngine.execute(HierarchicalTestEngine.java:54)
2025-02-01T10:47:42.487-0500 [DEBUG] [TestEventLogger]         at app//org.junit.platform.launcher.core.EngineExecutionOrchestrator.execute(EngineExecutionOrchestrator.java:107)
2025-02-01T10:47:42.488-0500 [DEBUG] [TestEventLogger]         at app//org.junit.platform.launcher.core.EngineExecutionOrchestrator.execute(EngineExecutionOrchestrator.java:88)
2025-02-01T10:47:42.488-0500 [DEBUG] [TestEventLogger]         at app//org.junit.platform.launcher.core.EngineExecutionOrchestrator.lambda$execute$0(EngineExecutionOrchestrator.java:54)
2025-02-01T10:47:42.488-0500 [DEBUG] [TestEventLogger]         at app//org.junit.platform.launcher.core.EngineExecutionOrchestrator.withInterceptedStreams(EngineExecutionOrchestrator.java:67)
2025-02-01T10:47:42.488-0500 [DEBUG] [TestEventLogger]         at app//org.junit.platform.launcher.core.EngineExecutionOrchestrator.execute(EngineExecutionOrchestrator.java:52)
2025-02-01T10:47:42.488-0500 [DEBUG] [TestEventLogger]         at app//org.junit.platform.launcher.core.DefaultLauncher.execute(DefaultLauncher.java:114)
2025-02-01T10:47:42.488-0500 [DEBUG] [TestEventLogger]         at app//org.junit.platform.launcher.core.DefaultLauncher.execute(DefaultLauncher.java:86)
2025-02-01T10:47:42.488-0500 [DEBUG] [TestEventLogger]         at app//org.junit.platform.launcher.core.DefaultLauncherSession$DelegatingLauncher.execute(DefaultLauncherSession.java:86)
2025-02-01T10:47:42.488-0500 [DEBUG] [TestEventLogger]         at org.gradle.api.internal.tasks.testing.junitplatform.JUnitPlatformTestClassProcessor$CollectAllTestClassesExecutor.processAllTestClasses(JUnitPlatformTestClassProcessor.java:110)
2025-02-01T10:47:42.488-0500 [DEBUG] [TestEventLogger]         at org.gradle.api.internal.tasks.testing.junitplatform.JUnitPlatformTestClassProcessor$CollectAllTestClassesExecutor.access$000(JUnitPlatformTestClassProcessor.java:90)
2025-02-01T10:47:42.488-0500 [DEBUG] [TestEventLogger]         at org.gradle.api.internal.tasks.testing.junitplatform.JUnitPlatformTestClassProcessor.stop(JUnitPlatformTestClassProcessor.java:85)
2025-02-01T10:47:42.488-0500 [DEBUG] [TestEventLogger]         at org.gradle.api.internal.tasks.testing.SuiteTestClassProcessor.stop(SuiteTestClassProcessor.java:62)
2025-02-01T10:47:42.488-0500 [DEBUG] [TestEventLogger]         at java.base@11.0.24/jdk.internal.reflect.NativeMethodAccessorImpl.invoke0(Native Method)
2025-02-01T10:47:42.488-0500 [DEBUG] [TestEventLogger]         at java.base@11.0.24/jdk.internal.reflect.NativeMethodAccessorImpl.invoke(NativeMethodAccessorImpl.java:62)
2025-02-01T10:47:42.488-0500 [DEBUG] [TestEventLogger]         at java.base@11.0.24/jdk.internal.reflect.DelegatingMethodAccessorImpl.invoke(DelegatingMethodAccessorImpl.java:43)
2025-02-01T10:47:42.488-0500 [DEBUG] [TestEventLogger]         at java.base@11.0.24/java.lang.reflect.Method.invoke(Method.java:566)
2025-02-01T10:47:42.488-0500 [DEBUG] [TestEventLogger]         at org.gradle.internal.dispatch.ReflectionDispatch.dispatch(ReflectionDispatch.java:36)
2025-02-01T10:47:42.488-0500 [DEBUG] [TestEventLogger]         at org.gradle.internal.dispatch.ReflectionDispatch.dispatch(ReflectionDispatch.java:24)
2025-02-01T10:47:42.488-0500 [DEBUG] [TestEventLogger]         at org.gradle.internal.dispatch.ContextClassLoaderDispatch.dispatch(ContextClassLoaderDispatch.java:33)
2025-02-01T10:47:42.488-0500 [DEBUG] [TestEventLogger]         at org.gradle.internal.dispatch.ProxyDispatchAdapter$DispatchingInvocationHandler.invoke(ProxyDispatchAdapter.java:94)
2025-02-01T10:47:42.488-0500 [DEBUG] [TestEventLogger]         at com.sun.proxy.$Proxy2.stop(Unknown Source)
2025-02-01T10:47:42.488-0500 [DEBUG] [TestEventLogger]         at org.gradle.api.internal.tasks.testing.worker.TestWorker$3.run(TestWorker.java:193)
2025-02-01T10:47:42.488-0500 [DEBUG] [TestEventLogger]         at org.gradle.api.internal.tasks.testing.worker.TestWorker.executeAndMaintainThreadName(TestWorker.java:129)
2025-02-01T10:47:42.488-0500 [DEBUG] [TestEventLogger]         at org.gradle.api.internal.tasks.testing.worker.TestWorker.execute(TestWorker.java:100)
2025-02-01T10:47:42.488-0500 [DEBUG] [TestEventLogger]         at org.gradle.api.internal.tasks.testing.worker.TestWorker.execute(TestWorker.java:60)
2025-02-01T10:47:42.488-0500 [DEBUG] [TestEventLogger]         at org.gradle.process.internal.worker.child.ActionExecutionWorker.execute(ActionExecutionWorker.java:56)
2025-02-01T10:47:42.488-0500 [DEBUG] [TestEventLogger]         at org.gradle.process.internal.worker.child.SystemApplicationClassLoaderWorker.call(SystemApplicationClassLoaderWorker.java:113)
2025-02-01T10:47:42.488-0500 [DEBUG] [TestEventLogger]         at org.gradle.process.internal.worker.child.SystemApplicationClassLoaderWorker.call(SystemApplicationClassLoaderWorker.java:65)
2025-02-01T10:47:42.489-0500 [DEBUG] [TestEventLogger]         at app//worker.org.gradle.process.internal.worker.GradleWorkerMain.run(GradleWorkerMain.java:69)
2025-02-01T10:47:42.489-0500 [DEBUG] [TestEventLogger]         at app//worker.org.gradle.process.internal.worker.GradleWorkerMain.main(GradleWorkerMain.java:74)
2025-02-01T10:47:42.489-0500 [DEBUG] [TestEventLogger] 
2025-02-01T10:47:42.489-0500 [DEBUG] [TestEventLogger]         Caused by:
2025-02-01T10:47:42.489-0500 [DEBUG] [TestEventLogger]         java.lang.NoClassDefFoundError: com/documentum/fc/common/DfLogger
2025-02-01T10:47:42.489-0500 [DEBUG] [TestEventLogger]             at net.koeppster.dctm.utils.Utils.main(Utils.java:40)
2025-02-01T10:47:42.489-0500 [DEBUG] [TestEventLogger]             at net.koeppster.dctm.utils.UtilsTest.lambda$checkPingDocbaseCmd$4(UtilsTest.java:91)
2025-02-01T10:47:42.489-0500 [DEBUG] [TestEventLogger]             at org.junit.jupiter.api.AssertThrows.assertThrows(AssertThrows.java:53)
2025-02-01T10:47:42.489-0500 [DEBUG] [TestEventLogger]             ... 87 more
2025-02-01T10:47:42.489-0500 [DEBUG] [TestEventLogger] 
2025-02-01T10:47:42.489-0500 [DEBUG] [TestEventLogger] UtilsTest > checkPingBrokerCmd() STARTED
2025-02-01T10:47:42.490-0500 [DEBUG] [TestEventLogger] 
2025-02-01T10:47:42.490-0500 [DEBUG] [TestEventLogger] UtilsTest > checkPingBrokerCmd() FAILED
2025-02-01T10:47:42.490-0500 [DEBUG] [TestEventLogger]     org.opentest4j.AssertionFailedError: Must call System.exit(int) ==> Unexpected exception type thrown, expected: <net.koeppster.NoExitSecurityManager.ExitException> but was: <java.lang.NoClassDefFoundError>
2025-02-01T10:47:42.490-0500 [DEBUG] [TestEventLogger]         at app//org.junit.jupiter.api.AssertionFailureBuilder.build(AssertionFailureBuilder.java:151)
2025-02-01T10:47:42.490-0500 [DEBUG] [TestEventLogger]         at app//org.junit.jupiter.api.AssertThrows.assertThrows(AssertThrows.java:67)
2025-02-01T10:47:42.490-0500 [DEBUG] [TestEventLogger]         at app//org.junit.jupiter.api.AssertThrows.assertThrows(AssertThrows.java:39)
2025-02-01T10:47:42.490-0500 [DEBUG] [TestEventLogger]         at app//org.junit.jupiter.api.Assertions.assertThrows(Assertions.java:3099)
2025-02-01T10:47:42.490-0500 [DEBUG] [TestEventLogger]         at app//net.koeppster.dctm.utils.UtilsTest.checkPingBrokerCmd(UtilsTest.java:51)
2025-02-01T10:47:42.490-0500 [DEBUG] [TestEventLogger]         at java.base@11.0.24/jdk.internal.reflect.NativeMethodAccessorImpl.invoke0(Native Method)
2025-02-01T10:47:42.490-0500 [DEBUG] [TestEventLogger]         at java.base@11.0.24/jdk.internal.reflect.NativeMethodAccessorImpl.invoke(NativeMethodAccessorImpl.java:62)
2025-02-01T10:47:42.490-0500 [DEBUG] [TestEventLogger]         at java.base@11.0.24/jdk.internal.reflect.DelegatingMethodAccessorImpl.invoke(DelegatingMethodAccessorImpl.java:43)
2025-02-01T10:47:42.490-0500 [DEBUG] [TestEventLogger]         at java.base@11.0.24/java.lang.reflect.Method.invoke(Method.java:566)
2025-02-01T10:47:42.490-0500 [DEBUG] [TestEventLogger]         at app//org.junit.platform.commons.util.ReflectionUtils.invokeMethod(ReflectionUtils.java:727)
2025-02-01T10:47:42.490-0500 [DEBUG] [TestEventLogger]         at app//org.junit.jupiter.engine.execution.MethodInvocation.proceed(MethodInvocation.java:60)
2025-02-01T10:47:42.490-0500 [DEBUG] [TestEventLogger]         at app//org.junit.jupiter.engine.execution.InvocationInterceptorChain$ValidatingInvocation.proceed(InvocationInterceptorChain.java:131)
2025-02-01T10:47:42.490-0500 [DEBUG] [TestEventLogger]         at app//org.junit.jupiter.engine.extension.TimeoutExtension.intercept(TimeoutExtension.java:156)
2025-02-01T10:47:42.490-0500 [DEBUG] [TestEventLogger]         at app//org.junit.jupiter.engine.extension.TimeoutExtension.interceptTestableMethod(TimeoutExtension.java:147)
2025-02-01T10:47:42.490-0500 [DEBUG] [TestEventLogger]         at app//org.junit.jupiter.engine.extension.TimeoutExtension.interceptTestMethod(TimeoutExtension.java:86)
2025-02-01T10:47:42.490-0500 [DEBUG] [TestEventLogger]         at app//org.junit.jupiter.engine.execution.InterceptingExecutableInvoker$ReflectiveInterceptorCall.lambda$ofVoidMethod$0(InterceptingExecutableInvoker.java:103)
2025-02-01T10:47:42.490-0500 [DEBUG] [TestEventLogger]         at app//org.junit.jupiter.engine.execution.InterceptingExecutableInvoker.lambda$invoke$0(InterceptingExecutableInvoker.java:93)
2025-02-01T10:47:42.490-0500 [DEBUG] [TestEventLogger]         at app//org.junit.jupiter.engine.execution.InvocationInterceptorChain$InterceptedInvocation.proceed(InvocationInterceptorChain.java:106)
2025-02-01T10:47:42.490-0500 [DEBUG] [TestEventLogger]         at app//org.junit.jupiter.engine.execution.InvocationInterceptorChain.proceed(InvocationInterceptorChain.java:64)
2025-02-01T10:47:42.490-0500 [DEBUG] [TestEventLogger]         at app//org.junit.jupiter.engine.execution.InvocationInterceptorChain.chainAndInvoke(InvocationInterceptorChain.java:45)
2025-02-01T10:47:42.491-0500 [DEBUG] [TestEventLogger]         at app//org.junit.jupiter.engine.execution.InvocationInterceptorChain.invoke(InvocationInterceptorChain.java:37)
2025-02-01T10:47:42.491-0500 [DEBUG] [TestEventLogger]         at app//org.junit.jupiter.engine.execution.InterceptingExecutableInvoker.invoke(InterceptingExecutableInvoker.java:92)
2025-02-01T10:47:42.491-0500 [DEBUG] [TestEventLogger]         at app//org.junit.jupiter.engine.execution.InterceptingExecutableInvoker.invoke(InterceptingExecutableInvoker.java:86)
2025-02-01T10:47:42.491-0500 [DEBUG] [TestEventLogger]         at app//org.junit.jupiter.engine.descriptor.TestMethodTestDescriptor.lambda$invokeTestMethod$7(TestMethodTestDescriptor.java:217)
2025-02-01T10:47:42.491-0500 [DEBUG] [TestEventLogger]         at app//org.junit.platform.engine.support.hierarchical.ThrowableCollector.execute(ThrowableCollector.java:73)
2025-02-01T10:47:42.491-0500 [DEBUG] [TestEventLogger]         at app//org.junit.jupiter.engine.descriptor.TestMethodTestDescriptor.invokeTestMethod(TestMethodTestDescriptor.java:213)
2025-02-01T10:47:42.491-0500 [DEBUG] [TestEventLogger]         at app//org.junit.jupiter.engine.descriptor.TestMethodTestDescriptor.execute(TestMethodTestDescriptor.java:138)
2025-02-01T10:47:42.491-0500 [DEBUG] [TestEventLogger]         at app//org.junit.jupiter.engine.descriptor.TestMethodTestDescriptor.execute(TestMethodTestDescriptor.java:68)
2025-02-01T10:47:42.491-0500 [DEBUG] [TestEventLogger]         at app//org.junit.platform.engine.support.hierarchical.NodeTestTask.lambda$executeRecursively$6(NodeTestTask.java:151)
2025-02-01T10:47:42.491-0500 [DEBUG] [TestEventLogger]         at app//org.junit.platform.engine.support.hierarchical.ThrowableCollector.execute(ThrowableCollector.java:73)
2025-02-01T10:47:42.491-0500 [DEBUG] [TestEventLogger]         at app//org.junit.platform.engine.support.hierarchical.NodeTestTask.lambda$executeRecursively$8(NodeTestTask.java:141)
2025-02-01T10:47:42.491-0500 [DEBUG] [TestEventLogger]         at app//org.junit.platform.engine.support.hierarchical.Node.around(Node.java:137)
2025-02-01T10:47:42.491-0500 [DEBUG] [TestEventLogger]         at app//org.junit.platform.engine.support.hierarchical.NodeTestTask.lambda$executeRecursively$9(NodeTestTask.java:139)
2025-02-01T10:47:42.491-0500 [DEBUG] [TestEventLogger]         at app//org.junit.platform.engine.support.hierarchical.ThrowableCollector.execute(ThrowableCollector.java:73)
2025-02-01T10:47:42.491-0500 [DEBUG] [TestEventLogger]         at app//org.junit.platform.engine.support.hierarchical.NodeTestTask.executeRecursively(NodeTestTask.java:138)
2025-02-01T10:47:42.491-0500 [DEBUG] [TestEventLogger]         at app//org.junit.platform.engine.support.hierarchical.NodeTestTask.execute(NodeTestTask.java:95)
2025-02-01T10:47:42.491-0500 [DEBUG] [TestEventLogger]         at java.base@11.0.24/java.util.ArrayList.forEach(ArrayList.java:1541)
2025-02-01T10:47:42.491-0500 [DEBUG] [TestEventLogger]         at app//org.junit.platform.engine.support.hierarchical.SameThreadHierarchicalTestExecutorService.invokeAll(SameThreadHierarchicalTestExecutorService.java:41)
2025-02-01T10:47:42.491-0500 [DEBUG] [TestEventLogger]         at app//org.junit.platform.engine.support.hierarchical.NodeTestTask.lambda$executeRecursively$6(NodeTestTask.java:155)
2025-02-01T10:47:42.491-0500 [DEBUG] [TestEventLogger]         at app//org.junit.platform.engine.support.hierarchical.ThrowableCollector.execute(ThrowableCollector.java:73)
2025-02-01T10:47:42.491-0500 [DEBUG] [TestEventLogger]         at app//org.junit.platform.engine.support.hierarchical.NodeTestTask.lambda$executeRecursively$8(NodeTestTask.java:141)
2025-02-01T10:47:42.491-0500 [DEBUG] [TestEventLogger]         at app//org.junit.platform.engine.support.hierarchical.Node.around(Node.java:137)
2025-02-01T10:47:42.491-0500 [DEBUG] [TestEventLogger]         at app//org.junit.platform.engine.support.hierarchical.NodeTestTask.lambda$executeRecursively$9(NodeTestTask.java:139)
2025-02-01T10:47:42.491-0500 [DEBUG] [TestEventLogger]         at app//org.junit.platform.engine.support.hierarchical.ThrowableCollector.execute(ThrowableCollector.java:73)
2025-02-01T10:47:42.491-0500 [DEBUG] [TestEventLogger]         at app//org.junit.platform.engine.support.hierarchical.NodeTestTask.executeRecursively(NodeTestTask.java:138)
2025-02-01T10:47:42.491-0500 [DEBUG] [TestEventLogger]         at app//org.junit.platform.engine.support.hierarchical.NodeTestTask.execute(NodeTestTask.java:95)
2025-02-01T10:47:42.491-0500 [DEBUG] [TestEventLogger]         at java.base@11.0.24/java.util.ArrayList.forEach(ArrayList.java:1541)
2025-02-01T10:47:42.491-0500 [DEBUG] [TestEventLogger]         at app//org.junit.platform.engine.support.hierarchical.SameThreadHierarchicalTestExecutorService.invokeAll(SameThreadHierarchicalTestExecutorService.java:41)
2025-02-01T10:47:42.491-0500 [DEBUG] [TestEventLogger]         at app//org.junit.platform.engine.support.hierarchical.NodeTestTask.lambda$executeRecursively$6(NodeTestTask.java:155)
2025-02-01T10:47:42.491-0500 [DEBUG] [TestEventLogger]         at app//org.junit.platform.engine.support.hierarchical.ThrowableCollector.execute(ThrowableCollector.java:73)
2025-02-01T10:47:42.491-0500 [DEBUG] [TestEventLogger]         at app//org.junit.platform.engine.support.hierarchical.NodeTestTask.lambda$executeRecursively$8(NodeTestTask.java:141)
2025-02-01T10:47:42.491-0500 [DEBUG] [TestEventLogger]         at app//org.junit.platform.engine.support.hierarchical.Node.around(Node.java:137)
2025-02-01T10:47:42.491-0500 [DEBUG] [TestEventLogger]         at app//org.junit.platform.engine.support.hierarchical.NodeTestTask.lambda$executeRecursively$9(NodeTestTask.java:139)
2025-02-01T10:47:42.491-0500 [DEBUG] [TestEventLogger]         at app//org.junit.platform.engine.support.hierarchical.ThrowableCollector.execute(ThrowableCollector.java:73)
2025-02-01T10:47:42.491-0500 [DEBUG] [TestEventLogger]         at app//org.junit.platform.engine.support.hierarchical.NodeTestTask.executeRecursively(NodeTestTask.java:138)
2025-02-01T10:47:42.491-0500 [DEBUG] [TestEventLogger]         at app//org.junit.platform.engine.support.hierarchical.NodeTestTask.execute(NodeTestTask.java:95)
2025-02-01T10:47:42.491-0500 [DEBUG] [TestEventLogger]         at app//org.junit.platform.engine.support.hierarchical.SameThreadHierarchicalTestExecutorService.submit(SameThreadHierarchicalTestExecutorService.java:35)
2025-02-01T10:47:42.491-0500 [DEBUG] [TestEventLogger]         at app//org.junit.platform.engine.support.hierarchical.HierarchicalTestExecutor.execute(HierarchicalTestExecutor.java:57)
2025-02-01T10:47:42.491-0500 [DEBUG] [TestEventLogger]         at app//org.junit.platform.engine.support.hierarchical.HierarchicalTestEngine.execute(HierarchicalTestEngine.java:54)
2025-02-01T10:47:42.492-0500 [DEBUG] [TestEventLogger]         at app//org.junit.platform.launcher.core.EngineExecutionOrchestrator.execute(EngineExecutionOrchestrator.java:107)
2025-02-01T10:47:42.492-0500 [DEBUG] [TestEventLogger]         at app//org.junit.platform.launcher.core.EngineExecutionOrchestrator.execute(EngineExecutionOrchestrator.java:88)
2025-02-01T10:47:42.492-0500 [DEBUG] [TestEventLogger]         at app//org.junit.platform.launcher.core.EngineExecutionOrchestrator.lambda$execute$0(EngineExecutionOrchestrator.java:54)
2025-02-01T10:47:42.492-0500 [DEBUG] [TestEventLogger]         at app//org.junit.platform.launcher.core.EngineExecutionOrchestrator.withInterceptedStreams(EngineExecutionOrchestrator.java:67)
2025-02-01T10:47:42.492-0500 [DEBUG] [TestEventLogger]         at app//org.junit.platform.launcher.core.EngineExecutionOrchestrator.execute(EngineExecutionOrchestrator.java:52)
2025-02-01T10:47:42.492-0500 [DEBUG] [TestEventLogger]         at app//org.junit.platform.launcher.core.DefaultLauncher.execute(DefaultLauncher.java:114)
2025-02-01T10:47:42.492-0500 [DEBUG] [TestEventLogger]         at app//org.junit.platform.launcher.core.DefaultLauncher.execute(DefaultLauncher.java:86)
2025-02-01T10:47:42.492-0500 [DEBUG] [TestEventLogger]         at app//org.junit.platform.launcher.core.DefaultLauncherSession$DelegatingLauncher.execute(DefaultLauncherSession.java:86)
2025-02-01T10:47:42.492-0500 [DEBUG] [TestEventLogger]         at org.gradle.api.internal.tasks.testing.junitplatform.JUnitPlatformTestClassProcessor$CollectAllTestClassesExecutor.processAllTestClasses(JUnitPlatformTestClassProcessor.java:110)
2025-02-01T10:47:42.492-0500 [DEBUG] [TestEventLogger]         at org.gradle.api.internal.tasks.testing.junitplatform.JUnitPlatformTestClassProcessor$CollectAllTestClassesExecutor.access$000(JUnitPlatformTestClassProcessor.java:90)
2025-02-01T10:47:42.492-0500 [DEBUG] [TestEventLogger]         at org.gradle.api.internal.tasks.testing.junitplatform.JUnitPlatformTestClassProcessor.stop(JUnitPlatformTestClassProcessor.java:85)
2025-02-01T10:47:42.492-0500 [DEBUG] [TestEventLogger]         at org.gradle.api.internal.tasks.testing.SuiteTestClassProcessor.stop(SuiteTestClassProcessor.java:62)
2025-02-01T10:47:42.492-0500 [DEBUG] [TestEventLogger]         at java.base@11.0.24/jdk.internal.reflect.NativeMethodAccessorImpl.invoke0(Native Method)
2025-02-01T10:47:42.492-0500 [DEBUG] [TestEventLogger]         at java.base@11.0.24/jdk.internal.reflect.NativeMethodAccessorImpl.invoke(NativeMethodAccessorImpl.java:62)
2025-02-01T10:47:42.492-0500 [DEBUG] [TestEventLogger]         at java.base@11.0.24/jdk.internal.reflect.DelegatingMethodAccessorImpl.invoke(DelegatingMethodAccessorImpl.java:43)
2025-02-01T10:47:42.492-0500 [DEBUG] [TestEventLogger]         at java.base@11.0.24/java.lang.reflect.Method.invoke(Method.java:566)
2025-02-01T10:47:42.492-0500 [DEBUG] [TestEventLogger]         at org.gradle.internal.dispatch.ReflectionDispatch.dispatch(ReflectionDispatch.java:36)
2025-02-01T10:47:42.492-0500 [DEBUG] [TestEventLogger]         at org.gradle.internal.dispatch.ReflectionDispatch.dispatch(ReflectionDispatch.java:24)
2025-02-01T10:47:42.492-0500 [DEBUG] [TestEventLogger]         at org.gradle.internal.dispatch.ContextClassLoaderDispatch.dispatch(ContextClassLoaderDispatch.java:33)
2025-02-01T10:47:42.492-0500 [DEBUG] [TestEventLogger]         at org.gradle.internal.dispatch.ProxyDispatchAdapter$DispatchingInvocationHandler.invoke(ProxyDispatchAdapter.java:94)
2025-02-01T10:47:42.492-0500 [DEBUG] [TestEventLogger]         at com.sun.proxy.$Proxy2.stop(Unknown Source)
2025-02-01T10:47:42.492-0500 [DEBUG] [TestEventLogger]         at org.gradle.api.internal.tasks.testing.worker.TestWorker$3.run(TestWorker.java:193)
2025-02-01T10:47:42.492-0500 [DEBUG] [TestEventLogger]         at org.gradle.api.internal.tasks.testing.worker.TestWorker.executeAndMaintainThreadName(TestWorker.java:129)
2025-02-01T10:47:42.492-0500 [DEBUG] [TestEventLogger]         at org.gradle.api.internal.tasks.testing.worker.TestWorker.execute(TestWorker.java:100)
2025-02-01T10:47:42.492-0500 [DEBUG] [TestEventLogger]         at org.gradle.api.internal.tasks.testing.worker.TestWorker.execute(TestWorker.java:60)
2025-02-01T10:47:42.492-0500 [DEBUG] [TestEventLogger]         at org.gradle.process.internal.worker.child.ActionExecutionWorker.execute(ActionExecutionWorker.java:56)
2025-02-01T10:47:42.492-0500 [DEBUG] [TestEventLogger]         at org.gradle.process.internal.worker.child.SystemApplicationClassLoaderWorker.call(SystemApplicationClassLoaderWorker.java:113)
2025-02-01T10:47:42.492-0500 [DEBUG] [TestEventLogger]         at org.gradle.process.internal.worker.child.SystemApplicationClassLoaderWorker.call(SystemApplicationClassLoaderWorker.java:65)
2025-02-01T10:47:42.492-0500 [DEBUG] [TestEventLogger]         at app//worker.org.gradle.process.internal.worker.GradleWorkerMain.run(GradleWorkerMain.java:69)
2025-02-01T10:47:42.492-0500 [DEBUG] [TestEventLogger]         at app//worker.org.gradle.process.internal.worker.GradleWorkerMain.main(GradleWorkerMain.java:74)
2025-02-01T10:47:42.492-0500 [DEBUG] [TestEventLogger] 
2025-02-01T10:47:42.492-0500 [DEBUG] [TestEventLogger]         Caused by:
2025-02-01T10:47:42.492-0500 [DEBUG] [TestEventLogger]         java.lang.NoClassDefFoundError: com/documentum/fc/common/DfLogger
2025-02-01T10:47:42.492-0500 [DEBUG] [TestEventLogger]             at net.koeppster.dctm.utils.Utils.main(Utils.java:40)
2025-02-01T10:47:42.492-0500 [DEBUG] [TestEventLogger]             at net.koeppster.dctm.utils.UtilsTest.lambda$checkPingBrokerCmd$1(UtilsTest.java:52)
2025-02-01T10:47:42.492-0500 [DEBUG] [TestEventLogger]             at org.junit.jupiter.api.AssertThrows.assertThrows(AssertThrows.java:53)
2025-02-01T10:47:42.492-0500 [DEBUG] [TestEventLogger]             ... 87 more
2025-02-01T10:47:42.493-0500 [DEBUG] [TestEventLogger] 
2025-02-01T10:47:42.493-0500 [DEBUG] [TestEventLogger] UtilsTest > checkMainNoCmd() STARTED
2025-02-01T10:47:42.493-0500 [DEBUG] [TestEventLogger] 
2025-02-01T10:47:42.493-0500 [DEBUG] [TestEventLogger] UtilsTest > checkMainNoCmd() FAILED
2025-02-01T10:47:42.493-0500 [DEBUG] [TestEventLogger]     org.opentest4j.AssertionFailedError: Must return 1 when called with no args provided ==> Unexpected exception type thrown, expected: <net.koeppster.NoExitSecurityManager.ExitException> but was: <java.lang.NoClassDefFoundError>
2025-02-01T10:47:42.493-0500 [DEBUG] [TestEventLogger]         at app//org.junit.jupiter.api.AssertionFailureBuilder.build(AssertionFailureBuilder.java:151)
2025-02-01T10:47:42.493-0500 [DEBUG] [TestEventLogger]         at app//org.junit.jupiter.api.AssertThrows.assertThrows(AssertThrows.java:67)
2025-02-01T10:47:42.493-0500 [DEBUG] [TestEventLogger]         at app//org.junit.jupiter.api.AssertThrows.assertThrows(AssertThrows.java:39)
2025-02-01T10:47:42.493-0500 [DEBUG] [TestEventLogger]         at app//org.junit.jupiter.api.Assertions.assertThrows(Assertions.java:3099)
2025-02-01T10:47:42.493-0500 [DEBUG] [TestEventLogger]         at app//net.koeppster.dctm.utils.UtilsTest.checkMainNoCmd(UtilsTest.java:35)
2025-02-01T10:47:42.493-0500 [DEBUG] [TestEventLogger]         at java.base@11.0.24/jdk.internal.reflect.NativeMethodAccessorImpl.invoke0(Native Method)
2025-02-01T10:47:42.493-0500 [DEBUG] [TestEventLogger]         at java.base@11.0.24/jdk.internal.reflect.NativeMethodAccessorImpl.invoke(NativeMethodAccessorImpl.java:62)
2025-02-01T10:47:42.493-0500 [DEBUG] [TestEventLogger]         at java.base@11.0.24/jdk.internal.reflect.DelegatingMethodAccessorImpl.invoke(DelegatingMethodAccessorImpl.java:43)
2025-02-01T10:47:42.493-0500 [DEBUG] [TestEventLogger]         at java.base@11.0.24/java.lang.reflect.Method.invoke(Method.java:566)
2025-02-01T10:47:42.493-0500 [DEBUG] [TestEventLogger]         at app//org.junit.platform.commons.util.ReflectionUtils.invokeMethod(ReflectionUtils.java:727)
2025-02-01T10:47:42.493-0500 [DEBUG] [TestEventLogger]         at app//org.junit.jupiter.engine.execution.MethodInvocation.proceed(MethodInvocation.java:60)
2025-02-01T10:47:42.493-0500 [DEBUG] [TestEventLogger]         at app//org.junit.jupiter.engine.execution.InvocationInterceptorChain$ValidatingInvocation.proceed(InvocationInterceptorChain.java:131)
2025-02-01T10:47:42.493-0500 [DEBUG] [TestEventLogger]         at app//org.junit.jupiter.engine.extension.TimeoutExtension.intercept(TimeoutExtension.java:156)
2025-02-01T10:47:42.493-0500 [DEBUG] [TestEventLogger]         at app//org.junit.jupiter.engine.extension.TimeoutExtension.interceptTestableMethod(TimeoutExtension.java:147)
2025-02-01T10:47:42.494-0500 [DEBUG] [TestEventLogger]         at app//org.junit.jupiter.engine.extension.TimeoutExtension.interceptTestMethod(TimeoutExtension.java:86)
2025-02-01T10:47:42.494-0500 [DEBUG] [TestEventLogger]         at app//org.junit.jupiter.engine.execution.InterceptingExecutableInvoker$ReflectiveInterceptorCall.lambda$ofVoidMethod$0(InterceptingExecutableInvoker.java:103)
2025-02-01T10:47:42.494-0500 [DEBUG] [TestEventLogger]         at app//org.junit.jupiter.engine.execution.InterceptingExecutableInvoker.lambda$invoke$0(InterceptingExecutableInvoker.java:93)
2025-02-01T10:47:42.494-0500 [DEBUG] [TestEventLogger]         at app//org.junit.jupiter.engine.execution.InvocationInterceptorChain$InterceptedInvocation.proceed(InvocationInterceptorChain.java:106)
2025-02-01T10:47:42.494-0500 [DEBUG] [TestEventLogger]         at app//org.junit.jupiter.engine.execution.InvocationInterceptorChain.proceed(InvocationInterceptorChain.java:64)
2025-02-01T10:47:42.494-0500 [DEBUG] [TestEventLogger]         at app//org.junit.jupiter.engine.execution.InvocationInterceptorChain.chainAndInvoke(InvocationInterceptorChain.java:45)
2025-02-01T10:47:42.494-0500 [DEBUG] [TestEventLogger]         at app//org.junit.jupiter.engine.execution.InvocationInterceptorChain.invoke(InvocationInterceptorChain.java:37)
2025-02-01T10:47:42.494-0500 [DEBUG] [TestEventLogger]         at app//org.junit.jupiter.engine.execution.InterceptingExecutableInvoker.invoke(InterceptingExecutableInvoker.java:92)
2025-02-01T10:47:42.494-0500 [DEBUG] [TestEventLogger]         at app//org.junit.jupiter.engine.execution.InterceptingExecutableInvoker.invoke(InterceptingExecutableInvoker.java:86)
2025-02-01T10:47:42.494-0500 [DEBUG] [TestEventLogger]         at app//org.junit.jupiter.engine.descriptor.TestMethodTestDescriptor.lambda$invokeTestMethod$7(TestMethodTestDescriptor.java:217)
2025-02-01T10:47:42.494-0500 [DEBUG] [TestEventLogger]         at app//org.junit.platform.engine.support.hierarchical.ThrowableCollector.execute(ThrowableCollector.java:73)
2025-02-01T10:47:42.494-0500 [DEBUG] [TestEventLogger]         at app//org.junit.jupiter.engine.descriptor.TestMethodTestDescriptor.invokeTestMethod(TestMethodTestDescriptor.java:213)
2025-02-01T10:47:42.494-0500 [DEBUG] [TestEventLogger]         at app//org.junit.jupiter.engine.descriptor.TestMethodTestDescriptor.execute(TestMethodTestDescriptor.java:138)
2025-02-01T10:47:42.494-0500 [DEBUG] [TestEventLogger]         at app//org.junit.jupiter.engine.descriptor.TestMethodTestDescriptor.execute(TestMethodTestDescriptor.java:68)
2025-02-01T10:47:42.494-0500 [DEBUG] [TestEventLogger]         at app//org.junit.platform.engine.support.hierarchical.NodeTestTask.lambda$executeRecursively$6(NodeTestTask.java:151)
2025-02-01T10:47:42.494-0500 [DEBUG] [TestEventLogger]         at app//org.junit.platform.engine.support.hierarchical.ThrowableCollector.execute(ThrowableCollector.java:73)
2025-02-01T10:47:42.494-0500 [DEBUG] [TestEventLogger]         at app//org.junit.platform.engine.support.hierarchical.NodeTestTask.lambda$executeRecursively$8(NodeTestTask.java:141)
2025-02-01T10:47:42.494-0500 [DEBUG] [TestEventLogger]         at app//org.junit.platform.engine.support.hierarchical.Node.around(Node.java:137)
2025-02-01T10:47:42.494-0500 [DEBUG] [TestEventLogger]         at app//org.junit.platform.engine.support.hierarchical.NodeTestTask.lambda$executeRecursively$9(NodeTestTask.java:139)
2025-02-01T10:47:42.494-0500 [DEBUG] [TestEventLogger]         at app//org.junit.platform.engine.support.hierarchical.ThrowableCollector.execute(ThrowableCollector.java:73)
2025-02-01T10:47:42.494-0500 [DEBUG] [TestEventLogger]         at app//org.junit.platform.engine.support.hierarchical.NodeTestTask.executeRecursively(NodeTestTask.java:138)
2025-02-01T10:47:42.494-0500 [DEBUG] [TestEventLogger]         at app//org.junit.platform.engine.support.hierarchical.NodeTestTask.execute(NodeTestTask.java:95)
2025-02-01T10:47:42.494-0500 [DEBUG] [TestEventLogger]         at java.base@11.0.24/java.util.ArrayList.forEach(ArrayList.java:1541)
2025-02-01T10:47:42.494-0500 [DEBUG] [TestEventLogger]         at app//org.junit.platform.engine.support.hierarchical.SameThreadHierarchicalTestExecutorService.invokeAll(SameThreadHierarchicalTestExecutorService.java:41)
2025-02-01T10:47:42.494-0500 [DEBUG] [TestEventLogger]         at app//org.junit.platform.engine.support.hierarchical.NodeTestTask.lambda$executeRecursively$6(NodeTestTask.java:155)
2025-02-01T10:47:42.494-0500 [DEBUG] [TestEventLogger]         at app//org.junit.platform.engine.support.hierarchical.ThrowableCollector.execute(ThrowableCollector.java:73)
2025-02-01T10:47:42.494-0500 [DEBUG] [TestEventLogger]         at app//org.junit.platform.engine.support.hierarchical.NodeTestTask.lambda$executeRecursively$8(NodeTestTask.java:141)
2025-02-01T10:47:42.494-0500 [DEBUG] [TestEventLogger]         at app//org.junit.platform.engine.support.hierarchical.Node.around(Node.java:137)
2025-02-01T10:47:42.494-0500 [DEBUG] [TestEventLogger]         at app//org.junit.platform.engine.support.hierarchical.NodeTestTask.lambda$executeRecursively$9(NodeTestTask.java:139)
2025-02-01T10:47:42.494-0500 [DEBUG] [TestEventLogger]         at app//org.junit.platform.engine.support.hierarchical.ThrowableCollector.execute(ThrowableCollector.java:73)
2025-02-01T10:47:42.494-0500 [DEBUG] [TestEventLogger]         at app//org.junit.platform.engine.support.hierarchical.NodeTestTask.executeRecursively(NodeTestTask.java:138)
2025-02-01T10:47:42.494-0500 [DEBUG] [TestEventLogger]         at app//org.junit.platform.engine.support.hierarchical.NodeTestTask.execute(NodeTestTask.java:95)
2025-02-01T10:47:42.494-0500 [DEBUG] [TestEventLogger]         at java.base@11.0.24/java.util.ArrayList.forEach(ArrayList.java:1541)
2025-02-01T10:47:42.494-0500 [DEBUG] [TestEventLogger]         at app//org.junit.platform.engine.support.hierarchical.SameThreadHierarchicalTestExecutorService.invokeAll(SameThreadHierarchicalTestExecutorService.java:41)
2025-02-01T10:47:42.494-0500 [DEBUG] [TestEventLogger]         at app//org.junit.platform.engine.support.hierarchical.NodeTestTask.lambda$executeRecursively$6(NodeTestTask.java:155)
2025-02-01T10:47:42.494-0500 [DEBUG] [TestEventLogger]         at app//org.junit.platform.engine.support.hierarchical.ThrowableCollector.execute(ThrowableCollector.java:73)
2025-02-01T10:47:42.494-0500 [DEBUG] [TestEventLogger]         at app//org.junit.platform.engine.support.hierarchical.NodeTestTask.lambda$executeRecursively$8(NodeTestTask.java:141)
2025-02-01T10:47:42.494-0500 [DEBUG] [TestEventLogger]         at app//org.junit.platform.engine.support.hierarchical.Node.around(Node.java:137)
2025-02-01T10:47:42.494-0500 [DEBUG] [TestEventLogger]         at app//org.junit.platform.engine.support.hierarchical.NodeTestTask.lambda$executeRecursively$9(NodeTestTask.java:139)
2025-02-01T10:47:42.494-0500 [DEBUG] [TestEventLogger]         at app//org.junit.platform.engine.support.hierarchical.ThrowableCollector.execute(ThrowableCollector.java:73)
2025-02-01T10:47:42.494-0500 [DEBUG] [TestEventLogger]         at app//org.junit.platform.engine.support.hierarchical.NodeTestTask.executeRecursively(NodeTestTask.java:138)
2025-02-01T10:47:42.495-0500 [DEBUG] [TestEventLogger]         at app//org.junit.platform.engine.support.hierarchical.NodeTestTask.execute(NodeTestTask.java:95)
2025-02-01T10:47:42.495-0500 [DEBUG] [TestEventLogger]         at app//org.junit.platform.engine.support.hierarchical.SameThreadHierarchicalTestExecutorService.submit(SameThreadHierarchicalTestExecutorService.java:35)
2025-02-01T10:47:42.495-0500 [DEBUG] [TestEventLogger]         at app//org.junit.platform.engine.support.hierarchical.HierarchicalTestExecutor.execute(HierarchicalTestExecutor.java:57)
2025-02-01T10:47:42.495-0500 [DEBUG] [TestEventLogger]         at app//org.junit.platform.engine.support.hierarchical.HierarchicalTestEngine.execute(HierarchicalTestEngine.java:54)
2025-02-01T10:47:42.495-0500 [DEBUG] [TestEventLogger]         at app//org.junit.platform.launcher.core.EngineExecutionOrchestrator.execute(EngineExecutionOrchestrator.java:107)
2025-02-01T10:47:42.495-0500 [DEBUG] [TestEventLogger]         at app//org.junit.platform.launcher.core.EngineExecutionOrchestrator.execute(EngineExecutionOrchestrator.java:88)
2025-02-01T10:47:42.495-0500 [DEBUG] [TestEventLogger]         at app//org.junit.platform.launcher.core.EngineExecutionOrchestrator.lambda$execute$0(EngineExecutionOrchestrator.java:54)
2025-02-01T10:47:42.495-0500 [DEBUG] [TestEventLogger]         at app//org.junit.platform.launcher.core.EngineExecutionOrchestrator.withInterceptedStreams(EngineExecutionOrchestrator.java:67)
2025-02-01T10:47:42.495-0500 [DEBUG] [TestEventLogger]         at app//org.junit.platform.launcher.core.EngineExecutionOrchestrator.execute(EngineExecutionOrchestrator.java:52)
2025-02-01T10:47:42.495-0500 [DEBUG] [TestEventLogger]         at app//org.junit.platform.launcher.core.DefaultLauncher.execute(DefaultLauncher.java:114)
2025-02-01T10:47:42.495-0500 [DEBUG] [TestEventLogger]         at app//org.junit.platform.launcher.core.DefaultLauncher.execute(DefaultLauncher.java:86)
2025-02-01T10:47:42.495-0500 [DEBUG] [TestEventLogger]         at app//org.junit.platform.launcher.core.DefaultLauncherSession$DelegatingLauncher.execute(DefaultLauncherSession.java:86)
2025-02-01T10:47:42.495-0500 [DEBUG] [TestEventLogger]         at org.gradle.api.internal.tasks.testing.junitplatform.JUnitPlatformTestClassProcessor$CollectAllTestClassesExecutor.processAllTestClasses(JUnitPlatformTestClassProcessor.java:110)
2025-02-01T10:47:42.495-0500 [DEBUG] [TestEventLogger]         at org.gradle.api.internal.tasks.testing.junitplatform.JUnitPlatformTestClassProcessor$CollectAllTestClassesExecutor.access$000(JUnitPlatformTestClassProcessor.java:90)
2025-02-01T10:47:42.495-0500 [DEBUG] [TestEventLogger]         at org.gradle.api.internal.tasks.testing.junitplatform.JUnitPlatformTestClassProcessor.stop(JUnitPlatformTestClassProcessor.java:85)
2025-02-01T10:47:42.495-0500 [DEBUG] [TestEventLogger]         at org.gradle.api.internal.tasks.testing.SuiteTestClassProcessor.stop(SuiteTestClassProcessor.java:62)
2025-02-01T10:47:42.495-0500 [DEBUG] [TestEventLogger]         at java.base@11.0.24/jdk.internal.reflect.NativeMethodAccessorImpl.invoke0(Native Method)
2025-02-01T10:47:42.495-0500 [DEBUG] [TestEventLogger]         at java.base@11.0.24/jdk.internal.reflect.NativeMethodAccessorImpl.invoke(NativeMethodAccessorImpl.java:62)
2025-02-01T10:47:42.495-0500 [DEBUG] [TestEventLogger]         at java.base@11.0.24/jdk.internal.reflect.DelegatingMethodAccessorImpl.invoke(DelegatingMethodAccessorImpl.java:43)
2025-02-01T10:47:42.495-0500 [DEBUG] [TestEventLogger]         at java.base@11.0.24/java.lang.reflect.Method.invoke(Method.java:566)
2025-02-01T10:47:42.495-0500 [DEBUG] [TestEventLogger]         at org.gradle.internal.dispatch.ReflectionDispatch.dispatch(ReflectionDispatch.java:36)
2025-02-01T10:47:42.495-0500 [DEBUG] [TestEventLogger]         at org.gradle.internal.dispatch.ReflectionDispatch.dispatch(ReflectionDispatch.java:24)
2025-02-01T10:47:42.495-0500 [DEBUG] [TestEventLogger]         at org.gradle.internal.dispatch.ContextClassLoaderDispatch.dispatch(ContextClassLoaderDispatch.java:33)
2025-02-01T10:47:42.495-0500 [DEBUG] [TestEventLogger]         at org.gradle.internal.dispatch.ProxyDispatchAdapter$DispatchingInvocationHandler.invoke(ProxyDispatchAdapter.java:94)
2025-02-01T10:47:42.495-0500 [DEBUG] [TestEventLogger]         at com.sun.proxy.$Proxy2.stop(Unknown Source)
2025-02-01T10:47:42.495-0500 [DEBUG] [TestEventLogger]         at org.gradle.api.internal.tasks.testing.worker.TestWorker$3.run(TestWorker.java:193)
2025-02-01T10:47:42.495-0500 [DEBUG] [TestEventLogger]         at org.gradle.api.internal.tasks.testing.worker.TestWorker.executeAndMaintainThreadName(TestWorker.java:129)
2025-02-01T10:47:42.495-0500 [DEBUG] [TestEventLogger]         at org.gradle.api.internal.tasks.testing.worker.TestWorker.execute(TestWorker.java:100)
2025-02-01T10:47:42.495-0500 [DEBUG] [TestEventLogger]         at org.gradle.api.internal.tasks.testing.worker.TestWorker.execute(TestWorker.java:60)
2025-02-01T10:47:42.495-0500 [DEBUG] [TestEventLogger]         at org.gradle.process.internal.worker.child.ActionExecutionWorker.execute(ActionExecutionWorker.java:56)
2025-02-01T10:47:42.495-0500 [DEBUG] [TestEventLogger]         at org.gradle.process.internal.worker.child.SystemApplicationClassLoaderWorker.call(SystemApplicationClassLoaderWorker.java:113)
2025-02-01T10:47:42.495-0500 [DEBUG] [TestEventLogger]         at org.gradle.process.internal.worker.child.SystemApplicationClassLoaderWorker.call(SystemApplicationClassLoaderWorker.java:65)
2025-02-01T10:47:42.495-0500 [DEBUG] [TestEventLogger]         at app//worker.org.gradle.process.internal.worker.GradleWorkerMain.run(GradleWorkerMain.java:69)
2025-02-01T10:47:42.495-0500 [DEBUG] [TestEventLogger]         at app//worker.org.gradle.process.internal.worker.GradleWorkerMain.main(GradleWorkerMain.java:74)
2025-02-01T10:47:42.495-0500 [DEBUG] [TestEventLogger] 
2025-02-01T10:47:42.495-0500 [DEBUG] [TestEventLogger]         Caused by:
2025-02-01T10:47:42.495-0500 [DEBUG] [TestEventLogger]         java.lang.NoClassDefFoundError: com/documentum/fc/common/DfLogger
2025-02-01T10:47:42.495-0500 [DEBUG] [TestEventLogger]             at net.koeppster.dctm.utils.Utils.main(Utils.java:40)
2025-02-01T10:47:42.495-0500 [DEBUG] [TestEventLogger]             at net.koeppster.dctm.utils.UtilsTest.lambda$checkMainNoCmd$0(UtilsTest.java:36)
2025-02-01T10:47:42.495-0500 [DEBUG] [TestEventLogger]             at org.junit.jupiter.api.AssertThrows.assertThrows(AssertThrows.java:53)
2025-02-01T10:47:42.495-0500 [DEBUG] [TestEventLogger]             ... 87 more
2025-02-01T10:47:42.496-0500 [DEBUG] [TestEventLogger] 
2025-02-01T10:47:42.496-0500 [DEBUG] [TestEventLogger] UtilsTest FAILED
2025-02-01T10:47:42.496-0500 [DEBUG] [TestEventLogger] 
2025-02-01T10:47:42.496-0500 [DEBUG] [TestEventLogger] Gradle Test Executor 5 FAILED
2025-02-01T10:47:42.517-0500 [DEBUG] [org.gradle.process.internal.DefaultExecHandle] Changing state to: SUCCEEDED
2025-02-01T10:47:42.517-0500 [DEBUG] [org.gradle.process.internal.DefaultExecHandle] Process 'Gradle Test Executor 5' finished with exit value 0 (state: SUCCEEDED)
2025-02-01T10:47:42.518-0500 [DEBUG] [org.gradle.internal.resources.AbstractTrackedResourceLock] Dispatch org.gradle.api.internal.tasks.testing.processors.RestartEveryNTestClassProcessor@1b89ea3: released lock on worker lease
2025-02-01T10:47:42.520-0500 [DEBUG] [org.gradle.internal.resources.AbstractTrackedResourceLock] Execution worker Thread 13: acquired lock on state of build :
2025-02-01T10:47:42.520-0500 [DEBUG] [org.gradle.internal.resources.AbstractTrackedResourceLock] Execution worker Thread 13: acquired lock on worker lease
2025-02-01T10:47:42.520-0500 [DEBUG] [TestEventLogger] 
2025-02-01T10:47:42.521-0500 [DEBUG] [TestEventLogger] Gradle Test Run :dctmutils:test FAILED
2025-02-01T10:47:42.525-0500 [DEBUG] [org.gradle.internal.operations.DefaultBuildOperationRunner] Build operation 'Delete old JUnit XML results' completed
2025-02-01T10:47:42.527-0500 [DEBUG] [org.gradle.internal.operations.DefaultBuildOperationRunner] Build operation 'Generate junit XML test report for net.koeppster.dctm.utils.UtilsTest' completed
2025-02-01T10:47:42.527-0500 [INFO] [org.gradle.api.internal.tasks.testing.junit.result.Binary2JUnitXmlReportGenerator] Finished generating test XML results (0.003 secs) into: C:\Users\johns\projects\java-dctmutils\dctmutils\build\test-results\test
2025-02-01T10:47:42.527-0500 [INFO] [org.gradle.api.internal.tasks.testing.report.DefaultTestReport] Generating HTML test report...
2025-02-01T10:47:42.530-0500 [DEBUG] [org.gradle.internal.operations.DefaultBuildOperationRunner] Build operation 'Delete old HTML results' completed
2025-02-01T10:47:42.532-0500 [DEBUG] [org.gradle.internal.operations.DefaultBuildOperationRunner] Build operation 'Generate HTML test report for Test Summary' completed
2025-02-01T10:47:42.532-0500 [DEBUG] [org.gradle.internal.resources.AbstractTrackedResourceLock] Execution worker Thread 13: released lock on state of build :
2025-02-01T10:47:42.532-0500 [DEBUG] [org.gradle.internal.resources.AbstractTrackedResourceLock] Execution worker Thread 13: released lock on worker lease
2025-02-01T10:47:42.536-0500 [DEBUG] [org.gradle.internal.resources.AbstractTrackedResourceLock] Execution worker Thread 13: acquired lock on state of build :
2025-02-01T10:47:42.536-0500 [DEBUG] [org.gradle.internal.resources.AbstractTrackedResourceLock] Execution worker Thread 13: acquired lock on worker lease
2025-02-01T10:47:42.537-0500 [INFO] [org.gradle.api.internal.tasks.testing.report.DefaultTestReport] Finished generating test html results (0.009 secs) into: C:\Users\johns\projects\java-dctmutils\dctmutils\build\reports\tests\test
2025-02-01T10:47:42.537-0500 [DEBUG] [org.gradle.internal.operations.DefaultBuildOperationRunner] Build operation 'Execute executeTests for :dctmutils:test' completed
2025-02-01T10:47:42.537-0500 [DEBUG] [org.gradle.internal.operations.DefaultBuildOperationRunner] Build operation 'Executing task ':dctmutils:test'' completed
2025-02-01T10:47:42.537-0500 [DEBUG] [org.gradle.internal.vfs.impl.AbstractVirtualFileSystem] Invalidating VFS paths: [C:\Users\johns\projects\java-dctmutils\dctmutils\build\test-results\test\binary, C:\Users\johns\projects\java-dctmutils\dctmutils\build\reports\tests\test, C:\Users\johns\projects\java-dctmutils\dctmutils\build\test-results\test]
2025-02-01T10:47:42.542-0500 [DEBUG] [org.gradle.internal.operations.DefaultBuildOperationRunner] Build operation 'Snapshot outputs after executing task ':dctmutils:test'' completed
2025-02-01T10:47:42.543-0500 [DEBUG] [org.gradle.api.internal.tasks.execution.ResolveTaskExecutionModeExecuter] Removed task artifact state for task ':dctmutils:test' from context.
2025-02-01T10:47:42.543-0500 [DEBUG] [org.gradle.internal.operations.DefaultBuildOperationRunner] Completing Build operation 'Task :dctmutils:test'
2025-02-01T10:47:42.543-0500 [DEBUG] [org.gradle.internal.operations.DefaultBuildOperationRunner] Build operation 'Task :dctmutils:test' completed
2025-02-01T10:47:42.543-0500 [DEBUG] [org.gradle.execution.plan.DefaultFinalizedExecutionPlan] Node :dctmutils:test completed, executed: true
2025-02-01T10:47:42.543-0500 [DEBUG] [org.gradle.execution.plan.DefaultFinalizedExecutionPlan] Node :dctmutils:test failed
2025-02-01T10:47:42.543-0500 [DEBUG] [org.gradle.execution.plan.DefaultFinalizedExecutionPlan] Node :dctmutils:check completed, executed: false
2025-02-01T10:47:42.543-0500 [DEBUG] [org.gradle.execution.plan.DefaultFinalizedExecutionPlan] Node :dctmutils:build completed, executed: false
2025-02-01T10:47:42.543-0500 [DEBUG] [org.gradle.internal.resources.AbstractTrackedResourceLock] Execution worker Thread 13: released lock on state of build :
2025-02-01T10:47:42.543-0500 [DEBUG] [org.gradle.internal.resources.AbstractTrackedResourceLock] Execution worker Thread 13: released lock on task execution for build :
2025-02-01T10:47:42.544-0500 [DEBUG] [org.gradle.internal.resources.AbstractTrackedResourceLock] Execution worker Thread 13: released lock on worker lease
2025-02-01T10:47:42.544-0500 [DEBUG] [org.gradle.internal.resources.AbstractTrackedResourceLock] included builds: acquired lock on worker lease
2025-02-01T10:47:42.544-0500 [DEBUG] [org.gradle.internal.resources.AbstractTrackedResourceLock] Execution worker Thread 3: acquired lock on worker lease
2025-02-01T10:47:42.544-0500 [DEBUG] [org.gradle.internal.resources.AbstractTrackedResourceLock] Execution worker Thread 3: released lock on worker lease
2025-02-01T10:47:42.544-0500 [DEBUG] [org.gradle.internal.operations.DefaultBuildOperationRunner] Completing Build operation 'Run tasks'
2025-02-01T10:47:42.544-0500 [DEBUG] [org.gradle.internal.operations.DefaultBuildOperationRunner] Build operation 'Run tasks' completed
2025-02-01T10:47:42.544-0500 [DEBUG] [org.gradle.internal.resources.AbstractTrackedResourceLock] Execution worker Thread 12: acquired lock on worker lease
2025-02-01T10:47:42.544-0500 [DEBUG] [org.gradle.internal.resources.AbstractTrackedResourceLock] Execution worker Thread 12: released lock on worker lease
2025-02-01T10:47:42.544-0500 [DEBUG] [org.gradle.internal.resources.AbstractTrackedResourceLock] Execution worker Thread 11: acquired lock on worker lease
2025-02-01T10:47:42.544-0500 [DEBUG] [org.gradle.internal.resources.AbstractTrackedResourceLock] Execution worker Thread 11: released lock on worker lease
2025-02-01T10:47:42.544-0500 [DEBUG] [org.gradle.internal.resources.AbstractTrackedResourceLock] Execution worker Thread 10: acquired lock on worker lease
2025-02-01T10:47:42.545-0500 [DEBUG] [org.gradle.internal.resources.AbstractTrackedResourceLock] Execution worker Thread 10: released lock on worker lease
2025-02-01T10:47:42.545-0500 [DEBUG] [org.gradle.internal.resources.AbstractTrackedResourceLock] Execution worker Thread 9: acquired lock on worker lease
2025-02-01T10:47:42.545-0500 [DEBUG] [org.gradle.internal.resources.AbstractTrackedResourceLock] Execution worker Thread 9: released lock on worker lease
2025-02-01T10:47:42.545-0500 [DEBUG] [org.gradle.internal.resources.AbstractTrackedResourceLock] Execution worker Thread 8: acquired lock on worker lease
2025-02-01T10:47:42.545-0500 [DEBUG] [org.gradle.internal.resources.AbstractTrackedResourceLock] Execution worker Thread 8: released lock on worker lease
2025-02-01T10:47:42.545-0500 [DEBUG] [org.gradle.internal.resources.AbstractTrackedResourceLock] Execution worker Thread 7: acquired lock on worker lease
2025-02-01T10:47:42.545-0500 [DEBUG] [org.gradle.internal.resources.AbstractTrackedResourceLock] Execution worker Thread 7: released lock on worker lease
2025-02-01T10:47:42.545-0500 [DEBUG] [org.gradle.internal.resources.AbstractTrackedResourceLock] Execution worker Thread 5: acquired lock on worker lease
2025-02-01T10:47:42.545-0500 [DEBUG] [org.gradle.internal.resources.AbstractTrackedResourceLock] Execution worker Thread 5: released lock on worker lease
2025-02-01T10:47:42.545-0500 [DEBUG] [org.gradle.internal.resources.AbstractTrackedResourceLock] Execution worker Thread 4: acquired lock on worker lease
2025-02-01T10:47:42.545-0500 [DEBUG] [org.gradle.internal.resources.AbstractTrackedResourceLock] Execution worker Thread 4: released lock on worker lease
2025-02-01T10:47:42.545-0500 [DEBUG] [org.gradle.internal.resources.AbstractTrackedResourceLock] Execution worker Thread 2: acquired lock on worker lease
2025-02-01T10:47:42.545-0500 [DEBUG] [org.gradle.internal.resources.AbstractTrackedResourceLock] Execution worker Thread 2: released lock on worker lease
2025-02-01T10:47:42.545-0500 [DEBUG] [org.gradle.internal.resources.AbstractTrackedResourceLock] Execution worker: acquired lock on worker lease
2025-02-01T10:47:42.545-0500 [DEBUG] [org.gradle.internal.resources.AbstractTrackedResourceLock] Execution worker: released lock on worker lease
2025-02-01T10:47:42.545-0500 [DEBUG] [org.gradle.internal.resources.AbstractTrackedResourceLock] Execution worker Thread 6: acquired lock on worker lease
2025-02-01T10:47:42.545-0500 [DEBUG] [org.gradle.internal.resources.AbstractTrackedResourceLock] Execution worker Thread 6: released lock on worker lease
2025-02-01T10:47:42.546-0500 [DEBUG] [org.gradle.internal.resources.AbstractTrackedResourceLock] Execution worker Thread 15: acquired lock on worker lease
2025-02-01T10:47:42.546-0500 [DEBUG] [org.gradle.internal.resources.AbstractTrackedResourceLock] Execution worker Thread 15: released lock on worker lease
2025-02-01T10:47:42.546-0500 [DEBUG] [org.gradle.internal.resources.AbstractTrackedResourceLock] Execution worker Thread 14: acquired lock on worker lease
2025-02-01T10:47:42.546-0500 [DEBUG] [org.gradle.internal.resources.AbstractTrackedResourceLock] Execution worker Thread 14: released lock on worker lease
2025-02-01T10:47:42.546-0500 [DEBUG] [org.gradle.internal.resources.AbstractTrackedResourceLock] included builds: released lock on worker lease
2025-02-01T10:47:42.546-0500 [DEBUG] [org.gradle.internal.resources.AbstractTrackedResourceLock] Execution worker Thread 13: acquired lock on worker lease
2025-02-01T10:47:42.546-0500 [DEBUG] [org.gradle.internal.resources.AbstractTrackedResourceLock] Execution worker Thread 13: released lock on worker lease
2025-02-01T10:47:42.546-0500 [DEBUG] [org.gradle.internal.resources.AbstractTrackedResourceLock] Daemon worker Thread 3: acquired lock on worker lease
2025-02-01T10:47:42.546-0500 [DEBUG] [org.gradle.internal.operations.DefaultBuildOperationRunner] Completing Build operation 'Run main tasks'
2025-02-01T10:47:42.546-0500 [DEBUG] [org.gradle.internal.operations.DefaultBuildOperationRunner] Build operation 'Run main tasks' completed
2025-02-01T10:47:42.546-0500 [DEBUG] [org.gradle.internal.resources.AbstractTrackedResourceLock] Execution worker Thread 14: acquired lock on worker lease
2025-02-01T10:47:42.546-0500 [DEBUG] [org.gradle.internal.resources.AbstractTrackedResourceLock] Execution worker Thread 14: released lock on worker lease
2025-02-01T10:47:42.546-0500 [DEBUG] [org.gradle.internal.resources.AbstractTrackedResourceLock] Execution worker Thread 15: acquired lock on worker lease
2025-02-01T10:47:42.546-0500 [DEBUG] [org.gradle.internal.resources.AbstractTrackedResourceLock] Execution worker Thread 15: released lock on worker lease
2025-02-01T10:47:42.546-0500 [DEBUG] [org.gradle.internal.resources.AbstractTrackedResourceLock] Execution worker Thread 6: acquired lock on worker lease
2025-02-01T10:47:42.547-0500 [DEBUG] [org.gradle.internal.resources.AbstractTrackedResourceLock] Execution worker Thread 6: released lock on worker lease
2025-02-01T10:47:42.547-0500 [DEBUG] [org.gradle.internal.resources.AbstractTrackedResourceLock] Execution worker: acquired lock on worker lease
2025-02-01T10:47:42.547-0500 [DEBUG] [org.gradle.internal.resources.AbstractTrackedResourceLock] Execution worker: released lock on worker lease
2025-02-01T10:47:42.547-0500 [DEBUG] [org.gradle.internal.resources.AbstractTrackedResourceLock] Execution worker Thread 2: acquired lock on worker lease
2025-02-01T10:47:42.547-0500 [DEBUG] [org.gradle.internal.resources.AbstractTrackedResourceLock] Execution worker Thread 2: released lock on worker lease
2025-02-01T10:47:42.547-0500 [DEBUG] [org.gradle.internal.resources.AbstractTrackedResourceLock] Execution worker Thread 4: acquired lock on worker lease
2025-02-01T10:47:42.547-0500 [DEBUG] [org.gradle.internal.resources.AbstractTrackedResourceLock] Execution worker Thread 4: released lock on worker lease
2025-02-01T10:47:42.547-0500 [DEBUG] [org.gradle.internal.resources.AbstractTrackedResourceLock] Execution worker Thread 5: acquired lock on worker lease
2025-02-01T10:47:42.547-0500 [DEBUG] [org.gradle.internal.resources.AbstractTrackedResourceLock] Execution worker Thread 5: released lock on worker lease
2025-02-01T10:47:42.547-0500 [DEBUG] [org.gradle.internal.resources.AbstractTrackedResourceLock] Execution worker Thread 7: acquired lock on worker lease
2025-02-01T10:47:42.547-0500 [DEBUG] [org.gradle.internal.resources.AbstractTrackedResourceLock] Execution worker Thread 7: released lock on worker lease
2025-02-01T10:47:42.547-0500 [DEBUG] [org.gradle.internal.resources.AbstractTrackedResourceLock] Execution worker Thread 8: acquired lock on worker lease
2025-02-01T10:47:42.547-0500 [DEBUG] [org.gradle.internal.resources.AbstractTrackedResourceLock] Execution worker Thread 8: released lock on worker lease
2025-02-01T10:47:42.547-0500 [DEBUG] [org.gradle.internal.resources.AbstractTrackedResourceLock] Execution worker Thread 9: acquired lock on worker lease
2025-02-01T10:47:42.547-0500 [DEBUG] [org.gradle.internal.resources.AbstractTrackedResourceLock] Execution worker Thread 9: released lock on worker lease
2025-02-01T10:47:42.548-0500 [DEBUG] [org.gradle.internal.resources.AbstractTrackedResourceLock] Execution worker Thread 10: acquired lock on worker lease
2025-02-01T10:47:42.548-0500 [DEBUG] [org.gradle.internal.resources.AbstractTrackedResourceLock] Execution worker Thread 10: released lock on worker lease
2025-02-01T10:47:42.548-0500 [DEBUG] [org.gradle.internal.resources.AbstractTrackedResourceLock] Execution worker Thread 11: acquired lock on worker lease
2025-02-01T10:47:42.548-0500 [DEBUG] [org.gradle.internal.resources.AbstractTrackedResourceLock] Execution worker Thread 11: released lock on worker lease
2025-02-01T10:47:42.548-0500 [DEBUG] [org.gradle.internal.resources.AbstractTrackedResourceLock] Execution worker Thread 12: acquired lock on worker lease
2025-02-01T10:47:42.548-0500 [DEBUG] [org.gradle.internal.resources.AbstractTrackedResourceLock] Execution worker Thread 12: released lock on worker lease
2025-02-01T10:47:42.548-0500 [DEBUG] [org.gradle.internal.resources.AbstractTrackedResourceLock] Execution worker Thread 3: acquired lock on worker lease
2025-02-01T10:47:42.548-0500 [DEBUG] [org.gradle.internal.resources.AbstractTrackedResourceLock] Execution worker Thread 3: released lock on worker lease
2025-02-01T10:47:42.550-0500 [LIFECYCLE] [org.gradle.internal.buildevents.TaskExecutionStatisticsReporter] 8 actionable tasks: 1 executed, 7 up-to-date
2025-02-01T10:47:42.550-0500 [DEBUG] [org.gradle.internal.operations.DefaultBuildOperationRunner] Build operation 'Build finished for file system watching' started
2025-02-01T10:47:42.550-0500 [INFO] [org.gradle.internal.watch.registry.impl.HierarchicalFileWatcherUpdater] Watched directory hierarchies: [C:\Users\johns\projects\java-dctmutils]
2025-02-01T10:47:42.551-0500 [DEBUG] [org.gradle.internal.operations.DefaultBuildOperationRunner] Completing Build operation 'Build finished for file system watching'
2025-02-01T10:47:42.551-0500 [DEBUG] [org.gradle.internal.operations.DefaultBuildOperationRunner] Build operation 'Build finished for file system watching' completed
2025-02-01T10:47:42.552-0500 [DEBUG] [org.gradle.cache.internal.LockOnDemandCrossProcessCacheAccess] Releasing file lock for cache directory md-supplier (C:\Users\johns\.gradle\caches\8.0.2\md-supplier)
2025-02-01T10:47:42.552-0500 [DEBUG] [org.gradle.cache.internal.DefaultFileLockManager] Releasing lock on cache directory md-supplier (C:\Users\johns\.gradle\caches\8.0.2\md-supplier).
2025-02-01T10:47:42.553-0500 [DEBUG] [org.gradle.cache.internal.LockOnDemandCrossProcessCacheAccess] Releasing file lock for execution history cache (C:\Users\johns\projects\java-dctmutils\.gradle\8.0.2\executionHistory)
2025-02-01T10:47:42.554-0500 [DEBUG] [org.gradle.cache.internal.btree.BTreePersistentIndexedCache] Closing cache executionHistory.bin (C:\Users\johns\projects\java-dctmutils\.gradle\8.0.2\executionHistory\executionHistory.bin)
2025-02-01T10:47:42.554-0500 [DEBUG] [org.gradle.cache.internal.DefaultFileLockManager] Releasing lock on execution history cache (C:\Users\johns\projects\java-dctmutils\.gradle\8.0.2\executionHistory).
2025-02-01T10:47:42.554-0500 [DEBUG] [org.gradle.cache.internal.LockOnDemandCrossProcessCacheAccess] Releasing file lock for Build Output Cleanup Cache (C:\Users\johns\projects\java-dctmutils\.gradle\buildOutputCleanup)
2025-02-01T10:47:42.554-0500 [DEBUG] [org.gradle.cache.internal.btree.BTreePersistentIndexedCache] Closing cache outputFiles.bin (C:\Users\johns\projects\java-dctmutils\.gradle\buildOutputCleanup\outputFiles.bin)
2025-02-01T10:47:42.555-0500 [DEBUG] [org.gradle.cache.internal.DefaultFileLockManager] Releasing lock on Build Output Cleanup Cache (C:\Users\johns\projects\java-dctmutils\.gradle\buildOutputCleanup).
2025-02-01T10:47:42.555-0500 [DEBUG] [org.gradle.cache.internal.LockOnDemandCrossProcessCacheAccess] Releasing file lock for cache directory md-rule (C:\Users\johns\.gradle\caches\8.0.2\md-rule)
2025-02-01T10:47:42.555-0500 [DEBUG] [org.gradle.cache.internal.DefaultFileLockManager] Releasing lock on cache directory md-rule (C:\Users\johns\.gradle\caches\8.0.2\md-rule).
2025-02-01T10:47:42.557-0500 [DEBUG] [org.gradle.api.internal.artifacts.ivyservice.resolveengine.store.CachedStoreFactory] Resolution result cache closed. Cache reads: 0, disk reads: 0 (avg: 0.0 secs, total: 0.0 secs)
2025-02-01T10:47:42.558-0500 [DEBUG] [org.gradle.api.internal.artifacts.ivyservice.resolveengine.store.CachedStoreFactory] Resolution result cache closed. Cache reads: 0, disk reads: 0 (avg: 0.0 secs, total: 0.0 secs)
2025-02-01T10:47:42.559-0500 [DEBUG] [org.gradle.api.internal.artifacts.ivyservice.resolveengine.store.ResolutionResultsStoreFactory] Deleted 4 resolution results binary files in 0.002 secs
2025-02-01T10:47:42.559-0500 [DEBUG] [org.gradle.internal.operations.DefaultBuildOperationRunner] Completing Build operation 'Run build'
2025-02-01T10:47:42.559-0500 [DEBUG] [org.gradle.internal.operations.DefaultBuildOperationRunner] Build operation 'Run build' completed
2025-02-01T10:47:42.559-0500 [DEBUG] [org.gradle.internal.resources.AbstractTrackedResourceLock] Daemon worker Thread 3: released lock on worker lease
2025-02-01T10:47:42.561-0500 [DEBUG] [org.gradle.deployment.internal.DefaultDeploymentRegistry] Stopping 0 deployment handles
2025-02-01T10:47:42.561-0500 [DEBUG] [org.gradle.deployment.internal.DefaultDeploymentRegistry] Stopped deployment handles
2025-02-01T10:47:42.561-0500 [DEBUG] [org.gradle.cache.internal.DefaultPersistentDirectoryStore] VCS Checkout Cache (C:\Users\johns\projects\java-dctmutils\.gradle\vcs-1) has last been fully cleaned up 0 hours ago
2025-02-01T10:47:42.561-0500 [DEBUG] [org.gradle.cache.internal.DefaultCacheAccess] Cache VCS Checkout Cache (C:\Users\johns\projects\java-dctmutils\.gradle\vcs-1) was closed 0 times.
2025-02-01T10:47:42.561-0500 [DEBUG] [org.gradle.cache.internal.LockOnDemandCrossProcessCacheAccess] Releasing file lock for dependencies-accessors (C:\Users\johns\projects\java-dctmutils\.gradle\8.0.2\dependencies-accessors)
2025-02-01T10:47:42.562-0500 [DEBUG] [org.gradle.cache.internal.DefaultFileLockManager] Releasing lock on dependencies-accessors (C:\Users\johns\projects\java-dctmutils\.gradle\8.0.2\dependencies-accessors).
2025-02-01T10:47:42.562-0500 [DEBUG] [org.gradle.cache.internal.DefaultPersistentDirectoryStore] dependencies-accessors (C:\Users\johns\projects\java-dctmutils\.gradle\8.0.2\dependencies-accessors) has last been fully cleaned up 0 hours ago
2025-02-01T10:47:42.563-0500 [DEBUG] [org.gradle.cache.internal.LockOnDemandCrossProcessCacheAccess] Releasing file lock for checksums cache (C:\Users\johns\projects\java-dctmutils\.gradle\8.0.2\checksums)
2025-02-01T10:47:42.563-0500 [DEBUG] [org.gradle.cache.internal.DefaultFileLockManager] Releasing lock on checksums cache (C:\Users\johns\projects\java-dctmutils\.gradle\8.0.2\checksums).
2025-02-01T10:47:42.563-0500 [DEBUG] [org.gradle.cache.internal.LockOnDemandCrossProcessCacheAccess] Releasing file lock for file hash cache (C:\Users\johns\projects\java-dctmutils\.gradle\8.0.2\fileHashes)
2025-02-01T10:47:42.563-0500 [DEBUG] [org.gradle.cache.internal.btree.BTreePersistentIndexedCache] Closing cache fileHashes.bin (C:\Users\johns\projects\java-dctmutils\.gradle\8.0.2\fileHashes\fileHashes.bin)
2025-02-01T10:47:42.564-0500 [DEBUG] [org.gradle.cache.internal.DefaultFileLockManager] Releasing lock on file hash cache (C:\Users\johns\projects\java-dctmutils\.gradle\8.0.2\fileHashes).
2025-02-01T10:47:42.564-0500 [DEBUG] [org.gradle.cache.internal.DefaultCacheAccess] Cache VCS metadata (C:\Users\johns\projects\java-dctmutils\.gradle\8.0.2\vcsMetadata) was closed 0 times.
2025-02-01T10:47:42.578-0500 [DEBUG] [org.gradle.launcher.daemon.server.exec.ExecuteBuild] The daemon has finished executing the build.
2025-02-01T10:47:42.622-0500 [DEBUG] [org.gradle.launcher.daemon.client.DaemonClientInputForwarder] Dispatching close input message: org.gradle.launcher.daemon.protocol.CloseInput@37fec338
2025-02-01T10:47:42.622-0500 [DEBUG] [org.gradle.launcher.daemon.client.DaemonClientConnection] thread 27: dispatching class org.gradle.launcher.daemon.protocol.CloseInput
2025-02-01T10:47:42.622-0500 [DEBUG] [org.gradle.launcher.daemon.client.DaemonClient] Received result Success[value=org.gradle.launcher.exec.BuildActionResult@30b19518] from daemon DaemonInfo{pid=16248, address=[a1cd632c-70a4-4459-b59d-7dbce59eb90c port:49778, addresses:[/127.0.0.1]], state=Idle, lastBusy=1738424846459, context=DefaultDaemonContext[uid=df6a1589-0b89-4981-8043-9d964685b97b,javaHome=C:\Program Files\OpenLogic\jdk-17.0.13.11-hotspot,daemonRegistryDir=C:\Users\johns\.gradle\daemon,pid=16248,idleTimeout=10800000,priority=NORMAL,daemonOpts=--add-opens=java.base/java.util=ALL-UNNAMED,--add-opens=java.base/java.lang=ALL-UNNAMED,--add-opens=java.base/java.lang.invoke=ALL-UNNAMED,--add-opens=java.prefs/java.util.prefs=ALL-UNNAMED,--add-opens=java.base/java.nio.charset=ALL-UNNAMED,--add-opens=java.base/java.net=ALL-UNNAMED,--add-opens=java.base/java.util.concurrent.atomic=ALL-UNNAMED,-XX:MaxMetaspaceSize=384m,-XX:+HeapDumpOnOutOfMemoryError,-Xms256m,-Xmx512m,-Dfile.encoding=windows-1252,-Duser.country=US,-Duser.language=en,-Duser.variant]} (build should be done).
2025-02-01T10:47:42.622-0500 [DEBUG] [org.gradle.launcher.daemon.client.DaemonClientConnection] thread 1: dispatching class org.gradle.launcher.daemon.protocol.Finished
2025-02-01T10:47:42.622-0500 [DEBUG] [org.gradle.launcher.daemon.client.DaemonClientConnection] thread 1: connection stop
2025-02-01T10:47:42.624-0500 [LIFECYCLE] [org.gradle.launcher.cli.DebugLoggerWarningAction] 
#############################################################################
   WARNING WARNING WARNING WARNING WARNING WARNING WARNING WARNING WARNING

   Debug level logging will leak security sensitive information!

   https://docs.gradle.org/8.0.2/userguide/logging.html#sec:debug_security
#############################################################################

